******************************************************************************
            TI ARM Clang Linker PC v5.1.1                      
******************************************************************************
>> Linked Wed Jul 22 18:17:15 2026

OUTPUT FILE NAME:   <electric_competition_empty.out>
ENTRY POINT SYMBOL: "_c_int00_noargs"  address: 00006799


MEMORY CONFIGURATION

         name            origin    length      used     unused   attr    fill
----------------------  --------  ---------  --------  --------  ----  --------
  FLASH                 00000000   00020000  00007948  000186b8  R  X
  SRAM                  20200000   00008000  00000d63  0000729d  RW X
  BCR_CONFIG            41c00000   000000ff  00000000  000000ff  R   
  BSL_CONFIG            41c00100   00000080  00000000  00000080  R   


SEGMENT ALLOCATION MAP

run origin  load origin   length   init length attrs members
----------  ----------- ---------- ----------- ----- -------
00000000    00000000    00007338   00007338    r-x
  00000000    00000000    000000c0   000000c0    r-- .intvecs
  000000c0    000000c0    00007278   00007278    r-x .text
00007340    00007340    00000610   00000610    r--
  00007340    00007340    000005e0   000005e0    r-- .rodata
  00007920    00007920    00000030   00000030    r-- .cinit
20200000    20200000    00000b63   00000000    rw-
  20200000    20200000    00000b5c   00000000    rw- .bss
  20200b5c    20200b5c    00000007   00000000    rw- .data
20207e00    20207e00    00000200   00000000    rw-
  20207e00    20207e00    00000200   00000000    rw- .stack


SECTION ALLOCATION MAP

 output                                  attributes/
section   page    origin      length       input sections
--------  ----  ----------  ----------   ----------------
.intvecs   0    00000000    000000c0     
                  00000000    000000c0     startup_mspm0g350x_ticlang.o (.intvecs)

.text      0    000000c0    00007278     
                  000000c0    00000a7c     libc.a : _printfi.c.obj (.text:__TI_printfi)
                  00000b3c    0000025c     app_chassis.o (.text.chassis_update_line_state)
                  00000d98    00000214     app_chassis.o (.text.chassis_get_wheel_targets)
                  00000fac    0000020c     libc.a : _printfi.c.obj (.text._pconv_a)
                  000011b8    000001fc     ti_msp_dl_config.o (.text.SYSCFG_DL_GPIO_init)
                  000013b4    000001e0     libc.a : _printfi.c.obj (.text._pconv_g)
                  00001594    000001c8            : s_atanf.c.obj (.text.atanf)
                  0000175c    00000198     empty.o (.text.run_vehicle_app)
                  000018f4    00000192     libclang_rt.builtins.a : adddf3.S.obj (.text)
                  00001a86    0000018a     algo_pid.o (.text.pid_update)
                  00001c10    00000148     algo_fusion.o (.text.fusion6_update)
                  00001d58    0000013c     app_chassis.o (.text.chassis_get_corner_candidate)
                  00001e94    00000138     app_chassis.o (.text.chassis_corner_complete)
                  00001fcc    00000138     libc.a : _printfi.c.obj (.text.fcvt)
                  00002104    0000011c     drv_mpu9250.o (.text.mpu9250_init)
                  00002220    0000011a     libclang_rt.builtins.a : divdf3.S.obj (.text)
                  0000233a    00000002                            : aeabi_div0.c.obj (.text.__aeabi_idiv0)
                  0000233c    00000118     app_ui.o (.text.app_ui_refresh)
                  00002454    00000118     libc.a : e_atan2f.c.obj (.text.atan2f)
                  0000256c    0000010c     app_chassis.o (.text.app_chassis_init)
                  00002678    00000104     driverlib.a : dl_timer.o (.text.DL_Timer_initFourCCPWMMode)
                  0000277c    00000100     bsp_i2c.o (.text.bsp_i2c_write_raw)
                  0000287c    000000fc     driverlib.a : dl_timer.o (.text.DL_Timer_initTimerMode)
                  00002978    000000fc     libc.a : _printfi.c.obj (.text._pconv_e)
                  00002a74    000000fc     proto_vofa_firewater.o (.text.proto_vofa_firewater_send_named)
                  00002b70    000000f6     drv_line_sensor.o (.text.line_sensor_update)
                  00002c66    00000002     libclang_rt.builtins.a : aeabi_div0.c.obj (.text.__aeabi_ldiv0)
                  00002c68    000000f0     bsp_i2c.o (.text.bsp_i2c_mem_read)
                  00002d58    000000e4     drv_mpu9250.o (.text.mpu9250_calibrate_gyro_bias)
                  00002e3c    000000e4     drv_stepper.o (.text.stepper_update)
                  00002f20    000000e4     libclang_rt.builtins.a : muldf3.S.obj (.text)
                  00003004    000000e0     app_chassis.o (.text.app_chassis_control_task)
                  000030e4    000000e0     proto_k230.o (.text.proto_k230_process_ringbuf)
                  000031c4    000000dc     libc.a : s_scalbn.c.obj (.text.scalbn)
                  000032a0    000000d8     libclang_rt.builtins.a : addsf3.S.obj (.text)
                  00003378    000000d4     drv_mpu9250.o (.text.mpu9250_update)
                  0000344c    000000d4     drv_oled_ssd1306.o (.text.oled_init)
                  00003520    000000c8     app_turret.o (.text.app_turret_control_task)
                  000035e8    000000c4     ti_msp_dl_config.o (.text.SYSCFG_DL_initPower)
                  000036ac    000000b8     app_chassis.o (.text.chassis_update_corner_stop_state)
                  00003764    000000b8     proto_vofa_firewater.o (.text.proto_vofa_firewater_send)
                  0000381c    000000b4     bsp_pwm.o (.text.bsp_pwm_set_motor_bridge)
                  000038d0    000000b4     bsp_pwm.o (.text.bsp_pwm_set_step_frequency)
                  00003984    000000b4     app_chassis.o (.text.chassis_update_corner_pivot_angle)
                  00003a38    000000b4     drv_oled_ssd1306.o (.text.oled_flush)
                  00003aec    000000b4     libc.a : e_sqrtf.c.obj (.text.sqrtf)
                  00003ba0    000000b0     app_chassis.o (.text.chassis_confirm_corner_candidate)
                  00003c50    000000a8     drv_oled_ssd1306.o (.text.oled_draw_glyph)
                  00003cf8    000000a6     bsp_uart.o (.text.bsp_uart_clear_error_interrupt)
                  00003d9e    000000a6     drv_motor_dc.o (.text.motor_dc_set_output)
                  00003e44    000000a2     algo_pid.o (.text.pid_compute_derivative)
                  00003ee6    00000002     bsp_i2c.o (.text.bsp_i2c_init)
                  00003ee8    000000a2     libclang_rt.builtins.a : udivmoddi4.S.obj (.text)
                  00003f8a    00000002     --HOLE-- [fill = 0]
                  00003f8c    00000098     app_isr.o (.text.GROUP1_IRQHandler)
                  00004024    00000094     app_control_scheduler.o (.text.app_control_scheduler_on_tick_isr)
                  000040b8    00000094     bsp_gpio.o (.text.bsp_gpio_set_dir_output)
                  0000414c    00000090     ti_msp_dl_config.o (.text.SYSCFG_DL_PWM_MOTOR_LEFT_init)
                  000041dc    00000090     ti_msp_dl_config.o (.text.SYSCFG_DL_PWM_MOTOR_RIGHT_init)
                  0000426c    0000008c     drv_mpu9250.o (.text.mpu9250_read_raw)
                  000042f8    0000008c     libclang_rt.builtins.a : comparesf2.S.obj (.text)
                  00004384    0000008c                            : mulsf3.S.obj (.text)
                  00004410    00000086     algo_pid.o (.text.pid_apply_ramp)
                  00004496    00000082     bsp_i2c.o (.text.bsp_i2c_mem_write)
                  00004518    00000082     libclang_rt.builtins.a : divsf3.S.obj (.text)
                  0000459a    00000002     --HOLE-- [fill = 0]
                  0000459c    00000080     bsp_gpio.o (.text.bsp_gpio_set_line_mux_address)
                  0000461c    0000007e     drv_encoder_ab.o (.text.encoder_driver_update_speed)
                  0000469a    00000002     --HOLE-- [fill = 0]
                  0000469c    0000007c     libc.a : copy_decompress_lzss.c.obj (.text:decompress:lzss)
                  00004718    0000007a     drv_line_sensor.o (.text.line_sensor_init)
                  00004792    00000002     --HOLE-- [fill = 0]
                  00004794    00000074     libclang_rt.builtins.a : comparedf2.c.obj (.text.__gedf2)
                  00004808    00000074     algo_pid.o (.text.pid_reset)
                  0000487c    0000006a     drv_oled_ssd1306.o (.text.oled_send_data)
                  000048e6    00000002     --HOLE-- [fill = 0]
                  000048e8    00000068     ti_msp_dl_config.o (.text.SYSCFG_DL_PWM_STEP_PITCH_init)
                  00004950    00000068     ti_msp_dl_config.o (.text.SYSCFG_DL_PWM_STEP_YAW_init)
                  000049b8    00000068     libclang_rt.builtins.a : comparedf2.c.obj (.text.__ledf2)
                  00004a20    00000068     app_imu.o (.text.app_imu_init)
                  00004a88    00000068     app_chassis.o (.text.chassis_corner_entry_present)
                  00004af0    00000066     libc.a : _printfi.c.obj (.text._mcpy)
                  00004b56    00000002     --HOLE-- [fill = 0]
                  00004b58    00000064     app_imu.o (.text.app_imu_task)
                  00004bbc    00000064     app_turret.o (.text.app_turret_init)
                  00004c20    00000064     bsp_i2c.o (.text.bsp_i2c_wait_bus_complete)
                  00004c84    00000064     bsp_uart.o (.text.bsp_uart_debug_irq_handler)
                  00004ce8    00000064     bsp_uart.o (.text.bsp_uart_k230_irq_handler)
                  00004d4c    00000064     drv_encoder_ab.o (.text.encoder_driver_handle_gpio_interrupt)
                  00004db0    00000060     bsp_gpio.o (.text.bsp_gpio_init_line_mux)
                  00004e10    0000005e     driverlib.a : dl_i2c.o (.text.DL_I2C_fillControllerTXFIFO)
                  00004e6e    0000005c     app_chassis.o (.text.chassis_update_corner_pivot_pause)
                  00004eca    00000002     --HOLE-- [fill = 0]
                  00004ecc    0000005c     libc.a : s_frexp.c.obj (.text.frexp)
                  00004f28    0000005a     libclang_rt.builtins.a : aeabi_dcmp.S.obj (.text)
                  00004f82    00000002     --HOLE-- [fill = 0]
                  00004f84    0000005a                            : aeabi_fcmp.S.obj (.text)
                  00004fde    00000002     --HOLE-- [fill = 0]
                  00004fe0    00000058     ti_msp_dl_config.o (.text.SYSCFG_DL_I2C_SENSOR_BUS_init)
                  00005038    00000058     libc.a : _ltoa.c.obj (.text.__TI_ltoa)
                  00005090    00000058            : _printfi.c.obj (.text._pconv_f)
                  000050e8    00000058     algo_filter.o (.text.lpf1_update)
                  00005140    00000056     libclang_rt.builtins.a : aeabi_idivmod.S.obj (.text)
                  00005196    00000002     --HOLE-- [fill = 0]
                  00005198    00000054     ti_msp_dl_config.o (.text.SYSCFG_DL_UART_DEBUG_init)
                  000051ec    00000054     drv_encoder_ab.o (.text.encoder_apply_transition)
                  00005240    00000054     algo_fusion.o (.text.math_wrap_deg)
                  00005294    00000052     libc.a : _printfi.c.obj (.text._ecpy)
                  000052e6    00000002     --HOLE-- [fill = 0]
                  000052e8    00000050     ti_msp_dl_config.o (.text.DL_GPIO_initPeripheralInputFunctionFeatures)
                  00005338    00000050     bsp_i2c.o (.text.DL_I2C_startControllerTransfer)
                  00005388    00000050     ti_msp_dl_config.o (.text.SYSCFG_DL_init)
                  000053d8    00000050     app_control_scheduler.o (.text.app_control_scheduler_fetch)
                  00005428    00000050     bsp_uart.o (.text.bsp_uart_debug_printf)
                  00005478    00000050     app_chassis.o (.text.chassis_update_track_turn_adjustment)
                  000054c8    0000004c     ti_msp_dl_config.o (.text.DL_GPIO_initDigitalInputFeatures)
                  00005514    0000004c     ti_msp_dl_config.o (.text.DL_UART_setBaudRateDivisor)
                  00005560    0000004c     app_chassis.o (.text.app_chassis_line_task)
                  000055ac    0000004c     bsp_pwm.o (.text.bsp_pwm_stop_step)
                  000055f8    0000004c     proto_vofa_firewater.o (.text.proto_vofa_firewater_send_packet)
                  00005644    0000004c     ringbuf.o (.text.ringbuf_push_byte)
                  00005690    0000004a     libclang_rt.builtins.a : fixdfsi.S.obj (.text)
                  000056da    00000002     --HOLE-- [fill = 0]
                  000056dc    00000048     driverlib.a : dl_uart.o (.text.DL_UART_init)
                  00005724    00000048     ti_msp_dl_config.o (.text.SYSCFG_DL_UART_K230_init)
                  0000576c    00000048     bsp_i2c.o (.text.bsp_i2c_wait_idle)
                  000057b4    00000048     libc.a : snprintf.c.obj (.text.snprintf)
                  000057fc    00000046     bsp_i2c.o (.text.bsp_i2c_write_bytes)
                  00005842    00000046     proto_k230.o (.text.proto_k230_checksum)
                  00005888    00000044     libc.a : atoi.c.obj (.text.atoi)
                  000058cc    00000044     bsp_uart.o (.text.bsp_uart_enable_irqs)
                  00005910    00000044     ringbuf.o (.text.ringbuf_pop_byte)
                  00005954    00000040     drv_encoder_ab.o (.text.encoder_driver_init)
                  00005994    00000040     drv_oled_ssd1306.o (.text.oled_printf)
                  000059d4    00000040     libc.a : vsnprintf.c.obj (.text.vsnprintf)
                  00005a14    00000040     libclang_rt.builtins.a : aeabi_uidivmod.S.obj (.text)
                  00005a54    00000040                            : extendsfdf2.S.obj (.text)
                  00005a94    0000003e     app_chassis.o (.text.chassis_enter_state)
                  00005ad2    0000003e     algo_filter.o (.text.math_clampf)
                  00005b10    0000003e     algo_fusion.o (.text.math_clampf)
                  00005b4e    0000003e     algo_pid.o (.text.math_clampf)
                  00005b8c    0000003e     app_chassis.o (.text.math_clampf)
                  00005bca    0000003e     bsp_pwm.o (.text.math_clampf)
                  00005c08    0000003e     drv_motor_dc.o (.text.math_clampf)
                  00005c46    0000003e     drv_stepper.o (.text.math_clampf)
                  00005c84    0000003e     algo_pid.o (.text.pid_integral_enabled)
                  00005cc2    00000002     --HOLE-- [fill = 0]
                  00005cc4    0000003c     ti_msp_dl_config.o (.text.DL_Timer_setCounterControl)
                  00005d00    0000003c     bsp_uart.o (.text.bsp_uart_debug_write)
                  00005d3c    0000003c     libc.a : autoinit.c.obj (.text:__TI_auto_init_nobinit_nopinit)
                  00005d78    0000003c     libclang_rt.builtins.a : floatsisf.S.obj (.text)
                  00005db4    0000003a     app_chassis.o (.text.chassis_update_sensor_history)
                  00005dee    00000002     --HOLE-- [fill = 0]
                  00005df0    0000003a     libclang_rt.builtins.a : muldsi3.S.obj (.text)
                  00005e2a    00000002     --HOLE-- [fill = 0]
                  00005e2c    00000038     bsp_pwm.o (.text.bsp_pwm_init)
                  00005e64    00000038     app_chassis.o (.text.chassis_count_bits)
                  00005e9c    00000038     app_chassis.o (.text.chassis_get_forward_output)
                  00005ed4    00000038     algo_pid.o (.text.pid_init)
                  00005f0c    00000038     algo_pid.o (.text.pid_limit_integral)
                  00005f44    00000038     algo_pid.o (.text.pid_limit_output)
                  00005f7c    00000038     libclang_rt.builtins.a : fixsfsi.S.obj (.text)
                  00005fb4    00000034     ti_msp_dl_config.o (.text.SYSCFG_DL_TIMER_CTRL_1KHZ_init)
                  00005fe8    00000034     app_control_scheduler.o (.text.app_control_scheduler_init)
                  0000601c    00000034     bsp_gpio.o (.text.bsp_gpio_set_laser)
                  00006050    00000034     bsp_gpio.o (.text.bsp_gpio_set_led)
                  00006084    00000034     drv_stepper.o (.text.stepper_init)
                  000060b8    00000032     libc.a : snprintf.c.obj (.text._outs)
                  000060ea    00000032            : vsnprintf.c.obj (.text._outs)
                  0000611c    00000032     algo_fusion.o (.text.fusion6_init)
                  0000614e    00000002     --HOLE-- [fill = 0]
                  00006150    00000032     libclang_rt.builtins.a : fixunssfsi.S.obj (.text)
                  00006182    00000002     --HOLE-- [fill = 0]
                  00006184    00000030     driverlib.a : dl_uart.o (.text.DL_UART_transmitDataBlocking)
                  000061b4    00000030     libclang_rt.builtins.a : comparedf2.c.obj (.text.__unorddf2)
                  000061e4    00000030     libc.a : _printfi.c.obj (.text._fcpy)
                  00006214    00000030     bsp_gpio.o (.text.bsp_gpio_set_buzzer)
                  00006244    00000030     bsp_gpio.o (.text.bsp_gpio_set_turret_dir)
                  00006274    0000002e     bsp_gpio.o (.text.bsp_gpio_init)
                  000062a2    0000002e     bsp_gpio.o (.text.bsp_gpio_set_motor_dir)
                  000062d0    0000002e     bsp_uart.o (.text.bsp_uart_service_rx_fifo)
                  000062fe    00000002     --HOLE-- [fill = 0]
                  00006300    0000002c     app_control_scheduler.o (.text.__NVIC_ClearPendingIRQ)
                  0000632c    0000002c     bsp_uart.o (.text.__NVIC_ClearPendingIRQ)
                  00006358    0000002c     app_control_scheduler.o (.text.__NVIC_EnableIRQ)
                  00006384    0000002c     bsp_uart.o (.text.__NVIC_EnableIRQ)
                  000063b0    0000002c     empty.o (.text.__NVIC_EnableIRQ)
                  000063dc    0000002c     bsp_uart.o (.text.bsp_uart_init)
                  00006408    0000002c     drv_line_sensor.o (.text.line_sensor_read_channel_raw)
                  00006434    0000002c     algo_pid.o (.text.math_absf)
                  00006460    0000002c     app_chassis.o (.text.math_absf)
                  0000648c    0000002c     drv_motor_dc.o (.text.math_absf)
                  000064b8    0000002c     drv_stepper.o (.text.math_absf)
                  000064e4    0000002c     libclang_rt.builtins.a : floatsidf.S.obj (.text)
                  00006510    0000002a     ti_msp_dl_config.o (.text.SYSCFG_DL_SYSCTL_init)
                  0000653a    0000002a     algo_filter.o (.text.lpf1_init)
                  00006564    0000002a     ringbuf.o (.text.ringbuf_next_index)
                  0000658e    0000002a     drv_stepper.o (.text.stepper_enable)
                  000065b8    00000028     bsp_i2c.o (.text.DL_Common_updateReg)
                  000065e0    00000028     ti_msp_dl_config.o (.text.DL_Common_updateReg)
                  00006608    00000028     ti_msp_dl_config.o (.text.DL_I2C_setControllerRXFIFOThreshold)
                  00006630    00000028     ti_msp_dl_config.o (.text.DL_I2C_setControllerTXFIFOThreshold)
                  00006658    00000028     ti_msp_dl_config.o (.text.DL_UART_setRXFIFOThreshold)
                  00006680    00000028     ti_msp_dl_config.o (.text.DL_UART_setTXFIFOThreshold)
                  000066a8    00000028     bsp_pwm.o (.text.bsp_pwm_set_step_counts_pitch)
                  000066d0    00000028     bsp_pwm.o (.text.bsp_pwm_set_step_counts_yaw)
                  000066f8    00000028     drv_line_sensor.o (.text.line_sensor_delay_cycles)
                  00006720    00000028     drv_motor_dc.o (.text.motor_dc_init)
                  00006748    00000028     drv_oled_ssd1306.o (.text.oled_clear)
                  00006770    00000028     drv_oled_ssd1306.o (.text.oled_write_str)
                  00006798    00000028     libc.a : boot_cortex_m.c.obj (.text:_c_int00_noargs)
                  000067c0    00000028     libclang_rt.builtins.a : floatunsisf.S.obj (.text)
                  000067e8    00000026     ti_msp_dl_config.o (.text.DL_I2C_setAnalogGlitchFilterPulseWidth)
                  0000680e    00000026     driverlib.a : dl_i2c.o (.text.DL_I2C_setClockConfig)
                  00006834    00000024     ringbuf.o (.text.ringbuf_init)
                  00006858    00000024     libclang_rt.builtins.a : muldi3.S.obj (.text)
                  0000687c    00000022     libc.a : memccpy.c.obj (.text.memccpy)
                  0000689e    00000022     drv_oled_ssd1306.o (.text.oled_send_command)
                  000068c0    00000022     drv_stepper.o (.text.stepper_set_speed)
                  000068e2    00000002     --HOLE-- [fill = 0]
                  000068e4    00000020     ti_msp_dl_config.o (.text.DL_GPIO_initPeripheralInputFunction)
                  00006904    00000020     app_turret.o (.text.app_turret_set_target)
                  00006924    00000020     bsp_pwm.o (.text.bsp_pwm_set_motor_compare)
                  00006944    0000001e     ti_msp_dl_config.o (.text.DL_UART_setOversampling)
                  00006962    0000001e     drv_encoder_ab.o (.text.encoder_read_state_left)
                  00006980    0000001e     drv_encoder_ab.o (.text.encoder_read_state_right)
                  0000699e    00000002     --HOLE-- [fill = 0]
                  000069a0    0000001e     libclang_rt.builtins.a : ashldi3.S.obj (.text)
                  000069be    00000002     --HOLE-- [fill = 0]
                  000069c0    0000001c     ti_msp_dl_config.o (.text.DL_GPIO_clearInterruptStatus)
                  000069dc    0000001c     ti_msp_dl_config.o (.text.DL_GPIO_enableHiZ)
                  000069f8    0000001c     ti_msp_dl_config.o (.text.DL_GPIO_enableInterrupt)
                  00006a14    0000001c     ti_msp_dl_config.o (.text.DL_GPIO_initPeripheralOutputFunction)
                  00006a30    0000001c     ti_msp_dl_config.o (.text.DL_GPIO_setLowerPinsPolarity)
                  00006a4c    0000001c     bsp_i2c.o (.text.DL_I2C_isControllerRXFIFOEmpty)
                  00006a68    0000001c     bsp_i2c.o (.text.DL_I2C_isControllerTXFIFOFull)
                  00006a84    0000001c     app_isr.o (.text.DL_Interrupt_getPendingGroup)
                  00006aa0    0000001c     ti_msp_dl_config.o (.text.DL_SYSCTL_setMCLKDivider)
                  00006abc    0000001c     ti_msp_dl_config.o (.text.DL_SYSCTL_setSYSOSCFreq)
                  00006ad8    0000001c     ti_msp_dl_config.o (.text.DL_SYSCTL_setULPCLKDivider)
                  00006af4    0000001c     ti_msp_dl_config.o (.text.DL_Timer_enableInterrupt)
                  00006b10    0000001c     driverlib.a : dl_timer.o (.text.DL_Timer_setCaptCompUpdateMethod)
                  00006b2c    0000001c                 : dl_timer.o (.text.DL_Timer_setClockConfig)
                  00006b48    0000001c     bsp_uart.o (.text.DL_UART_enableInterrupt)
                  00006b64    0000001c     ti_msp_dl_config.o (.text.DL_UART_enableInterrupt)
                  00006b80    0000001c     app_isr.o (.text.TIMA1_IRQHandler)
                  00006b9c    0000001c     app_ui.o (.text.app_ui_init)
                  00006bb8    0000001c     bsp_uart.o (.text.bsp_uart_debug_write_byte)
                  00006bd4    0000001c     drv_oled_ssd1306.o (.text.oled_set_cursor)
                  00006bf0    0000001c     drv_oled_ssd1306.o (.text.oled_write_char)
                  00006c0c    0000001c     proto_vofa_firewater.o (.text.proto_vofa_firewater_write_line)
                  00006c28    0000001c     drv_stepper.o (.text.stepper_stop)
                  00006c44    0000001a     drv_mpu9250.o (.text.mpu9250_read_who_am_i)
                  00006c5e    00000002     --HOLE-- [fill = 0]
                  00006c60    0000001a     libclang_rt.builtins.a : aeabi_memset.S.obj (.text)
                  00006c7a    00000002     --HOLE-- [fill = 0]
                  00006c7c    00000018     bsp_gpio.o (.text.DL_GPIO_enableOutput)
                  00006c94    00000018     ti_msp_dl_config.o (.text.DL_GPIO_enableOutput)
                  00006cac    00000018     ti_msp_dl_config.o (.text.DL_GPIO_enablePower)
                  00006cc4    00000018     bsp_gpio.o (.text.DL_GPIO_initDigitalOutput)
                  00006cdc    00000018     ti_msp_dl_config.o (.text.DL_GPIO_initDigitalOutput)
                  00006cf4    00000018     ti_msp_dl_config.o (.text.DL_GPIO_reset)
                  00006d0c    00000018     bsp_gpio.o (.text.DL_GPIO_setPins)
                  00006d24    00000018     ti_msp_dl_config.o (.text.DL_GPIO_setUpperPinsPolarity)
                  00006d3c    00000018     bsp_gpio.o (.text.DL_GPIO_togglePins)
                  00006d54    00000018     ti_msp_dl_config.o (.text.DL_I2C_enableAnalogGlitchFilter)
                  00006d6c    00000018     ti_msp_dl_config.o (.text.DL_I2C_enableController)
                  00006d84    00000018     ti_msp_dl_config.o (.text.DL_I2C_enableControllerClockStretching)
                  00006d9c    00000018     ti_msp_dl_config.o (.text.DL_I2C_enablePower)
                  00006db4    00000018     ti_msp_dl_config.o (.text.DL_I2C_reset)
                  00006dcc    00000018     ti_msp_dl_config.o (.text.DL_I2C_setTimerPeriod)
                  00006de4    00000018     ti_msp_dl_config.o (.text.DL_SYSCTL_setBORThreshold)
                  00006dfc    00000018     ti_msp_dl_config.o (.text.DL_Timer_enablePower)
                  00006e14    00000018     ti_msp_dl_config.o (.text.DL_Timer_reset)
                  00006e2c    00000018     driverlib.a : dl_timer.o (.text.DL_Timer_setCaptureCompareOutCtl)
                  00006e44    00000018     bsp_pwm.o (.text.DL_Timer_setLoadValue)
                  00006e5c    00000018     app_control_scheduler.o (.text.DL_Timer_startCounter)
                  00006e74    00000018     bsp_pwm.o (.text.DL_Timer_startCounter)
                  00006e8c    00000018     bsp_pwm.o (.text.DL_Timer_stopCounter)
                  00006ea4    00000018     bsp_uart.o (.text.DL_UART_clearInterruptStatus)
                  00006ebc    00000018     ti_msp_dl_config.o (.text.DL_UART_enableFIFOs)
                  00006ed4    00000018     ti_msp_dl_config.o (.text.DL_UART_enablePower)
                  00006eec    00000018     bsp_uart.o (.text.DL_UART_isRXFIFOEmpty)
                  00006f04    00000018     ti_msp_dl_config.o (.text.DL_UART_reset)
                  00006f1c    00000018     libc.a : snprintf.c.obj (.text._outc)
                  00006f34    00000018            : vsnprintf.c.obj (.text._outc)
                  00006f4c    00000018     bsp_gpio.o (.text.bsp_gpio_read_encoder_left_a)
                  00006f64    00000018     bsp_gpio.o (.text.bsp_gpio_read_encoder_right_a)
                  00006f7c    00000018     bsp_gpio.o (.text.bsp_gpio_read_line_mux_out)
                  00006f94    00000018     bsp_pwm.o (.text.bsp_pwm_start_all)
                  00006fac    00000018     app_chassis.o (.text.chassis_center_reacquired)
                  00006fc4    00000018     proto_k230.o (.text.proto_k230_init)
                  00006fdc    00000016     bsp_gpio.o (.text.DL_GPIO_readPins)
                  00006ff2    00000016     ti_msp_dl_config.o (.text.DL_UART_enable)
                  00007008    00000016     ringbuf.o (.text.ringbuf_is_empty)
                  0000701e    00000014     bsp_gpio.o (.text.DL_GPIO_clearPins)
                  00007032    00000014     ti_msp_dl_config.o (.text.DL_GPIO_clearPins)
                  00007046    00000002     --HOLE-- [fill = 0]
                  00007048    00000014     bsp_i2c.o (.text.DL_I2C_getControllerStatus)
                  0000705c    00000014     bsp_i2c.o (.text.DL_I2C_receiveControllerData)
                  00007070    00000014     ti_msp_dl_config.o (.text.DL_I2C_resetControllerTransfer)
                  00007084    00000014     ti_msp_dl_config.o (.text.DL_SYSCTL_disableSYSPLL)
                  00007098    00000014     ti_msp_dl_config.o (.text.DL_Timer_enableClock)
                  000070ac    00000014     ti_msp_dl_config.o (.text.DL_Timer_setCCPDirection)
                  000070c0    00000014     bsp_uart.o (.text.DL_UART_receiveData)
                  000070d4    00000014     app_isr.o (.text.app_isr_set_encoder_driver)
                  000070e8    00000014     bsp_gpio.o (.text.bsp_gpio_read_encoder_left_b)
                  000070fc    00000014     bsp_gpio.o (.text.bsp_gpio_read_encoder_right_b)
                  00007110    00000014     bsp_gpio.o (.text.bsp_gpio_toggle_led)
                  00007124    00000014     libclang_rt.builtins.a : aeabi_uldivmod.S.obj (.text)
                  00007138    00000012     app_isr.o (.text.DL_GPIO_getPendingInterrupt)
                  0000714a    00000012     app_isr.o (.text.DL_Timer_getPendingInterrupt)
                  0000715c    00000012     bsp_uart.o (.text.DL_UART_getPendingInterrupt)
                  0000716e    00000012     driverlib.a : dl_uart.o (.text.DL_UART_setClockConfig)
                  00007180    00000012     libc.a : _printfi.c.obj (.text.strchr)
                  00007192    00000012            : memcpy16.S.obj (.text:TI_memcpy_small)
                  000071a4    00000012            : copy_decompress_none.c.obj (.text:decompress:none)
                  000071b6    00000002     --HOLE-- [fill = 0]
                  000071b8    00000010     ti_msp_dl_config.o (.text.DL_SYSCTL_disableHFXT)
                  000071c8    00000010     driverlib.a : dl_timer.o (.text.DL_Timer_setCaptureCompareValue)
                  000071d8    00000010     app_chassis.o (.text.app_chassis_get_snapshot)
                  000071e8    00000010     empty.o (.text.main)
                  000071f8    00000010     libc.a : wcslen.c.obj (.text.wcslen)
                  00007208    00000010            : copy_zero_init.c.obj (.text:decompress:ZI)
                  00007218    0000000e            : _printfi.c.obj (.text.strlen)
                  00007226    0000000e            : strlen.c.obj (.text.strlen)
                  00007234    0000000e            : memset16.S.obj (.text:TI_memset_small)
                  00007242    00000002     --HOLE-- [fill = 0]
                  00007244    0000000c     app_chassis.o (.text.app_chassis_get_encoder_driver)
                  00007250    0000000c     app_imu.o (.text.app_imu_get_snapshot)
                  0000725c    0000000c     app_turret.o (.text.app_turret_get_snapshot)
                  00007268    0000000c     drv_motor_dc.o (.text.motor_dc_get_output)
                  00007274    0000000a     driverlib.a : dl_common.o (.text.DL_Common_delayCycles)
                  0000727e    0000000a     libc.a : _printfi.c.obj (.text.OUTLINED_FUNCTION_0)
                  00007288    00000010     libclang_rt.builtins.a : adddf3.S.obj (.tramp.__aeabi_dsub.1)
                  00007298    0000000a     libc.a : _printfi.c.obj (.text.OUTLINED_FUNCTION_1)
                  000072a2    0000000a     app_chassis.o (.text.chassis_get_control_error)
                  000072ac    00000008     app_isr.o (.text.UART0_IRQHandler)
                  000072b4    00000008     app_isr.o (.text.UART2_IRQHandler)
                  000072bc    00000008     libclang_rt.builtins.a : aeabi_ddiv.c.obj (.text.__aeabi_ddiv)
                  000072c4    00000008                            : aeabi_dmul.c.obj (.text.__aeabi_dmul)
                  000072cc    00000008     libc.a : aeabi_portable.c.obj (.text.__aeabi_errno_addr)
                  000072d4    00000008     bsp_uart.o (.text.bsp_uart_get_k230_ringbuf)
                  000072dc    00000008     libclang_rt.builtins.a : aeabi_memcpy.S.obj (.text)
                  000072e4    00000006     libc.a : s_atanf.c.obj (.text.OUTLINED_FUNCTION_0)
                  000072ea    00000002     --HOLE-- [fill = 0]
                  000072ec    00000010     libclang_rt.builtins.a : divsf3.S.obj (.tramp.__aeabi_fdiv.1)
                  000072fc    00000006     libc.a : exit.c.obj (.text:abort)
                  00007302    00000004     startup_mspm0g350x_ticlang.o (.text.Default_Handler)
                  00007306    00000004     libsysbm.a : hostexit.c.obj (.text.HOSTexit)
                  0000730a    00000004     libc.a : s_atanf.c.obj (.text.OUTLINED_FUNCTION_1)
                  0000730e    00000002     --HOLE-- [fill = 0]
                  00007310    00000010     libclang_rt.builtins.a : addsf3.S.obj (.tramp.__aeabi_fadd.1)
                  00007320    00000004     startup_mspm0g350x_ticlang.o (.text.Reset_Handler)
                  00007324    00000010     libc.a : boot_cortex_m.c.obj (.tramp._c_int00_noargs.1)
                  00007334    00000004            : pre_init.c.obj (.text._system_pre_init)

.cinit     0    00007920    00000030     
                  00007920    0000000c     (__TI_handler_table)
                  0000792c    00000008     (.cinit..bss.load) [load image, compression = zero_init]
                  00007934    00000007     (.cinit..data.load) [load image, compression = lzss]
                  0000793b    00000001     --HOLE-- [fill = 0]
                  0000793c    00000010     (__TI_cinit_table)
                  0000794c    00000004     --HOLE-- [fill = 0]

.rodata    0    00007340    000005e0     
                  00007340    000001e0     drv_oled_ssd1306.o (.rodata.g_font_5x7)
                  00007520    00000101     libc.a : aeabi_ctype.S.obj (.rodata:__aeabi_ctype_table_)
                  00007621    00000003     ti_msp_dl_config.o (.rodata.gPWM_MOTOR_LEFTClockConfig)
                  00007624    00000030     app_turret.o (.rodata.app_turret_init.turret_pid_cfg)
                  00007654    00000030     app_chassis.o (.rodata.g_line_pid_cfg)
                  00007684    00000030     app_chassis.o (.rodata.g_speed_pid_cfg)
                  000076b4    00000028     empty.o (.rodata.run_vehicle_app.vofa_names)
                  000076dc    00000024     app_chassis.o (.rodata.g_line_sensor_cfg)
                  00007700    00000020     libc.a : s_atanf.c.obj (.rodata.cst16)
                  00007720    00000017     drv_oled_ssd1306.o (.rodata.g_oled_init_seq)
                  00007737    00000001     --HOLE-- [fill = 0]
                  00007738    00000014     ti_msp_dl_config.o (.rodata.gTIMER_CTRL_1KHZTimerConfig)
                  0000774c    00000013     empty.o (.rodata.str1.17686411042290499047.1)
                  0000775f    00000011     libc.a : _printfi.c.obj (.rodata.str1.10348868589481759720.1)
                  00007770    00000011            : _printfi.c.obj (.rodata.str1.15363888844622738466.1)
                  00007781    00000011     empty.o (.rodata.str1.7401042497206923953.1)
                  00007792    00000002     ti_msp_dl_config.o (.rodata.gI2C_SENSOR_BUSClockConfig)
                  00007794    00000010     app_turret.o (.rodata.app_turret_init.pitch_cfg)
                  000077a4    00000010     app_turret.o (.rodata.app_turret_init.yaw_cfg)
                  000077b4    00000010     drv_encoder_ab.o (.rodata.g_qei_table)
                  000077c4    00000010     empty.o (.rodata.str1.11898133897667081452.1)
                  000077d4    00000010     empty.o (.rodata.str1.150872071346279890.1)
                  000077e4    00000010     app_ui.o (.rodata.str1.491321146314490610.1)
                  000077f4    0000000f     app_ui.o (.rodata.str1.15306790646973115948.1)
                  00007803    0000000f     empty.o (.rodata.str1.16704889451495720520.1)
                  00007812    0000000d     empty.o (.rodata.str1.2196762768037919588.1)
                  0000781f    0000000d     app_ui.o (.rodata.str1.5075943537078053564.1)
                  0000782c    0000000c     app_imu.o (.rodata.app_imu_init.fusion_cfg)
                  00007838    0000000c     app_chassis.o (.rodata.g_left_motor_cfg)
                  00007844    0000000c     app_chassis.o (.rodata.g_right_motor_cfg)
                  00007850    0000000c     empty.o (.rodata.str1.15706828512682300538.1)
                  0000785c    0000000c     app_ui.o (.rodata.str1.7034054880712102617.1)
                  00007868    0000000c     app_ui.o (.rodata.str1.7037387292574431710.1)
                  00007874    0000000b     proto_vofa_firewater.o (.rodata.str1.1369630562928637083.1)
                  0000787f    0000000b     empty.o (.rodata.str1.14685083708502177989.1)
                  0000788a    0000000b     proto_vofa_firewater.o (.rodata.str1.777347185933502351.1)
                  00007895    0000000b     empty.o (.rodata.str1.9517790425240694019.1)
                  000078a0    0000000a     ti_msp_dl_config.o (.rodata.gUART_DEBUGConfig)
                  000078aa    0000000a     ti_msp_dl_config.o (.rodata.gUART_K230Config)
                  000078b4    0000000a     empty.o (.rodata.str1.17669528882079347314.1)
                  000078be    0000000a     empty.o (.rodata.str1.254342170260855183.1)
                  000078c8    00000008     ti_msp_dl_config.o (.rodata.gPWM_MOTOR_LEFTConfig)
                  000078d0    00000008     ti_msp_dl_config.o (.rodata.gPWM_MOTOR_RIGHTConfig)
                  000078d8    00000008     ti_msp_dl_config.o (.rodata.gPWM_STEP_PITCHConfig)
                  000078e0    00000008     ti_msp_dl_config.o (.rodata.gPWM_STEP_YAWConfig)
                  000078e8    00000008     app_chassis.o (.rodata.g_left_encoder_cfg)
                  000078f0    00000008     app_chassis.o (.rodata.g_right_encoder_cfg)
                  000078f8    00000008     proto_vofa_firewater.o (.rodata.str1.13770452268044769405.1)
                  00007900    00000007     proto_vofa_firewater.o (.rodata.str1.9885088700084294572.1)
                  00007907    00000006     proto_vofa_firewater.o (.rodata.str1.4252196020124871187.1)
                  0000790d    00000003     ti_msp_dl_config.o (.rodata.gPWM_MOTOR_RIGHTClockConfig)
                  00007910    00000003     ti_msp_dl_config.o (.rodata.gPWM_STEP_PITCHClockConfig)
                  00007913    00000003     ti_msp_dl_config.o (.rodata.gPWM_STEP_YAWClockConfig)
                  00007916    00000003     ti_msp_dl_config.o (.rodata.gTIMER_CTRL_1KHZClockConfig)
                  00007919    00000002     ti_msp_dl_config.o (.rodata.gUART_DEBUGClockConfig)
                  0000791b    00000002     ti_msp_dl_config.o (.rodata.gUART_K230ClockConfig)
                  0000791d    00000003     --HOLE-- [fill = 0]

.init_array 
*          0    00000000    00000000     UNINITIALIZED

.binit     0    00000000    00000000     

.bss       0    20200000    00000b5c     UNINITIALIZED
                  20200000    00000406     app_ui.o (.bss.g_oled)
                  20200406    00000001     app_ui.o (.bss.g_oled_ready)
                  20200407    00000001     --HOLE--
                  20200408    00000210     app_chassis.o (.bss.g_chassis)
                  20200618    0000010c     app_turret.o (.bss.g_turret)
                  20200724    00000100     bsp_uart.o (.bss.g_k230_ring_storage)
                  20200824    000000bc     (.common:gPWM_STEP_YAWBackup)
                  202008e0    000000bc     (.common:gTIMER_CTRL_1KHZBackup)
                  2020099c    000000a0     (.common:gPWM_MOTOR_RIGHTBackup)
                  20200a3c    00000080     bsp_uart.o (.bss.g_debug_rx_ring_storage)
                  20200abc    00000070     app_imu.o (.bss.g_imu)
                  20200b2c    0000000c     bsp_uart.o (.bss.g_debug_rx_ringbuf)
                  20200b38    0000000c     bsp_uart.o (.bss.g_k230_ringbuf)
                  20200b44    0000000c     app_control_scheduler.o (.bss.g_scheduler)
                  20200b50    00000008     bsp_pwm.o (.bss.g_step_frequency_hz)
                  20200b58    00000004     app_isr.o (.bss.g_encoder_driver)

.data      0    20200b5c    00000007     UNINITIALIZED
                  20200b5c    00000004     libc.a : aeabi_portable.c.obj (.data.__aeabi_errno)
                  20200b60    00000001     drv_oled_ssd1306.o (.data.g_oled_last_failed_command)
                  20200b61    00000001     drv_oled_ssd1306.o (.data.g_oled_last_failed_index)
                  20200b62    00000001     drv_oled_ssd1306.o (.data.g_oled_last_status)

.stack     0    20207e00    00000200     UNINITIALIZED
                  20207e00    00000004     libc.a : boot_cortex_m.c.obj (.stack)
                  20207e04    000001fc     --HOLE--

__llvm_prf_cnts 
*          0    20200000    00000000     UNINITIALIZED

__llvm_prf_bits 
*          0    20200000    00000000     UNINITIALIZED

MODULE SUMMARY

       Module                         code    ro data   rw data
       ------                         ----    -------   -------
    .\
       ti_msp_dl_config.o             3036    93        536    
       empty.o                        468     190       0      
       startup_mspm0g350x_ticlang.o   8       192       0      
    +--+------------------------------+-------+---------+---------+
       Total:                         3512    475       536    
                                                               
    .\algo\
       algo_pid.o                     1142    0         0      
       algo_fusion.o                  524     0         0      
       algo_filter.o                  192     0         0      
    +--+------------------------------+-------+---------+---------+
       Total:                         1858    0         0      
                                                               
    .\app\
       app_chassis.o                  3548    172       528    
       app_ui.o                       308     68        1031   
       app_turret.o                   344     80        268    
       app_control_scheduler.o        392     0         12     
       app_imu.o                      216     12        112    
       app_isr.o                      280     0         4      
    +--+------------------------------+-------+---------+---------+
       Total:                         5088    332       1955   
                                                               
    .\bsp\
       bsp_uart.o                     902     0         408    
       bsp_i2c.o                      1086    0         0      
       bsp_gpio.o                     934     0         0      
       bsp_pwm.o                      762     0         8      
    +--+------------------------------+-------+---------+---------+
       Total:                         3684    0         416    
                                                               
    .\common\
       ringbuf.o                      244     0         0      
    +--+------------------------------+-------+---------+---------+
       Total:                         244     0         0      
                                                               
    .\drivers\
       drv_oled_ssd1306.o             900     503       3      
       drv_mpu9250.o                  890     0         0      
       drv_stepper.o                  490     0         0      
       drv_line_sensor.o              452     0         0      
       drv_encoder_ab.o               434     16        0      
       drv_motor_dc.o                 324     0         0      
    +--+------------------------------+-------+---------+---------+
       Total:                         3490    519       3      
                                                               
    .\protocol\
       proto_vofa_firewater.o         540     43        0      
       proto_k230.o                   318     0         0      
    +--+------------------------------+-------+---------+---------+
       Total:                         858     43        0      
                                                               
    C:\ti\ccs2100\ccs\tools\compiler\ti-cgt-armllvm_5.1.1.LTS\lib\armv6m-ti-none-eabi/c/libc.a
       _printfi.c.obj                 4624    34        0      
       s_atanf.c.obj                  466     32        0      
       e_atan2f.c.obj                 280     0         0      
       aeabi_ctype.S.obj              0       257       0      
       s_scalbn.c.obj                 220     0         0      
       e_sqrtf.c.obj                  180     0         0      
       snprintf.c.obj                 146     0         0      
       vsnprintf.c.obj                138     0         0      
       copy_decompress_lzss.c.obj     124     0         0      
       s_frexp.c.obj                  92      0         0      
       _ltoa.c.obj                    88      0         0      
       atoi.c.obj                     68      0         0      
       autoinit.c.obj                 60      0         0      
       boot_cortex_m.c.obj            56      0         0      
       memccpy.c.obj                  34      0         0      
       copy_decompress_none.c.obj     18      0         0      
       memcpy16.S.obj                 18      0         0      
       copy_zero_init.c.obj           16      0         0      
       wcslen.c.obj                   16      0         0      
       memset16.S.obj                 14      0         0      
       strlen.c.obj                   14      0         0      
       aeabi_portable.c.obj           8       0         4      
       exit.c.obj                     6       0         0      
       pre_init.c.obj                 4       0         0      
    +--+------------------------------+-------+---------+---------+
       Total:                         6690    323       4      
                                                               
    C:\ti\ccs2100\ccs\tools\compiler\ti-cgt-armllvm_5.1.1.LTS\lib\armv6m-ti-none-eabi/c/libsysbm.a
       hostexit.c.obj                 4       0         0      
    +--+------------------------------+-------+---------+---------+
       Total:                         4       0         0      
                                                               
    C:\ti\ccs2100\ccs\tools\compiler\ti-cgt-armllvm_5.1.1.LTS\lib\armv6m-ti-none-eabi/libclang_rt.builtins.a
       adddf3.S.obj                   418     0         0      
       divdf3.S.obj                   282     0         0      
       comparedf2.c.obj               268     0         0      
       addsf3.S.obj                   232     0         0      
       muldf3.S.obj                   228     0         0      
       udivmoddi4.S.obj               162     0         0      
       divsf3.S.obj                   146     0         0      
       comparesf2.S.obj               140     0         0      
       mulsf3.S.obj                   140     0         0      
       aeabi_dcmp.S.obj               90      0         0      
       aeabi_fcmp.S.obj               90      0         0      
       aeabi_idivmod.S.obj            86      0         0      
       fixdfsi.S.obj                  74      0         0      
       aeabi_uidivmod.S.obj           64      0         0      
       extendsfdf2.S.obj              64      0         0      
       floatsisf.S.obj                60      0         0      
       muldsi3.S.obj                  58      0         0      
       fixsfsi.S.obj                  56      0         0      
       fixunssfsi.S.obj               50      0         0      
       floatsidf.S.obj                44      0         0      
       floatunsisf.S.obj              40      0         0      
       muldi3.S.obj                   36      0         0      
       ashldi3.S.obj                  30      0         0      
       aeabi_memset.S.obj             26      0         0      
       aeabi_uldivmod.S.obj           20      0         0      
       aeabi_ddiv.c.obj               8       0         0      
       aeabi_dmul.c.obj               8       0         0      
       aeabi_memcpy.S.obj             8       0         0      
       aeabi_div0.c.obj               4       0         0      
    +--+------------------------------+-------+---------+---------+
       Total:                         2932    0         0      
                                                               
    D:/ccs/mspm0_sdk/mspm0_sdk_2_10_00_04/source/ti/driverlib/lib/ticlang/m0p/mspm0g1x0x_g3x0x/driverlib.a
       dl_timer.o                     608     0         0      
       dl_uart.o                      138     0         0      
       dl_i2c.o                       132     0         0      
       dl_common.o                    10      0         0      
    +--+------------------------------+-------+---------+---------+
       Total:                         888     0         0      
                                                               
       Stack:                         0       0         512    
       Linker Generated:              0       43        0      
    +--+------------------------------+-------+---------+---------+
       Grand Total:                   29248   1735      3426   


LINKER GENERATED COPY TABLES

__TI_cinit_table @ 0000793c records: 2, size/record: 8, table size: 16
	.bss: load addr=0000792c, load size=00000008 bytes, run addr=20200000, run size=00000b5c bytes, compression=zero_init
	.data: load addr=00007934, load size=00000007 bytes, run addr=20200b5c, run size=00000007 bytes, compression=lzss


LINKER GENERATED HANDLER TABLE

__TI_handler_table @ 00007920 records: 3, size/record: 4, table size: 12
	index: 0, handler: __TI_decompress_lzss
	index: 1, handler: __TI_decompress_none
	index: 2, handler: __TI_zero_init


FAR CALL TRAMPOLINES

callee name               trampoline name
   callee addr  tramp addr   call addr  call info
--------------  -----------  ---------  ----------------
__aeabi_dsub              $Tramp$TT$L$PI$$__aeabi_dsub
   000018f5     00007288     00007286   libc.a : _printfi.c.obj (.text.OUTLINED_FUNCTION_0)
__aeabi_fdiv              $Tramp$TT$L$PI$$__aeabi_fdiv
   00004519     000072ec     000072e8   libc.a : s_atanf.c.obj (.text.OUTLINED_FUNCTION_0)
__aeabi_fadd              $Tramp$TT$L$PI$$__aeabi_fadd
   000032ab     00007310     0000730c   libc.a : s_atanf.c.obj (.text.OUTLINED_FUNCTION_1)
_c_int00_noargs           $Tramp$TT$L$PI$$_c_int00_noargs
   00006799     00007324     00007320   startup_mspm0g350x_ticlang.o (.text.Reset_Handler)

[4 trampolines]
[4 trampoline calls]


GLOBAL SYMBOLS: SORTED ALPHABETICALLY BY Name 

address   name                                
-------   ----                                
00007303  ADC0_IRQHandler                     
00007303  ADC1_IRQHandler                     
00007303  AES_IRQHandler                      
00007306  C$$EXIT                             
00007303  CANFD0_IRQHandler                   
00007303  DAC0_IRQHandler                     
00007275  DL_Common_delayCycles               
00004e11  DL_I2C_fillControllerTXFIFO         
0000680f  DL_I2C_setClockConfig               
00002679  DL_Timer_initFourCCPWMMode          
0000287d  DL_Timer_initTimerMode              
00006b11  DL_Timer_setCaptCompUpdateMethod    
00006e2d  DL_Timer_setCaptureCompareOutCtl    
000071c9  DL_Timer_setCaptureCompareValue     
00006b2d  DL_Timer_setClockConfig             
000056dd  DL_UART_init                        
0000716f  DL_UART_setClockConfig              
00006185  DL_UART_transmitDataBlocking        
00007303  DMA_IRQHandler                      
00007303  Default_Handler                     
00007303  GROUP0_IRQHandler                   
00003f8d  GROUP1_IRQHandler                   
00007307  HOSTexit                            
00007303  HardFault_Handler                   
00007303  I2C0_IRQHandler                     
00007303  I2C1_IRQHandler                     
00007303  NMI_Handler                         
00007303  PendSV_Handler                      
00007303  RTC_IRQHandler                      
00007321  Reset_Handler                       
00007303  SPI0_IRQHandler                     
00007303  SPI1_IRQHandler                     
00007303  SVC_Handler                         
000011b9  SYSCFG_DL_GPIO_init                 
00004fe1  SYSCFG_DL_I2C_SENSOR_BUS_init       
0000414d  SYSCFG_DL_PWM_MOTOR_LEFT_init       
000041dd  SYSCFG_DL_PWM_MOTOR_RIGHT_init      
000048e9  SYSCFG_DL_PWM_STEP_PITCH_init       
00004951  SYSCFG_DL_PWM_STEP_YAW_init         
00006511  SYSCFG_DL_SYSCTL_init               
00005fb5  SYSCFG_DL_TIMER_CTRL_1KHZ_init      
00005199  SYSCFG_DL_UART_DEBUG_init           
00005725  SYSCFG_DL_UART_K230_init            
00005389  SYSCFG_DL_init                      
000035e9  SYSCFG_DL_initPower                 
00007303  SysTick_Handler                     
00007303  TIMA0_IRQHandler                    
00006b81  TIMA1_IRQHandler                    
00007303  TIMG0_IRQHandler                    
00007303  TIMG12_IRQHandler                   
00007303  TIMG6_IRQHandler                    
00007303  TIMG7_IRQHandler                    
00007303  TIMG8_IRQHandler                    
00007193  TI_memcpy_small                     
00007235  TI_memset_small                     
000072ad  UART0_IRQHandler                    
00007303  UART1_IRQHandler                    
000072b5  UART2_IRQHandler                    
00007303  UART3_IRQHandler                    
20208000  __STACK_END                         
00000200  __STACK_SIZE                        
00000000  __TI_ATRegion0_region_sz            
00000000  __TI_ATRegion0_src_addr             
00000000  __TI_ATRegion0_trg_addr             
00000000  __TI_ATRegion1_region_sz            
00000000  __TI_ATRegion1_src_addr             
00000000  __TI_ATRegion1_trg_addr             
00000000  __TI_ATRegion2_region_sz            
00000000  __TI_ATRegion2_src_addr             
00000000  __TI_ATRegion2_trg_addr             
0000793c  __TI_CINIT_Base                     
0000794c  __TI_CINIT_Limit                    
0000794c  __TI_CINIT_Warm                     
00007920  __TI_Handler_Table_Base             
0000792c  __TI_Handler_Table_Limit            
00005d3d  __TI_auto_init_nobinit_nopinit      
0000469d  __TI_decompress_lzss                
000071a5  __TI_decompress_none                
00005039  __TI_ltoa                           
ffffffff  __TI_pprof_out_hndl                 
000000c1  __TI_printfi                        
ffffffff  __TI_prof_data_size                 
ffffffff  __TI_prof_data_start                
00000000  __TI_static_base__                  
00007209  __TI_zero_init                      
000018ff  __adddf3                            
000032ab  __addsf3                            
00007520  __aeabi_ctype_table_                
00007520  __aeabi_ctype_table_C               
00005691  __aeabi_d2iz                        
000018ff  __aeabi_dadd                        
00004f29  __aeabi_dcmpeq                      
00004f5f  __aeabi_dcmpge                      
00004f71  __aeabi_dcmpgt                      
00004f4d  __aeabi_dcmple                      
00004f3b  __aeabi_dcmplt                      
000061b5  __aeabi_dcmpun                      
000072bd  __aeabi_ddiv                        
000072c5  __aeabi_dmul                        
000018f5  __aeabi_dsub                        
20200b5c  __aeabi_errno                       
000072cd  __aeabi_errno_addr                  
00005a55  __aeabi_f2d                         
00005f7d  __aeabi_f2iz                        
00006151  __aeabi_f2uiz                       
000032ab  __aeabi_fadd                        
00004f85  __aeabi_fcmpeq                      
00004fbb  __aeabi_fcmpge                      
00004fcd  __aeabi_fcmpgt                      
00004fa9  __aeabi_fcmple                      
00004f97  __aeabi_fcmplt                      
0000436f  __aeabi_fcmpun                      
00004519  __aeabi_fdiv                        
00004385  __aeabi_fmul                        
000032a1  __aeabi_fsub                        
000064e5  __aeabi_i2d                         
00005d79  __aeabi_i2f                         
00005141  __aeabi_idiv                        
0000233b  __aeabi_idiv0                       
00005141  __aeabi_idivmod                     
00002c67  __aeabi_ldiv0                       
000069a1  __aeabi_llsl                        
00006859  __aeabi_lmul                        
00006c6f  __aeabi_memclr                      
00006c6f  __aeabi_memclr4                     
00006c6f  __aeabi_memclr8                     
000072dd  __aeabi_memcpy                      
000072dd  __aeabi_memcpy4                     
000072dd  __aeabi_memcpy8                     
00006c61  __aeabi_memset                      
00006c61  __aeabi_memset4                     
00006c61  __aeabi_memset8                     
000067c1  __aeabi_ui2f                        
00005a15  __aeabi_uidiv                       
00005a15  __aeabi_uidivmod                    
00007125  __aeabi_uldivmod                    
000069a1  __ashldi3                           
ffffffff  __binit__                           
000049b9  __cmpdf2                            
000042f9  __cmpsf2                            
00002221  __divdf3                            
00004519  __divsf3                            
000049b9  __eqdf2                             
000042f9  __eqsf2                             
00005a55  __extendsfdf2                       
00005691  __fixdfsi                           
00005f7d  __fixsfsi                           
00006151  __fixunssfsi                        
000064e5  __floatsidf                         
00005d79  __floatsisf                         
000067c1  __floatunsisf                       
00004795  __gedf2                             
00004333  __gesf2                             
00004795  __gtdf2                             
00004333  __gtsf2                             
000049b9  __ledf2                             
000042f9  __lesf2                             
000049b9  __ltdf2                             
000042f9  __ltsf2                             
UNDEFED   __mpu_init                          
00002f21  __muldf3                            
00006859  __muldi3                            
00005df1  __muldsi3                           
00004385  __mulsf3                            
000049b9  __nedf2                             
000042f9  __nesf2                             
20207e00  __stack                             
20200000  __start___llvm_prf_bits             
20200000  __start___llvm_prf_cnts             
20200000  __stop___llvm_prf_bits              
20200000  __stop___llvm_prf_cnts              
000018f5  __subdf3                            
000032a1  __subsf3                            
00003ee9  __udivmoddi4                        
000061b5  __unorddf2                          
0000436f  __unordsf2                          
00006799  _c_int00_noargs                     
UNDEFED   _system_post_cinit                  
00007335  _system_pre_init                    
000072fd  abort                               
00003005  app_chassis_control_task            
00007245  app_chassis_get_encoder_driver      
000071d9  app_chassis_get_snapshot            
0000256d  app_chassis_init                    
00005561  app_chassis_line_task               
000053d9  app_control_scheduler_fetch         
00005fe9  app_control_scheduler_init          
00004025  app_control_scheduler_on_tick_isr   
00007251  app_imu_get_snapshot                
00004a21  app_imu_init                        
00004b59  app_imu_task                        
000070d5  app_isr_set_encoder_driver          
00003521  app_turret_control_task             
0000725d  app_turret_get_snapshot             
00004bbd  app_turret_init                     
00006905  app_turret_set_target               
00006b9d  app_ui_init                         
0000233d  app_ui_refresh                      
00002455  atan2f                              
00001595  atanf                               
00005889  atoi                                
ffffffff  binit                               
00006275  bsp_gpio_init                       
00004db1  bsp_gpio_init_line_mux              
00006f4d  bsp_gpio_read_encoder_left_a        
000070e9  bsp_gpio_read_encoder_left_b        
00006f65  bsp_gpio_read_encoder_right_a       
000070fd  bsp_gpio_read_encoder_right_b       
00006f7d  bsp_gpio_read_line_mux_out          
00006215  bsp_gpio_set_buzzer                 
000040b9  bsp_gpio_set_dir_output             
0000601d  bsp_gpio_set_laser                  
00006051  bsp_gpio_set_led                    
0000459d  bsp_gpio_set_line_mux_address       
000062a3  bsp_gpio_set_motor_dir              
00006245  bsp_gpio_set_turret_dir             
00007111  bsp_gpio_toggle_led                 
00003ee7  bsp_i2c_init                        
00002c69  bsp_i2c_mem_read                    
00004497  bsp_i2c_mem_write                   
000057fd  bsp_i2c_write_bytes                 
00005e2d  bsp_pwm_init                        
0000381d  bsp_pwm_set_motor_bridge            
000038d1  bsp_pwm_set_step_frequency          
00006f95  bsp_pwm_start_all                   
000055ad  bsp_pwm_stop_step                   
00004c85  bsp_uart_debug_irq_handler          
00005429  bsp_uart_debug_printf               
00005d01  bsp_uart_debug_write                
00006bb9  bsp_uart_debug_write_byte           
000058cd  bsp_uart_enable_irqs                
000072d5  bsp_uart_get_k230_ringbuf           
000063dd  bsp_uart_init                       
00004ce9  bsp_uart_k230_irq_handler           
00004d4d  encoder_driver_handle_gpio_interrupt
00005955  encoder_driver_init                 
0000461d  encoder_driver_update_speed         
00004ecd  frexp                               
00004ecd  frexpl                              
0000611d  fusion6_init                        
00001c11  fusion6_update                      
2020099c  gPWM_MOTOR_RIGHTBackup              
20200824  gPWM_STEP_YAWBackup                 
202008e0  gTIMER_CTRL_1KHZBackup              
00000000  interruptVectors                    
000031c5  ldexp                               
000031c5  ldexpl                              
00004719  line_sensor_init                    
00002b71  line_sensor_update                  
0000653b  lpf1_init                           
000050e9  lpf1_update                         
000071e9  main                                
0000687d  memccpy                             
00007269  motor_dc_get_output                 
00006721  motor_dc_init                       
00003d9f  motor_dc_set_output                 
00002d59  mpu9250_calibrate_gyro_bias         
00002105  mpu9250_init                        
0000426d  mpu9250_read_raw                    
00006c45  mpu9250_read_who_am_i               
00003379  mpu9250_update                      
00006749  oled_clear                          
00003a39  oled_flush                          
0000344d  oled_init                           
00005995  oled_printf                         
00006bd5  oled_set_cursor                     
00006bf1  oled_write_char                     
00006771  oled_write_str                      
00005ed5  pid_init                            
00004809  pid_reset                           
00001a87  pid_update                          
00006fc5  proto_k230_init                     
000030e5  proto_k230_process_ringbuf          
00003765  proto_vofa_firewater_send           
00002a75  proto_vofa_firewater_send_named     
000055f9  proto_vofa_firewater_send_packet    
00006835  ringbuf_init                        
00007009  ringbuf_is_empty                    
00005911  ringbuf_pop_byte                    
00005645  ringbuf_push_byte                   
000031c5  scalbn                              
000031c5  scalbnl                             
000057b5  snprintf                            
00003aed  sqrtf                               
0000658f  stepper_enable                      
00006085  stepper_init                        
000068c1  stepper_set_speed                   
00006c29  stepper_stop                        
00002e3d  stepper_update                      
00007227  strlen                              
000059d5  vsnprintf                           
000071f9  wcslen                              


GLOBAL SYMBOLS: SORTED BY Symbol Address 

address   name                                
-------   ----                                
00000000  __TI_ATRegion0_region_sz            
00000000  __TI_ATRegion0_src_addr             
00000000  __TI_ATRegion0_trg_addr             
00000000  __TI_ATRegion1_region_sz            
00000000  __TI_ATRegion1_src_addr             
00000000  __TI_ATRegion1_trg_addr             
00000000  __TI_ATRegion2_region_sz            
00000000  __TI_ATRegion2_src_addr             
00000000  __TI_ATRegion2_trg_addr             
00000000  __TI_static_base__                  
00000000  interruptVectors                    
000000c1  __TI_printfi                        
00000200  __STACK_SIZE                        
000011b9  SYSCFG_DL_GPIO_init                 
00001595  atanf                               
000018f5  __aeabi_dsub                        
000018f5  __subdf3                            
000018ff  __adddf3                            
000018ff  __aeabi_dadd                        
00001a87  pid_update                          
00001c11  fusion6_update                      
00002105  mpu9250_init                        
00002221  __divdf3                            
0000233b  __aeabi_idiv0                       
0000233d  app_ui_refresh                      
00002455  atan2f                              
0000256d  app_chassis_init                    
00002679  DL_Timer_initFourCCPWMMode          
0000287d  DL_Timer_initTimerMode              
00002a75  proto_vofa_firewater_send_named     
00002b71  line_sensor_update                  
00002c67  __aeabi_ldiv0                       
00002c69  bsp_i2c_mem_read                    
00002d59  mpu9250_calibrate_gyro_bias         
00002e3d  stepper_update                      
00002f21  __muldf3                            
00003005  app_chassis_control_task            
000030e5  proto_k230_process_ringbuf          
000031c5  ldexp                               
000031c5  ldexpl                              
000031c5  scalbn                              
000031c5  scalbnl                             
000032a1  __aeabi_fsub                        
000032a1  __subsf3                            
000032ab  __addsf3                            
000032ab  __aeabi_fadd                        
00003379  mpu9250_update                      
0000344d  oled_init                           
00003521  app_turret_control_task             
000035e9  SYSCFG_DL_initPower                 
00003765  proto_vofa_firewater_send           
0000381d  bsp_pwm_set_motor_bridge            
000038d1  bsp_pwm_set_step_frequency          
00003a39  oled_flush                          
00003aed  sqrtf                               
00003d9f  motor_dc_set_output                 
00003ee7  bsp_i2c_init                        
00003ee9  __udivmoddi4                        
00003f8d  GROUP1_IRQHandler                   
00004025  app_control_scheduler_on_tick_isr   
000040b9  bsp_gpio_set_dir_output             
0000414d  SYSCFG_DL_PWM_MOTOR_LEFT_init       
000041dd  SYSCFG_DL_PWM_MOTOR_RIGHT_init      
0000426d  mpu9250_read_raw                    
000042f9  __cmpsf2                            
000042f9  __eqsf2                             
000042f9  __lesf2                             
000042f9  __ltsf2                             
000042f9  __nesf2                             
00004333  __gesf2                             
00004333  __gtsf2                             
0000436f  __aeabi_fcmpun                      
0000436f  __unordsf2                          
00004385  __aeabi_fmul                        
00004385  __mulsf3                            
00004497  bsp_i2c_mem_write                   
00004519  __aeabi_fdiv                        
00004519  __divsf3                            
0000459d  bsp_gpio_set_line_mux_address       
0000461d  encoder_driver_update_speed         
0000469d  __TI_decompress_lzss                
00004719  line_sensor_init                    
00004795  __gedf2                             
00004795  __gtdf2                             
00004809  pid_reset                           
000048e9  SYSCFG_DL_PWM_STEP_PITCH_init       
00004951  SYSCFG_DL_PWM_STEP_YAW_init         
000049b9  __cmpdf2                            
000049b9  __eqdf2                             
000049b9  __ledf2                             
000049b9  __ltdf2                             
000049b9  __nedf2                             
00004a21  app_imu_init                        
00004b59  app_imu_task                        
00004bbd  app_turret_init                     
00004c85  bsp_uart_debug_irq_handler          
00004ce9  bsp_uart_k230_irq_handler           
00004d4d  encoder_driver_handle_gpio_interrupt
00004db1  bsp_gpio_init_line_mux              
00004e11  DL_I2C_fillControllerTXFIFO         
00004ecd  frexp                               
00004ecd  frexpl                              
00004f29  __aeabi_dcmpeq                      
00004f3b  __aeabi_dcmplt                      
00004f4d  __aeabi_dcmple                      
00004f5f  __aeabi_dcmpge                      
00004f71  __aeabi_dcmpgt                      
00004f85  __aeabi_fcmpeq                      
00004f97  __aeabi_fcmplt                      
00004fa9  __aeabi_fcmple                      
00004fbb  __aeabi_fcmpge                      
00004fcd  __aeabi_fcmpgt                      
00004fe1  SYSCFG_DL_I2C_SENSOR_BUS_init       
00005039  __TI_ltoa                           
000050e9  lpf1_update                         
00005141  __aeabi_idiv                        
00005141  __aeabi_idivmod                     
00005199  SYSCFG_DL_UART_DEBUG_init           
00005389  SYSCFG_DL_init                      
000053d9  app_control_scheduler_fetch         
00005429  bsp_uart_debug_printf               
00005561  app_chassis_line_task               
000055ad  bsp_pwm_stop_step                   
000055f9  proto_vofa_firewater_send_packet    
00005645  ringbuf_push_byte                   
00005691  __aeabi_d2iz                        
00005691  __fixdfsi                           
000056dd  DL_UART_init                        
00005725  SYSCFG_DL_UART_K230_init            
000057b5  snprintf                            
000057fd  bsp_i2c_write_bytes                 
00005889  atoi                                
000058cd  bsp_uart_enable_irqs                
00005911  ringbuf_pop_byte                    
00005955  encoder_driver_init                 
00005995  oled_printf                         
000059d5  vsnprintf                           
00005a15  __aeabi_uidiv                       
00005a15  __aeabi_uidivmod                    
00005a55  __aeabi_f2d                         
00005a55  __extendsfdf2                       
00005d01  bsp_uart_debug_write                
00005d3d  __TI_auto_init_nobinit_nopinit      
00005d79  __aeabi_i2f                         
00005d79  __floatsisf                         
00005df1  __muldsi3                           
00005e2d  bsp_pwm_init                        
00005ed5  pid_init                            
00005f7d  __aeabi_f2iz                        
00005f7d  __fixsfsi                           
00005fb5  SYSCFG_DL_TIMER_CTRL_1KHZ_init      
00005fe9  app_control_scheduler_init          
0000601d  bsp_gpio_set_laser                  
00006051  bsp_gpio_set_led                    
00006085  stepper_init                        
0000611d  fusion6_init                        
00006151  __aeabi_f2uiz                       
00006151  __fixunssfsi                        
00006185  DL_UART_transmitDataBlocking        
000061b5  __aeabi_dcmpun                      
000061b5  __unorddf2                          
00006215  bsp_gpio_set_buzzer                 
00006245  bsp_gpio_set_turret_dir             
00006275  bsp_gpio_init                       
000062a3  bsp_gpio_set_motor_dir              
000063dd  bsp_uart_init                       
000064e5  __aeabi_i2d                         
000064e5  __floatsidf                         
00006511  SYSCFG_DL_SYSCTL_init               
0000653b  lpf1_init                           
0000658f  stepper_enable                      
00006721  motor_dc_init                       
00006749  oled_clear                          
00006771  oled_write_str                      
00006799  _c_int00_noargs                     
000067c1  __aeabi_ui2f                        
000067c1  __floatunsisf                       
0000680f  DL_I2C_setClockConfig               
00006835  ringbuf_init                        
00006859  __aeabi_lmul                        
00006859  __muldi3                            
0000687d  memccpy                             
000068c1  stepper_set_speed                   
00006905  app_turret_set_target               
000069a1  __aeabi_llsl                        
000069a1  __ashldi3                           
00006b11  DL_Timer_setCaptCompUpdateMethod    
00006b2d  DL_Timer_setClockConfig             
00006b81  TIMA1_IRQHandler                    
00006b9d  app_ui_init                         
00006bb9  bsp_uart_debug_write_byte           
00006bd5  oled_set_cursor                     
00006bf1  oled_write_char                     
00006c29  stepper_stop                        
00006c45  mpu9250_read_who_am_i               
00006c61  __aeabi_memset                      
00006c61  __aeabi_memset4                     
00006c61  __aeabi_memset8                     
00006c6f  __aeabi_memclr                      
00006c6f  __aeabi_memclr4                     
00006c6f  __aeabi_memclr8                     
00006e2d  DL_Timer_setCaptureCompareOutCtl    
00006f4d  bsp_gpio_read_encoder_left_a        
00006f65  bsp_gpio_read_encoder_right_a       
00006f7d  bsp_gpio_read_line_mux_out          
00006f95  bsp_pwm_start_all                   
00006fc5  proto_k230_init                     
00007009  ringbuf_is_empty                    
000070d5  app_isr_set_encoder_driver          
000070e9  bsp_gpio_read_encoder_left_b        
000070fd  bsp_gpio_read_encoder_right_b       
00007111  bsp_gpio_toggle_led                 
00007125  __aeabi_uldivmod                    
0000716f  DL_UART_setClockConfig              
00007193  TI_memcpy_small                     
000071a5  __TI_decompress_none                
000071c9  DL_Timer_setCaptureCompareValue     
000071d9  app_chassis_get_snapshot            
000071e9  main                                
000071f9  wcslen                              
00007209  __TI_zero_init                      
00007227  strlen                              
00007235  TI_memset_small                     
00007245  app_chassis_get_encoder_driver      
00007251  app_imu_get_snapshot                
0000725d  app_turret_get_snapshot             
00007269  motor_dc_get_output                 
00007275  DL_Common_delayCycles               
000072ad  UART0_IRQHandler                    
000072b5  UART2_IRQHandler                    
000072bd  __aeabi_ddiv                        
000072c5  __aeabi_dmul                        
000072cd  __aeabi_errno_addr                  
000072d5  bsp_uart_get_k230_ringbuf           
000072dd  __aeabi_memcpy                      
000072dd  __aeabi_memcpy4                     
000072dd  __aeabi_memcpy8                     
000072fd  abort                               
00007303  ADC0_IRQHandler                     
00007303  ADC1_IRQHandler                     
00007303  AES_IRQHandler                      
00007303  CANFD0_IRQHandler                   
00007303  DAC0_IRQHandler                     
00007303  DMA_IRQHandler                      
00007303  Default_Handler                     
00007303  GROUP0_IRQHandler                   
00007303  HardFault_Handler                   
00007303  I2C0_IRQHandler                     
00007303  I2C1_IRQHandler                     
00007303  NMI_Handler                         
00007303  PendSV_Handler                      
00007303  RTC_IRQHandler                      
00007303  SPI0_IRQHandler                     
00007303  SPI1_IRQHandler                     
00007303  SVC_Handler                         
00007303  SysTick_Handler                     
00007303  TIMA0_IRQHandler                    
00007303  TIMG0_IRQHandler                    
00007303  TIMG12_IRQHandler                   
00007303  TIMG6_IRQHandler                    
00007303  TIMG7_IRQHandler                    
00007303  TIMG8_IRQHandler                    
00007303  UART1_IRQHandler                    
00007303  UART3_IRQHandler                    
00007306  C$$EXIT                             
00007307  HOSTexit                            
00007321  Reset_Handler                       
00007335  _system_pre_init                    
00007520  __aeabi_ctype_table_                
00007520  __aeabi_ctype_table_C               
00007920  __TI_Handler_Table_Base             
0000792c  __TI_Handler_Table_Limit            
0000793c  __TI_CINIT_Base                     
0000794c  __TI_CINIT_Limit                    
0000794c  __TI_CINIT_Warm                     
20200000  __start___llvm_prf_bits             
20200000  __start___llvm_prf_cnts             
20200000  __stop___llvm_prf_bits              
20200000  __stop___llvm_prf_cnts              
20200824  gPWM_STEP_YAWBackup                 
202008e0  gTIMER_CTRL_1KHZBackup              
2020099c  gPWM_MOTOR_RIGHTBackup              
20200b5c  __aeabi_errno                       
20207e00  __stack                             
20208000  __STACK_END                         
ffffffff  __TI_pprof_out_hndl                 
ffffffff  __TI_prof_data_size                 
ffffffff  __TI_prof_data_start                
ffffffff  __binit__                           
ffffffff  binit                               
UNDEFED   __mpu_init                          
UNDEFED   _system_post_cinit                  

[292 symbols]
