******************************************************************************
            TI ARM Clang Linker PC v5.1.1                      
******************************************************************************
>> Linked Tue Jul 28 12:09:33 2026

OUTPUT FILE NAME:   <electric_competition_empty.out>
ENTRY POINT SYMBOL: "_c_int00_noargs"  address: 00006469


MEMORY CONFIGURATION

         name            origin    length      used     unused   attr    fill
----------------------  --------  ---------  --------  --------  ----  --------
  FLASH                 00000000   00020000  00007618  000189e8  R  X
  SRAM                  20200000   00008000  00000d54  000072ac  RW X
  BCR_CONFIG            41c00000   000000ff  00000000  000000ff  R   
  BSL_CONFIG            41c00100   00000080  00000000  00000080  R   


SEGMENT ALLOCATION MAP

run origin  load origin   length   init length attrs members
----------  ----------- ---------- ----------- ----- -------
00000000    00000000    00007008   00007008    r-x
  00000000    00000000    000000c0   000000c0    r-- .intvecs
  000000c0    000000c0    00006f48   00006f48    r-x .text
00007010    00007010    00000610   00000610    r--
  00007010    00007010    000005e0   000005e0    r-- .rodata
  000075f0    000075f0    00000030   00000030    r-- .cinit
20200000    20200000    00000b54   00000000    rw-
  20200000    20200000    00000b4c   00000000    rw- .bss
  20200b4c    20200b4c    00000008   00000000    rw- .data
20207e00    20207e00    00000200   00000000    rw-
  20207e00    20207e00    00000200   00000000    rw- .stack


SECTION ALLOCATION MAP

 output                                  attributes/
section   page    origin      length       input sections
--------  ----  ----------  ----------   ----------------
.intvecs   0    00000000    000000c0     
                  00000000    000000c0     startup_mspm0g350x_ticlang.o (.intvecs)

.text      0    000000c0    00006f48     
                  000000c0    00000a7c     libc.a : _printfi.c.obj (.text:__TI_printfi)
                  00000b3c    00000234     app_chassis.o (.text.chassis_update_line_state)
                  00000d70    0000020c     libc.a : _printfi.c.obj (.text._pconv_a)
                  00000f7c    000001fc     ti_msp_dl_config.o (.text.SYSCFG_DL_GPIO_init)
                  00001178    000001e0     libc.a : _printfi.c.obj (.text._pconv_g)
                  00001358    000001c8            : s_atanf.c.obj (.text.atanf)
                  00001520    000001b4     app_chassis.o (.text.chassis_get_wheel_targets)
                  000016d4    00000192     libclang_rt.builtins.a : adddf3.S.obj (.text)
                  00001866    0000018a     algo_pid.o (.text.pid_update)
                  000019f0    00000178     empty.o (.text.run_vehicle_app)
                  00001b68    00000148     algo_fusion.o (.text.fusion6_update)
                  00001cb0    00000138     libc.a : _printfi.c.obj (.text.fcvt)
                  00001de8    0000011c     drv_mpu9250.o (.text.mpu9250_init)
                  00001f04    0000011a     libclang_rt.builtins.a : divdf3.S.obj (.text)
                  0000201e    00000002                            : aeabi_div0.c.obj (.text.__aeabi_idiv0)
                  00002020    00000118     app_ui.o (.text.app_ui_refresh)
                  00002138    00000118     libc.a : e_atan2f.c.obj (.text.atan2f)
                  00002250    00000118     app_chassis.o (.text.chassis_get_corner_candidate)
                  00002368    00000104     driverlib.a : dl_timer.o (.text.DL_Timer_initFourCCPWMMode)
                  0000246c    00000100     bsp_i2c.o (.text.bsp_i2c_write_raw)
                  0000256c    000000fc     driverlib.a : dl_timer.o (.text.DL_Timer_initTimerMode)
                  00002668    000000fc     libc.a : _printfi.c.obj (.text._pconv_e)
                  00002764    000000fc     proto_vofa_firewater.o (.text.proto_vofa_firewater_send_named)
                  00002860    000000f6     drv_line_sensor.o (.text.line_sensor_update)
                  00002956    00000002     libclang_rt.builtins.a : aeabi_div0.c.obj (.text.__aeabi_ldiv0)
                  00002958    000000f0     app_chassis.o (.text.app_chassis_init)
                  00002a48    000000f0     bsp_i2c.o (.text.bsp_i2c_mem_read)
                  00002b38    000000e4     drv_mpu9250.o (.text.mpu9250_calibrate_gyro_bias)
                  00002c1c    000000e4     drv_stepper.o (.text.stepper_update)
                  00002d00    000000e4     libclang_rt.builtins.a : muldf3.S.obj (.text)
                  00002de4    000000e0     proto_k230.o (.text.proto_k230_process_ringbuf)
                  00002ec4    000000dc     libc.a : s_scalbn.c.obj (.text.scalbn)
                  00002fa0    000000d8     libclang_rt.builtins.a : addsf3.S.obj (.text)
                  00003078    000000d4     drv_mpu9250.o (.text.mpu9250_update)
                  0000314c    000000d4     drv_oled_ssd1306.o (.text.oled_init)
                  00003220    000000d0     app_chassis.o (.text.chassis_corner_complete)
                  000032f0    000000c8     app_chassis.o (.text.app_chassis_control_task)
                  000033b8    000000c8     app_turret.o (.text.app_turret_control_task)
                  00003480    000000c4     ti_msp_dl_config.o (.text.SYSCFG_DL_initPower)
                  00003544    000000b8     proto_vofa_firewater.o (.text.proto_vofa_firewater_send)
                  000035fc    000000b4     bsp_pwm.o (.text.bsp_pwm_set_motor_bridge)
                  000036b0    000000b4     bsp_pwm.o (.text.bsp_pwm_set_step_frequency)
                  00003764    000000b4     drv_oled_ssd1306.o (.text.oled_flush)
                  00003818    000000b4     libc.a : e_sqrtf.c.obj (.text.sqrtf)
                  000038cc    000000b0     app_chassis.o (.text.chassis_confirm_corner_candidate)
                  0000397c    000000a8     drv_oled_ssd1306.o (.text.oled_draw_glyph)
                  00003a24    000000a6     bsp_uart.o (.text.bsp_uart_clear_error_interrupt)
                  00003aca    000000a6     drv_motor_dc.o (.text.motor_dc_set_output)
                  00003b70    000000a2     algo_pid.o (.text.pid_compute_derivative)
                  00003c12    00000002     bsp_i2c.o (.text.bsp_i2c_init)
                  00003c14    000000a2     libclang_rt.builtins.a : udivmoddi4.S.obj (.text)
                  00003cb6    00000002     --HOLE-- [fill = 0]
                  00003cb8    00000098     app_isr.o (.text.GROUP1_IRQHandler)
                  00003d50    00000094     app_control_scheduler.o (.text.app_control_scheduler_on_tick_isr)
                  00003de4    00000094     bsp_gpio.o (.text.bsp_gpio_set_dir_output)
                  00003e78    00000090     ti_msp_dl_config.o (.text.SYSCFG_DL_PWM_MOTOR_LEFT_init)
                  00003f08    00000090     ti_msp_dl_config.o (.text.SYSCFG_DL_PWM_MOTOR_RIGHT_init)
                  00003f98    0000008c     drv_mpu9250.o (.text.mpu9250_read_raw)
                  00004024    0000008c     libclang_rt.builtins.a : comparesf2.S.obj (.text)
                  000040b0    0000008c                            : mulsf3.S.obj (.text)
                  0000413c    00000086     algo_pid.o (.text.pid_apply_ramp)
                  000041c2    00000082     bsp_i2c.o (.text.bsp_i2c_mem_write)
                  00004244    00000082     libclang_rt.builtins.a : divsf3.S.obj (.text)
                  000042c6    00000002     --HOLE-- [fill = 0]
                  000042c8    00000080     bsp_gpio.o (.text.bsp_gpio_set_line_mux_address)
                  00004348    0000007e     drv_encoder_ab.o (.text.encoder_driver_update_speed)
                  000043c6    00000002     --HOLE-- [fill = 0]
                  000043c8    0000007c     libc.a : copy_decompress_lzss.c.obj (.text:decompress:lzss)
                  00004444    0000007a     drv_line_sensor.o (.text.line_sensor_init)
                  000044be    00000002     --HOLE-- [fill = 0]
                  000044c0    00000074     libclang_rt.builtins.a : comparedf2.c.obj (.text.__gedf2)
                  00004534    00000074     algo_pid.o (.text.pid_reset)
                  000045a8    0000006a     drv_oled_ssd1306.o (.text.oled_send_data)
                  00004612    00000002     --HOLE-- [fill = 0]
                  00004614    00000068     ti_msp_dl_config.o (.text.SYSCFG_DL_PWM_STEP_PITCH_init)
                  0000467c    00000068     ti_msp_dl_config.o (.text.SYSCFG_DL_PWM_STEP_YAW_init)
                  000046e4    00000068     libclang_rt.builtins.a : comparedf2.c.obj (.text.__ledf2)
                  0000474c    00000068     app_imu.o (.text.app_imu_init)
                  000047b4    00000068     app_chassis.o (.text.chassis_corner_entry_present)
                  0000481c    00000066     libc.a : _printfi.c.obj (.text._mcpy)
                  00004882    00000002     --HOLE-- [fill = 0]
                  00004884    00000064     app_imu.o (.text.app_imu_task)
                  000048e8    00000064     app_turret.o (.text.app_turret_init)
                  0000494c    00000064     bsp_i2c.o (.text.bsp_i2c_wait_bus_complete)
                  000049b0    00000064     bsp_uart.o (.text.bsp_uart_debug_irq_handler)
                  00004a14    00000064     bsp_uart.o (.text.bsp_uart_k230_irq_handler)
                  00004a78    00000064     drv_encoder_ab.o (.text.encoder_driver_handle_gpio_interrupt)
                  00004adc    00000060     bsp_gpio.o (.text.bsp_gpio_init_line_mux)
                  00004b3c    0000005e     driverlib.a : dl_i2c.o (.text.DL_I2C_fillControllerTXFIFO)
                  00004b9a    00000002     --HOLE-- [fill = 0]
                  00004b9c    0000005c     libc.a : s_frexp.c.obj (.text.frexp)
                  00004bf8    0000005a     libclang_rt.builtins.a : aeabi_dcmp.S.obj (.text)
                  00004c52    00000002     --HOLE-- [fill = 0]
                  00004c54    0000005a                            : aeabi_fcmp.S.obj (.text)
                  00004cae    00000002     --HOLE-- [fill = 0]
                  00004cb0    00000058     ti_msp_dl_config.o (.text.SYSCFG_DL_I2C_SENSOR_BUS_init)
                  00004d08    00000058     libc.a : _ltoa.c.obj (.text.__TI_ltoa)
                  00004d60    00000058            : _printfi.c.obj (.text._pconv_f)
                  00004db8    00000058     algo_filter.o (.text.lpf1_update)
                  00004e10    00000056     libclang_rt.builtins.a : aeabi_idivmod.S.obj (.text)
                  00004e66    00000002     --HOLE-- [fill = 0]
                  00004e68    00000054     ti_msp_dl_config.o (.text.SYSCFG_DL_UART_DEBUG_init)
                  00004ebc    00000054     drv_encoder_ab.o (.text.encoder_apply_transition)
                  00004f10    00000054     algo_fusion.o (.text.math_wrap_deg)
                  00004f64    00000052     libc.a : _printfi.c.obj (.text._ecpy)
                  00004fb6    00000002     --HOLE-- [fill = 0]
                  00004fb8    00000050     ti_msp_dl_config.o (.text.DL_GPIO_initPeripheralInputFunctionFeatures)
                  00005008    00000050     bsp_i2c.o (.text.DL_I2C_startControllerTransfer)
                  00005058    00000050     ti_msp_dl_config.o (.text.SYSCFG_DL_init)
                  000050a8    00000050     app_control_scheduler.o (.text.app_control_scheduler_fetch)
                  000050f8    00000050     bsp_uart.o (.text.bsp_uart_debug_printf)
                  00005148    00000050     app_chassis.o (.text.chassis_update_track_turn_adjustment)
                  00005198    0000004c     ti_msp_dl_config.o (.text.DL_GPIO_initDigitalInputFeatures)
                  000051e4    0000004c     ti_msp_dl_config.o (.text.DL_UART_setBaudRateDivisor)
                  00005230    0000004c     app_chassis.o (.text.app_chassis_line_task)
                  0000527c    0000004c     bsp_pwm.o (.text.bsp_pwm_stop_step)
                  000052c8    0000004c     proto_vofa_firewater.o (.text.proto_vofa_firewater_send_packet)
                  00005314    0000004c     ringbuf.o (.text.ringbuf_push_byte)
                  00005360    0000004a     libclang_rt.builtins.a : fixdfsi.S.obj (.text)
                  000053aa    00000002     --HOLE-- [fill = 0]
                  000053ac    00000048     driverlib.a : dl_uart.o (.text.DL_UART_init)
                  000053f4    00000048     ti_msp_dl_config.o (.text.SYSCFG_DL_UART_K230_init)
                  0000543c    00000048     bsp_i2c.o (.text.bsp_i2c_wait_idle)
                  00005484    00000048     libc.a : snprintf.c.obj (.text.snprintf)
                  000054cc    00000046     bsp_i2c.o (.text.bsp_i2c_write_bytes)
                  00005512    00000046     proto_k230.o (.text.proto_k230_checksum)
                  00005558    00000044     libc.a : atoi.c.obj (.text.atoi)
                  0000559c    00000044     bsp_uart.o (.text.bsp_uart_enable_irqs)
                  000055e0    00000044     ringbuf.o (.text.ringbuf_pop_byte)
                  00005624    00000040     drv_encoder_ab.o (.text.encoder_driver_init)
                  00005664    00000040     drv_oled_ssd1306.o (.text.oled_printf)
                  000056a4    00000040     libc.a : vsnprintf.c.obj (.text.vsnprintf)
                  000056e4    00000040     libclang_rt.builtins.a : aeabi_uidivmod.S.obj (.text)
                  00005724    00000040                            : extendsfdf2.S.obj (.text)
                  00005764    0000003e     app_chassis.o (.text.chassis_enter_state)
                  000057a2    0000003e     algo_filter.o (.text.math_clampf)
                  000057e0    0000003e     algo_fusion.o (.text.math_clampf)
                  0000581e    0000003e     algo_pid.o (.text.math_clampf)
                  0000585c    0000003e     app_chassis.o (.text.math_clampf)
                  0000589a    0000003e     bsp_pwm.o (.text.math_clampf)
                  000058d8    0000003e     drv_motor_dc.o (.text.math_clampf)
                  00005916    0000003e     drv_stepper.o (.text.math_clampf)
                  00005954    0000003e     algo_pid.o (.text.pid_integral_enabled)
                  00005992    00000002     --HOLE-- [fill = 0]
                  00005994    0000003c     ti_msp_dl_config.o (.text.DL_Timer_setCounterControl)
                  000059d0    0000003c     bsp_uart.o (.text.bsp_uart_debug_write)
                  00005a0c    0000003c     libc.a : autoinit.c.obj (.text:__TI_auto_init_nobinit_nopinit)
                  00005a48    0000003c     libclang_rt.builtins.a : floatsisf.S.obj (.text)
                  00005a84    0000003a     app_chassis.o (.text.chassis_update_sensor_history)
                  00005abe    00000002     --HOLE-- [fill = 0]
                  00005ac0    0000003a     libclang_rt.builtins.a : muldsi3.S.obj (.text)
                  00005afa    00000002     --HOLE-- [fill = 0]
                  00005afc    00000038     bsp_pwm.o (.text.bsp_pwm_init)
                  00005b34    00000038     app_chassis.o (.text.chassis_count_bits)
                  00005b6c    00000038     app_chassis.o (.text.chassis_get_forward_output)
                  00005ba4    00000038     algo_pid.o (.text.pid_init)
                  00005bdc    00000038     algo_pid.o (.text.pid_limit_integral)
                  00005c14    00000038     algo_pid.o (.text.pid_limit_output)
                  00005c4c    00000038     libclang_rt.builtins.a : fixsfsi.S.obj (.text)
                  00005c84    00000034     ti_msp_dl_config.o (.text.SYSCFG_DL_TIMER_CTRL_1KHZ_init)
                  00005cb8    00000034     app_control_scheduler.o (.text.app_control_scheduler_init)
                  00005cec    00000034     bsp_gpio.o (.text.bsp_gpio_set_laser)
                  00005d20    00000034     bsp_gpio.o (.text.bsp_gpio_set_led)
                  00005d54    00000034     drv_stepper.o (.text.stepper_init)
                  00005d88    00000032     libc.a : snprintf.c.obj (.text._outs)
                  00005dba    00000032            : vsnprintf.c.obj (.text._outs)
                  00005dec    00000032     algo_fusion.o (.text.fusion6_init)
                  00005e1e    00000002     --HOLE-- [fill = 0]
                  00005e20    00000032     libclang_rt.builtins.a : fixunssfsi.S.obj (.text)
                  00005e52    00000002     --HOLE-- [fill = 0]
                  00005e54    00000030     driverlib.a : dl_uart.o (.text.DL_UART_transmitDataBlocking)
                  00005e84    00000030     libclang_rt.builtins.a : comparedf2.c.obj (.text.__unorddf2)
                  00005eb4    00000030     libc.a : _printfi.c.obj (.text._fcpy)
                  00005ee4    00000030     bsp_gpio.o (.text.bsp_gpio_set_buzzer)
                  00005f14    00000030     bsp_gpio.o (.text.bsp_gpio_set_turret_dir)
                  00005f44    0000002e     bsp_gpio.o (.text.bsp_gpio_init)
                  00005f72    0000002e     bsp_gpio.o (.text.bsp_gpio_set_motor_dir)
                  00005fa0    0000002e     bsp_uart.o (.text.bsp_uart_service_rx_fifo)
                  00005fce    00000002     --HOLE-- [fill = 0]
                  00005fd0    0000002c     app_control_scheduler.o (.text.__NVIC_ClearPendingIRQ)
                  00005ffc    0000002c     bsp_uart.o (.text.__NVIC_ClearPendingIRQ)
                  00006028    0000002c     app_control_scheduler.o (.text.__NVIC_EnableIRQ)
                  00006054    0000002c     bsp_uart.o (.text.__NVIC_EnableIRQ)
                  00006080    0000002c     empty.o (.text.__NVIC_EnableIRQ)
                  000060ac    0000002c     bsp_uart.o (.text.bsp_uart_init)
                  000060d8    0000002c     drv_line_sensor.o (.text.line_sensor_read_channel_raw)
                  00006104    0000002c     algo_pid.o (.text.math_absf)
                  00006130    0000002c     app_chassis.o (.text.math_absf)
                  0000615c    0000002c     drv_motor_dc.o (.text.math_absf)
                  00006188    0000002c     drv_stepper.o (.text.math_absf)
                  000061b4    0000002c     libclang_rt.builtins.a : floatsidf.S.obj (.text)
                  000061e0    0000002a     ti_msp_dl_config.o (.text.SYSCFG_DL_SYSCTL_init)
                  0000620a    0000002a     algo_filter.o (.text.lpf1_init)
                  00006234    0000002a     ringbuf.o (.text.ringbuf_next_index)
                  0000625e    0000002a     drv_stepper.o (.text.stepper_enable)
                  00006288    00000028     bsp_i2c.o (.text.DL_Common_updateReg)
                  000062b0    00000028     ti_msp_dl_config.o (.text.DL_Common_updateReg)
                  000062d8    00000028     ti_msp_dl_config.o (.text.DL_I2C_setControllerRXFIFOThreshold)
                  00006300    00000028     ti_msp_dl_config.o (.text.DL_I2C_setControllerTXFIFOThreshold)
                  00006328    00000028     ti_msp_dl_config.o (.text.DL_UART_setRXFIFOThreshold)
                  00006350    00000028     ti_msp_dl_config.o (.text.DL_UART_setTXFIFOThreshold)
                  00006378    00000028     bsp_pwm.o (.text.bsp_pwm_set_step_counts_pitch)
                  000063a0    00000028     bsp_pwm.o (.text.bsp_pwm_set_step_counts_yaw)
                  000063c8    00000028     drv_line_sensor.o (.text.line_sensor_delay_cycles)
                  000063f0    00000028     drv_motor_dc.o (.text.motor_dc_init)
                  00006418    00000028     drv_oled_ssd1306.o (.text.oled_clear)
                  00006440    00000028     drv_oled_ssd1306.o (.text.oled_write_str)
                  00006468    00000028     libc.a : boot_cortex_m.c.obj (.text:_c_int00_noargs)
                  00006490    00000028     libclang_rt.builtins.a : floatunsisf.S.obj (.text)
                  000064b8    00000026     ti_msp_dl_config.o (.text.DL_I2C_setAnalogGlitchFilterPulseWidth)
                  000064de    00000026     driverlib.a : dl_i2c.o (.text.DL_I2C_setClockConfig)
                  00006504    00000024     ringbuf.o (.text.ringbuf_init)
                  00006528    00000024     libclang_rt.builtins.a : muldi3.S.obj (.text)
                  0000654c    00000022     libc.a : memccpy.c.obj (.text.memccpy)
                  0000656e    00000022     drv_oled_ssd1306.o (.text.oled_send_command)
                  00006590    00000022     drv_stepper.o (.text.stepper_set_speed)
                  000065b2    00000002     --HOLE-- [fill = 0]
                  000065b4    00000020     ti_msp_dl_config.o (.text.DL_GPIO_initPeripheralInputFunction)
                  000065d4    00000020     app_turret.o (.text.app_turret_set_target)
                  000065f4    00000020     bsp_pwm.o (.text.bsp_pwm_set_motor_compare)
                  00006614    0000001e     ti_msp_dl_config.o (.text.DL_UART_setOversampling)
                  00006632    0000001e     drv_encoder_ab.o (.text.encoder_read_state_left)
                  00006650    0000001e     drv_encoder_ab.o (.text.encoder_read_state_right)
                  0000666e    00000002     --HOLE-- [fill = 0]
                  00006670    0000001e     libclang_rt.builtins.a : ashldi3.S.obj (.text)
                  0000668e    00000002     --HOLE-- [fill = 0]
                  00006690    0000001c     ti_msp_dl_config.o (.text.DL_GPIO_clearInterruptStatus)
                  000066ac    0000001c     ti_msp_dl_config.o (.text.DL_GPIO_enableHiZ)
                  000066c8    0000001c     ti_msp_dl_config.o (.text.DL_GPIO_enableInterrupt)
                  000066e4    0000001c     ti_msp_dl_config.o (.text.DL_GPIO_initPeripheralOutputFunction)
                  00006700    0000001c     ti_msp_dl_config.o (.text.DL_GPIO_setLowerPinsPolarity)
                  0000671c    0000001c     bsp_i2c.o (.text.DL_I2C_isControllerRXFIFOEmpty)
                  00006738    0000001c     bsp_i2c.o (.text.DL_I2C_isControllerTXFIFOFull)
                  00006754    0000001c     app_isr.o (.text.DL_Interrupt_getPendingGroup)
                  00006770    0000001c     ti_msp_dl_config.o (.text.DL_SYSCTL_setMCLKDivider)
                  0000678c    0000001c     ti_msp_dl_config.o (.text.DL_SYSCTL_setSYSOSCFreq)
                  000067a8    0000001c     ti_msp_dl_config.o (.text.DL_SYSCTL_setULPCLKDivider)
                  000067c4    0000001c     ti_msp_dl_config.o (.text.DL_Timer_enableInterrupt)
                  000067e0    0000001c     driverlib.a : dl_timer.o (.text.DL_Timer_setCaptCompUpdateMethod)
                  000067fc    0000001c                 : dl_timer.o (.text.DL_Timer_setClockConfig)
                  00006818    0000001c     bsp_uart.o (.text.DL_UART_enableInterrupt)
                  00006834    0000001c     ti_msp_dl_config.o (.text.DL_UART_enableInterrupt)
                  00006850    0000001c     app_isr.o (.text.TIMA1_IRQHandler)
                  0000686c    0000001c     app_ui.o (.text.app_ui_init)
                  00006888    0000001c     bsp_uart.o (.text.bsp_uart_debug_write_byte)
                  000068a4    0000001c     drv_oled_ssd1306.o (.text.oled_set_cursor)
                  000068c0    0000001c     drv_oled_ssd1306.o (.text.oled_write_char)
                  000068dc    0000001c     proto_vofa_firewater.o (.text.proto_vofa_firewater_write_line)
                  000068f8    0000001c     drv_stepper.o (.text.stepper_stop)
                  00006914    0000001a     drv_mpu9250.o (.text.mpu9250_read_who_am_i)
                  0000692e    00000002     --HOLE-- [fill = 0]
                  00006930    0000001a     libclang_rt.builtins.a : aeabi_memset.S.obj (.text)
                  0000694a    00000002     --HOLE-- [fill = 0]
                  0000694c    00000018     bsp_gpio.o (.text.DL_GPIO_enableOutput)
                  00006964    00000018     ti_msp_dl_config.o (.text.DL_GPIO_enableOutput)
                  0000697c    00000018     ti_msp_dl_config.o (.text.DL_GPIO_enablePower)
                  00006994    00000018     bsp_gpio.o (.text.DL_GPIO_initDigitalOutput)
                  000069ac    00000018     ti_msp_dl_config.o (.text.DL_GPIO_initDigitalOutput)
                  000069c4    00000018     ti_msp_dl_config.o (.text.DL_GPIO_reset)
                  000069dc    00000018     bsp_gpio.o (.text.DL_GPIO_setPins)
                  000069f4    00000018     ti_msp_dl_config.o (.text.DL_GPIO_setUpperPinsPolarity)
                  00006a0c    00000018     bsp_gpio.o (.text.DL_GPIO_togglePins)
                  00006a24    00000018     ti_msp_dl_config.o (.text.DL_I2C_enableAnalogGlitchFilter)
                  00006a3c    00000018     ti_msp_dl_config.o (.text.DL_I2C_enableController)
                  00006a54    00000018     ti_msp_dl_config.o (.text.DL_I2C_enableControllerClockStretching)
                  00006a6c    00000018     ti_msp_dl_config.o (.text.DL_I2C_enablePower)
                  00006a84    00000018     ti_msp_dl_config.o (.text.DL_I2C_reset)
                  00006a9c    00000018     ti_msp_dl_config.o (.text.DL_I2C_setTimerPeriod)
                  00006ab4    00000018     ti_msp_dl_config.o (.text.DL_SYSCTL_setBORThreshold)
                  00006acc    00000018     ti_msp_dl_config.o (.text.DL_Timer_enablePower)
                  00006ae4    00000018     ti_msp_dl_config.o (.text.DL_Timer_reset)
                  00006afc    00000018     driverlib.a : dl_timer.o (.text.DL_Timer_setCaptureCompareOutCtl)
                  00006b14    00000018     bsp_pwm.o (.text.DL_Timer_setLoadValue)
                  00006b2c    00000018     app_control_scheduler.o (.text.DL_Timer_startCounter)
                  00006b44    00000018     bsp_pwm.o (.text.DL_Timer_startCounter)
                  00006b5c    00000018     bsp_pwm.o (.text.DL_Timer_stopCounter)
                  00006b74    00000018     bsp_uart.o (.text.DL_UART_clearInterruptStatus)
                  00006b8c    00000018     ti_msp_dl_config.o (.text.DL_UART_enableFIFOs)
                  00006ba4    00000018     ti_msp_dl_config.o (.text.DL_UART_enablePower)
                  00006bbc    00000018     bsp_uart.o (.text.DL_UART_isRXFIFOEmpty)
                  00006bd4    00000018     ti_msp_dl_config.o (.text.DL_UART_reset)
                  00006bec    00000018     libc.a : snprintf.c.obj (.text._outc)
                  00006c04    00000018            : vsnprintf.c.obj (.text._outc)
                  00006c1c    00000018     bsp_gpio.o (.text.bsp_gpio_read_encoder_left_a)
                  00006c34    00000018     bsp_gpio.o (.text.bsp_gpio_read_encoder_right_a)
                  00006c4c    00000018     bsp_gpio.o (.text.bsp_gpio_read_line_mux_out)
                  00006c64    00000018     bsp_pwm.o (.text.bsp_pwm_start_all)
                  00006c7c    00000018     app_chassis.o (.text.chassis_center_reacquired)
                  00006c94    00000018     proto_k230.o (.text.proto_k230_init)
                  00006cac    00000016     bsp_gpio.o (.text.DL_GPIO_readPins)
                  00006cc2    00000016     ti_msp_dl_config.o (.text.DL_UART_enable)
                  00006cd8    00000016     ringbuf.o (.text.ringbuf_is_empty)
                  00006cee    00000014     bsp_gpio.o (.text.DL_GPIO_clearPins)
                  00006d02    00000014     ti_msp_dl_config.o (.text.DL_GPIO_clearPins)
                  00006d16    00000002     --HOLE-- [fill = 0]
                  00006d18    00000014     bsp_i2c.o (.text.DL_I2C_getControllerStatus)
                  00006d2c    00000014     bsp_i2c.o (.text.DL_I2C_receiveControllerData)
                  00006d40    00000014     ti_msp_dl_config.o (.text.DL_I2C_resetControllerTransfer)
                  00006d54    00000014     ti_msp_dl_config.o (.text.DL_SYSCTL_disableSYSPLL)
                  00006d68    00000014     ti_msp_dl_config.o (.text.DL_Timer_enableClock)
                  00006d7c    00000014     ti_msp_dl_config.o (.text.DL_Timer_setCCPDirection)
                  00006d90    00000014     bsp_uart.o (.text.DL_UART_receiveData)
                  00006da4    00000014     app_isr.o (.text.app_isr_set_encoder_driver)
                  00006db8    00000014     bsp_gpio.o (.text.bsp_gpio_read_encoder_left_b)
                  00006dcc    00000014     bsp_gpio.o (.text.bsp_gpio_read_encoder_right_b)
                  00006de0    00000014     bsp_gpio.o (.text.bsp_gpio_toggle_led)
                  00006df4    00000014     libclang_rt.builtins.a : aeabi_uldivmod.S.obj (.text)
                  00006e08    00000012     app_isr.o (.text.DL_GPIO_getPendingInterrupt)
                  00006e1a    00000012     app_isr.o (.text.DL_Timer_getPendingInterrupt)
                  00006e2c    00000012     bsp_uart.o (.text.DL_UART_getPendingInterrupt)
                  00006e3e    00000012     driverlib.a : dl_uart.o (.text.DL_UART_setClockConfig)
                  00006e50    00000012     libc.a : _printfi.c.obj (.text.strchr)
                  00006e62    00000012            : memcpy16.S.obj (.text:TI_memcpy_small)
                  00006e74    00000012            : copy_decompress_none.c.obj (.text:decompress:none)
                  00006e86    00000002     --HOLE-- [fill = 0]
                  00006e88    00000010     ti_msp_dl_config.o (.text.DL_SYSCTL_disableHFXT)
                  00006e98    00000010     driverlib.a : dl_timer.o (.text.DL_Timer_setCaptureCompareValue)
                  00006ea8    00000010     app_chassis.o (.text.app_chassis_get_snapshot)
                  00006eb8    00000010     empty.o (.text.main)
                  00006ec8    00000010     libc.a : wcslen.c.obj (.text.wcslen)
                  00006ed8    00000010            : copy_zero_init.c.obj (.text:decompress:ZI)
                  00006ee8    0000000e            : _printfi.c.obj (.text.strlen)
                  00006ef6    0000000e            : strlen.c.obj (.text.strlen)
                  00006f04    0000000e            : memset16.S.obj (.text:TI_memset_small)
                  00006f12    00000002     --HOLE-- [fill = 0]
                  00006f14    0000000c     app_chassis.o (.text.app_chassis_get_encoder_driver)
                  00006f20    0000000c     app_imu.o (.text.app_imu_get_snapshot)
                  00006f2c    0000000c     app_turret.o (.text.app_turret_get_snapshot)
                  00006f38    0000000c     drv_motor_dc.o (.text.motor_dc_get_output)
                  00006f44    0000000a     driverlib.a : dl_common.o (.text.DL_Common_delayCycles)
                  00006f4e    0000000a     libc.a : _printfi.c.obj (.text.OUTLINED_FUNCTION_0)
                  00006f58    00000010     libclang_rt.builtins.a : adddf3.S.obj (.tramp.__aeabi_dsub.1)
                  00006f68    0000000a     libc.a : _printfi.c.obj (.text.OUTLINED_FUNCTION_1)
                  00006f72    0000000a     app_chassis.o (.text.chassis_get_control_error)
                  00006f7c    00000008     app_isr.o (.text.UART0_IRQHandler)
                  00006f84    00000008     app_isr.o (.text.UART2_IRQHandler)
                  00006f8c    00000008     libclang_rt.builtins.a : aeabi_ddiv.c.obj (.text.__aeabi_ddiv)
                  00006f94    00000008                            : aeabi_dmul.c.obj (.text.__aeabi_dmul)
                  00006f9c    00000008     libc.a : aeabi_portable.c.obj (.text.__aeabi_errno_addr)
                  00006fa4    00000008     bsp_uart.o (.text.bsp_uart_get_k230_ringbuf)
                  00006fac    00000008     libclang_rt.builtins.a : aeabi_memcpy.S.obj (.text)
                  00006fb4    00000006     libc.a : s_atanf.c.obj (.text.OUTLINED_FUNCTION_0)
                  00006fba    00000002     --HOLE-- [fill = 0]
                  00006fbc    00000010     libclang_rt.builtins.a : divsf3.S.obj (.tramp.__aeabi_fdiv.1)
                  00006fcc    00000006     libc.a : exit.c.obj (.text:abort)
                  00006fd2    00000004     startup_mspm0g350x_ticlang.o (.text.Default_Handler)
                  00006fd6    00000004     libsysbm.a : hostexit.c.obj (.text.HOSTexit)
                  00006fda    00000004     libc.a : s_atanf.c.obj (.text.OUTLINED_FUNCTION_1)
                  00006fde    00000002     --HOLE-- [fill = 0]
                  00006fe0    00000010     libclang_rt.builtins.a : addsf3.S.obj (.tramp.__aeabi_fadd.1)
                  00006ff0    00000004     startup_mspm0g350x_ticlang.o (.text.Reset_Handler)
                  00006ff4    00000010     libc.a : boot_cortex_m.c.obj (.tramp._c_int00_noargs.1)
                  00007004    00000004            : pre_init.c.obj (.text._system_pre_init)

.cinit     0    000075f0    00000030     
                  000075f0    0000000c     (__TI_handler_table)
                  000075fc    00000008     (.cinit..bss.load) [load image, compression = zero_init]
                  00007604    00000007     (.cinit..data.load) [load image, compression = lzss]
                  0000760b    00000001     --HOLE-- [fill = 0]
                  0000760c    00000010     (__TI_cinit_table)
                  0000761c    00000004     --HOLE-- [fill = 0]

.rodata    0    00007010    000005e0     
                  00007010    000001e0     drv_oled_ssd1306.o (.rodata.g_font_5x7)
                  000071f0    00000101     libc.a : aeabi_ctype.S.obj (.rodata:__aeabi_ctype_table_)
                  000072f1    00000003     ti_msp_dl_config.o (.rodata.gPWM_MOTOR_LEFTClockConfig)
                  000072f4    00000030     app_turret.o (.rodata.app_turret_init.turret_pid_cfg)
                  00007324    00000030     app_chassis.o (.rodata.g_line_pid_cfg)
                  00007354    00000030     app_chassis.o (.rodata.g_speed_pid_cfg)
                  00007384    00000028     empty.o (.rodata.run_vehicle_app.vofa_names)
                  000073ac    00000024     app_chassis.o (.rodata.g_line_sensor_cfg)
                  000073d0    00000020     libc.a : s_atanf.c.obj (.rodata.cst16)
                  000073f0    00000017     drv_oled_ssd1306.o (.rodata.g_oled_init_seq)
                  00007407    00000001     --HOLE-- [fill = 0]
                  00007408    00000014     ti_msp_dl_config.o (.rodata.gTIMER_CTRL_1KHZTimerConfig)
                  0000741c    00000013     empty.o (.rodata.str1.17686411042290499047.1)
                  0000742f    00000011     libc.a : _printfi.c.obj (.rodata.str1.10348868589481759720.1)
                  00007440    00000011            : _printfi.c.obj (.rodata.str1.15363888844622738466.1)
                  00007451    00000011     empty.o (.rodata.str1.7401042497206923953.1)
                  00007462    00000002     ti_msp_dl_config.o (.rodata.gI2C_SENSOR_BUSClockConfig)
                  00007464    00000010     app_turret.o (.rodata.app_turret_init.pitch_cfg)
                  00007474    00000010     app_turret.o (.rodata.app_turret_init.yaw_cfg)
                  00007484    00000010     drv_encoder_ab.o (.rodata.g_qei_table)
                  00007494    00000010     empty.o (.rodata.str1.11898133897667081452.1)
                  000074a4    00000010     empty.o (.rodata.str1.150872071346279890.1)
                  000074b4    00000010     app_ui.o (.rodata.str1.491321146314490610.1)
                  000074c4    0000000f     app_ui.o (.rodata.str1.15306790646973115948.1)
                  000074d3    0000000f     empty.o (.rodata.str1.16704889451495720520.1)
                  000074e2    0000000d     empty.o (.rodata.str1.2196762768037919588.1)
                  000074ef    0000000d     app_ui.o (.rodata.str1.5075943537078053564.1)
                  000074fc    0000000c     app_imu.o (.rodata.app_imu_init.fusion_cfg)
                  00007508    0000000c     app_chassis.o (.rodata.g_left_motor_cfg)
                  00007514    0000000c     app_chassis.o (.rodata.g_right_motor_cfg)
                  00007520    0000000c     empty.o (.rodata.str1.15706828512682300538.1)
                  0000752c    0000000c     app_ui.o (.rodata.str1.7034054880712102617.1)
                  00007538    0000000c     app_ui.o (.rodata.str1.7037387292574431710.1)
                  00007544    0000000b     proto_vofa_firewater.o (.rodata.str1.1369630562928637083.1)
                  0000754f    0000000b     empty.o (.rodata.str1.14685083708502177989.1)
                  0000755a    0000000b     proto_vofa_firewater.o (.rodata.str1.777347185933502351.1)
                  00007565    0000000b     empty.o (.rodata.str1.9517790425240694019.1)
                  00007570    0000000a     ti_msp_dl_config.o (.rodata.gUART_DEBUGConfig)
                  0000757a    0000000a     ti_msp_dl_config.o (.rodata.gUART_K230Config)
                  00007584    0000000a     empty.o (.rodata.str1.17669528882079347314.1)
                  0000758e    0000000a     empty.o (.rodata.str1.254342170260855183.1)
                  00007598    00000008     ti_msp_dl_config.o (.rodata.gPWM_MOTOR_LEFTConfig)
                  000075a0    00000008     ti_msp_dl_config.o (.rodata.gPWM_MOTOR_RIGHTConfig)
                  000075a8    00000008     ti_msp_dl_config.o (.rodata.gPWM_STEP_PITCHConfig)
                  000075b0    00000008     ti_msp_dl_config.o (.rodata.gPWM_STEP_YAWConfig)
                  000075b8    00000008     app_chassis.o (.rodata.g_left_encoder_cfg)
                  000075c0    00000008     app_chassis.o (.rodata.g_right_encoder_cfg)
                  000075c8    00000008     proto_vofa_firewater.o (.rodata.str1.13770452268044769405.1)
                  000075d0    00000007     proto_vofa_firewater.o (.rodata.str1.9885088700084294572.1)
                  000075d7    00000006     proto_vofa_firewater.o (.rodata.str1.4252196020124871187.1)
                  000075dd    00000003     ti_msp_dl_config.o (.rodata.gPWM_MOTOR_RIGHTClockConfig)
                  000075e0    00000003     ti_msp_dl_config.o (.rodata.gPWM_STEP_PITCHClockConfig)
                  000075e3    00000003     ti_msp_dl_config.o (.rodata.gPWM_STEP_YAWClockConfig)
                  000075e6    00000003     ti_msp_dl_config.o (.rodata.gTIMER_CTRL_1KHZClockConfig)
                  000075e9    00000002     ti_msp_dl_config.o (.rodata.gUART_DEBUGClockConfig)
                  000075eb    00000002     ti_msp_dl_config.o (.rodata.gUART_K230ClockConfig)
                  000075ed    00000003     --HOLE-- [fill = 0]

.init_array 
*          0    00000000    00000000     UNINITIALIZED

.binit     0    00000000    00000000     

.bss       0    20200000    00000b4c     UNINITIALIZED
                  20200000    00000406     app_ui.o (.bss.g_oled)
                  20200406    00000001     app_ui.o (.bss.g_oled_ready)
                  20200407    00000001     --HOLE--
                  20200408    00000200     app_chassis.o (.bss.g_chassis)
                  20200608    0000010c     app_turret.o (.bss.g_turret)
                  20200714    00000100     bsp_uart.o (.bss.g_k230_ring_storage)
                  20200814    000000bc     (.common:gPWM_STEP_YAWBackup)
                  202008d0    000000bc     (.common:gTIMER_CTRL_1KHZBackup)
                  2020098c    000000a0     (.common:gPWM_MOTOR_RIGHTBackup)
                  20200a2c    00000080     bsp_uart.o (.bss.g_debug_rx_ring_storage)
                  20200aac    00000070     app_imu.o (.bss.g_imu)
                  20200b1c    0000000c     bsp_uart.o (.bss.g_debug_rx_ringbuf)
                  20200b28    0000000c     bsp_uart.o (.bss.g_k230_ringbuf)
                  20200b34    0000000c     app_control_scheduler.o (.bss.g_scheduler)
                  20200b40    00000008     bsp_pwm.o (.bss.g_step_frequency_hz)
                  20200b48    00000004     app_isr.o (.bss.g_encoder_driver)

.data      0    20200b4c    00000008     UNINITIALIZED
                  20200b4c    00000004     libc.a : aeabi_portable.c.obj (.data.__aeabi_errno)
                  20200b50    00000001     app_chassis.o (.data.chassis_get_corner_candidate.locked_turn)
                  20200b51    00000001     drv_oled_ssd1306.o (.data.g_oled_last_failed_command)
                  20200b52    00000001     drv_oled_ssd1306.o (.data.g_oled_last_failed_index)
                  20200b53    00000001     drv_oled_ssd1306.o (.data.g_oled_last_status)

.stack     0    20207e00    00000200     UNINITIALIZED
                  20207e00    00000004     libc.a : boot_cortex_m.c.obj (.stack)
                  20207e04    000001fc     --HOLE--

__llvm_prf_cnts 
*          0    20200000    00000000     UNINITIALIZED

__llvm_prf_bits 
*          0    20200000    00000000     UNINITIALIZED

MODULE SUMMARY

       Module                         code    ro data   rw data
       ------                         ----    -------   -------
    .\
       ti_msp_dl_config.o             3036    93        536    
       empty.o                        436     190       0      
       startup_mspm0g350x_ticlang.o   8       192       0      
    +--+------------------------------+-------+---------+---------+
       Total:                         3480    475       536    
                                                               
    .\algo\
       algo_pid.o                     1142    0         0      
       algo_fusion.o                  524     0         0      
       algo_filter.o                  192     0         0      
    +--+------------------------------+-------+---------+---------+
       Total:                         1858    0         0      
                                                               
    .\app\
       app_chassis.o                  2764    172       513    
       app_ui.o                       308     68        1031   
       app_turret.o                   344     80        268    
       app_control_scheduler.o        392     0         12     
       app_imu.o                      216     12        112    
       app_isr.o                      280     0         4      
    +--+------------------------------+-------+---------+---------+
       Total:                         4304    332       1940   
                                                               
    .\bsp\
       bsp_uart.o                     902     0         408    
       bsp_i2c.o                      1086    0         0      
       bsp_gpio.o                     934     0         0      
       bsp_pwm.o                      762     0         8      
    +--+------------------------------+-------+---------+---------+
       Total:                         3684    0         416    
                                                               
    .\common\
       ringbuf.o                      244     0         0      
    +--+------------------------------+-------+---------+---------+
       Total:                         244     0         0      
                                                               
    .\drivers\
       drv_oled_ssd1306.o             900     503       3      
       drv_mpu9250.o                  890     0         0      
       drv_stepper.o                  490     0         0      
       drv_line_sensor.o              452     0         0      
       drv_encoder_ab.o               434     16        0      
       drv_motor_dc.o                 324     0         0      
    +--+------------------------------+-------+---------+---------+
       Total:                         3490    519       3      
                                                               
    .\protocol\
       proto_vofa_firewater.o         540     43        0      
       proto_k230.o                   318     0         0      
    +--+------------------------------+-------+---------+---------+
       Total:                         858     43        0      
                                                               
    C:\ti\ccs2100\ccs\tools\compiler\ti-cgt-armllvm_5.1.1.LTS\lib\armv6m-ti-none-eabi/c/libc.a
       _printfi.c.obj                 4624    34        0      
       s_atanf.c.obj                  466     32        0      
       e_atan2f.c.obj                 280     0         0      
       aeabi_ctype.S.obj              0       257       0      
       s_scalbn.c.obj                 220     0         0      
       e_sqrtf.c.obj                  180     0         0      
       snprintf.c.obj                 146     0         0      
       vsnprintf.c.obj                138     0         0      
       copy_decompress_lzss.c.obj     124     0         0      
       s_frexp.c.obj                  92      0         0      
       _ltoa.c.obj                    88      0         0      
       atoi.c.obj                     68      0         0      
       autoinit.c.obj                 60      0         0      
       boot_cortex_m.c.obj            56      0         0      
       memccpy.c.obj                  34      0         0      
       copy_decompress_none.c.obj     18      0         0      
       memcpy16.S.obj                 18      0         0      
       copy_zero_init.c.obj           16      0         0      
       wcslen.c.obj                   16      0         0      
       memset16.S.obj                 14      0         0      
       strlen.c.obj                   14      0         0      
       aeabi_portable.c.obj           8       0         4      
       exit.c.obj                     6       0         0      
       pre_init.c.obj                 4       0         0      
    +--+------------------------------+-------+---------+---------+
       Total:                         6690    323       4      
                                                               
    C:\ti\ccs2100\ccs\tools\compiler\ti-cgt-armllvm_5.1.1.LTS\lib\armv6m-ti-none-eabi/c/libsysbm.a
       hostexit.c.obj                 4       0         0      
    +--+------------------------------+-------+---------+---------+
       Total:                         4       0         0      
                                                               
    C:\ti\ccs2100\ccs\tools\compiler\ti-cgt-armllvm_5.1.1.LTS\lib\armv6m-ti-none-eabi/libclang_rt.builtins.a
       adddf3.S.obj                   418     0         0      
       divdf3.S.obj                   282     0         0      
       comparedf2.c.obj               268     0         0      
       addsf3.S.obj                   232     0         0      
       muldf3.S.obj                   228     0         0      
       udivmoddi4.S.obj               162     0         0      
       divsf3.S.obj                   146     0         0      
       comparesf2.S.obj               140     0         0      
       mulsf3.S.obj                   140     0         0      
       aeabi_dcmp.S.obj               90      0         0      
       aeabi_fcmp.S.obj               90      0         0      
       aeabi_idivmod.S.obj            86      0         0      
       fixdfsi.S.obj                  74      0         0      
       aeabi_uidivmod.S.obj           64      0         0      
       extendsfdf2.S.obj              64      0         0      
       floatsisf.S.obj                60      0         0      
       muldsi3.S.obj                  58      0         0      
       fixsfsi.S.obj                  56      0         0      
       fixunssfsi.S.obj               50      0         0      
       floatsidf.S.obj                44      0         0      
       floatunsisf.S.obj              40      0         0      
       muldi3.S.obj                   36      0         0      
       ashldi3.S.obj                  30      0         0      
       aeabi_memset.S.obj             26      0         0      
       aeabi_uldivmod.S.obj           20      0         0      
       aeabi_ddiv.c.obj               8       0         0      
       aeabi_dmul.c.obj               8       0         0      
       aeabi_memcpy.S.obj             8       0         0      
       aeabi_div0.c.obj               4       0         0      
    +--+------------------------------+-------+---------+---------+
       Total:                         2932    0         0      
                                                               
    D:/ccs/mspm0_sdk/mspm0_sdk_2_10_00_04/source/ti/driverlib/lib/ticlang/m0p/mspm0g1x0x_g3x0x/driverlib.a
       dl_timer.o                     608     0         0      
       dl_uart.o                      138     0         0      
       dl_i2c.o                       132     0         0      
       dl_common.o                    10      0         0      
    +--+------------------------------+-------+---------+---------+
       Total:                         888     0         0      
                                                               
       Stack:                         0       0         512    
       Linker Generated:              0       43        0      
    +--+------------------------------+-------+---------+---------+
       Grand Total:                   28432   1735      3411   


LINKER GENERATED COPY TABLES

__TI_cinit_table @ 0000760c records: 2, size/record: 8, table size: 16
	.bss: load addr=000075fc, load size=00000008 bytes, run addr=20200000, run size=00000b4c bytes, compression=zero_init
	.data: load addr=00007604, load size=00000007 bytes, run addr=20200b4c, run size=00000008 bytes, compression=lzss


LINKER GENERATED HANDLER TABLE

__TI_handler_table @ 000075f0 records: 3, size/record: 4, table size: 12
	index: 0, handler: __TI_decompress_lzss
	index: 1, handler: __TI_decompress_none
	index: 2, handler: __TI_zero_init


FAR CALL TRAMPOLINES

callee name               trampoline name
   callee addr  tramp addr   call addr  call info
--------------  -----------  ---------  ----------------
__aeabi_dsub              $Tramp$TT$L$PI$$__aeabi_dsub
   000016d5     00006f58     00006f56   libc.a : _printfi.c.obj (.text.OUTLINED_FUNCTION_0)
__aeabi_fdiv              $Tramp$TT$L$PI$$__aeabi_fdiv
   00004245     00006fbc     00006fb8   libc.a : s_atanf.c.obj (.text.OUTLINED_FUNCTION_0)
__aeabi_fadd              $Tramp$TT$L$PI$$__aeabi_fadd
   00002fab     00006fe0     00006fdc   libc.a : s_atanf.c.obj (.text.OUTLINED_FUNCTION_1)
_c_int00_noargs           $Tramp$TT$L$PI$$_c_int00_noargs
   00006469     00006ff4     00006ff0   startup_mspm0g350x_ticlang.o (.text.Reset_Handler)

[4 trampolines]
[4 trampoline calls]


GLOBAL SYMBOLS: SORTED ALPHABETICALLY BY Name 

address   name                                
-------   ----                                
00006fd3  ADC0_IRQHandler                     
00006fd3  ADC1_IRQHandler                     
00006fd3  AES_IRQHandler                      
00006fd6  C$$EXIT                             
00006fd3  CANFD0_IRQHandler                   
00006fd3  DAC0_IRQHandler                     
00006f45  DL_Common_delayCycles               
00004b3d  DL_I2C_fillControllerTXFIFO         
000064df  DL_I2C_setClockConfig               
00002369  DL_Timer_initFourCCPWMMode          
0000256d  DL_Timer_initTimerMode              
000067e1  DL_Timer_setCaptCompUpdateMethod    
00006afd  DL_Timer_setCaptureCompareOutCtl    
00006e99  DL_Timer_setCaptureCompareValue     
000067fd  DL_Timer_setClockConfig             
000053ad  DL_UART_init                        
00006e3f  DL_UART_setClockConfig              
00005e55  DL_UART_transmitDataBlocking        
00006fd3  DMA_IRQHandler                      
00006fd3  Default_Handler                     
00006fd3  GROUP0_IRQHandler                   
00003cb9  GROUP1_IRQHandler                   
00006fd7  HOSTexit                            
00006fd3  HardFault_Handler                   
00006fd3  I2C0_IRQHandler                     
00006fd3  I2C1_IRQHandler                     
00006fd3  NMI_Handler                         
00006fd3  PendSV_Handler                      
00006fd3  RTC_IRQHandler                      
00006ff1  Reset_Handler                       
00006fd3  SPI0_IRQHandler                     
00006fd3  SPI1_IRQHandler                     
00006fd3  SVC_Handler                         
00000f7d  SYSCFG_DL_GPIO_init                 
00004cb1  SYSCFG_DL_I2C_SENSOR_BUS_init       
00003e79  SYSCFG_DL_PWM_MOTOR_LEFT_init       
00003f09  SYSCFG_DL_PWM_MOTOR_RIGHT_init      
00004615  SYSCFG_DL_PWM_STEP_PITCH_init       
0000467d  SYSCFG_DL_PWM_STEP_YAW_init         
000061e1  SYSCFG_DL_SYSCTL_init               
00005c85  SYSCFG_DL_TIMER_CTRL_1KHZ_init      
00004e69  SYSCFG_DL_UART_DEBUG_init           
000053f5  SYSCFG_DL_UART_K230_init            
00005059  SYSCFG_DL_init                      
00003481  SYSCFG_DL_initPower                 
00006fd3  SysTick_Handler                     
00006fd3  TIMA0_IRQHandler                    
00006851  TIMA1_IRQHandler                    
00006fd3  TIMG0_IRQHandler                    
00006fd3  TIMG12_IRQHandler                   
00006fd3  TIMG6_IRQHandler                    
00006fd3  TIMG7_IRQHandler                    
00006fd3  TIMG8_IRQHandler                    
00006e63  TI_memcpy_small                     
00006f05  TI_memset_small                     
00006f7d  UART0_IRQHandler                    
00006fd3  UART1_IRQHandler                    
00006f85  UART2_IRQHandler                    
00006fd3  UART3_IRQHandler                    
20208000  __STACK_END                         
00000200  __STACK_SIZE                        
00000000  __TI_ATRegion0_region_sz            
00000000  __TI_ATRegion0_src_addr             
00000000  __TI_ATRegion0_trg_addr             
00000000  __TI_ATRegion1_region_sz            
00000000  __TI_ATRegion1_src_addr             
00000000  __TI_ATRegion1_trg_addr             
00000000  __TI_ATRegion2_region_sz            
00000000  __TI_ATRegion2_src_addr             
00000000  __TI_ATRegion2_trg_addr             
0000760c  __TI_CINIT_Base                     
0000761c  __TI_CINIT_Limit                    
0000761c  __TI_CINIT_Warm                     
000075f0  __TI_Handler_Table_Base             
000075fc  __TI_Handler_Table_Limit            
00005a0d  __TI_auto_init_nobinit_nopinit      
000043c9  __TI_decompress_lzss                
00006e75  __TI_decompress_none                
00004d09  __TI_ltoa                           
ffffffff  __TI_pprof_out_hndl                 
000000c1  __TI_printfi                        
ffffffff  __TI_prof_data_size                 
ffffffff  __TI_prof_data_start                
00000000  __TI_static_base__                  
00006ed9  __TI_zero_init                      
000016df  __adddf3                            
00002fab  __addsf3                            
000071f0  __aeabi_ctype_table_                
000071f0  __aeabi_ctype_table_C               
00005361  __aeabi_d2iz                        
000016df  __aeabi_dadd                        
00004bf9  __aeabi_dcmpeq                      
00004c2f  __aeabi_dcmpge                      
00004c41  __aeabi_dcmpgt                      
00004c1d  __aeabi_dcmple                      
00004c0b  __aeabi_dcmplt                      
00005e85  __aeabi_dcmpun                      
00006f8d  __aeabi_ddiv                        
00006f95  __aeabi_dmul                        
000016d5  __aeabi_dsub                        
20200b4c  __aeabi_errno                       
00006f9d  __aeabi_errno_addr                  
00005725  __aeabi_f2d                         
00005c4d  __aeabi_f2iz                        
00005e21  __aeabi_f2uiz                       
00002fab  __aeabi_fadd                        
00004c55  __aeabi_fcmpeq                      
00004c8b  __aeabi_fcmpge                      
00004c9d  __aeabi_fcmpgt                      
00004c79  __aeabi_fcmple                      
00004c67  __aeabi_fcmplt                      
0000409b  __aeabi_fcmpun                      
00004245  __aeabi_fdiv                        
000040b1  __aeabi_fmul                        
00002fa1  __aeabi_fsub                        
000061b5  __aeabi_i2d                         
00005a49  __aeabi_i2f                         
00004e11  __aeabi_idiv                        
0000201f  __aeabi_idiv0                       
00004e11  __aeabi_idivmod                     
00002957  __aeabi_ldiv0                       
00006671  __aeabi_llsl                        
00006529  __aeabi_lmul                        
0000693f  __aeabi_memclr                      
0000693f  __aeabi_memclr4                     
0000693f  __aeabi_memclr8                     
00006fad  __aeabi_memcpy                      
00006fad  __aeabi_memcpy4                     
00006fad  __aeabi_memcpy8                     
00006931  __aeabi_memset                      
00006931  __aeabi_memset4                     
00006931  __aeabi_memset8                     
00006491  __aeabi_ui2f                        
000056e5  __aeabi_uidiv                       
000056e5  __aeabi_uidivmod                    
00006df5  __aeabi_uldivmod                    
00006671  __ashldi3                           
ffffffff  __binit__                           
000046e5  __cmpdf2                            
00004025  __cmpsf2                            
00001f05  __divdf3                            
00004245  __divsf3                            
000046e5  __eqdf2                             
00004025  __eqsf2                             
00005725  __extendsfdf2                       
00005361  __fixdfsi                           
00005c4d  __fixsfsi                           
00005e21  __fixunssfsi                        
000061b5  __floatsidf                         
00005a49  __floatsisf                         
00006491  __floatunsisf                       
000044c1  __gedf2                             
0000405f  __gesf2                             
000044c1  __gtdf2                             
0000405f  __gtsf2                             
000046e5  __ledf2                             
00004025  __lesf2                             
000046e5  __ltdf2                             
00004025  __ltsf2                             
UNDEFED   __mpu_init                          
00002d01  __muldf3                            
00006529  __muldi3                            
00005ac1  __muldsi3                           
000040b1  __mulsf3                            
000046e5  __nedf2                             
00004025  __nesf2                             
20207e00  __stack                             
20200000  __start___llvm_prf_bits             
20200000  __start___llvm_prf_cnts             
20200000  __stop___llvm_prf_bits              
20200000  __stop___llvm_prf_cnts              
000016d5  __subdf3                            
00002fa1  __subsf3                            
00003c15  __udivmoddi4                        
00005e85  __unorddf2                          
0000409b  __unordsf2                          
00006469  _c_int00_noargs                     
UNDEFED   _system_post_cinit                  
00007005  _system_pre_init                    
00006fcd  abort                               
000032f1  app_chassis_control_task            
00006f15  app_chassis_get_encoder_driver      
00006ea9  app_chassis_get_snapshot            
00002959  app_chassis_init                    
00005231  app_chassis_line_task               
000050a9  app_control_scheduler_fetch         
00005cb9  app_control_scheduler_init          
00003d51  app_control_scheduler_on_tick_isr   
00006f21  app_imu_get_snapshot                
0000474d  app_imu_init                        
00004885  app_imu_task                        
00006da5  app_isr_set_encoder_driver          
000033b9  app_turret_control_task             
00006f2d  app_turret_get_snapshot             
000048e9  app_turret_init                     
000065d5  app_turret_set_target               
0000686d  app_ui_init                         
00002021  app_ui_refresh                      
00002139  atan2f                              
00001359  atanf                               
00005559  atoi                                
ffffffff  binit                               
00005f45  bsp_gpio_init                       
00004add  bsp_gpio_init_line_mux              
00006c1d  bsp_gpio_read_encoder_left_a        
00006db9  bsp_gpio_read_encoder_left_b        
00006c35  bsp_gpio_read_encoder_right_a       
00006dcd  bsp_gpio_read_encoder_right_b       
00006c4d  bsp_gpio_read_line_mux_out          
00005ee5  bsp_gpio_set_buzzer                 
00003de5  bsp_gpio_set_dir_output             
00005ced  bsp_gpio_set_laser                  
00005d21  bsp_gpio_set_led                    
000042c9  bsp_gpio_set_line_mux_address       
00005f73  bsp_gpio_set_motor_dir              
00005f15  bsp_gpio_set_turret_dir             
00006de1  bsp_gpio_toggle_led                 
00003c13  bsp_i2c_init                        
00002a49  bsp_i2c_mem_read                    
000041c3  bsp_i2c_mem_write                   
000054cd  bsp_i2c_write_bytes                 
00005afd  bsp_pwm_init                        
000035fd  bsp_pwm_set_motor_bridge            
000036b1  bsp_pwm_set_step_frequency          
00006c65  bsp_pwm_start_all                   
0000527d  bsp_pwm_stop_step                   
000049b1  bsp_uart_debug_irq_handler          
000050f9  bsp_uart_debug_printf               
000059d1  bsp_uart_debug_write                
00006889  bsp_uart_debug_write_byte           
0000559d  bsp_uart_enable_irqs                
00006fa5  bsp_uart_get_k230_ringbuf           
000060ad  bsp_uart_init                       
00004a15  bsp_uart_k230_irq_handler           
00004a79  encoder_driver_handle_gpio_interrupt
00005625  encoder_driver_init                 
00004349  encoder_driver_update_speed         
00004b9d  frexp                               
00004b9d  frexpl                              
00005ded  fusion6_init                        
00001b69  fusion6_update                      
2020098c  gPWM_MOTOR_RIGHTBackup              
20200814  gPWM_STEP_YAWBackup                 
202008d0  gTIMER_CTRL_1KHZBackup              
00000000  interruptVectors                    
00002ec5  ldexp                               
00002ec5  ldexpl                              
00004445  line_sensor_init                    
00002861  line_sensor_update                  
0000620b  lpf1_init                           
00004db9  lpf1_update                         
00006eb9  main                                
0000654d  memccpy                             
00006f39  motor_dc_get_output                 
000063f1  motor_dc_init                       
00003acb  motor_dc_set_output                 
00002b39  mpu9250_calibrate_gyro_bias         
00001de9  mpu9250_init                        
00003f99  mpu9250_read_raw                    
00006915  mpu9250_read_who_am_i               
00003079  mpu9250_update                      
00006419  oled_clear                          
00003765  oled_flush                          
0000314d  oled_init                           
00005665  oled_printf                         
000068a5  oled_set_cursor                     
000068c1  oled_write_char                     
00006441  oled_write_str                      
00005ba5  pid_init                            
00004535  pid_reset                           
00001867  pid_update                          
00006c95  proto_k230_init                     
00002de5  proto_k230_process_ringbuf          
00003545  proto_vofa_firewater_send           
00002765  proto_vofa_firewater_send_named     
000052c9  proto_vofa_firewater_send_packet    
00006505  ringbuf_init                        
00006cd9  ringbuf_is_empty                    
000055e1  ringbuf_pop_byte                    
00005315  ringbuf_push_byte                   
00002ec5  scalbn                              
00002ec5  scalbnl                             
00005485  snprintf                            
00003819  sqrtf                               
0000625f  stepper_enable                      
00005d55  stepper_init                        
00006591  stepper_set_speed                   
000068f9  stepper_stop                        
00002c1d  stepper_update                      
00006ef7  strlen                              
000056a5  vsnprintf                           
00006ec9  wcslen                              


GLOBAL SYMBOLS: SORTED BY Symbol Address 

address   name                                
-------   ----                                
00000000  __TI_ATRegion0_region_sz            
00000000  __TI_ATRegion0_src_addr             
00000000  __TI_ATRegion0_trg_addr             
00000000  __TI_ATRegion1_region_sz            
00000000  __TI_ATRegion1_src_addr             
00000000  __TI_ATRegion1_trg_addr             
00000000  __TI_ATRegion2_region_sz            
00000000  __TI_ATRegion2_src_addr             
00000000  __TI_ATRegion2_trg_addr             
00000000  __TI_static_base__                  
00000000  interruptVectors                    
000000c1  __TI_printfi                        
00000200  __STACK_SIZE                        
00000f7d  SYSCFG_DL_GPIO_init                 
00001359  atanf                               
000016d5  __aeabi_dsub                        
000016d5  __subdf3                            
000016df  __adddf3                            
000016df  __aeabi_dadd                        
00001867  pid_update                          
00001b69  fusion6_update                      
00001de9  mpu9250_init                        
00001f05  __divdf3                            
0000201f  __aeabi_idiv0                       
00002021  app_ui_refresh                      
00002139  atan2f                              
00002369  DL_Timer_initFourCCPWMMode          
0000256d  DL_Timer_initTimerMode              
00002765  proto_vofa_firewater_send_named     
00002861  line_sensor_update                  
00002957  __aeabi_ldiv0                       
00002959  app_chassis_init                    
00002a49  bsp_i2c_mem_read                    
00002b39  mpu9250_calibrate_gyro_bias         
00002c1d  stepper_update                      
00002d01  __muldf3                            
00002de5  proto_k230_process_ringbuf          
00002ec5  ldexp                               
00002ec5  ldexpl                              
00002ec5  scalbn                              
00002ec5  scalbnl                             
00002fa1  __aeabi_fsub                        
00002fa1  __subsf3                            
00002fab  __addsf3                            
00002fab  __aeabi_fadd                        
00003079  mpu9250_update                      
0000314d  oled_init                           
000032f1  app_chassis_control_task            
000033b9  app_turret_control_task             
00003481  SYSCFG_DL_initPower                 
00003545  proto_vofa_firewater_send           
000035fd  bsp_pwm_set_motor_bridge            
000036b1  bsp_pwm_set_step_frequency          
00003765  oled_flush                          
00003819  sqrtf                               
00003acb  motor_dc_set_output                 
00003c13  bsp_i2c_init                        
00003c15  __udivmoddi4                        
00003cb9  GROUP1_IRQHandler                   
00003d51  app_control_scheduler_on_tick_isr   
00003de5  bsp_gpio_set_dir_output             
00003e79  SYSCFG_DL_PWM_MOTOR_LEFT_init       
00003f09  SYSCFG_DL_PWM_MOTOR_RIGHT_init      
00003f99  mpu9250_read_raw                    
00004025  __cmpsf2                            
00004025  __eqsf2                             
00004025  __lesf2                             
00004025  __ltsf2                             
00004025  __nesf2                             
0000405f  __gesf2                             
0000405f  __gtsf2                             
0000409b  __aeabi_fcmpun                      
0000409b  __unordsf2                          
000040b1  __aeabi_fmul                        
000040b1  __mulsf3                            
000041c3  bsp_i2c_mem_write                   
00004245  __aeabi_fdiv                        
00004245  __divsf3                            
000042c9  bsp_gpio_set_line_mux_address       
00004349  encoder_driver_update_speed         
000043c9  __TI_decompress_lzss                
00004445  line_sensor_init                    
000044c1  __gedf2                             
000044c1  __gtdf2                             
00004535  pid_reset                           
00004615  SYSCFG_DL_PWM_STEP_PITCH_init       
0000467d  SYSCFG_DL_PWM_STEP_YAW_init         
000046e5  __cmpdf2                            
000046e5  __eqdf2                             
000046e5  __ledf2                             
000046e5  __ltdf2                             
000046e5  __nedf2                             
0000474d  app_imu_init                        
00004885  app_imu_task                        
000048e9  app_turret_init                     
000049b1  bsp_uart_debug_irq_handler          
00004a15  bsp_uart_k230_irq_handler           
00004a79  encoder_driver_handle_gpio_interrupt
00004add  bsp_gpio_init_line_mux              
00004b3d  DL_I2C_fillControllerTXFIFO         
00004b9d  frexp                               
00004b9d  frexpl                              
00004bf9  __aeabi_dcmpeq                      
00004c0b  __aeabi_dcmplt                      
00004c1d  __aeabi_dcmple                      
00004c2f  __aeabi_dcmpge                      
00004c41  __aeabi_dcmpgt                      
00004c55  __aeabi_fcmpeq                      
00004c67  __aeabi_fcmplt                      
00004c79  __aeabi_fcmple                      
00004c8b  __aeabi_fcmpge                      
00004c9d  __aeabi_fcmpgt                      
00004cb1  SYSCFG_DL_I2C_SENSOR_BUS_init       
00004d09  __TI_ltoa                           
00004db9  lpf1_update                         
00004e11  __aeabi_idiv                        
00004e11  __aeabi_idivmod                     
00004e69  SYSCFG_DL_UART_DEBUG_init           
00005059  SYSCFG_DL_init                      
000050a9  app_control_scheduler_fetch         
000050f9  bsp_uart_debug_printf               
00005231  app_chassis_line_task               
0000527d  bsp_pwm_stop_step                   
000052c9  proto_vofa_firewater_send_packet    
00005315  ringbuf_push_byte                   
00005361  __aeabi_d2iz                        
00005361  __fixdfsi                           
000053ad  DL_UART_init                        
000053f5  SYSCFG_DL_UART_K230_init            
00005485  snprintf                            
000054cd  bsp_i2c_write_bytes                 
00005559  atoi                                
0000559d  bsp_uart_enable_irqs                
000055e1  ringbuf_pop_byte                    
00005625  encoder_driver_init                 
00005665  oled_printf                         
000056a5  vsnprintf                           
000056e5  __aeabi_uidiv                       
000056e5  __aeabi_uidivmod                    
00005725  __aeabi_f2d                         
00005725  __extendsfdf2                       
000059d1  bsp_uart_debug_write                
00005a0d  __TI_auto_init_nobinit_nopinit      
00005a49  __aeabi_i2f                         
00005a49  __floatsisf                         
00005ac1  __muldsi3                           
00005afd  bsp_pwm_init                        
00005ba5  pid_init                            
00005c4d  __aeabi_f2iz                        
00005c4d  __fixsfsi                           
00005c85  SYSCFG_DL_TIMER_CTRL_1KHZ_init      
00005cb9  app_control_scheduler_init          
00005ced  bsp_gpio_set_laser                  
00005d21  bsp_gpio_set_led                    
00005d55  stepper_init                        
00005ded  fusion6_init                        
00005e21  __aeabi_f2uiz                       
00005e21  __fixunssfsi                        
00005e55  DL_UART_transmitDataBlocking        
00005e85  __aeabi_dcmpun                      
00005e85  __unorddf2                          
00005ee5  bsp_gpio_set_buzzer                 
00005f15  bsp_gpio_set_turret_dir             
00005f45  bsp_gpio_init                       
00005f73  bsp_gpio_set_motor_dir              
000060ad  bsp_uart_init                       
000061b5  __aeabi_i2d                         
000061b5  __floatsidf                         
000061e1  SYSCFG_DL_SYSCTL_init               
0000620b  lpf1_init                           
0000625f  stepper_enable                      
000063f1  motor_dc_init                       
00006419  oled_clear                          
00006441  oled_write_str                      
00006469  _c_int00_noargs                     
00006491  __aeabi_ui2f                        
00006491  __floatunsisf                       
000064df  DL_I2C_setClockConfig               
00006505  ringbuf_init                        
00006529  __aeabi_lmul                        
00006529  __muldi3                            
0000654d  memccpy                             
00006591  stepper_set_speed                   
000065d5  app_turret_set_target               
00006671  __aeabi_llsl                        
00006671  __ashldi3                           
000067e1  DL_Timer_setCaptCompUpdateMethod    
000067fd  DL_Timer_setClockConfig             
00006851  TIMA1_IRQHandler                    
0000686d  app_ui_init                         
00006889  bsp_uart_debug_write_byte           
000068a5  oled_set_cursor                     
000068c1  oled_write_char                     
000068f9  stepper_stop                        
00006915  mpu9250_read_who_am_i               
00006931  __aeabi_memset                      
00006931  __aeabi_memset4                     
00006931  __aeabi_memset8                     
0000693f  __aeabi_memclr                      
0000693f  __aeabi_memclr4                     
0000693f  __aeabi_memclr8                     
00006afd  DL_Timer_setCaptureCompareOutCtl    
00006c1d  bsp_gpio_read_encoder_left_a        
00006c35  bsp_gpio_read_encoder_right_a       
00006c4d  bsp_gpio_read_line_mux_out          
00006c65  bsp_pwm_start_all                   
00006c95  proto_k230_init                     
00006cd9  ringbuf_is_empty                    
00006da5  app_isr_set_encoder_driver          
00006db9  bsp_gpio_read_encoder_left_b        
00006dcd  bsp_gpio_read_encoder_right_b       
00006de1  bsp_gpio_toggle_led                 
00006df5  __aeabi_uldivmod                    
00006e3f  DL_UART_setClockConfig              
00006e63  TI_memcpy_small                     
00006e75  __TI_decompress_none                
00006e99  DL_Timer_setCaptureCompareValue     
00006ea9  app_chassis_get_snapshot            
00006eb9  main                                
00006ec9  wcslen                              
00006ed9  __TI_zero_init                      
00006ef7  strlen                              
00006f05  TI_memset_small                     
00006f15  app_chassis_get_encoder_driver      
00006f21  app_imu_get_snapshot                
00006f2d  app_turret_get_snapshot             
00006f39  motor_dc_get_output                 
00006f45  DL_Common_delayCycles               
00006f7d  UART0_IRQHandler                    
00006f85  UART2_IRQHandler                    
00006f8d  __aeabi_ddiv                        
00006f95  __aeabi_dmul                        
00006f9d  __aeabi_errno_addr                  
00006fa5  bsp_uart_get_k230_ringbuf           
00006fad  __aeabi_memcpy                      
00006fad  __aeabi_memcpy4                     
00006fad  __aeabi_memcpy8                     
00006fcd  abort                               
00006fd3  ADC0_IRQHandler                     
00006fd3  ADC1_IRQHandler                     
00006fd3  AES_IRQHandler                      
00006fd3  CANFD0_IRQHandler                   
00006fd3  DAC0_IRQHandler                     
00006fd3  DMA_IRQHandler                      
00006fd3  Default_Handler                     
00006fd3  GROUP0_IRQHandler                   
00006fd3  HardFault_Handler                   
00006fd3  I2C0_IRQHandler                     
00006fd3  I2C1_IRQHandler                     
00006fd3  NMI_Handler                         
00006fd3  PendSV_Handler                      
00006fd3  RTC_IRQHandler                      
00006fd3  SPI0_IRQHandler                     
00006fd3  SPI1_IRQHandler                     
00006fd3  SVC_Handler                         
00006fd3  SysTick_Handler                     
00006fd3  TIMA0_IRQHandler                    
00006fd3  TIMG0_IRQHandler                    
00006fd3  TIMG12_IRQHandler                   
00006fd3  TIMG6_IRQHandler                    
00006fd3  TIMG7_IRQHandler                    
00006fd3  TIMG8_IRQHandler                    
00006fd3  UART1_IRQHandler                    
00006fd3  UART3_IRQHandler                    
00006fd6  C$$EXIT                             
00006fd7  HOSTexit                            
00006ff1  Reset_Handler                       
00007005  _system_pre_init                    
000071f0  __aeabi_ctype_table_                
000071f0  __aeabi_ctype_table_C               
000075f0  __TI_Handler_Table_Base             
000075fc  __TI_Handler_Table_Limit            
0000760c  __TI_CINIT_Base                     
0000761c  __TI_CINIT_Limit                    
0000761c  __TI_CINIT_Warm                     
20200000  __start___llvm_prf_bits             
20200000  __start___llvm_prf_cnts             
20200000  __stop___llvm_prf_bits              
20200000  __stop___llvm_prf_cnts              
20200814  gPWM_STEP_YAWBackup                 
202008d0  gTIMER_CTRL_1KHZBackup              
2020098c  gPWM_MOTOR_RIGHTBackup              
20200b4c  __aeabi_errno                       
20207e00  __stack                             
20208000  __STACK_END                         
ffffffff  __TI_pprof_out_hndl                 
ffffffff  __TI_prof_data_size                 
ffffffff  __TI_prof_data_start                
ffffffff  __binit__                           
ffffffff  binit                               
UNDEFED   __mpu_init                          
UNDEFED   _system_post_cinit                  

[292 symbols]
