<?xml version="1.0" encoding="ISO-8859-1" ?>
<link_info>
   <banner>TI ARM Clang Linker PC v5.1.1.LTS</banner>
   <copyright>Copyright (c) 1996-2018 Texas Instruments Incorporated</copyright>
   <command_line>C:\ti\ccs2100\ccs\tools\compiler\ti-cgt-armllvm_5.1.1.LTS\bin\tiarmlnk -IC:\ti\ccs2100\ccs\tools\compiler\ti-cgt-armllvm_5.1.1.LTS\lib -o electric_competition_empty.out --cg_opt_level=0 -melectric_competition_empty.map -iD:/ccs/mspm0_sdk/mspm0_sdk_2_10_00_04/source -iD:/ccs/elelctric_competition/electric_competition_empty -iD:/ccs/elelctric_competition/electric_competition_empty/Debug/syscfg -iC:/ti/ccs2100/ccs/tools/compiler/ti-cgt-armllvm_5.1.1.LTS/lib --diag_wrap=off --display_error_number --warn_sections --xml_link_info=electric_competition_empty_linkInfo.xml --rom_model ./empty.o ./ti_msp_dl_config.o ./startup_mspm0g350x_ticlang.o ./algo/algo_filter.o ./algo/algo_fusion.o ./algo/algo_pid.o ./app/app_ball_control.o ./app/app_chassis.o ./app/app_control_scheduler.o ./app/app_imu.o ./app/app_isr.o ./app/app_mission.o ./app/app_turret.o ./app/app_ui.o ./bsp/bsp_adc.o ./bsp/bsp_gpio.o ./bsp/bsp_i2c.o ./bsp/bsp_operator_input.o ./bsp/bsp_pwm.o ./bsp/bsp_uart.o ./common/ringbuf.o ./common/soft_timer.o ./drivers/drv_abs_position.o ./drivers/drv_encoder_ab.o ./drivers/drv_line_sensor.o ./drivers/drv_motor_dc.o ./drivers/drv_mpu9250.o ./drivers/drv_oled_ssd1306.o ./drivers/drv_stepper.o ./protocol/proto_k230.o ./protocol/proto_vofa_firewater.o -l./device_linker.cmd -ldevice.cmd.genlibs -llibc.a --start-group -llibc++.a -llibc++abi.a -llibc.a -llibsys.a -llibsysbm.a -llibclang_rt.builtins.a -llibclang_rt.profile.a --end-group</command_line>
   <link_time>0x6a6a185d</link_time>
   <link_errors>0x0</link_errors>
   <output_file>D:\ccs\elelctric_competition\electric_competition_empty\Debug\electric_competition_empty.out</output_file>
   <entry_point>
      <name>_c_int00_noargs</name>
      <address>0x6e91</address>
   </entry_point>
   <input_file_list>
      <input_file id="fl-1">
         <path>D:\ccs\elelctric_competition\electric_competition_empty\Debug\.\</path>
         <kind>object</kind>
         <file>empty.o</file>
         <name>empty.o</name>
      </input_file>
      <input_file id="fl-2">
         <path>D:\ccs\elelctric_competition\electric_competition_empty\Debug\.\</path>
         <kind>object</kind>
         <file>ti_msp_dl_config.o</file>
         <name>ti_msp_dl_config.o</name>
      </input_file>
      <input_file id="fl-3">
         <path>D:\ccs\elelctric_competition\electric_competition_empty\Debug\.\</path>
         <kind>object</kind>
         <file>startup_mspm0g350x_ticlang.o</file>
         <name>startup_mspm0g350x_ticlang.o</name>
      </input_file>
      <input_file id="fl-4">
         <path>D:\ccs\elelctric_competition\electric_competition_empty\Debug\.\algo\</path>
         <kind>object</kind>
         <file>algo_filter.o</file>
         <name>algo_filter.o</name>
      </input_file>
      <input_file id="fl-5">
         <path>D:\ccs\elelctric_competition\electric_competition_empty\Debug\.\algo\</path>
         <kind>object</kind>
         <file>algo_fusion.o</file>
         <name>algo_fusion.o</name>
      </input_file>
      <input_file id="fl-6">
         <path>D:\ccs\elelctric_competition\electric_competition_empty\Debug\.\algo\</path>
         <kind>object</kind>
         <file>algo_pid.o</file>
         <name>algo_pid.o</name>
      </input_file>
      <input_file id="fl-7">
         <path>D:\ccs\elelctric_competition\electric_competition_empty\Debug\.\app\</path>
         <kind>object</kind>
         <file>app_ball_control.o</file>
         <name>app_ball_control.o</name>
      </input_file>
      <input_file id="fl-8">
         <path>D:\ccs\elelctric_competition\electric_competition_empty\Debug\.\app\</path>
         <kind>object</kind>
         <file>app_chassis.o</file>
         <name>app_chassis.o</name>
      </input_file>
      <input_file id="fl-9">
         <path>D:\ccs\elelctric_competition\electric_competition_empty\Debug\.\app\</path>
         <kind>object</kind>
         <file>app_control_scheduler.o</file>
         <name>app_control_scheduler.o</name>
      </input_file>
      <input_file id="fl-a">
         <path>D:\ccs\elelctric_competition\electric_competition_empty\Debug\.\app\</path>
         <kind>object</kind>
         <file>app_imu.o</file>
         <name>app_imu.o</name>
      </input_file>
      <input_file id="fl-b">
         <path>D:\ccs\elelctric_competition\electric_competition_empty\Debug\.\app\</path>
         <kind>object</kind>
         <file>app_isr.o</file>
         <name>app_isr.o</name>
      </input_file>
      <input_file id="fl-c">
         <path>D:\ccs\elelctric_competition\electric_competition_empty\Debug\.\app\</path>
         <kind>object</kind>
         <file>app_mission.o</file>
         <name>app_mission.o</name>
      </input_file>
      <input_file id="fl-d">
         <path>D:\ccs\elelctric_competition\electric_competition_empty\Debug\.\app\</path>
         <kind>object</kind>
         <file>app_turret.o</file>
         <name>app_turret.o</name>
      </input_file>
      <input_file id="fl-e">
         <path>D:\ccs\elelctric_competition\electric_competition_empty\Debug\.\app\</path>
         <kind>object</kind>
         <file>app_ui.o</file>
         <name>app_ui.o</name>
      </input_file>
      <input_file id="fl-f">
         <path>D:\ccs\elelctric_competition\electric_competition_empty\Debug\.\bsp\</path>
         <kind>object</kind>
         <file>bsp_adc.o</file>
         <name>bsp_adc.o</name>
      </input_file>
      <input_file id="fl-10">
         <path>D:\ccs\elelctric_competition\electric_competition_empty\Debug\.\bsp\</path>
         <kind>object</kind>
         <file>bsp_gpio.o</file>
         <name>bsp_gpio.o</name>
      </input_file>
      <input_file id="fl-11">
         <path>D:\ccs\elelctric_competition\electric_competition_empty\Debug\.\bsp\</path>
         <kind>object</kind>
         <file>bsp_i2c.o</file>
         <name>bsp_i2c.o</name>
      </input_file>
      <input_file id="fl-12">
         <path>D:\ccs\elelctric_competition\electric_competition_empty\Debug\.\bsp\</path>
         <kind>object</kind>
         <file>bsp_operator_input.o</file>
         <name>bsp_operator_input.o</name>
      </input_file>
      <input_file id="fl-13">
         <path>D:\ccs\elelctric_competition\electric_competition_empty\Debug\.\bsp\</path>
         <kind>object</kind>
         <file>bsp_pwm.o</file>
         <name>bsp_pwm.o</name>
      </input_file>
      <input_file id="fl-14">
         <path>D:\ccs\elelctric_competition\electric_competition_empty\Debug\.\bsp\</path>
         <kind>object</kind>
         <file>bsp_uart.o</file>
         <name>bsp_uart.o</name>
      </input_file>
      <input_file id="fl-15">
         <path>D:\ccs\elelctric_competition\electric_competition_empty\Debug\.\common\</path>
         <kind>object</kind>
         <file>ringbuf.o</file>
         <name>ringbuf.o</name>
      </input_file>
      <input_file id="fl-16">
         <path>D:\ccs\elelctric_competition\electric_competition_empty\Debug\.\common\</path>
         <kind>object</kind>
         <file>soft_timer.o</file>
         <name>soft_timer.o</name>
      </input_file>
      <input_file id="fl-17">
         <path>D:\ccs\elelctric_competition\electric_competition_empty\Debug\.\drivers\</path>
         <kind>object</kind>
         <file>drv_abs_position.o</file>
         <name>drv_abs_position.o</name>
      </input_file>
      <input_file id="fl-18">
         <path>D:\ccs\elelctric_competition\electric_competition_empty\Debug\.\drivers\</path>
         <kind>object</kind>
         <file>drv_encoder_ab.o</file>
         <name>drv_encoder_ab.o</name>
      </input_file>
      <input_file id="fl-19">
         <path>D:\ccs\elelctric_competition\electric_competition_empty\Debug\.\drivers\</path>
         <kind>object</kind>
         <file>drv_line_sensor.o</file>
         <name>drv_line_sensor.o</name>
      </input_file>
      <input_file id="fl-1a">
         <path>D:\ccs\elelctric_competition\electric_competition_empty\Debug\.\drivers\</path>
         <kind>object</kind>
         <file>drv_motor_dc.o</file>
         <name>drv_motor_dc.o</name>
      </input_file>
      <input_file id="fl-1b">
         <path>D:\ccs\elelctric_competition\electric_competition_empty\Debug\.\drivers\</path>
         <kind>object</kind>
         <file>drv_mpu9250.o</file>
         <name>drv_mpu9250.o</name>
      </input_file>
      <input_file id="fl-1c">
         <path>D:\ccs\elelctric_competition\electric_competition_empty\Debug\.\drivers\</path>
         <kind>object</kind>
         <file>drv_oled_ssd1306.o</file>
         <name>drv_oled_ssd1306.o</name>
      </input_file>
      <input_file id="fl-1d">
         <path>D:\ccs\elelctric_competition\electric_competition_empty\Debug\.\drivers\</path>
         <kind>object</kind>
         <file>drv_stepper.o</file>
         <name>drv_stepper.o</name>
      </input_file>
      <input_file id="fl-1e">
         <path>D:\ccs\elelctric_competition\electric_competition_empty\Debug\.\protocol\</path>
         <kind>object</kind>
         <file>proto_k230.o</file>
         <name>proto_k230.o</name>
      </input_file>
      <input_file id="fl-1f">
         <path>D:\ccs\elelctric_competition\electric_competition_empty\Debug\.\protocol\</path>
         <kind>object</kind>
         <file>proto_vofa_firewater.o</file>
         <name>proto_vofa_firewater.o</name>
      </input_file>
      <input_file id="fl-2c">
         <path>D:\ccs\elelctric_competition\electric_competition_empty\Debug\</path>
         <kind>object</kind>
         <file>&lt;internal&gt;</file>
         <name>&lt;internal&gt;</name>
      </input_file>
      <input_file id="fl-2d">
         <path>D:\ccs\mspm0_sdk\mspm0_sdk_2_10_00_04\source\ti\driverlib\lib\ticlang\m0p\mspm0g1x0x_g3x0x\</path>
         <kind>archive</kind>
         <file>driverlib.a</file>
         <name>dl_adc12.o</name>
      </input_file>
      <input_file id="fl-2e">
         <path>D:\ccs\mspm0_sdk\mspm0_sdk_2_10_00_04\source\ti\driverlib\lib\ticlang\m0p\mspm0g1x0x_g3x0x\</path>
         <kind>archive</kind>
         <file>driverlib.a</file>
         <name>dl_common.o</name>
      </input_file>
      <input_file id="fl-2f">
         <path>D:\ccs\mspm0_sdk\mspm0_sdk_2_10_00_04\source\ti\driverlib\lib\ticlang\m0p\mspm0g1x0x_g3x0x\</path>
         <kind>archive</kind>
         <file>driverlib.a</file>
         <name>dl_i2c.o</name>
      </input_file>
      <input_file id="fl-30">
         <path>D:\ccs\mspm0_sdk\mspm0_sdk_2_10_00_04\source\ti\driverlib\lib\ticlang\m0p\mspm0g1x0x_g3x0x\</path>
         <kind>archive</kind>
         <file>driverlib.a</file>
         <name>dl_timer.o</name>
      </input_file>
      <input_file id="fl-31">
         <path>D:\ccs\mspm0_sdk\mspm0_sdk_2_10_00_04\source\ti\driverlib\lib\ticlang\m0p\mspm0g1x0x_g3x0x\</path>
         <kind>archive</kind>
         <file>driverlib.a</file>
         <name>dl_uart.o</name>
      </input_file>
      <input_file id="fl-4e">
         <path>C:\ti\ccs2100\ccs\tools\compiler\ti-cgt-armllvm_5.1.1.LTS\lib\armv6m-ti-none-eabi\c\</path>
         <kind>archive</kind>
         <file>libc.a</file>
         <name>e_atan2f.c.obj</name>
      </input_file>
      <input_file id="fl-4f">
         <path>C:\ti\ccs2100\ccs\tools\compiler\ti-cgt-armllvm_5.1.1.LTS\lib\armv6m-ti-none-eabi\c\</path>
         <kind>archive</kind>
         <file>libc.a</file>
         <name>e_sqrtf.c.obj</name>
      </input_file>
      <input_file id="fl-50">
         <path>C:\ti\ccs2100\ccs\tools\compiler\ti-cgt-armllvm_5.1.1.LTS\lib\armv6m-ti-none-eabi\c\</path>
         <kind>archive</kind>
         <file>libc.a</file>
         <name>s_atanf.c.obj</name>
      </input_file>
      <input_file id="fl-51">
         <path>C:\ti\ccs2100\ccs\tools\compiler\ti-cgt-armllvm_5.1.1.LTS\lib\armv6m-ti-none-eabi\c\</path>
         <kind>archive</kind>
         <file>libc.a</file>
         <name>snprintf.c.obj</name>
      </input_file>
      <input_file id="fl-52">
         <path>C:\ti\ccs2100\ccs\tools\compiler\ti-cgt-armllvm_5.1.1.LTS\lib\armv6m-ti-none-eabi\c\</path>
         <kind>archive</kind>
         <file>libc.a</file>
         <name>vsnprintf.c.obj</name>
      </input_file>
      <input_file id="fl-53">
         <path>C:\ti\ccs2100\ccs\tools\compiler\ti-cgt-armllvm_5.1.1.LTS\lib\armv6m-ti-none-eabi\c\</path>
         <kind>archive</kind>
         <file>libc.a</file>
         <name>aeabi_portable.c.obj</name>
      </input_file>
      <input_file id="fl-54">
         <path>C:\ti\ccs2100\ccs\tools\compiler\ti-cgt-armllvm_5.1.1.LTS\lib\armv6m-ti-none-eabi\c\</path>
         <kind>archive</kind>
         <file>libc.a</file>
         <name>assert.c.obj</name>
      </input_file>
      <input_file id="fl-55">
         <path>C:\ti\ccs2100\ccs\tools\compiler\ti-cgt-armllvm_5.1.1.LTS\lib\armv6m-ti-none-eabi\c\</path>
         <kind>archive</kind>
         <file>libc.a</file>
         <name>defs.c.obj</name>
      </input_file>
      <input_file id="fl-56">
         <path>C:\ti\ccs2100\ccs\tools\compiler\ti-cgt-armllvm_5.1.1.LTS\lib\armv6m-ti-none-eabi\c\</path>
         <kind>archive</kind>
         <file>libc.a</file>
         <name>memory.c.obj</name>
      </input_file>
      <input_file id="fl-57">
         <path>C:\ti\ccs2100\ccs\tools\compiler\ti-cgt-armllvm_5.1.1.LTS\lib\armv6m-ti-none-eabi\c\</path>
         <kind>archive</kind>
         <file>libc.a</file>
         <name>strlen.c.obj</name>
      </input_file>
      <input_file id="fl-58">
         <path>C:\ti\ccs2100\ccs\tools\compiler\ti-cgt-armllvm_5.1.1.LTS\lib\armv6m-ti-none-eabi\c\</path>
         <kind>archive</kind>
         <file>libc.a</file>
         <name>boot_cortex_m.c.obj</name>
      </input_file>
      <input_file id="fl-59">
         <path>C:\ti\ccs2100\ccs\tools\compiler\ti-cgt-armllvm_5.1.1.LTS\lib\armv6m-ti-none-eabi\c\</path>
         <kind>archive</kind>
         <file>libc.a</file>
         <name>mathacl_init.c.obj</name>
      </input_file>
      <input_file id="fl-5a">
         <path>C:\ti\ccs2100\ccs\tools\compiler\ti-cgt-armllvm_5.1.1.LTS\lib\armv6m-ti-none-eabi\c\</path>
         <kind>archive</kind>
         <file>libc.a</file>
         <name>autoinit.c.obj</name>
      </input_file>
      <input_file id="fl-5b">
         <path>C:\ti\ccs2100\ccs\tools\compiler\ti-cgt-armllvm_5.1.1.LTS\lib\armv6m-ti-none-eabi\c\</path>
         <kind>archive</kind>
         <file>libc.a</file>
         <name>pre_init.c.obj</name>
      </input_file>
      <input_file id="fl-5c">
         <path>C:\ti\ccs2100\ccs\tools\compiler\ti-cgt-armllvm_5.1.1.LTS\lib\armv6m-ti-none-eabi\c\</path>
         <kind>archive</kind>
         <file>libc.a</file>
         <name>cpy_tbl.c.obj</name>
      </input_file>
      <input_file id="fl-5d">
         <path>C:\ti\ccs2100\ccs\tools\compiler\ti-cgt-armllvm_5.1.1.LTS\lib\armv6m-ti-none-eabi\c\</path>
         <kind>archive</kind>
         <file>libc.a</file>
         <name>copy_zero_init.c.obj</name>
      </input_file>
      <input_file id="fl-5e">
         <path>C:\ti\ccs2100\ccs\tools\compiler\ti-cgt-armllvm_5.1.1.LTS\lib\armv6m-ti-none-eabi\c\</path>
         <kind>archive</kind>
         <file>libc.a</file>
         <name>copy_decompress_none.c.obj</name>
      </input_file>
      <input_file id="fl-5f">
         <path>C:\ti\ccs2100\ccs\tools\compiler\ti-cgt-armllvm_5.1.1.LTS\lib\armv6m-ti-none-eabi\c\</path>
         <kind>archive</kind>
         <file>libc.a</file>
         <name>copy_decompress_lzss.c.obj</name>
      </input_file>
      <input_file id="fl-60">
         <path>C:\ti\ccs2100\ccs\tools\compiler\ti-cgt-armllvm_5.1.1.LTS\lib\armv6m-ti-none-eabi\c\</path>
         <kind>archive</kind>
         <file>libc.a</file>
         <name>_printfi.c.obj</name>
      </input_file>
      <input_file id="fl-61">
         <path>C:\ti\ccs2100\ccs\tools\compiler\ti-cgt-armllvm_5.1.1.LTS\lib\armv6m-ti-none-eabi\c\</path>
         <kind>archive</kind>
         <file>libc.a</file>
         <name>sprintf.c.obj</name>
      </input_file>
      <input_file id="fl-62">
         <path>C:\ti\ccs2100\ccs\tools\compiler\ti-cgt-armllvm_5.1.1.LTS\lib\armv6m-ti-none-eabi\c\</path>
         <kind>archive</kind>
         <file>libc.a</file>
         <name>fflush.c.obj</name>
      </input_file>
      <input_file id="fl-63">
         <path>C:\ti\ccs2100\ccs\tools\compiler\ti-cgt-armllvm_5.1.1.LTS\lib\armv6m-ti-none-eabi\c\</path>
         <kind>archive</kind>
         <file>libc.a</file>
         <name>fputs.c.obj</name>
      </input_file>
      <input_file id="fl-64">
         <path>C:\ti\ccs2100\ccs\tools\compiler\ti-cgt-armllvm_5.1.1.LTS\lib\armv6m-ti-none-eabi\c\</path>
         <kind>archive</kind>
         <file>libc.a</file>
         <name>_io_perm.c.obj</name>
      </input_file>
      <input_file id="fl-65">
         <path>C:\ti\ccs2100\ccs\tools\compiler\ti-cgt-armllvm_5.1.1.LTS\lib\armv6m-ti-none-eabi\c\</path>
         <kind>archive</kind>
         <file>libc.a</file>
         <name>setvbuf.c.obj</name>
      </input_file>
      <input_file id="fl-66">
         <path>C:\ti\ccs2100\ccs\tools\compiler\ti-cgt-armllvm_5.1.1.LTS\lib\armv6m-ti-none-eabi\c\</path>
         <kind>archive</kind>
         <file>libc.a</file>
         <name>exit.c.obj</name>
      </input_file>
      <input_file id="fl-67">
         <path>C:\ti\ccs2100\ccs\tools\compiler\ti-cgt-armllvm_5.1.1.LTS\lib\armv6m-ti-none-eabi\c\</path>
         <kind>archive</kind>
         <file>libc.a</file>
         <name>_lock.c.obj</name>
      </input_file>
      <input_file id="fl-68">
         <path>C:\ti\ccs2100\ccs\tools\compiler\ti-cgt-armllvm_5.1.1.LTS\lib\armv6m-ti-none-eabi\c\</path>
         <kind>archive</kind>
         <file>libc.a</file>
         <name>_ltoa.c.obj</name>
      </input_file>
      <input_file id="fl-69">
         <path>C:\ti\ccs2100\ccs\tools\compiler\ti-cgt-armllvm_5.1.1.LTS\lib\armv6m-ti-none-eabi\c\</path>
         <kind>archive</kind>
         <file>libc.a</file>
         <name>args_main.c.obj</name>
      </input_file>
      <input_file id="fl-6a">
         <path>C:\ti\ccs2100\ccs\tools\compiler\ti-cgt-armllvm_5.1.1.LTS\lib\armv6m-ti-none-eabi\c\</path>
         <kind>archive</kind>
         <file>libc.a</file>
         <name>atoi.c.obj</name>
      </input_file>
      <input_file id="fl-6b">
         <path>C:\ti\ccs2100\ccs\tools\compiler\ti-cgt-armllvm_5.1.1.LTS\lib\armv6m-ti-none-eabi\c\</path>
         <kind>archive</kind>
         <file>libc.a</file>
         <name>memccpy.c.obj</name>
      </input_file>
      <input_file id="fl-6c">
         <path>C:\ti\ccs2100\ccs\tools\compiler\ti-cgt-armllvm_5.1.1.LTS\lib\armv6m-ti-none-eabi\c\</path>
         <kind>archive</kind>
         <file>libc.a</file>
         <name>s_frexp.c.obj</name>
      </input_file>
      <input_file id="fl-6d">
         <path>C:\ti\ccs2100\ccs\tools\compiler\ti-cgt-armllvm_5.1.1.LTS\lib\armv6m-ti-none-eabi\c\</path>
         <kind>archive</kind>
         <file>libc.a</file>
         <name>s_scalbn.c.obj</name>
      </input_file>
      <input_file id="fl-6e">
         <path>C:\ti\ccs2100\ccs\tools\compiler\ti-cgt-armllvm_5.1.1.LTS\lib\armv6m-ti-none-eabi\c\</path>
         <kind>archive</kind>
         <file>libc.a</file>
         <name>wcslen.c.obj</name>
      </input_file>
      <input_file id="fl-6f">
         <path>C:\ti\ccs2100\ccs\tools\compiler\ti-cgt-armllvm_5.1.1.LTS\lib\armv6m-ti-none-eabi\c\</path>
         <kind>archive</kind>
         <file>libc.a</file>
         <name>fopen.c.obj</name>
      </input_file>
      <input_file id="fl-70">
         <path>C:\ti\ccs2100\ccs\tools\compiler\ti-cgt-armllvm_5.1.1.LTS\lib\armv6m-ti-none-eabi\c\</path>
         <kind>archive</kind>
         <file>libc.a</file>
         <name>fseek.c.obj</name>
      </input_file>
      <input_file id="fl-71">
         <path>C:\ti\ccs2100\ccs\tools\compiler\ti-cgt-armllvm_5.1.1.LTS\lib\armv6m-ti-none-eabi\c\</path>
         <kind>archive</kind>
         <file>libc.a</file>
         <name>aeabi_ctype.S.obj</name>
      </input_file>
      <input_file id="fl-72">
         <path>C:\ti\ccs2100\ccs\tools\compiler\ti-cgt-armllvm_5.1.1.LTS\lib\armv6m-ti-none-eabi\c\</path>
         <kind>archive</kind>
         <file>libc.a</file>
         <name>fclose.c.obj</name>
      </input_file>
      <input_file id="fl-166">
         <path>C:\ti\ccs2100\ccs\tools\compiler\ti-cgt-armllvm_5.1.1.LTS\lib\armv6m-ti-none-eabi\c\</path>
         <kind>archive</kind>
         <file>libsysbm.a</file>
         <name>hostexit.c.obj</name>
      </input_file>
      <input_file id="fl-167">
         <path>C:\ti\ccs2100\ccs\tools\compiler\ti-cgt-armllvm_5.1.1.LTS\lib\armv6m-ti-none-eabi\c\</path>
         <kind>archive</kind>
         <file>libsysbm.a</file>
         <name>write.c.obj</name>
      </input_file>
      <input_file id="fl-168">
         <path>C:\ti\ccs2100\ccs\tools\compiler\ti-cgt-armllvm_5.1.1.LTS\lib\armv6m-ti-none-eabi\c\</path>
         <kind>archive</kind>
         <file>libsysbm.a</file>
         <name>host_device.c.obj</name>
      </input_file>
      <input_file id="fl-169">
         <path>C:\ti\ccs2100\ccs\tools\compiler\ti-cgt-armllvm_5.1.1.LTS\lib\armv6m-ti-none-eabi\c\</path>
         <kind>archive</kind>
         <file>libsysbm.a</file>
         <name>remove.c.obj</name>
      </input_file>
      <input_file id="fl-16a">
         <path>C:\ti\ccs2100\ccs\tools\compiler\ti-cgt-armllvm_5.1.1.LTS\lib\armv6m-ti-none-eabi\c\</path>
         <kind>archive</kind>
         <file>libsysbm.a</file>
         <name>open.c.obj</name>
      </input_file>
      <input_file id="fl-16b">
         <path>C:\ti\ccs2100\ccs\tools\compiler\ti-cgt-armllvm_5.1.1.LTS\lib\armv6m-ti-none-eabi\c\</path>
         <kind>archive</kind>
         <file>libsysbm.a</file>
         <name>lseek.c.obj</name>
      </input_file>
      <input_file id="fl-16c">
         <path>C:\ti\ccs2100\ccs\tools\compiler\ti-cgt-armllvm_5.1.1.LTS\lib\armv6m-ti-none-eabi\c\</path>
         <kind>archive</kind>
         <file>libsysbm.a</file>
         <name>close.c.obj</name>
      </input_file>
      <input_file id="fl-16d">
         <path>C:\ti\ccs2100\ccs\tools\compiler\ti-cgt-armllvm_5.1.1.LTS\lib\armv6m-ti-none-eabi\c\</path>
         <kind>archive</kind>
         <file>libsysbm.a</file>
         <name>unlink.c.obj</name>
      </input_file>
      <input_file id="fl-16e">
         <path>C:\ti\ccs2100\ccs\tools\compiler\ti-cgt-armllvm_5.1.1.LTS\lib\armv6m-ti-none-eabi\c\</path>
         <kind>archive</kind>
         <file>libsysbm.a</file>
         <name>hostclose.c.obj</name>
      </input_file>
      <input_file id="fl-16f">
         <path>C:\ti\ccs2100\ccs\tools\compiler\ti-cgt-armllvm_5.1.1.LTS\lib\armv6m-ti-none-eabi\c\</path>
         <kind>archive</kind>
         <file>libsysbm.a</file>
         <name>hostlseek.c.obj</name>
      </input_file>
      <input_file id="fl-170">
         <path>C:\ti\ccs2100\ccs\tools\compiler\ti-cgt-armllvm_5.1.1.LTS\lib\armv6m-ti-none-eabi\c\</path>
         <kind>archive</kind>
         <file>libsysbm.a</file>
         <name>hostopen.c.obj</name>
      </input_file>
      <input_file id="fl-171">
         <path>C:\ti\ccs2100\ccs\tools\compiler\ti-cgt-armllvm_5.1.1.LTS\lib\armv6m-ti-none-eabi\c\</path>
         <kind>archive</kind>
         <file>libsysbm.a</file>
         <name>hostread.c.obj</name>
      </input_file>
      <input_file id="fl-172">
         <path>C:\ti\ccs2100\ccs\tools\compiler\ti-cgt-armllvm_5.1.1.LTS\lib\armv6m-ti-none-eabi\c\</path>
         <kind>archive</kind>
         <file>libsysbm.a</file>
         <name>hostrename.c.obj</name>
      </input_file>
      <input_file id="fl-173">
         <path>C:\ti\ccs2100\ccs\tools\compiler\ti-cgt-armllvm_5.1.1.LTS\lib\armv6m-ti-none-eabi\c\</path>
         <kind>archive</kind>
         <file>libsysbm.a</file>
         <name>hostunlink.c.obj</name>
      </input_file>
      <input_file id="fl-174">
         <path>C:\ti\ccs2100\ccs\tools\compiler\ti-cgt-armllvm_5.1.1.LTS\lib\armv6m-ti-none-eabi\c\</path>
         <kind>archive</kind>
         <file>libsysbm.a</file>
         <name>hostwrite.c.obj</name>
      </input_file>
      <input_file id="fl-175">
         <path>C:\ti\ccs2100\ccs\tools\compiler\ti-cgt-armllvm_5.1.1.LTS\lib\armv6m-ti-none-eabi\c\</path>
         <kind>archive</kind>
         <file>libsysbm.a</file>
         <name>trgmsg.c.obj</name>
      </input_file>
      <input_file id="fl-176">
         <path>C:\ti\ccs2100\ccs\tools\compiler\ti-cgt-armllvm_5.1.1.LTS\lib\armv6m-ti-none-eabi\</path>
         <kind>archive</kind>
         <file>libclang_rt.builtins.a</file>
         <name>addsf3.S.obj</name>
      </input_file>
      <input_file id="fl-177">
         <path>C:\ti\ccs2100\ccs\tools\compiler\ti-cgt-armllvm_5.1.1.LTS\lib\armv6m-ti-none-eabi\</path>
         <kind>archive</kind>
         <file>libclang_rt.builtins.a</file>
         <name>adddf3.S.obj</name>
      </input_file>
      <input_file id="fl-178">
         <path>C:\ti\ccs2100\ccs\tools\compiler\ti-cgt-armllvm_5.1.1.LTS\lib\armv6m-ti-none-eabi\</path>
         <kind>archive</kind>
         <file>libclang_rt.builtins.a</file>
         <name>mulsf3.S.obj</name>
      </input_file>
      <input_file id="fl-179">
         <path>C:\ti\ccs2100\ccs\tools\compiler\ti-cgt-armllvm_5.1.1.LTS\lib\armv6m-ti-none-eabi\</path>
         <kind>archive</kind>
         <file>libclang_rt.builtins.a</file>
         <name>divsf3.S.obj</name>
      </input_file>
      <input_file id="fl-17a">
         <path>C:\ti\ccs2100\ccs\tools\compiler\ti-cgt-armllvm_5.1.1.LTS\lib\armv6m-ti-none-eabi\</path>
         <kind>archive</kind>
         <file>libclang_rt.builtins.a</file>
         <name>extendsfdf2.S.obj</name>
      </input_file>
      <input_file id="fl-17b">
         <path>C:\ti\ccs2100\ccs\tools\compiler\ti-cgt-armllvm_5.1.1.LTS\lib\armv6m-ti-none-eabi\</path>
         <kind>archive</kind>
         <file>libclang_rt.builtins.a</file>
         <name>fixdfsi.S.obj</name>
      </input_file>
      <input_file id="fl-17c">
         <path>C:\ti\ccs2100\ccs\tools\compiler\ti-cgt-armllvm_5.1.1.LTS\lib\armv6m-ti-none-eabi\</path>
         <kind>archive</kind>
         <file>libclang_rt.builtins.a</file>
         <name>fixunssfsi.S.obj</name>
      </input_file>
      <input_file id="fl-17d">
         <path>C:\ti\ccs2100\ccs\tools\compiler\ti-cgt-armllvm_5.1.1.LTS\lib\armv6m-ti-none-eabi\</path>
         <kind>archive</kind>
         <file>libclang_rt.builtins.a</file>
         <name>floatsidf.S.obj</name>
      </input_file>
      <input_file id="fl-17e">
         <path>C:\ti\ccs2100\ccs\tools\compiler\ti-cgt-armllvm_5.1.1.LTS\lib\armv6m-ti-none-eabi\</path>
         <kind>archive</kind>
         <file>libclang_rt.builtins.a</file>
         <name>floatsisf.S.obj</name>
      </input_file>
      <input_file id="fl-17f">
         <path>C:\ti\ccs2100\ccs\tools\compiler\ti-cgt-armllvm_5.1.1.LTS\lib\armv6m-ti-none-eabi\</path>
         <kind>archive</kind>
         <file>libclang_rt.builtins.a</file>
         <name>floatunsisf.S.obj</name>
      </input_file>
      <input_file id="fl-180">
         <path>C:\ti\ccs2100\ccs\tools\compiler\ti-cgt-armllvm_5.1.1.LTS\lib\armv6m-ti-none-eabi\</path>
         <kind>archive</kind>
         <file>libclang_rt.builtins.a</file>
         <name>muldi3.S.obj</name>
      </input_file>
      <input_file id="fl-181">
         <path>C:\ti\ccs2100\ccs\tools\compiler\ti-cgt-armllvm_5.1.1.LTS\lib\armv6m-ti-none-eabi\</path>
         <kind>archive</kind>
         <file>libclang_rt.builtins.a</file>
         <name>comparedf2.c.obj</name>
      </input_file>
      <input_file id="fl-182">
         <path>C:\ti\ccs2100\ccs\tools\compiler\ti-cgt-armllvm_5.1.1.LTS\lib\armv6m-ti-none-eabi\</path>
         <kind>archive</kind>
         <file>libclang_rt.builtins.a</file>
         <name>aeabi_dcmp.S.obj</name>
      </input_file>
      <input_file id="fl-183">
         <path>C:\ti\ccs2100\ccs\tools\compiler\ti-cgt-armllvm_5.1.1.LTS\lib\armv6m-ti-none-eabi\</path>
         <kind>archive</kind>
         <file>libclang_rt.builtins.a</file>
         <name>aeabi_ddiv.c.obj</name>
      </input_file>
      <input_file id="fl-184">
         <path>C:\ti\ccs2100\ccs\tools\compiler\ti-cgt-armllvm_5.1.1.LTS\lib\armv6m-ti-none-eabi\</path>
         <kind>archive</kind>
         <file>libclang_rt.builtins.a</file>
         <name>aeabi_dmul.c.obj</name>
      </input_file>
      <input_file id="fl-185">
         <path>C:\ti\ccs2100\ccs\tools\compiler\ti-cgt-armllvm_5.1.1.LTS\lib\armv6m-ti-none-eabi\</path>
         <kind>archive</kind>
         <file>libclang_rt.builtins.a</file>
         <name>aeabi_fcmp.S.obj</name>
      </input_file>
      <input_file id="fl-186">
         <path>C:\ti\ccs2100\ccs\tools\compiler\ti-cgt-armllvm_5.1.1.LTS\lib\armv6m-ti-none-eabi\</path>
         <kind>archive</kind>
         <file>libclang_rt.builtins.a</file>
         <name>aeabi_idivmod.S.obj</name>
      </input_file>
      <input_file id="fl-187">
         <path>C:\ti\ccs2100\ccs\tools\compiler\ti-cgt-armllvm_5.1.1.LTS\lib\armv6m-ti-none-eabi\</path>
         <kind>archive</kind>
         <file>libclang_rt.builtins.a</file>
         <name>aeabi_uidivmod.S.obj</name>
      </input_file>
      <input_file id="fl-188">
         <path>C:\ti\ccs2100\ccs\tools\compiler\ti-cgt-armllvm_5.1.1.LTS\lib\armv6m-ti-none-eabi\</path>
         <kind>archive</kind>
         <file>libclang_rt.builtins.a</file>
         <name>aeabi_uldivmod.S.obj</name>
      </input_file>
      <input_file id="fl-189">
         <path>C:\ti\ccs2100\ccs\tools\compiler\ti-cgt-armllvm_5.1.1.LTS\lib\armv6m-ti-none-eabi\</path>
         <kind>archive</kind>
         <file>libclang_rt.builtins.a</file>
         <name>aeabi_memcpy.S.obj</name>
      </input_file>
      <input_file id="fl-18a">
         <path>C:\ti\ccs2100\ccs\tools\compiler\ti-cgt-armllvm_5.1.1.LTS\lib\armv6m-ti-none-eabi\</path>
         <kind>archive</kind>
         <file>libclang_rt.builtins.a</file>
         <name>aeabi_memset.S.obj</name>
      </input_file>
      <input_file id="fl-18b">
         <path>C:\ti\ccs2100\ccs\tools\compiler\ti-cgt-armllvm_5.1.1.LTS\lib\armv6m-ti-none-eabi\</path>
         <kind>archive</kind>
         <file>libclang_rt.builtins.a</file>
         <name>comparesf2.S.obj</name>
      </input_file>
      <input_file id="fl-18c">
         <path>C:\ti\ccs2100\ccs\tools\compiler\ti-cgt-armllvm_5.1.1.LTS\lib\armv6m-ti-none-eabi\</path>
         <kind>archive</kind>
         <file>libclang_rt.builtins.a</file>
         <name>udivmoddi4.S.obj</name>
      </input_file>
      <input_file id="fl-18d">
         <path>C:\ti\ccs2100\ccs\tools\compiler\ti-cgt-armllvm_5.1.1.LTS\lib\armv6m-ti-none-eabi\</path>
         <kind>archive</kind>
         <file>libclang_rt.builtins.a</file>
         <name>muldf3.S.obj</name>
      </input_file>
      <input_file id="fl-18e">
         <path>C:\ti\ccs2100\ccs\tools\compiler\ti-cgt-armllvm_5.1.1.LTS\lib\armv6m-ti-none-eabi\</path>
         <kind>archive</kind>
         <file>libclang_rt.builtins.a</file>
         <name>muldsi3.S.obj</name>
      </input_file>
      <input_file id="fl-18f">
         <path>C:\ti\ccs2100\ccs\tools\compiler\ti-cgt-armllvm_5.1.1.LTS\lib\armv6m-ti-none-eabi\</path>
         <kind>archive</kind>
         <file>libclang_rt.builtins.a</file>
         <name>ashldi3.S.obj</name>
      </input_file>
      <input_file id="fl-190">
         <path>C:\ti\ccs2100\ccs\tools\compiler\ti-cgt-armllvm_5.1.1.LTS\lib\armv6m-ti-none-eabi\</path>
         <kind>archive</kind>
         <file>libclang_rt.builtins.a</file>
         <name>divdf3.S.obj</name>
      </input_file>
      <input_file id="fl-191">
         <path>C:\ti\ccs2100\ccs\tools\compiler\ti-cgt-armllvm_5.1.1.LTS\lib\armv6m-ti-none-eabi\</path>
         <kind>archive</kind>
         <file>libclang_rt.builtins.a</file>
         <name>fixsfsi.S.obj</name>
      </input_file>
      <input_file id="fl-192">
         <path>C:\ti\ccs2100\ccs\tools\compiler\ti-cgt-armllvm_5.1.1.LTS\lib\armv6m-ti-none-eabi\</path>
         <kind>archive</kind>
         <file>libclang_rt.builtins.a</file>
         <name>aeabi_div0.c.obj</name>
      </input_file>
      <input_file id="fl-193">
         <path>C:\ti\ccs2100\ccs\tools\compiler\ti-cgt-armllvm_5.1.1.LTS\lib\armv6m-ti-none-eabi\c\</path>
         <kind>archive</kind>
         <file>libc.a</file>
         <name>divdf3_fast.c.obj</name>
      </input_file>
      <input_file id="fl-194">
         <path>C:\ti\ccs2100\ccs\tools\compiler\ti-cgt-armllvm_5.1.1.LTS\lib\armv6m-ti-none-eabi\c\</path>
         <kind>archive</kind>
         <file>libc.a</file>
         <name>muldf3_fast.c.obj</name>
      </input_file>
      <input_file id="fl-195">
         <path>C:\ti\ccs2100\ccs\tools\compiler\ti-cgt-armllvm_5.1.1.LTS\lib\armv6m-ti-none-eabi\c\</path>
         <kind>archive</kind>
         <file>libc.a</file>
         <name>getdevice.c.obj</name>
      </input_file>
      <input_file id="fl-196">
         <path>C:\ti\ccs2100\ccs\tools\compiler\ti-cgt-armllvm_5.1.1.LTS\lib\armv6m-ti-none-eabi\c\</path>
         <kind>archive</kind>
         <file>libc.a</file>
         <name>memcpy16.S.obj</name>
      </input_file>
      <input_file id="fl-197">
         <path>C:\ti\ccs2100\ccs\tools\compiler\ti-cgt-armllvm_5.1.1.LTS\lib\armv6m-ti-none-eabi\c\</path>
         <kind>archive</kind>
         <file>libc.a</file>
         <name>memset16.S.obj</name>
      </input_file>
      <input_file id="fl-198">
         <path>C:\ti\ccs2100\ccs\tools\compiler\ti-cgt-armllvm_5.1.1.LTS\lib\armv6m-ti-none-eabi\c\</path>
         <kind>archive</kind>
         <file>libc.a</file>
         <name>strcmp-armv6m.S.obj</name>
      </input_file>
   </input_file_list>
   <object_component_list>
      <object_component id="oc-18">
         <name>.intvecs</name>
         <load_address>0x0</load_address>
         <readonly>true</readonly>
         <run_address>0x0</run_address>
         <size>0xc0</size>
         <alignment>0x4</alignment>
         <input_file_ref idref="fl-3"/>
      </object_component>
      <object_component id="oc-2fe">
         <name>.text:__TI_printfi</name>
         <load_address>0xc0</load_address>
         <readonly>true</readonly>
         <executable>true</executable>
         <run_address>0xc0</run_address>
         <size>0xa7c</size>
         <alignment>0x4</alignment>
         <input_file_ref idref="fl-60"/>
      </object_component>
      <object_component id="oc-1f7">
         <name>.text.app_ball_control_outer_task</name>
         <load_address>0xb3c</load_address>
         <readonly>true</readonly>
         <executable>true</executable>
         <run_address>0xb3c</run_address>
         <size>0x328</size>
         <alignment>0x4</alignment>
         <input_file_ref idref="fl-7"/>
      </object_component>
      <object_component id="oc-bb">
         <name>.text.run_vehicle_app</name>
         <load_address>0xe64</load_address>
         <readonly>true</readonly>
         <executable>true</executable>
         <run_address>0xe64</run_address>
         <size>0x2b0</size>
         <alignment>0x4</alignment>
         <input_file_ref idref="fl-1"/>
      </object_component>
      <object_component id="oc-139">
         <name>.text.app_chassis_control_task</name>
         <load_address>0x1114</load_address>
         <readonly>true</readonly>
         <executable>true</executable>
         <run_address>0x1114</run_address>
         <size>0x268</size>
         <alignment>0x4</alignment>
         <input_file_ref idref="fl-8"/>
      </object_component>
      <object_component id="oc-12d">
         <name>.text.app_chassis_line_task</name>
         <load_address>0x137c</load_address>
         <readonly>true</readonly>
         <executable>true</executable>
         <run_address>0x137c</run_address>
         <size>0x230</size>
         <alignment>0x4</alignment>
         <input_file_ref idref="fl-8"/>
      </object_component>
      <object_component id="oc-34e">
         <name>.text._pconv_a</name>
         <load_address>0x15ac</load_address>
         <readonly>true</readonly>
         <executable>true</executable>
         <run_address>0x15ac</run_address>
         <size>0x20c</size>
         <alignment>0x4</alignment>
         <input_file_ref idref="fl-60"/>
      </object_component>
      <object_component id="oc-161">
         <name>.text.SYSCFG_DL_GPIO_init</name>
         <load_address>0x17b8</load_address>
         <readonly>true</readonly>
         <executable>true</executable>
         <run_address>0x17b8</run_address>
         <size>0x208</size>
         <alignment>0x4</alignment>
         <input_file_ref idref="fl-2"/>
      </object_component>
      <object_component id="oc-34f">
         <name>.text._pconv_g</name>
         <load_address>0x19c0</load_address>
         <readonly>true</readonly>
         <executable>true</executable>
         <run_address>0x19c0</run_address>
         <size>0x1e0</size>
         <alignment>0x4</alignment>
         <input_file_ref idref="fl-60"/>
      </object_component>
      <object_component id="oc-130">
         <name>.text.app_mission_task</name>
         <load_address>0x1ba0</load_address>
         <readonly>true</readonly>
         <executable>true</executable>
         <run_address>0x1ba0</run_address>
         <size>0x1e0</size>
         <alignment>0x4</alignment>
         <input_file_ref idref="fl-c"/>
      </object_component>
      <object_component id="oc-304">
         <name>.text.atanf</name>
         <load_address>0x1d80</load_address>
         <readonly>true</readonly>
         <executable>true</executable>
         <run_address>0x1d80</run_address>
         <size>0x1c8</size>
         <alignment>0x4</alignment>
         <input_file_ref idref="fl-50"/>
      </object_component>
      <object_component id="oc-38e">
         <name>.text</name>
         <load_address>0x1f48</load_address>
         <readonly>true</readonly>
         <executable>true</executable>
         <run_address>0x1f48</run_address>
         <size>0x192</size>
         <alignment>0x4</alignment>
         <input_file_ref idref="fl-177"/>
      </object_component>
      <object_component id="oc-204">
         <name>.text.pid_update</name>
         <load_address>0x20da</load_address>
         <readonly>true</readonly>
         <executable>true</executable>
         <run_address>0x20da</run_address>
         <size>0x18a</size>
         <alignment>0x2</alignment>
         <input_file_ref idref="fl-6"/>
      </object_component>
      <object_component id="oc-12a">
         <name>.text.proto_k230_process_ringbuf</name>
         <load_address>0x2264</load_address>
         <readonly>true</readonly>
         <executable>true</executable>
         <run_address>0x2264</run_address>
         <size>0x154</size>
         <alignment>0x2</alignment>
         <input_file_ref idref="fl-1e"/>
      </object_component>
      <object_component id="oc-1f3">
         <name>.text.fusion6_update</name>
         <load_address>0x23b8</load_address>
         <readonly>true</readonly>
         <executable>true</executable>
         <run_address>0x23b8</run_address>
         <size>0x148</size>
         <alignment>0x4</alignment>
         <input_file_ref idref="fl-5"/>
      </object_component>
      <object_component id="oc-399">
         <name>.text.fcvt</name>
         <load_address>0x2500</load_address>
         <readonly>true</readonly>
         <executable>true</executable>
         <run_address>0x2500</run_address>
         <size>0x138</size>
         <alignment>0x4</alignment>
         <input_file_ref idref="fl-60"/>
      </object_component>
      <object_component id="oc-1b4">
         <name>.text.mpu9250_init</name>
         <load_address>0x2638</load_address>
         <readonly>true</readonly>
         <executable>true</executable>
         <run_address>0x2638</run_address>
         <size>0x11c</size>
         <alignment>0x4</alignment>
         <input_file_ref idref="fl-1b"/>
      </object_component>
      <object_component id="oc-3d4">
         <name>.text</name>
         <load_address>0x2754</load_address>
         <readonly>true</readonly>
         <executable>true</executable>
         <run_address>0x2754</run_address>
         <size>0x11a</size>
         <alignment>0x4</alignment>
         <input_file_ref idref="fl-190"/>
      </object_component>
      <object_component id="oc-362">
         <name>.text.__aeabi_idiv0</name>
         <load_address>0x286e</load_address>
         <readonly>true</readonly>
         <executable>true</executable>
         <run_address>0x286e</run_address>
         <size>0x2</size>
         <alignment>0x2</alignment>
         <input_file_ref idref="fl-192"/>
      </object_component>
      <object_component id="oc-2b0">
         <name>.text.atan2f</name>
         <load_address>0x2870</load_address>
         <readonly>true</readonly>
         <executable>true</executable>
         <run_address>0x2870</run_address>
         <size>0x118</size>
         <alignment>0x4</alignment>
         <input_file_ref idref="fl-4e"/>
      </object_component>
      <object_component id="oc-1dd">
         <name>.text.proto_k230_parse_ball_report</name>
         <load_address>0x2988</load_address>
         <readonly>true</readonly>
         <executable>true</executable>
         <run_address>0x2988</run_address>
         <size>0x116</size>
         <alignment>0x2</alignment>
         <input_file_ref idref="fl-1e"/>
      </object_component>
      <object_component id="oc-39e">
         <name>.text.__aeabi_ldiv0</name>
         <load_address>0x2a9e</load_address>
         <readonly>true</readonly>
         <executable>true</executable>
         <run_address>0x2a9e</run_address>
         <size>0x2</size>
         <alignment>0x2</alignment>
         <input_file_ref idref="fl-192"/>
      </object_component>
      <object_component id="oc-10b">
         <name>.text.app_chassis_init</name>
         <load_address>0x2aa0</load_address>
         <readonly>true</readonly>
         <executable>true</executable>
         <run_address>0x2aa0</run_address>
         <size>0x108</size>
         <alignment>0x4</alignment>
         <input_file_ref idref="fl-8"/>
      </object_component>
      <object_component id="oc-248">
         <name>.text.DL_Timer_initFourCCPWMMode</name>
         <load_address>0x2ba8</load_address>
         <readonly>true</readonly>
         <executable>true</executable>
         <run_address>0x2ba8</run_address>
         <size>0x104</size>
         <alignment>0x4</alignment>
         <input_file_ref idref="fl-30"/>
      </object_component>
      <object_component id="oc-2f1">
         <name>.text.bsp_i2c_write_raw</name>
         <load_address>0x2cac</load_address>
         <readonly>true</readonly>
         <executable>true</executable>
         <run_address>0x2cac</run_address>
         <size>0x100</size>
         <alignment>0x4</alignment>
         <input_file_ref idref="fl-11"/>
      </object_component>
      <object_component id="oc-259">
         <name>.text.DL_Timer_initTimerMode</name>
         <load_address>0x2dac</load_address>
         <readonly>true</readonly>
         <executable>true</executable>
         <run_address>0x2dac</run_address>
         <size>0xfc</size>
         <alignment>0x4</alignment>
         <input_file_ref idref="fl-30"/>
      </object_component>
      <object_component id="oc-351">
         <name>.text._pconv_e</name>
         <load_address>0x2ea8</load_address>
         <readonly>true</readonly>
         <executable>true</executable>
         <run_address>0x2ea8</run_address>
         <size>0xfc</size>
         <alignment>0x4</alignment>
         <input_file_ref idref="fl-60"/>
      </object_component>
      <object_component id="oc-20d">
         <name>.text.proto_vofa_firewater_send_named</name>
         <load_address>0x2fa4</load_address>
         <readonly>true</readonly>
         <executable>true</executable>
         <run_address>0x2fa4</run_address>
         <size>0xfc</size>
         <alignment>0x4</alignment>
         <input_file_ref idref="fl-1f"/>
      </object_component>
      <object_component id="oc-1e6">
         <name>.text.line_sensor_update</name>
         <load_address>0x30a0</load_address>
         <readonly>true</readonly>
         <executable>true</executable>
         <run_address>0x30a0</run_address>
         <size>0xf6</size>
         <alignment>0x2</alignment>
         <input_file_ref idref="fl-19"/>
      </object_component>
      <object_component id="oc-fd">
         <name>.text.bsp_i2c_init</name>
         <load_address>0x3196</load_address>
         <readonly>true</readonly>
         <executable>true</executable>
         <run_address>0x3196</run_address>
         <size>0x2</size>
         <alignment>0x2</alignment>
         <input_file_ref idref="fl-11"/>
      </object_component>
      <object_component id="oc-296">
         <name>.text.bsp_i2c_mem_read</name>
         <load_address>0x3198</load_address>
         <readonly>true</readonly>
         <executable>true</executable>
         <run_address>0x3198</run_address>
         <size>0xf0</size>
         <alignment>0x4</alignment>
         <input_file_ref idref="fl-11"/>
      </object_component>
      <object_component id="oc-2bb">
         <name>.text.ball_observer_correct_and_predict</name>
         <load_address>0x3288</load_address>
         <readonly>true</readonly>
         <executable>true</executable>
         <run_address>0x3288</run_address>
         <size>0xec</size>
         <alignment>0x4</alignment>
         <input_file_ref idref="fl-7"/>
      </object_component>
      <object_component id="oc-1ba">
         <name>.text.mpu9250_calibrate_gyro_bias</name>
         <load_address>0x3374</load_address>
         <readonly>true</readonly>
         <executable>true</executable>
         <run_address>0x3374</run_address>
         <size>0xe4</size>
         <alignment>0x2</alignment>
         <input_file_ref idref="fl-1b"/>
      </object_component>
      <object_component id="oc-20c">
         <name>.text.stepper_update</name>
         <load_address>0x3458</load_address>
         <readonly>true</readonly>
         <executable>true</executable>
         <run_address>0x3458</run_address>
         <size>0xe4</size>
         <alignment>0x2</alignment>
         <input_file_ref idref="fl-1d"/>
      </object_component>
      <object_component id="oc-3ca">
         <name>.text</name>
         <load_address>0x353c</load_address>
         <readonly>true</readonly>
         <executable>true</executable>
         <run_address>0x353c</run_address>
         <size>0xe4</size>
         <alignment>0x4</alignment>
         <input_file_ref idref="fl-18d"/>
      </object_component>
      <object_component id="oc-255">
         <name>.text.DL_Timer_initCaptureCombinedMode</name>
         <load_address>0x3620</load_address>
         <readonly>true</readonly>
         <executable>true</executable>
         <run_address>0x3620</run_address>
         <size>0xe0</size>
         <alignment>0x4</alignment>
         <input_file_ref idref="fl-30"/>
      </object_component>
      <object_component id="oc-12e">
         <name>.text.app_imu_task</name>
         <load_address>0x3700</load_address>
         <readonly>true</readonly>
         <executable>true</executable>
         <run_address>0x3700</run_address>
         <size>0xe0</size>
         <alignment>0x4</alignment>
         <input_file_ref idref="fl-a"/>
      </object_component>
      <object_component id="oc-37e">
         <name>.text.scalbn</name>
         <load_address>0x37e0</load_address>
         <readonly>true</readonly>
         <executable>true</executable>
         <run_address>0x37e0</run_address>
         <size>0xdc</size>
         <alignment>0x4</alignment>
         <input_file_ref idref="fl-6d"/>
      </object_component>
      <object_component id="oc-1e9">
         <name>.text</name>
         <load_address>0x38bc</load_address>
         <readonly>true</readonly>
         <executable>true</executable>
         <run_address>0x38bc</run_address>
         <size>0xd8</size>
         <alignment>0x4</alignment>
         <input_file_ref idref="fl-176"/>
      </object_component>
      <object_component id="oc-1f2">
         <name>.text.mpu9250_update</name>
         <load_address>0x3994</load_address>
         <readonly>true</readonly>
         <executable>true</executable>
         <run_address>0x3994</run_address>
         <size>0xd4</size>
         <alignment>0x2</alignment>
         <input_file_ref idref="fl-1b"/>
      </object_component>
      <object_component id="oc-160">
         <name>.text.SYSCFG_DL_initPower</name>
         <load_address>0x3a68</load_address>
         <readonly>true</readonly>
         <executable>true</executable>
         <run_address>0x3a68</run_address>
         <size>0xc4</size>
         <alignment>0x4</alignment>
         <input_file_ref idref="fl-2"/>
      </object_component>
      <object_component id="oc-74">
         <name>.text.bsp_operator_input_capture_irq_handler</name>
         <load_address>0x3b2c</load_address>
         <readonly>true</readonly>
         <executable>true</executable>
         <run_address>0x3b2c</run_address>
         <size>0xc4</size>
         <alignment>0x4</alignment>
         <input_file_ref idref="fl-12"/>
      </object_component>
      <object_component id="oc-20e">
         <name>.text.proto_vofa_firewater_send</name>
         <load_address>0x3bf0</load_address>
         <readonly>true</readonly>
         <executable>true</executable>
         <run_address>0x3bf0</run_address>
         <size>0xb8</size>
         <alignment>0x4</alignment>
         <input_file_ref idref="fl-1f"/>
      </object_component>
      <object_component id="oc-17e">
         <name>.text.bsp_pwm_set_motor_bridge</name>
         <load_address>0x3ca8</load_address>
         <readonly>true</readonly>
         <executable>true</executable>
         <run_address>0x3ca8</run_address>
         <size>0xb4</size>
         <alignment>0x4</alignment>
         <input_file_ref idref="fl-13"/>
      </object_component>
      <object_component id="oc-2b4">
         <name>.text.sqrtf</name>
         <load_address>0x3d5c</load_address>
         <readonly>true</readonly>
         <executable>true</executable>
         <run_address>0x3d5c</run_address>
         <size>0xb4</size>
         <alignment>0x4</alignment>
         <input_file_ref idref="fl-4f"/>
      </object_component>
      <object_component id="oc-29c">
         <name>.text.app_chassis_set_enabled</name>
         <load_address>0x3e10</load_address>
         <readonly>true</readonly>
         <executable>true</executable>
         <run_address>0x3e10</run_address>
         <size>0xac</size>
         <alignment>0x4</alignment>
         <input_file_ref idref="fl-8"/>
      </object_component>
      <object_component id="oc-1d8">
         <name>.text.abs_position_update_pwm</name>
         <load_address>0x3ebc</load_address>
         <readonly>true</readonly>
         <executable>true</executable>
         <run_address>0x3ebc</run_address>
         <size>0xa8</size>
         <alignment>0x2</alignment>
         <input_file_ref idref="fl-17"/>
      </object_component>
      <object_component id="oc-9f">
         <name>.text.bsp_uart_clear_error_interrupt</name>
         <load_address>0x3f64</load_address>
         <readonly>true</readonly>
         <executable>true</executable>
         <run_address>0x3f64</run_address>
         <size>0xa6</size>
         <alignment>0x4</alignment>
         <input_file_ref idref="fl-14"/>
      </object_component>
      <object_component id="oc-207">
         <name>.text.motor_dc_set_output</name>
         <load_address>0x400a</load_address>
         <readonly>true</readonly>
         <executable>true</executable>
         <run_address>0x400a</run_address>
         <size>0xa6</size>
         <alignment>0x2</alignment>
         <input_file_ref idref="fl-1a"/>
      </object_component>
      <object_component id="oc-315">
         <name>.text.ball_observer_predict</name>
         <load_address>0x40b0</load_address>
         <readonly>true</readonly>
         <executable>true</executable>
         <run_address>0x40b0</run_address>
         <size>0xa4</size>
         <alignment>0x4</alignment>
         <input_file_ref idref="fl-7"/>
      </object_component>
      <object_component id="oc-2c7">
         <name>.text.pid_compute_derivative</name>
         <load_address>0x4154</load_address>
         <readonly>true</readonly>
         <executable>true</executable>
         <run_address>0x4154</run_address>
         <size>0xa2</size>
         <alignment>0x2</alignment>
         <input_file_ref idref="fl-6"/>
      </object_component>
      <object_component id="oc-370">
         <name>.text</name>
         <load_address>0x41f8</load_address>
         <readonly>true</readonly>
         <executable>true</executable>
         <run_address>0x41f8</run_address>
         <size>0xa2</size>
         <alignment>0x4</alignment>
         <input_file_ref idref="fl-18c"/>
      </object_component>
      <object_component id="oc-34">
         <name>.text.GROUP1_IRQHandler</name>
         <load_address>0x429c</load_address>
         <readonly>true</readonly>
         <executable>true</executable>
         <run_address>0x429c</run_address>
         <size>0xa0</size>
         <alignment>0x4</alignment>
         <input_file_ref idref="fl-b"/>
      </object_component>
      <object_component id="oc-1dc">
         <name>.text.proto_k230_crc16_ccitt_false</name>
         <load_address>0x433c</load_address>
         <readonly>true</readonly>
         <executable>true</executable>
         <run_address>0x433c</run_address>
         <size>0x9c</size>
         <alignment>0x4</alignment>
         <input_file_ref idref="fl-1e"/>
      </object_component>
      <object_component id="oc-1f6">
         <name>.text.mission_begin_running</name>
         <load_address>0x43d8</load_address>
         <readonly>true</readonly>
         <executable>true</executable>
         <run_address>0x43d8</run_address>
         <size>0x94</size>
         <alignment>0x4</alignment>
         <input_file_ref idref="fl-c"/>
      </object_component>
      <object_component id="oc-163">
         <name>.text.SYSCFG_DL_PWM_MOTOR_LEFT_init</name>
         <load_address>0x446c</load_address>
         <readonly>true</readonly>
         <executable>true</executable>
         <run_address>0x446c</run_address>
         <size>0x90</size>
         <alignment>0x4</alignment>
         <input_file_ref idref="fl-2"/>
      </object_component>
      <object_component id="oc-164">
         <name>.text.SYSCFG_DL_PWM_MOTOR_RIGHT_init</name>
         <load_address>0x44fc</load_address>
         <readonly>true</readonly>
         <executable>true</executable>
         <run_address>0x44fc</run_address>
         <size>0x90</size>
         <alignment>0x4</alignment>
         <input_file_ref idref="fl-2"/>
      </object_component>
      <object_component id="oc-76">
         <name>.text.app_control_scheduler_on_tick_isr</name>
         <load_address>0x458c</load_address>
         <readonly>true</readonly>
         <executable>true</executable>
         <run_address>0x458c</run_address>
         <size>0x90</size>
         <alignment>0x4</alignment>
         <input_file_ref idref="fl-9"/>
      </object_component>
      <object_component id="oc-2aa">
         <name>.text.mpu9250_read_raw</name>
         <load_address>0x461c</load_address>
         <readonly>true</readonly>
         <executable>true</executable>
         <run_address>0x461c</run_address>
         <size>0x8c</size>
         <alignment>0x2</alignment>
         <input_file_ref idref="fl-1b"/>
      </object_component>
      <object_component id="oc-2bf">
         <name>.text</name>
         <load_address>0x46a8</load_address>
         <readonly>true</readonly>
         <executable>true</executable>
         <run_address>0x46a8</run_address>
         <size>0x8c</size>
         <alignment>0x4</alignment>
         <input_file_ref idref="fl-18b"/>
      </object_component>
      <object_component id="oc-135">
         <name>.text</name>
         <load_address>0x4734</load_address>
         <readonly>true</readonly>
         <executable>true</executable>
         <run_address>0x4734</run_address>
         <size>0x8c</size>
         <alignment>0x4</alignment>
         <input_file_ref idref="fl-178"/>
      </object_component>
      <object_component id="oc-f7">
         <name>.text.bsp_operator_input_init</name>
         <load_address>0x47c0</load_address>
         <readonly>true</readonly>
         <executable>true</executable>
         <run_address>0x47c0</run_address>
         <size>0x88</size>
         <alignment>0x4</alignment>
         <input_file_ref idref="fl-12"/>
      </object_component>
      <object_component id="oc-2c5">
         <name>.text.pid_apply_ramp</name>
         <load_address>0x4848</load_address>
         <readonly>true</readonly>
         <executable>true</executable>
         <run_address>0x4848</run_address>
         <size>0x86</size>
         <alignment>0x2</alignment>
         <input_file_ref idref="fl-6"/>
      </object_component>
      <object_component id="oc-293">
         <name>.text.bsp_i2c_mem_write</name>
         <load_address>0x48ce</load_address>
         <readonly>true</readonly>
         <executable>true</executable>
         <run_address>0x48ce</run_address>
         <size>0x82</size>
         <alignment>0x2</alignment>
         <input_file_ref idref="fl-11"/>
      </object_component>
      <object_component id="oc-1ed">
         <name>.text</name>
         <load_address>0x4950</load_address>
         <readonly>true</readonly>
         <executable>true</executable>
         <run_address>0x4950</run_address>
         <size>0x82</size>
         <alignment>0x4</alignment>
         <input_file_ref idref="fl-179"/>
      </object_component>
      <object_component id="oc-172">
         <name>.text.bsp_gpio_set_dir_output</name>
         <load_address>0x49d4</load_address>
         <readonly>true</readonly>
         <executable>true</executable>
         <run_address>0x49d4</run_address>
         <size>0x80</size>
         <alignment>0x4</alignment>
         <input_file_ref idref="fl-10"/>
      </object_component>
      <object_component id="oc-300">
         <name>.text.bsp_gpio_set_line_mux_address</name>
         <load_address>0x4a54</load_address>
         <readonly>true</readonly>
         <executable>true</executable>
         <run_address>0x4a54</run_address>
         <size>0x80</size>
         <alignment>0x4</alignment>
         <input_file_ref idref="fl-10"/>
      </object_component>
      <object_component id="oc-2cf">
         <name>.text.bsp_pwm_set_step_frequency</name>
         <load_address>0x4ad4</load_address>
         <readonly>true</readonly>
         <executable>true</executable>
         <run_address>0x4ad4</run_address>
         <size>0x80</size>
         <alignment>0x4</alignment>
         <input_file_ref idref="fl-13"/>
      </object_component>
      <object_component id="oc-203">
         <name>.text.encoder_driver_update_speed</name>
         <load_address>0x4b54</load_address>
         <readonly>true</readonly>
         <executable>true</executable>
         <run_address>0x4b54</run_address>
         <size>0x7e</size>
         <alignment>0x2</alignment>
         <input_file_ref idref="fl-18"/>
      </object_component>
      <object_component id="oc-1c">
         <name>.text:decompress:lzss</name>
         <load_address>0x4bd4</load_address>
         <readonly>true</readonly>
         <executable>true</executable>
         <run_address>0x4bd4</run_address>
         <size>0x7c</size>
         <alignment>0x4</alignment>
         <input_file_ref idref="fl-5f"/>
      </object_component>
      <object_component id="oc-194">
         <name>.text.line_sensor_init</name>
         <load_address>0x4c50</load_address>
         <readonly>true</readonly>
         <executable>true</executable>
         <run_address>0x4c50</run_address>
         <size>0x7a</size>
         <alignment>0x2</alignment>
         <input_file_ref idref="fl-19"/>
      </object_component>
      <object_component id="oc-208">
         <name>.text.ramp_filter_update</name>
         <load_address>0x4cca</load_address>
         <readonly>true</readonly>
         <executable>true</executable>
         <run_address>0x4cca</run_address>
         <size>0x7a</size>
         <alignment>0x2</alignment>
         <input_file_ref idref="fl-4"/>
      </object_component>
      <object_component id="oc-112">
         <name>.text.app_imu_init</name>
         <load_address>0x4d44</load_address>
         <readonly>true</readonly>
         <executable>true</executable>
         <run_address>0x4d44</run_address>
         <size>0x78</size>
         <alignment>0x4</alignment>
         <input_file_ref idref="fl-a"/>
      </object_component>
      <object_component id="oc-1de">
         <name>.text.proto_k230_parse_task_start</name>
         <load_address>0x4dbc</load_address>
         <readonly>true</readonly>
         <executable>true</executable>
         <run_address>0x4dbc</run_address>
         <size>0x78</size>
         <alignment>0x2</alignment>
         <input_file_ref idref="fl-1e"/>
      </object_component>
      <object_component id="oc-378">
         <name>.text.__gedf2</name>
         <load_address>0x4e34</load_address>
         <readonly>true</readonly>
         <executable>true</executable>
         <run_address>0x4e34</run_address>
         <size>0x74</size>
         <alignment>0x4</alignment>
         <input_file_ref idref="fl-181"/>
      </object_component>
      <object_component id="oc-13a">
         <name>.text.app_ball_control_inner_task</name>
         <load_address>0x4ea8</load_address>
         <readonly>true</readonly>
         <executable>true</executable>
         <run_address>0x4ea8</run_address>
         <size>0x74</size>
         <alignment>0x4</alignment>
         <input_file_ref idref="fl-7"/>
      </object_component>
      <object_component id="oc-12c">
         <name>.text.app_ball_control_set_vision</name>
         <load_address>0x4f1c</load_address>
         <readonly>true</readonly>
         <executable>true</executable>
         <run_address>0x4f1c</run_address>
         <size>0x74</size>
         <alignment>0x4</alignment>
         <input_file_ref idref="fl-7"/>
      </object_component>
      <object_component id="oc-2be">
         <name>.text.ball_observer_advance</name>
         <load_address>0x4f90</load_address>
         <readonly>true</readonly>
         <executable>true</executable>
         <run_address>0x4f90</run_address>
         <size>0x74</size>
         <alignment>0x4</alignment>
         <input_file_ref idref="fl-7"/>
      </object_component>
      <object_component id="oc-20a">
         <name>.text.chassis_get_travel_mm</name>
         <load_address>0x5004</load_address>
         <readonly>true</readonly>
         <executable>true</executable>
         <run_address>0x5004</run_address>
         <size>0x74</size>
         <alignment>0x4</alignment>
         <input_file_ref idref="fl-8"/>
      </object_component>
      <object_component id="oc-206">
         <name>.text.pid_reset</name>
         <load_address>0x5078</load_address>
         <readonly>true</readonly>
         <executable>true</executable>
         <run_address>0x5078</run_address>
         <size>0x74</size>
         <alignment>0x2</alignment>
         <input_file_ref idref="fl-6"/>
      </object_component>
      <object_component id="oc-165">
         <name>.text.SYSCFG_DL_PWM_STEP_PITCH_init</name>
         <load_address>0x50ec</load_address>
         <readonly>true</readonly>
         <executable>true</executable>
         <run_address>0x50ec</run_address>
         <size>0x68</size>
         <alignment>0x4</alignment>
         <input_file_ref idref="fl-2"/>
      </object_component>
      <object_component id="oc-377">
         <name>.text.__ledf2</name>
         <load_address>0x5154</load_address>
         <readonly>true</readonly>
         <executable>true</executable>
         <run_address>0x5154</run_address>
         <size>0x68</size>
         <alignment>0x4</alignment>
         <input_file_ref idref="fl-181"/>
      </object_component>
      <object_component id="oc-1ca">
         <name>.text.ball_observer_reset</name>
         <load_address>0x51bc</load_address>
         <readonly>true</readonly>
         <executable>true</executable>
         <run_address>0x51bc</run_address>
         <size>0x68</size>
         <alignment>0x4</alignment>
         <input_file_ref idref="fl-7"/>
      </object_component>
      <object_component id="oc-128">
         <name>.text.bsp_operator_input_take_abs_pwm</name>
         <load_address>0x5224</load_address>
         <readonly>true</readonly>
         <executable>true</executable>
         <run_address>0x5224</run_address>
         <size>0x68</size>
         <alignment>0x4</alignment>
         <input_file_ref idref="fl-12"/>
      </object_component>
      <object_component id="oc-397">
         <name>.text._mcpy</name>
         <load_address>0x528c</load_address>
         <readonly>true</readonly>
         <executable>true</executable>
         <run_address>0x528c</run_address>
         <size>0x66</size>
         <alignment>0x2</alignment>
         <input_file_ref idref="fl-60"/>
      </object_component>
      <object_component id="oc-2f6">
         <name>.text.bsp_i2c_wait_bus_complete</name>
         <load_address>0x52f4</load_address>
         <readonly>true</readonly>
         <executable>true</executable>
         <run_address>0x52f4</run_address>
         <size>0x64</size>
         <alignment>0x4</alignment>
         <input_file_ref idref="fl-11"/>
      </object_component>
      <object_component id="oc-73">
         <name>.text.bsp_uart_debug_irq_handler</name>
         <load_address>0x5358</load_address>
         <readonly>true</readonly>
         <executable>true</executable>
         <run_address>0x5358</run_address>
         <size>0x64</size>
         <alignment>0x4</alignment>
         <input_file_ref idref="fl-14"/>
      </object_component>
      <object_component id="oc-6e">
         <name>.text.bsp_uart_k230_irq_handler</name>
         <load_address>0x53bc</load_address>
         <readonly>true</readonly>
         <executable>true</executable>
         <run_address>0x53bc</run_address>
         <size>0x64</size>
         <alignment>0x4</alignment>
         <input_file_ref idref="fl-14"/>
      </object_component>
      <object_component id="oc-61">
         <name>.text.encoder_driver_handle_gpio_interrupt</name>
         <load_address>0x5420</load_address>
         <readonly>true</readonly>
         <executable>true</executable>
         <run_address>0x5420</run_address>
         <size>0x64</size>
         <alignment>0x4</alignment>
         <input_file_ref idref="fl-18"/>
      </object_component>
      <object_component id="oc-29d">
         <name>.text.app_ball_control_set_enabled</name>
         <load_address>0x5484</load_address>
         <readonly>true</readonly>
         <executable>true</executable>
         <run_address>0x5484</run_address>
         <size>0x60</size>
         <alignment>0x4</alignment>
         <input_file_ref idref="fl-7"/>
      </object_component>
      <object_component id="oc-288">
         <name>.text.bsp_gpio_init_line_mux</name>
         <load_address>0x54e4</load_address>
         <readonly>true</readonly>
         <executable>true</executable>
         <run_address>0x54e4</run_address>
         <size>0x60</size>
         <alignment>0x4</alignment>
         <input_file_ref idref="fl-10"/>
      </object_component>
      <object_component id="oc-323">
         <name>.text.DL_I2C_fillControllerTXFIFO</name>
         <load_address>0x5544</load_address>
         <readonly>true</readonly>
         <executable>true</executable>
         <run_address>0x5544</run_address>
         <size>0x5e</size>
         <alignment>0x2</alignment>
         <input_file_ref idref="fl-2f"/>
      </object_component>
      <object_component id="oc-117">
         <name>.text.app_ball_control_init</name>
         <load_address>0x55a4</load_address>
         <readonly>true</readonly>
         <executable>true</executable>
         <run_address>0x55a4</run_address>
         <size>0x5c</size>
         <alignment>0x4</alignment>
         <input_file_ref idref="fl-7"/>
      </object_component>
      <object_component id="oc-37a">
         <name>.text.frexp</name>
         <load_address>0x5600</load_address>
         <readonly>true</readonly>
         <executable>true</executable>
         <run_address>0x5600</run_address>
         <size>0x5c</size>
         <alignment>0x4</alignment>
         <input_file_ref idref="fl-6c"/>
      </object_component>
      <object_component id="oc-34a">
         <name>.text</name>
         <load_address>0x565c</load_address>
         <readonly>true</readonly>
         <executable>true</executable>
         <run_address>0x565c</run_address>
         <size>0x5a</size>
         <alignment>0x4</alignment>
         <input_file_ref idref="fl-182"/>
      </object_component>
      <object_component id="oc-1f9">
         <name>.text</name>
         <load_address>0x56b8</load_address>
         <readonly>true</readonly>
         <executable>true</executable>
         <run_address>0x56b8</run_address>
         <size>0x5a</size>
         <alignment>0x4</alignment>
         <input_file_ref idref="fl-185"/>
      </object_component>
      <object_component id="oc-168">
         <name>.text.SYSCFG_DL_I2C_SENSOR_BUS_init</name>
         <load_address>0x5714</load_address>
         <readonly>true</readonly>
         <executable>true</executable>
         <run_address>0x5714</run_address>
         <size>0x58</size>
         <alignment>0x4</alignment>
         <input_file_ref idref="fl-2"/>
      </object_component>
      <object_component id="oc-386">
         <name>.text.__TI_ltoa</name>
         <load_address>0x576c</load_address>
         <readonly>true</readonly>
         <executable>true</executable>
         <run_address>0x576c</run_address>
         <size>0x58</size>
         <alignment>0x2</alignment>
         <input_file_ref idref="fl-68"/>
      </object_component>
      <object_component id="oc-350">
         <name>.text._pconv_f</name>
         <load_address>0x57c4</load_address>
         <readonly>true</readonly>
         <executable>true</executable>
         <run_address>0x57c4</run_address>
         <size>0x58</size>
         <alignment>0x2</alignment>
         <input_file_ref idref="fl-60"/>
      </object_component>
      <object_component id="oc-1e8">
         <name>.text.lpf1_update</name>
         <load_address>0x581c</load_address>
         <readonly>true</readonly>
         <executable>true</executable>
         <run_address>0x581c</run_address>
         <size>0x58</size>
         <alignment>0x2</alignment>
         <input_file_ref idref="fl-4"/>
      </object_component>
      <object_component id="oc-3ab">
         <name>.text</name>
         <load_address>0x5874</load_address>
         <readonly>true</readonly>
         <executable>true</executable>
         <run_address>0x5874</run_address>
         <size>0x56</size>
         <alignment>0x4</alignment>
         <input_file_ref idref="fl-186"/>
      </object_component>
      <object_component id="oc-169">
         <name>.text.SYSCFG_DL_UART_DEBUG_init</name>
         <load_address>0x58cc</load_address>
         <readonly>true</readonly>
         <executable>true</executable>
         <run_address>0x58cc</run_address>
         <size>0x54</size>
         <alignment>0x4</alignment>
         <input_file_ref idref="fl-2"/>
      </object_component>
      <object_component id="oc-97">
         <name>.text.encoder_apply_transition</name>
         <load_address>0x5920</load_address>
         <readonly>true</readonly>
         <executable>true</executable>
         <run_address>0x5920</run_address>
         <size>0x54</size>
         <alignment>0x4</alignment>
         <input_file_ref idref="fl-18"/>
      </object_component>
      <object_component id="oc-2b8">
         <name>.text.math_wrap_deg</name>
         <load_address>0x5974</load_address>
         <readonly>true</readonly>
         <executable>true</executable>
         <run_address>0x5974</run_address>
         <size>0x54</size>
         <alignment>0x4</alignment>
         <input_file_ref idref="fl-5"/>
      </object_component>
      <object_component id="oc-395">
         <name>.text._ecpy</name>
         <load_address>0x59c8</load_address>
         <readonly>true</readonly>
         <executable>true</executable>
         <run_address>0x59c8</run_address>
         <size>0x52</size>
         <alignment>0x2</alignment>
         <input_file_ref idref="fl-60"/>
      </object_component>
      <object_component id="oc-178">
         <name>.text.DL_GPIO_initPeripheralInputFunctionFeatures</name>
         <load_address>0x5a1c</load_address>
         <readonly>true</readonly>
         <executable>true</executable>
         <run_address>0x5a1c</run_address>
         <size>0x50</size>
         <alignment>0x4</alignment>
         <input_file_ref idref="fl-12"/>
      </object_component>
      <object_component id="oc-238">
         <name>.text.DL_GPIO_initPeripheralInputFunctionFeatures</name>
         <load_address>0x5a6c</load_address>
         <readonly>true</readonly>
         <executable>true</executable>
         <run_address>0x5a6c</run_address>
         <size>0x50</size>
         <alignment>0x4</alignment>
         <input_file_ref idref="fl-2"/>
      </object_component>
      <object_component id="oc-2f3">
         <name>.text.DL_I2C_startControllerTransfer</name>
         <load_address>0x5abc</load_address>
         <readonly>true</readonly>
         <executable>true</executable>
         <run_address>0x5abc</run_address>
         <size>0x50</size>
         <alignment>0x4</alignment>
         <input_file_ref idref="fl-11"/>
      </object_component>
      <object_component id="oc-f1">
         <name>.text.SYSCFG_DL_init</name>
         <load_address>0x5b0c</load_address>
         <readonly>true</readonly>
         <executable>true</executable>
         <run_address>0x5b0c</run_address>
         <size>0x50</size>
         <alignment>0x4</alignment>
         <input_file_ref idref="fl-2"/>
      </object_component>
      <object_component id="oc-124">
         <name>.text.app_control_scheduler_fetch</name>
         <load_address>0x5b5c</load_address>
         <readonly>true</readonly>
         <executable>true</executable>
         <run_address>0x5b5c</run_address>
         <size>0x50</size>
         <alignment>0x4</alignment>
         <input_file_ref idref="fl-9"/>
      </object_component>
      <object_component id="oc-12b">
         <name>.text.bsp_uart_debug_printf</name>
         <load_address>0x5bac</load_address>
         <readonly>true</readonly>
         <executable>true</executable>
         <run_address>0x5bac</run_address>
         <size>0x50</size>
         <alignment>0x2</alignment>
         <input_file_ref idref="fl-14"/>
      </object_component>
      <object_component id="oc-23b">
         <name>.text.DL_GPIO_initDigitalInputFeatures</name>
         <load_address>0x5bfc</load_address>
         <readonly>true</readonly>
         <executable>true</executable>
         <run_address>0x5bfc</run_address>
         <size>0x4c</size>
         <alignment>0x4</alignment>
         <input_file_ref idref="fl-2"/>
      </object_component>
      <object_component id="oc-273">
         <name>.text.DL_UART_setBaudRateDivisor</name>
         <load_address>0x5c48</load_address>
         <readonly>true</readonly>
         <executable>true</executable>
         <run_address>0x5c48</run_address>
         <size>0x4c</size>
         <alignment>0x4</alignment>
         <input_file_ref idref="fl-2"/>
      </object_component>
      <object_component id="oc-126">
         <name>.text.app_mission_next_mode</name>
         <load_address>0x5c94</load_address>
         <readonly>true</readonly>
         <executable>true</executable>
         <run_address>0x5c94</run_address>
         <size>0x4c</size>
         <alignment>0x4</alignment>
         <input_file_ref idref="fl-c"/>
      </object_component>
      <object_component id="oc-13d">
         <name>.text.proto_vofa_firewater_send_packet</name>
         <load_address>0x5ce0</load_address>
         <readonly>true</readonly>
         <executable>true</executable>
         <run_address>0x5ce0</run_address>
         <size>0x4c</size>
         <alignment>0x2</alignment>
         <input_file_ref idref="fl-1f"/>
      </object_component>
      <object_component id="oc-e3">
         <name>.text.ringbuf_push_byte</name>
         <load_address>0x5d2c</load_address>
         <readonly>true</readonly>
         <executable>true</executable>
         <run_address>0x5d2c</run_address>
         <size>0x4c</size>
         <alignment>0x2</alignment>
         <input_file_ref idref="fl-15"/>
      </object_component>
      <object_component id="oc-382">
         <name>.text</name>
         <load_address>0x5d78</load_address>
         <readonly>true</readonly>
         <executable>true</executable>
         <run_address>0x5d78</run_address>
         <size>0x4a</size>
         <alignment>0x4</alignment>
         <input_file_ref idref="fl-17b"/>
      </object_component>
      <object_component id="oc-271">
         <name>.text.DL_UART_init</name>
         <load_address>0x5dc4</load_address>
         <readonly>true</readonly>
         <executable>true</executable>
         <run_address>0x5dc4</run_address>
         <size>0x48</size>
         <alignment>0x4</alignment>
         <input_file_ref idref="fl-31"/>
      </object_component>
      <object_component id="oc-16a">
         <name>.text.SYSCFG_DL_UART_K230_init</name>
         <load_address>0x5e0c</load_address>
         <readonly>true</readonly>
         <executable>true</executable>
         <run_address>0x5e0c</run_address>
         <size>0x48</size>
         <alignment>0x4</alignment>
         <input_file_ref idref="fl-2"/>
      </object_component>
      <object_component id="oc-121">
         <name>.text.app_mission_start_from_k230</name>
         <load_address>0x5e54</load_address>
         <readonly>true</readonly>
         <executable>true</executable>
         <run_address>0x5e54</run_address>
         <size>0x48</size>
         <alignment>0x4</alignment>
         <input_file_ref idref="fl-c"/>
      </object_component>
      <object_component id="oc-2f2">
         <name>.text.bsp_i2c_wait_idle</name>
         <load_address>0x5e9c</load_address>
         <readonly>true</readonly>
         <executable>true</executable>
         <run_address>0x5e9c</run_address>
         <size>0x48</size>
         <alignment>0x4</alignment>
         <input_file_ref idref="fl-11"/>
      </object_component>
      <object_component id="oc-2d4">
         <name>.text.snprintf</name>
         <load_address>0x5ee4</load_address>
         <readonly>true</readonly>
         <executable>true</executable>
         <run_address>0x5ee4</run_address>
         <size>0x48</size>
         <alignment>0x4</alignment>
         <input_file_ref idref="fl-51"/>
      </object_component>
      <object_component id="oc-333">
         <name>.text.atoi</name>
         <load_address>0x5f2c</load_address>
         <readonly>true</readonly>
         <executable>true</executable>
         <run_address>0x5f2c</run_address>
[...]
         <object_component_ref idref="oc-323"/>
      </symbol>
      <symbol id="sm-551">
         <name>DL_Timer_setClockConfig</name>
         <value>0x737d</value>
         <object_component_ref idref="oc-247"/>
      </symbol>
      <symbol id="sm-552">
         <name>DL_Timer_initTimerMode</name>
         <value>0x2dad</value>
         <object_component_ref idref="oc-259"/>
      </symbol>
      <symbol id="sm-553">
         <name>DL_Timer_setCaptureCompareValue</name>
         <value>0x7a8d</value>
         <object_component_ref idref="oc-24c"/>
      </symbol>
      <symbol id="sm-554">
         <name>DL_Timer_initCaptureCombinedMode</name>
         <value>0x3621</value>
         <object_component_ref idref="oc-255"/>
      </symbol>
      <symbol id="sm-555">
         <name>DL_Timer_getCaptureCompareValue</name>
         <value>0x7a7d</value>
         <object_component_ref idref="oc-a7"/>
      </symbol>
      <symbol id="sm-556">
         <name>DL_Timer_setCaptCompUpdateMethod</name>
         <value>0x7361</value>
         <object_component_ref idref="oc-24b"/>
      </symbol>
      <symbol id="sm-557">
         <name>DL_Timer_setCaptureCompareOutCtl</name>
         <value>0x7645</value>
         <object_component_ref idref="oc-24a"/>
      </symbol>
      <symbol id="sm-558">
         <name>DL_Timer_initFourCCPWMMode</name>
         <value>0x2ba9</value>
         <object_component_ref idref="oc-248"/>
      </symbol>
      <symbol id="sm-568">
         <name>DL_UART_init</name>
         <value>0x5dc5</value>
         <object_component_ref idref="oc-271"/>
      </symbol>
      <symbol id="sm-569">
         <name>DL_UART_setClockConfig</name>
         <value>0x79ed</value>
         <object_component_ref idref="oc-26b"/>
      </symbol>
      <symbol id="sm-56a">
         <name>DL_UART_transmitDataBlocking</name>
         <value>0x6849</value>
         <object_component_ref idref="oc-2ff"/>
      </symbol>
      <symbol id="sm-578">
         <name>atan2f</name>
         <value>0x2871</value>
         <object_component_ref idref="oc-2b0"/>
      </symbol>
      <symbol id="sm-582">
         <name>sqrtf</name>
         <value>0x3d5d</value>
         <object_component_ref idref="oc-2b4"/>
      </symbol>
      <symbol id="sm-596">
         <name>atanf</name>
         <value>0x1d81</value>
         <object_component_ref idref="oc-304"/>
      </symbol>
      <symbol id="sm-5a7">
         <name>snprintf</name>
         <value>0x5ee5</value>
         <object_component_ref idref="oc-2d4"/>
      </symbol>
      <symbol id="sm-5b8">
         <name>vsnprintf</name>
         <value>0x6039</value>
         <object_component_ref idref="oc-1df"/>
      </symbol>
      <symbol id="sm-5c3">
         <name>__aeabi_errno_addr</name>
         <value>0x7ba1</value>
         <object_component_ref idref="oc-30d"/>
      </symbol>
      <symbol id="sm-5c4">
         <name>__aeabi_errno</name>
         <value>0x202007c0</value>
         <object_component_ref idref="oc-357"/>
      </symbol>
      <symbol id="sm-5d0">
         <name>strlen</name>
         <value>0x7afb</value>
         <object_component_ref idref="oc-31e"/>
      </symbol>
      <symbol id="sm-5db">
         <name>_c_int00_noargs</name>
         <value>0x6e91</value>
         <object_component_ref idref="oc-58"/>
      </symbol>
      <symbol id="sm-5dc">
         <name>__stack</name>
         <value>0x20207e00</value>
         <object_component_ref idref="oc-1a"/>
      </symbol>
      <symbol id="sm-5eb">
         <name>__TI_auto_init_nobinit_nopinit</name>
         <value>0x63dd</value>
         <object_component_ref idref="oc-c5"/>
      </symbol>
      <symbol id="sm-5f3">
         <name>_system_pre_init</name>
         <value>0x7c11</value>
         <object_component_ref idref="oc-83"/>
      </symbol>
      <symbol id="sm-5fe">
         <name>__TI_zero_init</name>
         <value>0x7add</value>
         <object_component_ref idref="oc-55"/>
      </symbol>
      <symbol id="sm-607">
         <name>__TI_decompress_none</name>
         <value>0x7a59</value>
         <object_component_ref idref="oc-20"/>
      </symbol>
      <symbol id="sm-612">
         <name>__TI_decompress_lzss</name>
         <value>0x4bd5</value>
         <object_component_ref idref="oc-1c"/>
      </symbol>
      <symbol id="sm-65f">
         <name>__TI_printfi</name>
         <value>0xc1</value>
         <object_component_ref idref="oc-2fe"/>
      </symbol>
      <symbol id="sm-66e">
         <name>abort</name>
         <value>0x7bd9</value>
         <object_component_ref idref="oc-be"/>
      </symbol>
      <symbol id="sm-678">
         <name>__TI_ltoa</name>
         <value>0x576d</value>
         <object_component_ref idref="oc-386"/>
      </symbol>
      <symbol id="sm-683">
         <name>atoi</name>
         <value>0x5f2d</value>
         <object_component_ref idref="oc-333"/>
      </symbol>
      <symbol id="sm-68c">
         <name>memccpy</name>
         <value>0x7003</value>
         <object_component_ref idref="oc-328"/>
      </symbol>
      <symbol id="sm-696">
         <name>frexp</name>
         <value>0x5601</value>
         <object_component_ref idref="oc-37a"/>
      </symbol>
      <symbol id="sm-697">
         <name>frexpl</name>
         <value>0x5601</value>
         <object_component_ref idref="oc-37a"/>
      </symbol>
      <symbol id="sm-6a1">
         <name>scalbn</name>
         <value>0x37e1</value>
         <object_component_ref idref="oc-37e"/>
      </symbol>
      <symbol id="sm-6a2">
         <name>ldexp</name>
         <value>0x37e1</value>
         <object_component_ref idref="oc-37e"/>
      </symbol>
      <symbol id="sm-6a3">
         <name>scalbnl</name>
         <value>0x37e1</value>
         <object_component_ref idref="oc-37e"/>
      </symbol>
      <symbol id="sm-6a4">
         <name>ldexpl</name>
         <value>0x37e1</value>
         <object_component_ref idref="oc-37e"/>
      </symbol>
      <symbol id="sm-6ad">
         <name>wcslen</name>
         <value>0x7acd</value>
         <object_component_ref idref="oc-337"/>
      </symbol>
      <symbol id="sm-6b0">
         <name>__aeabi_ctype_table_</name>
         <value>0x7c20</value>
         <object_component_ref idref="oc-368"/>
      </symbol>
      <symbol id="sm-6b1">
         <name>__aeabi_ctype_table_C</name>
         <value>0x7c20</value>
         <object_component_ref idref="oc-368"/>
      </symbol>
      <symbol id="sm-6ba">
         <name>HOSTexit</name>
         <value>0x7be3</value>
         <object_component_ref idref="oc-149"/>
      </symbol>
      <symbol id="sm-6bb">
         <name>C$$EXIT</name>
         <value>0x7be2</value>
         <object_component_ref idref="oc-149"/>
      </symbol>
      <symbol id="sm-6d0">
         <name>__aeabi_fadd</name>
         <value>0x38c7</value>
         <object_component_ref idref="oc-1e9"/>
      </symbol>
      <symbol id="sm-6d1">
         <name>__addsf3</name>
         <value>0x38c7</value>
         <object_component_ref idref="oc-1e9"/>
      </symbol>
      <symbol id="sm-6d2">
         <name>__aeabi_fsub</name>
         <value>0x38bd</value>
         <object_component_ref idref="oc-1e9"/>
      </symbol>
      <symbol id="sm-6d3">
         <name>__subsf3</name>
         <value>0x38bd</value>
         <object_component_ref idref="oc-1e9"/>
      </symbol>
      <symbol id="sm-6dc">
         <name>__aeabi_dadd</name>
         <value>0x1f53</value>
         <object_component_ref idref="oc-38e"/>
      </symbol>
      <symbol id="sm-6dd">
         <name>__adddf3</name>
         <value>0x1f53</value>
         <object_component_ref idref="oc-38e"/>
      </symbol>
      <symbol id="sm-6de">
         <name>__aeabi_dsub</name>
         <value>0x1f49</value>
         <object_component_ref idref="oc-38e"/>
      </symbol>
      <symbol id="sm-6df">
         <name>__subdf3</name>
         <value>0x1f49</value>
         <object_component_ref idref="oc-38e"/>
      </symbol>
      <symbol id="sm-6e8">
         <name>__aeabi_fmul</name>
         <value>0x4735</value>
         <object_component_ref idref="oc-135"/>
      </symbol>
      <symbol id="sm-6e9">
         <name>__mulsf3</name>
         <value>0x4735</value>
         <object_component_ref idref="oc-135"/>
      </symbol>
      <symbol id="sm-6ef">
         <name>__aeabi_fdiv</name>
         <value>0x4951</value>
         <object_component_ref idref="oc-1ed"/>
      </symbol>
      <symbol id="sm-6f0">
         <name>__divsf3</name>
         <value>0x4951</value>
         <object_component_ref idref="oc-1ed"/>
      </symbol>
      <symbol id="sm-6f9">
         <name>__aeabi_f2d</name>
         <value>0x60b9</value>
         <object_component_ref idref="oc-2d0"/>
      </symbol>
      <symbol id="sm-6fa">
         <name>__extendsfdf2</name>
         <value>0x60b9</value>
         <object_component_ref idref="oc-2d0"/>
      </symbol>
      <symbol id="sm-700">
         <name>__aeabi_d2iz</name>
         <value>0x5d79</value>
         <object_component_ref idref="oc-382"/>
      </symbol>
      <symbol id="sm-701">
         <name>__fixdfsi</name>
         <value>0x5d79</value>
         <object_component_ref idref="oc-382"/>
      </symbol>
      <symbol id="sm-707">
         <name>__aeabi_f2uiz</name>
         <value>0x6815</value>
         <object_component_ref idref="oc-280"/>
      </symbol>
      <symbol id="sm-708">
         <name>__fixunssfsi</name>
         <value>0x6815</value>
         <object_component_ref idref="oc-280"/>
      </symbol>
      <symbol id="sm-70e">
         <name>__aeabi_i2d</name>
         <value>0x6c55</value>
         <object_component_ref idref="oc-38a"/>
      </symbol>
      <symbol id="sm-70f">
         <name>__floatsidf</name>
         <value>0x6c55</value>
         <object_component_ref idref="oc-38a"/>
      </symbol>
      <symbol id="sm-715">
         <name>__aeabi_i2f</name>
         <value>0x6419</value>
         <object_component_ref idref="oc-2ab"/>
      </symbol>
      <symbol id="sm-716">
         <name>__floatsisf</name>
         <value>0x6419</value>
         <object_component_ref idref="oc-2ab"/>
      </symbol>
      <symbol id="sm-71c">
         <name>__aeabi_ui2f</name>
         <value>0x6eb9</value>
         <object_component_ref idref="oc-131"/>
      </symbol>
      <symbol id="sm-71d">
         <name>__floatunsisf</name>
         <value>0x6eb9</value>
         <object_component_ref idref="oc-131"/>
      </symbol>
      <symbol id="sm-723">
         <name>__aeabi_lmul</name>
         <value>0x6fbd</value>
         <object_component_ref idref="oc-33b"/>
      </symbol>
      <symbol id="sm-724">
         <name>__muldi3</name>
         <value>0x6fbd</value>
         <object_component_ref idref="oc-33b"/>
      </symbol>
      <symbol id="sm-735">
         <name>__ledf2</name>
         <value>0x5155</value>
         <object_component_ref idref="oc-377"/>
      </symbol>
      <symbol id="sm-736">
         <name>__gedf2</name>
         <value>0x4e35</value>
         <object_component_ref idref="oc-378"/>
      </symbol>
      <symbol id="sm-737">
         <name>__unorddf2</name>
         <value>0x6879</value>
         <object_component_ref idref="oc-344"/>
      </symbol>
      <symbol id="sm-738">
         <name>__cmpdf2</name>
         <value>0x5155</value>
         <object_component_ref idref="oc-377"/>
      </symbol>
      <symbol id="sm-739">
         <name>__eqdf2</name>
         <value>0x5155</value>
         <object_component_ref idref="oc-377"/>
      </symbol>
      <symbol id="sm-73a">
         <name>__ltdf2</name>
         <value>0x5155</value>
         <object_component_ref idref="oc-377"/>
      </symbol>
      <symbol id="sm-73b">
         <name>__nedf2</name>
         <value>0x5155</value>
         <object_component_ref idref="oc-377"/>
      </symbol>
      <symbol id="sm-73c">
         <name>__gtdf2</name>
         <value>0x4e35</value>
         <object_component_ref idref="oc-378"/>
      </symbol>
      <symbol id="sm-73d">
         <name>__aeabi_dcmpun</name>
         <value>0x6879</value>
         <object_component_ref idref="oc-344"/>
      </symbol>
      <symbol id="sm-743">
         <name>__aeabi_dcmpeq</name>
         <value>0x565d</value>
         <object_component_ref idref="oc-34a"/>
      </symbol>
      <symbol id="sm-744">
         <name>__aeabi_dcmplt</name>
         <value>0x566f</value>
         <object_component_ref idref="oc-34a"/>
      </symbol>
      <symbol id="sm-745">
         <name>__aeabi_dcmple</name>
         <value>0x5681</value>
         <object_component_ref idref="oc-34a"/>
      </symbol>
      <symbol id="sm-746">
         <name>__aeabi_dcmpge</name>
         <value>0x5693</value>
         <object_component_ref idref="oc-34a"/>
      </symbol>
      <symbol id="sm-747">
         <name>__aeabi_dcmpgt</name>
         <value>0x56a5</value>
         <object_component_ref idref="oc-34a"/>
      </symbol>
      <symbol id="sm-751">
         <name>__aeabi_ddiv</name>
         <value>0x7b8f</value>
         <object_component_ref idref="oc-3c1"/>
      </symbol>
      <symbol id="sm-75b">
         <name>__aeabi_dmul</name>
         <value>0x7b97</value>
         <object_component_ref idref="oc-3ba"/>
      </symbol>
      <symbol id="sm-761">
         <name>__aeabi_fcmpeq</name>
         <value>0x56b9</value>
         <object_component_ref idref="oc-1f9"/>
      </symbol>
      <symbol id="sm-762">
         <name>__aeabi_fcmplt</name>
         <value>0x56cb</value>
         <object_component_ref idref="oc-1f9"/>
      </symbol>
      <symbol id="sm-763">
         <name>__aeabi_fcmple</name>
         <value>0x56dd</value>
         <object_component_ref idref="oc-1f9"/>
      </symbol>
      <symbol id="sm-764">
         <name>__aeabi_fcmpge</name>
         <value>0x56ef</value>
         <object_component_ref idref="oc-1f9"/>
      </symbol>
      <symbol id="sm-765">
         <name>__aeabi_fcmpgt</name>
         <value>0x5701</value>
         <object_component_ref idref="oc-1f9"/>
      </symbol>
      <symbol id="sm-76b">
         <name>__aeabi_idiv</name>
         <value>0x5875</value>
         <object_component_ref idref="oc-3ab"/>
      </symbol>
      <symbol id="sm-76c">
         <name>__aeabi_idivmod</name>
         <value>0x5875</value>
         <object_component_ref idref="oc-3ab"/>
      </symbol>
      <symbol id="sm-772">
         <name>__aeabi_uidiv</name>
         <value>0x6079</value>
         <object_component_ref idref="oc-32d"/>
      </symbol>
      <symbol id="sm-773">
         <name>__aeabi_uidivmod</name>
         <value>0x6079</value>
         <object_component_ref idref="oc-32d"/>
      </symbol>
      <symbol id="sm-779">
         <name>__aeabi_uldivmod</name>
         <value>0x7991</value>
         <object_component_ref idref="oc-340"/>
      </symbol>
      <symbol id="sm-77f">
         <name>__aeabi_memcpy</name>
         <value>0x7bb9</value>
         <object_component_ref idref="oc-48"/>
      </symbol>
      <symbol id="sm-780">
         <name>__aeabi_memcpy4</name>
         <value>0x7bb9</value>
         <object_component_ref idref="oc-48"/>
      </symbol>
      <symbol id="sm-781">
         <name>__aeabi_memcpy8</name>
         <value>0x7bb9</value>
         <object_component_ref idref="oc-48"/>
      </symbol>
      <symbol id="sm-787">
         <name>__aeabi_memset</name>
         <value>0x7479</value>
         <object_component_ref idref="oc-7f"/>
      </symbol>
      <symbol id="sm-788">
         <name>__aeabi_memset4</name>
         <value>0x7479</value>
         <object_component_ref idref="oc-7f"/>
      </symbol>
      <symbol id="sm-789">
         <name>__aeabi_memset8</name>
         <value>0x7479</value>
         <object_component_ref idref="oc-7f"/>
      </symbol>
      <symbol id="sm-78a">
         <name>__aeabi_memclr</name>
         <value>0x7487</value>
         <object_component_ref idref="oc-7f"/>
      </symbol>
      <symbol id="sm-78b">
         <name>__aeabi_memclr4</name>
         <value>0x7487</value>
         <object_component_ref idref="oc-7f"/>
      </symbol>
      <symbol id="sm-78c">
         <name>__aeabi_memclr8</name>
         <value>0x7487</value>
         <object_component_ref idref="oc-7f"/>
      </symbol>
      <symbol id="sm-792">
         <name>__eqsf2</name>
         <value>0x46a9</value>
         <object_component_ref idref="oc-2bf"/>
      </symbol>
      <symbol id="sm-793">
         <name>__lesf2</name>
         <value>0x46a9</value>
         <object_component_ref idref="oc-2bf"/>
      </symbol>
      <symbol id="sm-794">
         <name>__ltsf2</name>
         <value>0x46a9</value>
         <object_component_ref idref="oc-2bf"/>
      </symbol>
      <symbol id="sm-795">
         <name>__nesf2</name>
         <value>0x46a9</value>
         <object_component_ref idref="oc-2bf"/>
      </symbol>
      <symbol id="sm-796">
         <name>__cmpsf2</name>
         <value>0x46a9</value>
         <object_component_ref idref="oc-2bf"/>
      </symbol>
      <symbol id="sm-797">
         <name>__gtsf2</name>
         <value>0x46e3</value>
         <object_component_ref idref="oc-2bf"/>
      </symbol>
      <symbol id="sm-798">
         <name>__gesf2</name>
         <value>0x46e3</value>
         <object_component_ref idref="oc-2bf"/>
      </symbol>
      <symbol id="sm-799">
         <name>__unordsf2</name>
         <value>0x471f</value>
         <object_component_ref idref="oc-2bf"/>
      </symbol>
      <symbol id="sm-79a">
         <name>__aeabi_fcmpun</name>
         <value>0x471f</value>
         <object_component_ref idref="oc-2bf"/>
      </symbol>
      <symbol id="sm-7a0">
         <name>__udivmoddi4</name>
         <value>0x41f9</value>
         <object_component_ref idref="oc-370"/>
      </symbol>
      <symbol id="sm-7a6">
         <name>__muldf3</name>
         <value>0x353d</value>
         <object_component_ref idref="oc-3ca"/>
      </symbol>
      <symbol id="sm-7ac">
         <name>__muldsi3</name>
         <value>0x6455</value>
         <object_component_ref idref="oc-1fe"/>
      </symbol>
      <symbol id="sm-7b2">
         <name>__aeabi_llsl</name>
         <value>0x7165</value>
         <object_component_ref idref="oc-39f"/>
      </symbol>
      <symbol id="sm-7b3">
         <name>__ashldi3</name>
         <value>0x7165</value>
         <object_component_ref idref="oc-39f"/>
      </symbol>
      <symbol id="sm-7b9">
         <name>__divdf3</name>
         <value>0x2755</value>
         <object_component_ref idref="oc-3d4"/>
      </symbol>
      <symbol id="sm-7bf">
         <name>__aeabi_f2iz</name>
         <value>0x6571</value>
         <object_component_ref idref="oc-2ea"/>
      </symbol>
      <symbol id="sm-7c0">
         <name>__fixsfsi</name>
         <value>0x6571</value>
         <object_component_ref idref="oc-2ea"/>
      </symbol>
      <symbol id="sm-7cc">
         <name>__aeabi_idiv0</name>
         <value>0x286f</value>
         <object_component_ref idref="oc-362"/>
      </symbol>
      <symbol id="sm-7cd">
         <name>__aeabi_ldiv0</name>
         <value>0x2a9f</value>
         <object_component_ref idref="oc-39e"/>
      </symbol>
      <symbol id="sm-7d9">
         <name>TI_memcpy_small</name>
         <value>0x7a47</value>
         <object_component_ref idref="oc-b1"/>
      </symbol>
      <symbol id="sm-7e2">
         <name>TI_memset_small</name>
         <value>0x7b09</value>
         <object_component_ref idref="oc-eb"/>
      </symbol>
      <symbol id="sm-7e3">
         <name>__TI_static_base__</name>
         <value>0x0</value>
      </symbol>
      <symbol id="sm-7e7">
         <name>__mpu_init</name>
         <value>0x0</value>
      </symbol>
      <symbol id="sm-7e8">
         <name>_system_post_cinit</name>
         <value>0x0</value>
      </symbol>
   </symbol_table>
   <title>Link successful</title>
</link_info>
