******************************************************************************
            TI ARM Clang Linker PC v5.1.1                      
******************************************************************************
>> Linked Wed Jul 22 11:52:59 2026

OUTPUT FILE NAME:   <electric_competition_empty.out>
ENTRY POINT SYMBOL: "_c_int00_noargs"  address: 0000648d


MEMORY CONFIGURATION

         name            origin    length      used     unused   attr    fill
----------------------  --------  ---------  --------  --------  ----  --------
  FLASH                 00000000   00020000  00007640  000189c0  R  X
  SRAM                  20200000   00008000  00000d53  000072ad  RW X
  BCR_CONFIG            41c00000   000000ff  00000000  000000ff  R   
  BSL_CONFIG            41c00100   00000080  00000000  00000080  R   


SEGMENT ALLOCATION MAP

run origin  load origin   length   init length attrs members
----------  ----------- ---------- ----------- ----- -------
00000000    00000000    00007640   00007640    r-x
  00000000    00000000    000000c0   000000c0    r-- .intvecs
  000000c0    000000c0    00006f70   00006f70    r-x .text
  00007030    00007030    000005e0   000005e0    r-- .rodata
  00007610    00007610    00000030   00000030    r-- .cinit
20200000    20200000    00000b53   00000000    rw-
  20200000    20200000    00000b4c   00000000    rw- .bss
  20200b4c    20200b4c    00000007   00000000    rw- .data
20207e00    20207e00    00000200   00000000    rw-
  20207e00    20207e00    00000200   00000000    rw- .stack


SECTION ALLOCATION MAP

 output                                  attributes/
section   page    origin      length       input sections
--------  ----  ----------  ----------   ----------------
.intvecs   0    00000000    000000c0     
                  00000000    000000c0     startup_mspm0g350x_ticlang.o (.intvecs)

.text      0    000000c0    00006f70     
                  000000c0    00000a7c     libc.a : _printfi.c.obj (.text:__TI_printfi)
                  00000b3c    00000234     app_chassis.o (.text.chassis_update_line_state)
                  00000d70    0000020c     libc.a : _printfi.c.obj (.text._pconv_a)
                  00000f7c    000001fc     ti_msp_dl_config.o (.text.SYSCFG_DL_GPIO_init)
                  00001178    000001e0     libc.a : _printfi.c.obj (.text._pconv_g)
                  00001358    000001c8            : s_atanf.c.obj (.text.atanf)
                  00001520    000001b4     app_chassis.o (.text.chassis_get_wheel_targets)
                  000016d4    00000192     libclang_rt.builtins.a : adddf3.S.obj (.text)
                  00001866    0000018a     algo_pid.o (.text.pid_update)
                  000019f0    00000178     empty.o (.text.run_vehicle_app)
                  00001b68    00000148     algo_fusion.o (.text.fusion6_update)
                  00001cb0    0000013c     app_chassis.o (.text.chassis_get_corner_candidate)
                  00001dec    00000138     libc.a : _printfi.c.obj (.text.fcvt)
                  00001f24    0000011c     drv_mpu9250.o (.text.mpu9250_init)
                  00002040    0000011a     libclang_rt.builtins.a : divdf3.S.obj (.text)
                  0000215a    00000002                            : aeabi_div0.c.obj (.text.__aeabi_idiv0)
                  0000215c    00000118     app_ui.o (.text.app_ui_refresh)
                  00002274    00000118     libc.a : e_atan2f.c.obj (.text.atan2f)
                  0000238c    00000104     driverlib.a : dl_timer.o (.text.DL_Timer_initFourCCPWMMode)
                  00002490    00000100     bsp_i2c.o (.text.bsp_i2c_write_raw)
                  00002590    000000fc     driverlib.a : dl_timer.o (.text.DL_Timer_initTimerMode)
                  0000268c    000000fc     libc.a : _printfi.c.obj (.text._pconv_e)
                  00002788    000000fc     proto_vofa_firewater.o (.text.proto_vofa_firewater_send_named)
                  00002884    000000f6     drv_line_sensor.o (.text.line_sensor_update)
                  0000297a    00000002     libclang_rt.builtins.a : aeabi_div0.c.obj (.text.__aeabi_ldiv0)
                  0000297c    000000f0     app_chassis.o (.text.app_chassis_init)
                  00002a6c    000000f0     bsp_i2c.o (.text.bsp_i2c_mem_read)
                  00002b5c    000000e4     drv_mpu9250.o (.text.mpu9250_calibrate_gyro_bias)
                  00002c40    000000e4     drv_stepper.o (.text.stepper_update)
                  00002d24    000000e4     libclang_rt.builtins.a : muldf3.S.obj (.text)
                  00002e08    000000e0     proto_k230.o (.text.proto_k230_process_ringbuf)
                  00002ee8    000000dc     libc.a : s_scalbn.c.obj (.text.scalbn)
                  00002fc4    000000d8     libclang_rt.builtins.a : addsf3.S.obj (.text)
                  0000309c    000000d4     drv_mpu9250.o (.text.mpu9250_update)
                  00003170    000000d4     drv_oled_ssd1306.o (.text.oled_init)
                  00003244    000000d0     app_chassis.o (.text.chassis_corner_complete)
                  00003314    000000c8     app_chassis.o (.text.app_chassis_control_task)
                  000033dc    000000c8     app_turret.o (.text.app_turret_control_task)
                  000034a4    000000c4     ti_msp_dl_config.o (.text.SYSCFG_DL_initPower)
                  00003568    000000b8     proto_vofa_firewater.o (.text.proto_vofa_firewater_send)
                  00003620    000000b4     bsp_pwm.o (.text.bsp_pwm_set_motor_bridge)
                  000036d4    000000b4     bsp_pwm.o (.text.bsp_pwm_set_step_frequency)
                  00003788    000000b4     drv_oled_ssd1306.o (.text.oled_flush)
                  0000383c    000000b4     libc.a : e_sqrtf.c.obj (.text.sqrtf)
                  000038f0    000000b0     app_chassis.o (.text.chassis_confirm_corner_candidate)
                  000039a0    000000a8     drv_oled_ssd1306.o (.text.oled_draw_glyph)
                  00003a48    000000a6     bsp_uart.o (.text.bsp_uart_clear_error_interrupt)
                  00003aee    000000a6     drv_motor_dc.o (.text.motor_dc_set_output)
                  00003b94    000000a2     algo_pid.o (.text.pid_compute_derivative)
                  00003c36    00000002     bsp_i2c.o (.text.bsp_i2c_init)
                  00003c38    000000a2     libclang_rt.builtins.a : udivmoddi4.S.obj (.text)
                  00003cda    00000002     --HOLE-- [fill = 0]
                  00003cdc    00000098     app_isr.o (.text.GROUP1_IRQHandler)
                  00003d74    00000094     app_control_scheduler.o (.text.app_control_scheduler_on_tick_isr)
                  00003e08    00000094     bsp_gpio.o (.text.bsp_gpio_set_dir_output)
                  00003e9c    00000090     ti_msp_dl_config.o (.text.SYSCFG_DL_PWM_MOTOR_LEFT_init)
                  00003f2c    00000090     ti_msp_dl_config.o (.text.SYSCFG_DL_PWM_MOTOR_RIGHT_init)
                  00003fbc    0000008c     drv_mpu9250.o (.text.mpu9250_read_raw)
                  00004048    0000008c     libclang_rt.builtins.a : comparesf2.S.obj (.text)
                  000040d4    0000008c                            : mulsf3.S.obj (.text)
                  00004160    00000086     algo_pid.o (.text.pid_apply_ramp)
                  000041e6    00000082     bsp_i2c.o (.text.bsp_i2c_mem_write)
                  00004268    00000082     libclang_rt.builtins.a : divsf3.S.obj (.text)
                  000042ea    00000002     --HOLE-- [fill = 0]
                  000042ec    00000080     bsp_gpio.o (.text.bsp_gpio_set_line_mux_address)
                  0000436c    0000007e     drv_encoder_ab.o (.text.encoder_driver_update_speed)
                  000043ea    00000002     --HOLE-- [fill = 0]
                  000043ec    0000007c     libc.a : copy_decompress_lzss.c.obj (.text:decompress:lzss)
                  00004468    0000007a     drv_line_sensor.o (.text.line_sensor_init)
                  000044e2    00000002     --HOLE-- [fill = 0]
                  000044e4    00000074     libclang_rt.builtins.a : comparedf2.c.obj (.text.__gedf2)
                  00004558    00000074     algo_pid.o (.text.pid_reset)
                  000045cc    0000006a     drv_oled_ssd1306.o (.text.oled_send_data)
                  00004636    00000002     --HOLE-- [fill = 0]
                  00004638    00000068     ti_msp_dl_config.o (.text.SYSCFG_DL_PWM_STEP_PITCH_init)
                  000046a0    00000068     ti_msp_dl_config.o (.text.SYSCFG_DL_PWM_STEP_YAW_init)
                  00004708    00000068     libclang_rt.builtins.a : comparedf2.c.obj (.text.__ledf2)
                  00004770    00000068     app_imu.o (.text.app_imu_init)
                  000047d8    00000068     app_chassis.o (.text.chassis_corner_entry_present)
                  00004840    00000066     libc.a : _printfi.c.obj (.text._mcpy)
                  000048a6    00000002     --HOLE-- [fill = 0]
                  000048a8    00000064     app_imu.o (.text.app_imu_task)
                  0000490c    00000064     app_turret.o (.text.app_turret_init)
                  00004970    00000064     bsp_i2c.o (.text.bsp_i2c_wait_bus_complete)
                  000049d4    00000064     bsp_uart.o (.text.bsp_uart_debug_irq_handler)
                  00004a38    00000064     bsp_uart.o (.text.bsp_uart_k230_irq_handler)
                  00004a9c    00000064     drv_encoder_ab.o (.text.encoder_driver_handle_gpio_interrupt)
                  00004b00    00000060     bsp_gpio.o (.text.bsp_gpio_init_line_mux)
                  00004b60    0000005e     driverlib.a : dl_i2c.o (.text.DL_I2C_fillControllerTXFIFO)
                  00004bbe    00000002     --HOLE-- [fill = 0]
                  00004bc0    0000005c     libc.a : s_frexp.c.obj (.text.frexp)
                  00004c1c    0000005a     libclang_rt.builtins.a : aeabi_dcmp.S.obj (.text)
                  00004c76    00000002     --HOLE-- [fill = 0]
                  00004c78    0000005a                            : aeabi_fcmp.S.obj (.text)
                  00004cd2    00000002     --HOLE-- [fill = 0]
                  00004cd4    00000058     ti_msp_dl_config.o (.text.SYSCFG_DL_I2C_SENSOR_BUS_init)
                  00004d2c    00000058     libc.a : _ltoa.c.obj (.text.__TI_ltoa)
                  00004d84    00000058            : _printfi.c.obj (.text._pconv_f)
                  00004ddc    00000058     algo_filter.o (.text.lpf1_update)
                  00004e34    00000056     libclang_rt.builtins.a : aeabi_idivmod.S.obj (.text)
                  00004e8a    00000002     --HOLE-- [fill = 0]
                  00004e8c    00000054     ti_msp_dl_config.o (.text.SYSCFG_DL_UART_DEBUG_init)
                  00004ee0    00000054     drv_encoder_ab.o (.text.encoder_apply_transition)
                  00004f34    00000054     algo_fusion.o (.text.math_wrap_deg)
                  00004f88    00000052     libc.a : _printfi.c.obj (.text._ecpy)
                  00004fda    00000002     --HOLE-- [fill = 0]
                  00004fdc    00000050     ti_msp_dl_config.o (.text.DL_GPIO_initPeripheralInputFunctionFeatures)
                  0000502c    00000050     bsp_i2c.o (.text.DL_I2C_startControllerTransfer)
                  0000507c    00000050     ti_msp_dl_config.o (.text.SYSCFG_DL_init)
                  000050cc    00000050     app_control_scheduler.o (.text.app_control_scheduler_fetch)
                  0000511c    00000050     bsp_uart.o (.text.bsp_uart_debug_printf)
                  0000516c    00000050     app_chassis.o (.text.chassis_update_track_turn_adjustment)
                  000051bc    0000004c     ti_msp_dl_config.o (.text.DL_GPIO_initDigitalInputFeatures)
                  00005208    0000004c     ti_msp_dl_config.o (.text.DL_UART_setBaudRateDivisor)
                  00005254    0000004c     app_chassis.o (.text.app_chassis_line_task)
                  000052a0    0000004c     bsp_pwm.o (.text.bsp_pwm_stop_step)
                  000052ec    0000004c     proto_vofa_firewater.o (.text.proto_vofa_firewater_send_packet)
                  00005338    0000004c     ringbuf.o (.text.ringbuf_push_byte)
                  00005384    0000004a     libclang_rt.builtins.a : fixdfsi.S.obj (.text)
                  000053ce    00000002     --HOLE-- [fill = 0]
                  000053d0    00000048     driverlib.a : dl_uart.o (.text.DL_UART_init)
                  00005418    00000048     ti_msp_dl_config.o (.text.SYSCFG_DL_UART_K230_init)
                  00005460    00000048     bsp_i2c.o (.text.bsp_i2c_wait_idle)
                  000054a8    00000048     libc.a : snprintf.c.obj (.text.snprintf)
                  000054f0    00000046     bsp_i2c.o (.text.bsp_i2c_write_bytes)
                  00005536    00000046     proto_k230.o (.text.proto_k230_checksum)
                  0000557c    00000044     libc.a : atoi.c.obj (.text.atoi)
                  000055c0    00000044     bsp_uart.o (.text.bsp_uart_enable_irqs)
                  00005604    00000044     ringbuf.o (.text.ringbuf_pop_byte)
                  00005648    00000040     drv_encoder_ab.o (.text.encoder_driver_init)
                  00005688    00000040     drv_oled_ssd1306.o (.text.oled_printf)
                  000056c8    00000040     libc.a : vsnprintf.c.obj (.text.vsnprintf)
                  00005708    00000040     libclang_rt.builtins.a : aeabi_uidivmod.S.obj (.text)
                  00005748    00000040                            : extendsfdf2.S.obj (.text)
                  00005788    0000003e     app_chassis.o (.text.chassis_enter_state)
                  000057c6    0000003e     algo_filter.o (.text.math_clampf)
                  00005804    0000003e     algo_fusion.o (.text.math_clampf)
                  00005842    0000003e     algo_pid.o (.text.math_clampf)
                  00005880    0000003e     app_chassis.o (.text.math_clampf)
                  000058be    0000003e     bsp_pwm.o (.text.math_clampf)
                  000058fc    0000003e     drv_motor_dc.o (.text.math_clampf)
                  0000593a    0000003e     drv_stepper.o (.text.math_clampf)
                  00005978    0000003e     algo_pid.o (.text.pid_integral_enabled)
                  000059b6    00000002     --HOLE-- [fill = 0]
                  000059b8    0000003c     ti_msp_dl_config.o (.text.DL_Timer_setCounterControl)
                  000059f4    0000003c     bsp_uart.o (.text.bsp_uart_debug_write)
                  00005a30    0000003c     libc.a : autoinit.c.obj (.text:__TI_auto_init_nobinit_nopinit)
                  00005a6c    0000003c     libclang_rt.builtins.a : floatsisf.S.obj (.text)
                  00005aa8    0000003a     app_chassis.o (.text.chassis_update_sensor_history)
                  00005ae2    00000002     --HOLE-- [fill = 0]
                  00005ae4    0000003a     libclang_rt.builtins.a : muldsi3.S.obj (.text)
                  00005b1e    00000002     --HOLE-- [fill = 0]
                  00005b20    00000038     bsp_pwm.o (.text.bsp_pwm_init)
                  00005b58    00000038     app_chassis.o (.text.chassis_count_bits)
                  00005b90    00000038     app_chassis.o (.text.chassis_get_forward_output)
                  00005bc8    00000038     algo_pid.o (.text.pid_init)
                  00005c00    00000038     algo_pid.o (.text.pid_limit_integral)
                  00005c38    00000038     algo_pid.o (.text.pid_limit_output)
                  00005c70    00000038     libclang_rt.builtins.a : fixsfsi.S.obj (.text)
                  00005ca8    00000034     ti_msp_dl_config.o (.text.SYSCFG_DL_TIMER_CTRL_1KHZ_init)
                  00005cdc    00000034     app_control_scheduler.o (.text.app_control_scheduler_init)
                  00005d10    00000034     bsp_gpio.o (.text.bsp_gpio_set_laser)
                  00005d44    00000034     bsp_gpio.o (.text.bsp_gpio_set_led)
                  00005d78    00000034     drv_stepper.o (.text.stepper_init)
                  00005dac    00000032     libc.a : snprintf.c.obj (.text._outs)
                  00005dde    00000032            : vsnprintf.c.obj (.text._outs)
                  00005e10    00000032     algo_fusion.o (.text.fusion6_init)
                  00005e42    00000002     --HOLE-- [fill = 0]
                  00005e44    00000032     libclang_rt.builtins.a : fixunssfsi.S.obj (.text)
                  00005e76    00000002     --HOLE-- [fill = 0]
                  00005e78    00000030     driverlib.a : dl_uart.o (.text.DL_UART_transmitDataBlocking)
                  00005ea8    00000030     libclang_rt.builtins.a : comparedf2.c.obj (.text.__unorddf2)
                  00005ed8    00000030     libc.a : _printfi.c.obj (.text._fcpy)
                  00005f08    00000030     bsp_gpio.o (.text.bsp_gpio_set_buzzer)
                  00005f38    00000030     bsp_gpio.o (.text.bsp_gpio_set_turret_dir)
                  00005f68    0000002e     bsp_gpio.o (.text.bsp_gpio_init)
                  00005f96    0000002e     bsp_gpio.o (.text.bsp_gpio_set_motor_dir)
                  00005fc4    0000002e     bsp_uart.o (.text.bsp_uart_service_rx_fifo)
                  00005ff2    00000002     --HOLE-- [fill = 0]
                  00005ff4    0000002c     app_control_scheduler.o (.text.__NVIC_ClearPendingIRQ)
                  00006020    0000002c     bsp_uart.o (.text.__NVIC_ClearPendingIRQ)
                  0000604c    0000002c     app_control_scheduler.o (.text.__NVIC_EnableIRQ)
                  00006078    0000002c     bsp_uart.o (.text.__NVIC_EnableIRQ)
                  000060a4    0000002c     empty.o (.text.__NVIC_EnableIRQ)
                  000060d0    0000002c     bsp_uart.o (.text.bsp_uart_init)
                  000060fc    0000002c     drv_line_sensor.o (.text.line_sensor_read_channel_raw)
                  00006128    0000002c     algo_pid.o (.text.math_absf)
                  00006154    0000002c     app_chassis.o (.text.math_absf)
                  00006180    0000002c     drv_motor_dc.o (.text.math_absf)
                  000061ac    0000002c     drv_stepper.o (.text.math_absf)
                  000061d8    0000002c     libclang_rt.builtins.a : floatsidf.S.obj (.text)
                  00006204    0000002a     ti_msp_dl_config.o (.text.SYSCFG_DL_SYSCTL_init)
                  0000622e    0000002a     algo_filter.o (.text.lpf1_init)
                  00006258    0000002a     ringbuf.o (.text.ringbuf_next_index)
                  00006282    0000002a     drv_stepper.o (.text.stepper_enable)
                  000062ac    00000028     bsp_i2c.o (.text.DL_Common_updateReg)
                  000062d4    00000028     ti_msp_dl_config.o (.text.DL_Common_updateReg)
                  000062fc    00000028     ti_msp_dl_config.o (.text.DL_I2C_setControllerRXFIFOThreshold)
                  00006324    00000028     ti_msp_dl_config.o (.text.DL_I2C_setControllerTXFIFOThreshold)
                  0000634c    00000028     ti_msp_dl_config.o (.text.DL_UART_setRXFIFOThreshold)
                  00006374    00000028     ti_msp_dl_config.o (.text.DL_UART_setTXFIFOThreshold)
                  0000639c    00000028     bsp_pwm.o (.text.bsp_pwm_set_step_counts_pitch)
                  000063c4    00000028     bsp_pwm.o (.text.bsp_pwm_set_step_counts_yaw)
                  000063ec    00000028     drv_line_sensor.o (.text.line_sensor_delay_cycles)
                  00006414    00000028     drv_motor_dc.o (.text.motor_dc_init)
                  0000643c    00000028     drv_oled_ssd1306.o (.text.oled_clear)
                  00006464    00000028     drv_oled_ssd1306.o (.text.oled_write_str)
                  0000648c    00000028     libc.a : boot_cortex_m.c.obj (.text:_c_int00_noargs)
                  000064b4    00000028     libclang_rt.builtins.a : floatunsisf.S.obj (.text)
                  000064dc    00000026     ti_msp_dl_config.o (.text.DL_I2C_setAnalogGlitchFilterPulseWidth)
                  00006502    00000026     driverlib.a : dl_i2c.o (.text.DL_I2C_setClockConfig)
                  00006528    00000024     ringbuf.o (.text.ringbuf_init)
                  0000654c    00000024     libclang_rt.builtins.a : muldi3.S.obj (.text)
                  00006570    00000022     libc.a : memccpy.c.obj (.text.memccpy)
                  00006592    00000022     drv_oled_ssd1306.o (.text.oled_send_command)
                  000065b4    00000022     drv_stepper.o (.text.stepper_set_speed)
                  000065d6    00000002     --HOLE-- [fill = 0]
                  000065d8    00000020     ti_msp_dl_config.o (.text.DL_GPIO_initPeripheralInputFunction)
                  000065f8    00000020     app_turret.o (.text.app_turret_set_target)
                  00006618    00000020     bsp_pwm.o (.text.bsp_pwm_set_motor_compare)
                  00006638    0000001e     ti_msp_dl_config.o (.text.DL_UART_setOversampling)
                  00006656    0000001e     drv_encoder_ab.o (.text.encoder_read_state_left)
                  00006674    0000001e     drv_encoder_ab.o (.text.encoder_read_state_right)
                  00006692    00000002     --HOLE-- [fill = 0]
                  00006694    0000001e     libclang_rt.builtins.a : ashldi3.S.obj (.text)
                  000066b2    00000002     --HOLE-- [fill = 0]
                  000066b4    0000001c     ti_msp_dl_config.o (.text.DL_GPIO_clearInterruptStatus)
                  000066d0    0000001c     ti_msp_dl_config.o (.text.DL_GPIO_enableHiZ)
                  000066ec    0000001c     ti_msp_dl_config.o (.text.DL_GPIO_enableInterrupt)
                  00006708    0000001c     ti_msp_dl_config.o (.text.DL_GPIO_initPeripheralOutputFunction)
                  00006724    0000001c     ti_msp_dl_config.o (.text.DL_GPIO_setLowerPinsPolarity)
                  00006740    0000001c     bsp_i2c.o (.text.DL_I2C_isControllerRXFIFOEmpty)
                  0000675c    0000001c     bsp_i2c.o (.text.DL_I2C_isControllerTXFIFOFull)
                  00006778    0000001c     app_isr.o (.text.DL_Interrupt_getPendingGroup)
                  00006794    0000001c     ti_msp_dl_config.o (.text.DL_SYSCTL_setMCLKDivider)
                  000067b0    0000001c     ti_msp_dl_config.o (.text.DL_SYSCTL_setSYSOSCFreq)
                  000067cc    0000001c     ti_msp_dl_config.o (.text.DL_SYSCTL_setULPCLKDivider)
                  000067e8    0000001c     ti_msp_dl_config.o (.text.DL_Timer_enableInterrupt)
                  00006804    0000001c     driverlib.a : dl_timer.o (.text.DL_Timer_setCaptCompUpdateMethod)
                  00006820    0000001c                 : dl_timer.o (.text.DL_Timer_setClockConfig)
                  0000683c    0000001c     bsp_uart.o (.text.DL_UART_enableInterrupt)
                  00006858    0000001c     ti_msp_dl_config.o (.text.DL_UART_enableInterrupt)
                  00006874    0000001c     app_isr.o (.text.TIMA1_IRQHandler)
                  00006890    0000001c     app_ui.o (.text.app_ui_init)
                  000068ac    0000001c     bsp_uart.o (.text.bsp_uart_debug_write_byte)
                  000068c8    0000001c     drv_oled_ssd1306.o (.text.oled_set_cursor)
                  000068e4    0000001c     drv_oled_ssd1306.o (.text.oled_write_char)
                  00006900    0000001c     proto_vofa_firewater.o (.text.proto_vofa_firewater_write_line)
                  0000691c    0000001c     drv_stepper.o (.text.stepper_stop)
                  00006938    0000001a     drv_mpu9250.o (.text.mpu9250_read_who_am_i)
                  00006952    00000002     --HOLE-- [fill = 0]
                  00006954    0000001a     libclang_rt.builtins.a : aeabi_memset.S.obj (.text)
                  0000696e    00000002     --HOLE-- [fill = 0]
                  00006970    00000018     bsp_gpio.o (.text.DL_GPIO_enableOutput)
                  00006988    00000018     ti_msp_dl_config.o (.text.DL_GPIO_enableOutput)
                  000069a0    00000018     ti_msp_dl_config.o (.text.DL_GPIO_enablePower)
                  000069b8    00000018     bsp_gpio.o (.text.DL_GPIO_initDigitalOutput)
                  000069d0    00000018     ti_msp_dl_config.o (.text.DL_GPIO_initDigitalOutput)
                  000069e8    00000018     ti_msp_dl_config.o (.text.DL_GPIO_reset)
                  00006a00    00000018     bsp_gpio.o (.text.DL_GPIO_setPins)
                  00006a18    00000018     ti_msp_dl_config.o (.text.DL_GPIO_setUpperPinsPolarity)
                  00006a30    00000018     bsp_gpio.o (.text.DL_GPIO_togglePins)
                  00006a48    00000018     ti_msp_dl_config.o (.text.DL_I2C_enableAnalogGlitchFilter)
                  00006a60    00000018     ti_msp_dl_config.o (.text.DL_I2C_enableController)
                  00006a78    00000018     ti_msp_dl_config.o (.text.DL_I2C_enableControllerClockStretching)
                  00006a90    00000018     ti_msp_dl_config.o (.text.DL_I2C_enablePower)
                  00006aa8    00000018     ti_msp_dl_config.o (.text.DL_I2C_reset)
                  00006ac0    00000018     ti_msp_dl_config.o (.text.DL_I2C_setTimerPeriod)
                  00006ad8    00000018     ti_msp_dl_config.o (.text.DL_SYSCTL_setBORThreshold)
                  00006af0    00000018     ti_msp_dl_config.o (.text.DL_Timer_enablePower)
                  00006b08    00000018     ti_msp_dl_config.o (.text.DL_Timer_reset)
                  00006b20    00000018     driverlib.a : dl_timer.o (.text.DL_Timer_setCaptureCompareOutCtl)
                  00006b38    00000018     bsp_pwm.o (.text.DL_Timer_setLoadValue)
                  00006b50    00000018     app_control_scheduler.o (.text.DL_Timer_startCounter)
                  00006b68    00000018     bsp_pwm.o (.text.DL_Timer_startCounter)
                  00006b80    00000018     bsp_pwm.o (.text.DL_Timer_stopCounter)
                  00006b98    00000018     bsp_uart.o (.text.DL_UART_clearInterruptStatus)
                  00006bb0    00000018     ti_msp_dl_config.o (.text.DL_UART_enableFIFOs)
                  00006bc8    00000018     ti_msp_dl_config.o (.text.DL_UART_enablePower)
                  00006be0    00000018     bsp_uart.o (.text.DL_UART_isRXFIFOEmpty)
                  00006bf8    00000018     ti_msp_dl_config.o (.text.DL_UART_reset)
                  00006c10    00000018     libc.a : snprintf.c.obj (.text._outc)
                  00006c28    00000018            : vsnprintf.c.obj (.text._outc)
                  00006c40    00000018     bsp_gpio.o (.text.bsp_gpio_read_encoder_left_a)
                  00006c58    00000018     bsp_gpio.o (.text.bsp_gpio_read_encoder_right_a)
                  00006c70    00000018     bsp_gpio.o (.text.bsp_gpio_read_line_mux_out)
                  00006c88    00000018     bsp_pwm.o (.text.bsp_pwm_start_all)
                  00006ca0    00000018     app_chassis.o (.text.chassis_center_reacquired)
                  00006cb8    00000018     proto_k230.o (.text.proto_k230_init)
                  00006cd0    00000016     bsp_gpio.o (.text.DL_GPIO_readPins)
                  00006ce6    00000016     ti_msp_dl_config.o (.text.DL_UART_enable)
                  00006cfc    00000016     ringbuf.o (.text.ringbuf_is_empty)
                  00006d12    00000014     bsp_gpio.o (.text.DL_GPIO_clearPins)
                  00006d26    00000014     ti_msp_dl_config.o (.text.DL_GPIO_clearPins)
                  00006d3a    00000002     --HOLE-- [fill = 0]
                  00006d3c    00000014     bsp_i2c.o (.text.DL_I2C_getControllerStatus)
                  00006d50    00000014     bsp_i2c.o (.text.DL_I2C_receiveControllerData)
                  00006d64    00000014     ti_msp_dl_config.o (.text.DL_I2C_resetControllerTransfer)
                  00006d78    00000014     ti_msp_dl_config.o (.text.DL_SYSCTL_disableSYSPLL)
                  00006d8c    00000014     ti_msp_dl_config.o (.text.DL_Timer_enableClock)
                  00006da0    00000014     ti_msp_dl_config.o (.text.DL_Timer_setCCPDirection)
                  00006db4    00000014     bsp_uart.o (.text.DL_UART_receiveData)
                  00006dc8    00000014     app_isr.o (.text.app_isr_set_encoder_driver)
                  00006ddc    00000014     bsp_gpio.o (.text.bsp_gpio_read_encoder_left_b)
                  00006df0    00000014     bsp_gpio.o (.text.bsp_gpio_read_encoder_right_b)
                  00006e04    00000014     bsp_gpio.o (.text.bsp_gpio_toggle_led)
                  00006e18    00000014     libclang_rt.builtins.a : aeabi_uldivmod.S.obj (.text)
                  00006e2c    00000012     app_isr.o (.text.DL_GPIO_getPendingInterrupt)
                  00006e3e    00000012     app_isr.o (.text.DL_Timer_getPendingInterrupt)
                  00006e50    00000012     bsp_uart.o (.text.DL_UART_getPendingInterrupt)
                  00006e62    00000012     driverlib.a : dl_uart.o (.text.DL_UART_setClockConfig)
                  00006e74    00000012     libc.a : _printfi.c.obj (.text.strchr)
                  00006e86    00000012            : memcpy16.S.obj (.text:TI_memcpy_small)
                  00006e98    00000012            : copy_decompress_none.c.obj (.text:decompress:none)
                  00006eaa    00000002     --HOLE-- [fill = 0]
                  00006eac    00000010     ti_msp_dl_config.o (.text.DL_SYSCTL_disableHFXT)
                  00006ebc    00000010     driverlib.a : dl_timer.o (.text.DL_Timer_setCaptureCompareValue)
                  00006ecc    00000010     app_chassis.o (.text.app_chassis_get_snapshot)
                  00006edc    00000010     empty.o (.text.main)
                  00006eec    00000010     libc.a : wcslen.c.obj (.text.wcslen)
                  00006efc    00000010            : copy_zero_init.c.obj (.text:decompress:ZI)
                  00006f0c    0000000e            : _printfi.c.obj (.text.strlen)
                  00006f1a    0000000e            : strlen.c.obj (.text.strlen)
                  00006f28    0000000e            : memset16.S.obj (.text:TI_memset_small)
                  00006f36    00000002     --HOLE-- [fill = 0]
                  00006f38    0000000c     app_chassis.o (.text.app_chassis_get_encoder_driver)
                  00006f44    0000000c     app_imu.o (.text.app_imu_get_snapshot)
                  00006f50    0000000c     app_turret.o (.text.app_turret_get_snapshot)
                  00006f5c    0000000c     drv_motor_dc.o (.text.motor_dc_get_output)
                  00006f68    0000000a     driverlib.a : dl_common.o (.text.DL_Common_delayCycles)
                  00006f72    0000000a     libc.a : _printfi.c.obj (.text.OUTLINED_FUNCTION_0)
                  00006f7c    00000010     libclang_rt.builtins.a : adddf3.S.obj (.tramp.__aeabi_dsub.1)
                  00006f8c    0000000a     libc.a : _printfi.c.obj (.text.OUTLINED_FUNCTION_1)
                  00006f96    0000000a     app_chassis.o (.text.chassis_get_control_error)
                  00006fa0    00000008     app_isr.o (.text.UART0_IRQHandler)
                  00006fa8    00000008     app_isr.o (.text.UART2_IRQHandler)
                  00006fb0    00000008     libclang_rt.builtins.a : aeabi_ddiv.c.obj (.text.__aeabi_ddiv)
                  00006fb8    00000008                            : aeabi_dmul.c.obj (.text.__aeabi_dmul)
                  00006fc0    00000008     libc.a : aeabi_portable.c.obj (.text.__aeabi_errno_addr)
                  00006fc8    00000008     bsp_uart.o (.text.bsp_uart_get_k230_ringbuf)
                  00006fd0    00000008     libclang_rt.builtins.a : aeabi_memcpy.S.obj (.text)
                  00006fd8    00000006     libc.a : s_atanf.c.obj (.text.OUTLINED_FUNCTION_0)
                  00006fde    00000002     --HOLE-- [fill = 0]
                  00006fe0    00000010     libclang_rt.builtins.a : divsf3.S.obj (.tramp.__aeabi_fdiv.1)
                  00006ff0    00000006     libc.a : exit.c.obj (.text:abort)
                  00006ff6    00000004     startup_mspm0g350x_ticlang.o (.text.Default_Handler)
                  00006ffa    00000004     libsysbm.a : hostexit.c.obj (.text.HOSTexit)
                  00006ffe    00000004     libc.a : s_atanf.c.obj (.text.OUTLINED_FUNCTION_1)
                  00007002    00000002     --HOLE-- [fill = 0]
                  00007004    00000010     libclang_rt.builtins.a : addsf3.S.obj (.tramp.__aeabi_fadd.1)
                  00007014    00000004     startup_mspm0g350x_ticlang.o (.text.Reset_Handler)
                  00007018    00000010     libc.a : boot_cortex_m.c.obj (.tramp._c_int00_noargs.1)
                  00007028    00000004            : pre_init.c.obj (.text._system_pre_init)
                  0000702c    00000004     --HOLE-- [fill = 0]

.cinit     0    00007610    00000030     
                  00007610    0000000c     (__TI_handler_table)
                  0000761c    00000008     (.cinit..bss.load) [load image, compression = zero_init]
                  00007624    00000007     (.cinit..data.load) [load image, compression = lzss]
                  0000762b    00000001     --HOLE-- [fill = 0]
                  0000762c    00000010     (__TI_cinit_table)
                  0000763c    00000004     --HOLE-- [fill = 0]

.rodata    0    00007030    000005e0     
                  00007030    000001e0     drv_oled_ssd1306.o (.rodata.g_font_5x7)
                  00007210    00000101     libc.a : aeabi_ctype.S.obj (.rodata:__aeabi_ctype_table_)
                  00007311    00000003     ti_msp_dl_config.o (.rodata.gPWM_MOTOR_LEFTClockConfig)
                  00007314    00000030     app_turret.o (.rodata.app_turret_init.turret_pid_cfg)
                  00007344    00000030     app_chassis.o (.rodata.g_line_pid_cfg)
                  00007374    00000030     app_chassis.o (.rodata.g_speed_pid_cfg)
                  000073a4    00000028     empty.o (.rodata.run_vehicle_app.vofa_names)
                  000073cc    00000024     app_chassis.o (.rodata.g_line_sensor_cfg)
                  000073f0    00000020     libc.a : s_atanf.c.obj (.rodata.cst16)
                  00007410    00000017     drv_oled_ssd1306.o (.rodata.g_oled_init_seq)
                  00007427    00000001     --HOLE-- [fill = 0]
                  00007428    00000014     ti_msp_dl_config.o (.rodata.gTIMER_CTRL_1KHZTimerConfig)
                  0000743c    00000013     empty.o (.rodata.str1.17686411042290499047.1)
                  0000744f    00000011     libc.a : _printfi.c.obj (.rodata.str1.10348868589481759720.1)
                  00007460    00000011            : _printfi.c.obj (.rodata.str1.15363888844622738466.1)
                  00007471    00000011     empty.o (.rodata.str1.7401042497206923953.1)
                  00007482    00000002     ti_msp_dl_config.o (.rodata.gI2C_SENSOR_BUSClockConfig)
                  00007484    00000010     app_turret.o (.rodata.app_turret_init.pitch_cfg)
                  00007494    00000010     app_turret.o (.rodata.app_turret_init.yaw_cfg)
                  000074a4    00000010     drv_encoder_ab.o (.rodata.g_qei_table)
                  000074b4    00000010     empty.o (.rodata.str1.11898133897667081452.1)
                  000074c4    00000010     empty.o (.rodata.str1.150872071346279890.1)
                  000074d4    00000010     app_ui.o (.rodata.str1.491321146314490610.1)
                  000074e4    0000000f     app_ui.o (.rodata.str1.15306790646973115948.1)
                  000074f3    0000000f     empty.o (.rodata.str1.16704889451495720520.1)
                  00007502    0000000d     empty.o (.rodata.str1.2196762768037919588.1)
                  0000750f    0000000d     app_ui.o (.rodata.str1.5075943537078053564.1)
                  0000751c    0000000c     app_imu.o (.rodata.app_imu_init.fusion_cfg)
                  00007528    0000000c     app_chassis.o (.rodata.g_left_motor_cfg)
                  00007534    0000000c     app_chassis.o (.rodata.g_right_motor_cfg)
                  00007540    0000000c     empty.o (.rodata.str1.15706828512682300538.1)
                  0000754c    0000000c     app_ui.o (.rodata.str1.7034054880712102617.1)
                  00007558    0000000c     app_ui.o (.rodata.str1.7037387292574431710.1)
                  00007564    0000000b     proto_vofa_firewater.o (.rodata.str1.1369630562928637083.1)
                  0000756f    0000000b     empty.o (.rodata.str1.14685083708502177989.1)
                  0000757a    0000000b     proto_vofa_firewater.o (.rodata.str1.777347185933502351.1)
                  00007585    0000000b     empty.o (.rodata.str1.9517790425240694019.1)
                  00007590    0000000a     ti_msp_dl_config.o (.rodata.gUART_DEBUGConfig)
                  0000759a    0000000a     ti_msp_dl_config.o (.rodata.gUART_K230Config)
                  000075a4    0000000a     empty.o (.rodata.str1.17669528882079347314.1)
                  000075ae    0000000a     empty.o (.rodata.str1.254342170260855183.1)
                  000075b8    00000008     ti_msp_dl_config.o (.rodata.gPWM_MOTOR_LEFTConfig)
                  000075c0    00000008     ti_msp_dl_config.o (.rodata.gPWM_MOTOR_RIGHTConfig)
                  000075c8    00000008     ti_msp_dl_config.o (.rodata.gPWM_STEP_PITCHConfig)
                  000075d0    00000008     ti_msp_dl_config.o (.rodata.gPWM_STEP_YAWConfig)
                  000075d8    00000008     app_chassis.o (.rodata.g_left_encoder_cfg)
                  000075e0    00000008     app_chassis.o (.rodata.g_right_encoder_cfg)
                  000075e8    00000008     proto_vofa_firewater.o (.rodata.str1.13770452268044769405.1)
                  000075f0    00000007     proto_vofa_firewater.o (.rodata.str1.9885088700084294572.1)
                  000075f7    00000006     proto_vofa_firewater.o (.rodata.str1.4252196020124871187.1)
                  000075fd    00000003     ti_msp_dl_config.o (.rodata.gPWM_MOTOR_RIGHTClockConfig)
                  00007600    00000003     ti_msp_dl_config.o (.rodata.gPWM_STEP_PITCHClockConfig)
                  00007603    00000003     ti_msp_dl_config.o (.rodata.gPWM_STEP_YAWClockConfig)
                  00007606    00000003     ti_msp_dl_config.o (.rodata.gTIMER_CTRL_1KHZClockConfig)
                  00007609    00000002     ti_msp_dl_config.o (.rodata.gUART_DEBUGClockConfig)
                  0000760b    00000002     ti_msp_dl_config.o (.rodata.gUART_K230ClockConfig)
                  0000760d    00000003     --HOLE-- [fill = 0]

.init_array 
*          0    00000000    00000000     UNINITIALIZED

.binit     0    00000000    00000000     

.bss       0    20200000    00000b4c     UNINITIALIZED
                  20200000    00000406     app_ui.o (.bss.g_oled)
                  20200406    00000001     app_ui.o (.bss.g_oled_ready)
                  20200407    00000001     --HOLE--
                  20200408    00000200     app_chassis.o (.bss.g_chassis)
                  20200608    0000010c     app_turret.o (.bss.g_turret)
                  20200714    00000100     bsp_uart.o (.bss.g_k230_ring_storage)
                  20200814    000000bc     (.common:gPWM_STEP_YAWBackup)
                  202008d0    000000bc     (.common:gTIMER_CTRL_1KHZBackup)
                  2020098c    000000a0     (.common:gPWM_MOTOR_RIGHTBackup)
                  20200a2c    00000080     bsp_uart.o (.bss.g_debug_rx_ring_storage)
                  20200aac    00000070     app_imu.o (.bss.g_imu)
                  20200b1c    0000000c     bsp_uart.o (.bss.g_debug_rx_ringbuf)
                  20200b28    0000000c     bsp_uart.o (.bss.g_k230_ringbuf)
                  20200b34    0000000c     app_control_scheduler.o (.bss.g_scheduler)
                  20200b40    00000008     bsp_pwm.o (.bss.g_step_frequency_hz)
                  20200b48    00000004     app_isr.o (.bss.g_encoder_driver)

.data      0    20200b4c    00000007     UNINITIALIZED
                  20200b4c    00000004     libc.a : aeabi_portable.c.obj (.data.__aeabi_errno)
                  20200b50    00000001     drv_oled_ssd1306.o (.data.g_oled_last_failed_command)
                  20200b51    00000001     drv_oled_ssd1306.o (.data.g_oled_last_failed_index)
                  20200b52    00000001     drv_oled_ssd1306.o (.data.g_oled_last_status)

.stack     0    20207e00    00000200     UNINITIALIZED
                  20207e00    00000004     libc.a : boot_cortex_m.c.obj (.stack)
                  20207e04    000001fc     --HOLE--

__llvm_prf_cnts 
*          0    20200000    00000000     UNINITIALIZED

__llvm_prf_bits 
*          0    20200000    00000000     UNINITIALIZED

MODULE SUMMARY

       Module                         code    ro data   rw data
       ------                         ----    -------   -------
    .\
       ti_msp_dl_config.o             3036    93        536    
       empty.o                        436     190       0      
       startup_mspm0g350x_ticlang.o   8       192       0      
    +--+------------------------------+-------+---------+---------+
       Total:                         3480    475       536    
                                                               
    .\algo\
       algo_pid.o                     1142    0         0      
       algo_fusion.o                  524     0         0      
       algo_filter.o                  192     0         0      
    +--+------------------------------+-------+---------+---------+
       Total:                         1858    0         0      
                                                               
    .\app\
       app_chassis.o                  2800    172       512    
       app_ui.o                       308     68        1031   
       app_turret.o                   344     80        268    
       app_control_scheduler.o        392     0         12     
       app_imu.o                      216     12        112    
       app_isr.o                      280     0         4      
    +--+------------------------------+-------+---------+---------+
       Total:                         4340    332       1939   
                                                               
    .\bsp\
       bsp_uart.o                     902     0         408    
       bsp_i2c.o                      1086    0         0      
       bsp_gpio.o                     934     0         0      
       bsp_pwm.o                      762     0         8      
    +--+------------------------------+-------+---------+---------+
       Total:                         3684    0         416    
                                                               
    .\common\
       ringbuf.o                      244     0         0      
    +--+------------------------------+-------+---------+---------+
       Total:                         244     0         0      
                                                               
    .\drivers\
       drv_oled_ssd1306.o             900     503       3      
       drv_mpu9250.o                  890     0         0      
       drv_stepper.o                  490     0         0      
       drv_line_sensor.o              452     0         0      
       drv_encoder_ab.o               434     16        0      
       drv_motor_dc.o                 324     0         0      
    +--+------------------------------+-------+---------+---------+
       Total:                         3490    519       3      
                                                               
    .\protocol\
       proto_vofa_firewater.o         540     43        0      
       proto_k230.o                   318     0         0      
    +--+------------------------------+-------+---------+---------+
       Total:                         858     43        0      
                                                               
    C:\ti\ccs2100\ccs\tools\compiler\ti-cgt-armllvm_5.1.1.LTS\lib\armv6m-ti-none-eabi/c/libc.a
       _printfi.c.obj                 4624    34        0      
       s_atanf.c.obj                  466     32        0      
       e_atan2f.c.obj                 280     0         0      
       aeabi_ctype.S.obj              0       257       0      
       s_scalbn.c.obj                 220     0         0      
       e_sqrtf.c.obj                  180     0         0      
       snprintf.c.obj                 146     0         0      
       vsnprintf.c.obj                138     0         0      
       copy_decompress_lzss.c.obj     124     0         0      
       s_frexp.c.obj                  92      0         0      
       _ltoa.c.obj                    88      0         0      
       atoi.c.obj                     68      0         0      
       autoinit.c.obj                 60      0         0      
       boot_cortex_m.c.obj            56      0         0      
       memccpy.c.obj                  34      0         0      
       copy_decompress_none.c.obj     18      0         0      
       memcpy16.S.obj                 18      0         0      
       copy_zero_init.c.obj           16      0         0      
       wcslen.c.obj                   16      0         0      
       memset16.S.obj                 14      0         0      
       strlen.c.obj                   14      0         0      
       aeabi_portable.c.obj           8       0         4      
       exit.c.obj                     6       0         0      
       pre_init.c.obj                 4       0         0      
    +--+------------------------------+-------+---------+---------+
       Total:                         6690    323       4      
                                                               
    C:\ti\ccs2100\ccs\tools\compiler\ti-cgt-armllvm_5.1.1.LTS\lib\armv6m-ti-none-eabi/c/libsysbm.a
       hostexit.c.obj                 4       0         0      
    +--+------------------------------+-------+---------+---------+
       Total:                         4       0         0      
                                                               
    C:\ti\ccs2100\ccs\tools\compiler\ti-cgt-armllvm_5.1.1.LTS\lib\armv6m-ti-none-eabi/libclang_rt.builtins.a
       adddf3.S.obj                   418     0         0      
       divdf3.S.obj                   282     0         0      
       comparedf2.c.obj               268     0         0      
       addsf3.S.obj                   232     0         0      
       muldf3.S.obj                   228     0         0      
       udivmoddi4.S.obj               162     0         0      
       divsf3.S.obj                   146     0         0      
       comparesf2.S.obj               140     0         0      
       mulsf3.S.obj                   140     0         0      
       aeabi_dcmp.S.obj               90      0         0      
       aeabi_fcmp.S.obj               90      0         0      
       aeabi_idivmod.S.obj            86      0         0      
       fixdfsi.S.obj                  74      0         0      
       aeabi_uidivmod.S.obj           64      0         0      
       extendsfdf2.S.obj              64      0         0      
       floatsisf.S.obj                60      0         0      
       muldsi3.S.obj                  58      0         0      
       fixsfsi.S.obj                  56      0         0      
       fixunssfsi.S.obj               50      0         0      
       floatsidf.S.obj                44      0         0      
       floatunsisf.S.obj              40      0         0      
       muldi3.S.obj                   36      0         0      
       ashldi3.S.obj                  30      0         0      
       aeabi_memset.S.obj             26      0         0      
       aeabi_uldivmod.S.obj           20      0         0      
       aeabi_ddiv.c.obj               8       0         0      
       aeabi_dmul.c.obj               8       0         0      
       aeabi_memcpy.S.obj             8       0         0      
       aeabi_div0.c.obj               4       0         0      
    +--+------------------------------+-------+---------+---------+
       Total:                         2932    0         0      
                                                               
    D:/ccs/mspm0_sdk/mspm0_sdk_2_10_00_04/source/ti/driverlib/lib/ticlang/m0p/mspm0g1x0x_g3x0x/driverlib.a
       dl_timer.o                     608     0         0      
       dl_uart.o                      138     0         0      
       dl_i2c.o                       132     0         0      
       dl_common.o                    10      0         0      
    +--+------------------------------+-------+---------+---------+
       Total:                         888     0         0      
                                                               
       Stack:                         0       0         512    
       Linker Generated:              0       43        0      
    +--+------------------------------+-------+---------+---------+
       Grand Total:                   28468   1735      3410   


LINKER GENERATED COPY TABLES

__TI_cinit_table @ 0000762c records: 2, size/record: 8, table size: 16
	.bss: load addr=0000761c, load size=00000008 bytes, run addr=20200000, run size=00000b4c bytes, compression=zero_init
	.data: load addr=00007624, load size=00000007 bytes, run addr=20200b4c, run size=00000007 bytes, compression=lzss


LINKER GENERATED HANDLER TABLE

__TI_handler_table @ 00007610 records: 3, size/record: 4, table size: 12
	index: 0, handler: __TI_decompress_lzss
	index: 1, handler: __TI_decompress_none
	index: 2, handler: __TI_zero_init


FAR CALL TRAMPOLINES

callee name               trampoline name
   callee addr  tramp addr   call addr  call info
--------------  -----------  ---------  ----------------
__aeabi_dsub              $Tramp$TT$L$PI$$__aeabi_dsub
   000016d5     00006f7c     00006f7a   libc.a : _printfi.c.obj (.text.OUTLINED_FUNCTION_0)
__aeabi_fdiv              $Tramp$TT$L$PI$$__aeabi_fdiv
   00004269     00006fe0     00006fdc   libc.a : s_atanf.c.obj (.text.OUTLINED_FUNCTION_0)
__aeabi_fadd              $Tramp$TT$L$PI$$__aeabi_fadd
   00002fcf     00007004     00007000   libc.a : s_atanf.c.obj (.text.OUTLINED_FUNCTION_1)
_c_int00_noargs           $Tramp$TT$L$PI$$_c_int00_noargs
   0000648d     00007018     00007014   startup_mspm0g350x_ticlang.o (.text.Reset_Handler)

[4 trampolines]
[4 trampoline calls]


GLOBAL SYMBOLS: SORTED ALPHABETICALLY BY Name 

address   name                                
-------   ----                                
00006ff7  ADC0_IRQHandler                     
00006ff7  ADC1_IRQHandler                     
00006ff7  AES_IRQHandler                      
00006ffa  C$$EXIT                             
00006ff7  CANFD0_IRQHandler                   
00006ff7  DAC0_IRQHandler                     
00006f69  DL_Common_delayCycles               
00004b61  DL_I2C_fillControllerTXFIFO         
00006503  DL_I2C_setClockConfig               
0000238d  DL_Timer_initFourCCPWMMode          
00002591  DL_Timer_initTimerMode              
00006805  DL_Timer_setCaptCompUpdateMethod    
00006b21  DL_Timer_setCaptureCompareOutCtl    
00006ebd  DL_Timer_setCaptureCompareValue     
00006821  DL_Timer_setClockConfig             
000053d1  DL_UART_init                        
00006e63  DL_UART_setClockConfig              
00005e79  DL_UART_transmitDataBlocking        
00006ff7  DMA_IRQHandler                      
00006ff7  Default_Handler                     
00006ff7  GROUP0_IRQHandler                   
00003cdd  GROUP1_IRQHandler                   
00006ffb  HOSTexit                            
00006ff7  HardFault_Handler                   
00006ff7  I2C0_IRQHandler                     
00006ff7  I2C1_IRQHandler                     
00006ff7  NMI_Handler                         
00006ff7  PendSV_Handler                      
00006ff7  RTC_IRQHandler                      
00007015  Reset_Handler                       
00006ff7  SPI0_IRQHandler                     
00006ff7  SPI1_IRQHandler                     
00006ff7  SVC_Handler                         
00000f7d  SYSCFG_DL_GPIO_init                 
00004cd5  SYSCFG_DL_I2C_SENSOR_BUS_init       
00003e9d  SYSCFG_DL_PWM_MOTOR_LEFT_init       
00003f2d  SYSCFG_DL_PWM_MOTOR_RIGHT_init      
00004639  SYSCFG_DL_PWM_STEP_PITCH_init       
000046a1  SYSCFG_DL_PWM_STEP_YAW_init         
00006205  SYSCFG_DL_SYSCTL_init               
00005ca9  SYSCFG_DL_TIMER_CTRL_1KHZ_init      
00004e8d  SYSCFG_DL_UART_DEBUG_init           
00005419  SYSCFG_DL_UART_K230_init            
0000507d  SYSCFG_DL_init                      
000034a5  SYSCFG_DL_initPower                 
00006ff7  SysTick_Handler                     
00006ff7  TIMA0_IRQHandler                    
00006875  TIMA1_IRQHandler                    
00006ff7  TIMG0_IRQHandler                    
00006ff7  TIMG12_IRQHandler                   
00006ff7  TIMG6_IRQHandler                    
00006ff7  TIMG7_IRQHandler                    
00006ff7  TIMG8_IRQHandler                    
00006e87  TI_memcpy_small                     
00006f29  TI_memset_small                     
00006fa1  UART0_IRQHandler                    
00006ff7  UART1_IRQHandler                    
00006fa9  UART2_IRQHandler                    
00006ff7  UART3_IRQHandler                    
20208000  __STACK_END                         
00000200  __STACK_SIZE                        
00000000  __TI_ATRegion0_region_sz            
00000000  __TI_ATRegion0_src_addr             
00000000  __TI_ATRegion0_trg_addr             
00000000  __TI_ATRegion1_region_sz            
00000000  __TI_ATRegion1_src_addr             
00000000  __TI_ATRegion1_trg_addr             
00000000  __TI_ATRegion2_region_sz            
00000000  __TI_ATRegion2_src_addr             
00000000  __TI_ATRegion2_trg_addr             
0000762c  __TI_CINIT_Base                     
0000763c  __TI_CINIT_Limit                    
0000763c  __TI_CINIT_Warm                     
00007610  __TI_Handler_Table_Base             
0000761c  __TI_Handler_Table_Limit            
00005a31  __TI_auto_init_nobinit_nopinit      
000043ed  __TI_decompress_lzss                
00006e99  __TI_decompress_none                
00004d2d  __TI_ltoa                           
ffffffff  __TI_pprof_out_hndl                 
000000c1  __TI_printfi                        
ffffffff  __TI_prof_data_size                 
ffffffff  __TI_prof_data_start                
00000000  __TI_static_base__                  
00006efd  __TI_zero_init                      
000016df  __adddf3                            
00002fcf  __addsf3                            
00007210  __aeabi_ctype_table_                
00007210  __aeabi_ctype_table_C               
00005385  __aeabi_d2iz                        
000016df  __aeabi_dadd                        
00004c1d  __aeabi_dcmpeq                      
00004c53  __aeabi_dcmpge                      
00004c65  __aeabi_dcmpgt                      
00004c41  __aeabi_dcmple                      
00004c2f  __aeabi_dcmplt                      
00005ea9  __aeabi_dcmpun                      
00006fb1  __aeabi_ddiv                        
00006fb9  __aeabi_dmul                        
000016d5  __aeabi_dsub                        
20200b4c  __aeabi_errno                       
00006fc1  __aeabi_errno_addr                  
00005749  __aeabi_f2d                         
00005c71  __aeabi_f2iz                        
00005e45  __aeabi_f2uiz                       
00002fcf  __aeabi_fadd                        
00004c79  __aeabi_fcmpeq                      
00004caf  __aeabi_fcmpge                      
00004cc1  __aeabi_fcmpgt                      
00004c9d  __aeabi_fcmple                      
00004c8b  __aeabi_fcmplt                      
000040bf  __aeabi_fcmpun                      
00004269  __aeabi_fdiv                        
000040d5  __aeabi_fmul                        
00002fc5  __aeabi_fsub                        
000061d9  __aeabi_i2d                         
00005a6d  __aeabi_i2f                         
00004e35  __aeabi_idiv                        
0000215b  __aeabi_idiv0                       
00004e35  __aeabi_idivmod                     
0000297b  __aeabi_ldiv0                       
00006695  __aeabi_llsl                        
0000654d  __aeabi_lmul                        
00006963  __aeabi_memclr                      
00006963  __aeabi_memclr4                     
00006963  __aeabi_memclr8                     
00006fd1  __aeabi_memcpy                      
00006fd1  __aeabi_memcpy4                     
00006fd1  __aeabi_memcpy8                     
00006955  __aeabi_memset                      
00006955  __aeabi_memset4                     
00006955  __aeabi_memset8                     
000064b5  __aeabi_ui2f                        
00005709  __aeabi_uidiv                       
00005709  __aeabi_uidivmod                    
00006e19  __aeabi_uldivmod                    
00006695  __ashldi3                           
ffffffff  __binit__                           
00004709  __cmpdf2                            
00004049  __cmpsf2                            
00002041  __divdf3                            
00004269  __divsf3                            
00004709  __eqdf2                             
00004049  __eqsf2                             
00005749  __extendsfdf2                       
00005385  __fixdfsi                           
00005c71  __fixsfsi                           
00005e45  __fixunssfsi                        
000061d9  __floatsidf                         
00005a6d  __floatsisf                         
000064b5  __floatunsisf                       
000044e5  __gedf2                             
00004083  __gesf2                             
000044e5  __gtdf2                             
00004083  __gtsf2                             
00004709  __ledf2                             
00004049  __lesf2                             
00004709  __ltdf2                             
00004049  __ltsf2                             
UNDEFED   __mpu_init                          
00002d25  __muldf3                            
0000654d  __muldi3                            
00005ae5  __muldsi3                           
000040d5  __mulsf3                            
00004709  __nedf2                             
00004049  __nesf2                             
20207e00  __stack                             
20200000  __start___llvm_prf_bits             
20200000  __start___llvm_prf_cnts             
20200000  __stop___llvm_prf_bits              
20200000  __stop___llvm_prf_cnts              
000016d5  __subdf3                            
00002fc5  __subsf3                            
00003c39  __udivmoddi4                        
00005ea9  __unorddf2                          
000040bf  __unordsf2                          
0000648d  _c_int00_noargs                     
UNDEFED   _system_post_cinit                  
00007029  _system_pre_init                    
00006ff1  abort                               
00003315  app_chassis_control_task            
00006f39  app_chassis_get_encoder_driver      
00006ecd  app_chassis_get_snapshot            
0000297d  app_chassis_init                    
00005255  app_chassis_line_task               
000050cd  app_control_scheduler_fetch         
00005cdd  app_control_scheduler_init          
00003d75  app_control_scheduler_on_tick_isr   
00006f45  app_imu_get_snapshot                
00004771  app_imu_init                        
000048a9  app_imu_task                        
00006dc9  app_isr_set_encoder_driver          
000033dd  app_turret_control_task             
00006f51  app_turret_get_snapshot             
0000490d  app_turret_init                     
000065f9  app_turret_set_target               
00006891  app_ui_init                         
0000215d  app_ui_refresh                      
00002275  atan2f                              
00001359  atanf                               
0000557d  atoi                                
ffffffff  binit                               
00005f69  bsp_gpio_init                       
00004b01  bsp_gpio_init_line_mux              
00006c41  bsp_gpio_read_encoder_left_a        
00006ddd  bsp_gpio_read_encoder_left_b        
00006c59  bsp_gpio_read_encoder_right_a       
00006df1  bsp_gpio_read_encoder_right_b       
00006c71  bsp_gpio_read_line_mux_out          
00005f09  bsp_gpio_set_buzzer                 
00003e09  bsp_gpio_set_dir_output             
00005d11  bsp_gpio_set_laser                  
00005d45  bsp_gpio_set_led                    
000042ed  bsp_gpio_set_line_mux_address       
00005f97  bsp_gpio_set_motor_dir              
00005f39  bsp_gpio_set_turret_dir             
00006e05  bsp_gpio_toggle_led                 
00003c37  bsp_i2c_init                        
00002a6d  bsp_i2c_mem_read                    
000041e7  bsp_i2c_mem_write                   
000054f1  bsp_i2c_write_bytes                 
00005b21  bsp_pwm_init                        
00003621  bsp_pwm_set_motor_bridge            
000036d5  bsp_pwm_set_step_frequency          
00006c89  bsp_pwm_start_all                   
000052a1  bsp_pwm_stop_step                   
000049d5  bsp_uart_debug_irq_handler          
0000511d  bsp_uart_debug_printf               
000059f5  bsp_uart_debug_write                
000068ad  bsp_uart_debug_write_byte           
000055c1  bsp_uart_enable_irqs                
00006fc9  bsp_uart_get_k230_ringbuf           
000060d1  bsp_uart_init                       
00004a39  bsp_uart_k230_irq_handler           
00004a9d  encoder_driver_handle_gpio_interrupt
00005649  encoder_driver_init                 
0000436d  encoder_driver_update_speed         
00004bc1  frexp                               
00004bc1  frexpl                              
00005e11  fusion6_init                        
00001b69  fusion6_update                      
2020098c  gPWM_MOTOR_RIGHTBackup              
20200814  gPWM_STEP_YAWBackup                 
202008d0  gTIMER_CTRL_1KHZBackup              
00000000  interruptVectors                    
00002ee9  ldexp                               
00002ee9  ldexpl                              
00004469  line_sensor_init                    
00002885  line_sensor_update                  
0000622f  lpf1_init                           
00004ddd  lpf1_update                         
00006edd  main                                
00006571  memccpy                             
00006f5d  motor_dc_get_output                 
00006415  motor_dc_init                       
00003aef  motor_dc_set_output                 
00002b5d  mpu9250_calibrate_gyro_bias         
00001f25  mpu9250_init                        
00003fbd  mpu9250_read_raw                    
00006939  mpu9250_read_who_am_i               
0000309d  mpu9250_update                      
0000643d  oled_clear                          
00003789  oled_flush                          
00003171  oled_init                           
00005689  oled_printf                         
000068c9  oled_set_cursor                     
000068e5  oled_write_char                     
00006465  oled_write_str                      
00005bc9  pid_init                            
00004559  pid_reset                           
00001867  pid_update                          
00006cb9  proto_k230_init                     
00002e09  proto_k230_process_ringbuf          
00003569  proto_vofa_firewater_send           
00002789  proto_vofa_firewater_send_named     
000052ed  proto_vofa_firewater_send_packet    
00006529  ringbuf_init                        
00006cfd  ringbuf_is_empty                    
00005605  ringbuf_pop_byte                    
00005339  ringbuf_push_byte                   
00002ee9  scalbn                              
00002ee9  scalbnl                             
000054a9  snprintf                            
0000383d  sqrtf                               
00006283  stepper_enable                      
00005d79  stepper_init                        
000065b5  stepper_set_speed                   
0000691d  stepper_stop                        
00002c41  stepper_update                      
00006f1b  strlen                              
000056c9  vsnprintf                           
00006eed  wcslen                              


GLOBAL SYMBOLS: SORTED BY Symbol Address 

address   name                                
-------   ----                                
00000000  __TI_ATRegion0_region_sz            
00000000  __TI_ATRegion0_src_addr             
00000000  __TI_ATRegion0_trg_addr             
00000000  __TI_ATRegion1_region_sz            
00000000  __TI_ATRegion1_src_addr             
00000000  __TI_ATRegion1_trg_addr             
00000000  __TI_ATRegion2_region_sz            
00000000  __TI_ATRegion2_src_addr             
00000000  __TI_ATRegion2_trg_addr             
00000000  __TI_static_base__                  
00000000  interruptVectors                    
000000c1  __TI_printfi                        
00000200  __STACK_SIZE                        
00000f7d  SYSCFG_DL_GPIO_init                 
00001359  atanf                               
000016d5  __aeabi_dsub                        
000016d5  __subdf3                            
000016df  __adddf3                            
000016df  __aeabi_dadd                        
00001867  pid_update                          
00001b69  fusion6_update                      
00001f25  mpu9250_init                        
00002041  __divdf3                            
0000215b  __aeabi_idiv0                       
0000215d  app_ui_refresh                      
00002275  atan2f                              
0000238d  DL_Timer_initFourCCPWMMode          
00002591  DL_Timer_initTimerMode              
00002789  proto_vofa_firewater_send_named     
00002885  line_sensor_update                  
0000297b  __aeabi_ldiv0                       
0000297d  app_chassis_init                    
00002a6d  bsp_i2c_mem_read                    
00002b5d  mpu9250_calibrate_gyro_bias         
00002c41  stepper_update                      
00002d25  __muldf3                            
00002e09  proto_k230_process_ringbuf          
00002ee9  ldexp                               
00002ee9  ldexpl                              
00002ee9  scalbn                              
00002ee9  scalbnl                             
00002fc5  __aeabi_fsub                        
00002fc5  __subsf3                            
00002fcf  __addsf3                            
00002fcf  __aeabi_fadd                        
0000309d  mpu9250_update                      
00003171  oled_init                           
00003315  app_chassis_control_task            
000033dd  app_turret_control_task             
000034a5  SYSCFG_DL_initPower                 
00003569  proto_vofa_firewater_send           
00003621  bsp_pwm_set_motor_bridge            
000036d5  bsp_pwm_set_step_frequency          
00003789  oled_flush                          
0000383d  sqrtf                               
00003aef  motor_dc_set_output                 
00003c37  bsp_i2c_init                        
00003c39  __udivmoddi4                        
00003cdd  GROUP1_IRQHandler                   
00003d75  app_control_scheduler_on_tick_isr   
00003e09  bsp_gpio_set_dir_output             
00003e9d  SYSCFG_DL_PWM_MOTOR_LEFT_init       
00003f2d  SYSCFG_DL_PWM_MOTOR_RIGHT_init      
00003fbd  mpu9250_read_raw                    
00004049  __cmpsf2                            
00004049  __eqsf2                             
00004049  __lesf2                             
00004049  __ltsf2                             
00004049  __nesf2                             
00004083  __gesf2                             
00004083  __gtsf2                             
000040bf  __aeabi_fcmpun                      
000040bf  __unordsf2                          
000040d5  __aeabi_fmul                        
000040d5  __mulsf3                            
000041e7  bsp_i2c_mem_write                   
00004269  __aeabi_fdiv                        
00004269  __divsf3                            
000042ed  bsp_gpio_set_line_mux_address       
0000436d  encoder_driver_update_speed         
000043ed  __TI_decompress_lzss                
00004469  line_sensor_init                    
000044e5  __gedf2                             
000044e5  __gtdf2                             
00004559  pid_reset                           
00004639  SYSCFG_DL_PWM_STEP_PITCH_init       
000046a1  SYSCFG_DL_PWM_STEP_YAW_init         
00004709  __cmpdf2                            
00004709  __eqdf2                             
00004709  __ledf2                             
00004709  __ltdf2                             
00004709  __nedf2                             
00004771  app_imu_init                        
000048a9  app_imu_task                        
0000490d  app_turret_init                     
000049d5  bsp_uart_debug_irq_handler          
00004a39  bsp_uart_k230_irq_handler           
00004a9d  encoder_driver_handle_gpio_interrupt
00004b01  bsp_gpio_init_line_mux              
00004b61  DL_I2C_fillControllerTXFIFO         
00004bc1  frexp                               
00004bc1  frexpl                              
00004c1d  __aeabi_dcmpeq                      
00004c2f  __aeabi_dcmplt                      
00004c41  __aeabi_dcmple                      
00004c53  __aeabi_dcmpge                      
00004c65  __aeabi_dcmpgt                      
00004c79  __aeabi_fcmpeq                      
00004c8b  __aeabi_fcmplt                      
00004c9d  __aeabi_fcmple                      
00004caf  __aeabi_fcmpge                      
00004cc1  __aeabi_fcmpgt                      
00004cd5  SYSCFG_DL_I2C_SENSOR_BUS_init       
00004d2d  __TI_ltoa                           
00004ddd  lpf1_update                         
00004e35  __aeabi_idiv                        
00004e35  __aeabi_idivmod                     
00004e8d  SYSCFG_DL_UART_DEBUG_init           
0000507d  SYSCFG_DL_init                      
000050cd  app_control_scheduler_fetch         
0000511d  bsp_uart_debug_printf               
00005255  app_chassis_line_task               
000052a1  bsp_pwm_stop_step                   
000052ed  proto_vofa_firewater_send_packet    
00005339  ringbuf_push_byte                   
00005385  __aeabi_d2iz                        
00005385  __fixdfsi                           
000053d1  DL_UART_init                        
00005419  SYSCFG_DL_UART_K230_init            
000054a9  snprintf                            
000054f1  bsp_i2c_write_bytes                 
0000557d  atoi                                
000055c1  bsp_uart_enable_irqs                
00005605  ringbuf_pop_byte                    
00005649  encoder_driver_init                 
00005689  oled_printf                         
000056c9  vsnprintf                           
00005709  __aeabi_uidiv                       
00005709  __aeabi_uidivmod                    
00005749  __aeabi_f2d                         
00005749  __extendsfdf2                       
000059f5  bsp_uart_debug_write                
00005a31  __TI_auto_init_nobinit_nopinit      
00005a6d  __aeabi_i2f                         
00005a6d  __floatsisf                         
00005ae5  __muldsi3                           
00005b21  bsp_pwm_init                        
00005bc9  pid_init                            
00005c71  __aeabi_f2iz                        
00005c71  __fixsfsi                           
00005ca9  SYSCFG_DL_TIMER_CTRL_1KHZ_init      
00005cdd  app_control_scheduler_init          
00005d11  bsp_gpio_set_laser                  
00005d45  bsp_gpio_set_led                    
00005d79  stepper_init                        
00005e11  fusion6_init                        
00005e45  __aeabi_f2uiz                       
00005e45  __fixunssfsi                        
00005e79  DL_UART_transmitDataBlocking        
00005ea9  __aeabi_dcmpun                      
00005ea9  __unorddf2                          
00005f09  bsp_gpio_set_buzzer                 
00005f39  bsp_gpio_set_turret_dir             
00005f69  bsp_gpio_init                       
00005f97  bsp_gpio_set_motor_dir              
000060d1  bsp_uart_init                       
000061d9  __aeabi_i2d                         
000061d9  __floatsidf                         
00006205  SYSCFG_DL_SYSCTL_init               
0000622f  lpf1_init                           
00006283  stepper_enable                      
00006415  motor_dc_init                       
0000643d  oled_clear                          
00006465  oled_write_str                      
0000648d  _c_int00_noargs                     
000064b5  __aeabi_ui2f                        
000064b5  __floatunsisf                       
00006503  DL_I2C_setClockConfig               
00006529  ringbuf_init                        
0000654d  __aeabi_lmul                        
0000654d  __muldi3                            
00006571  memccpy                             
000065b5  stepper_set_speed                   
000065f9  app_turret_set_target               
00006695  __aeabi_llsl                        
00006695  __ashldi3                           
00006805  DL_Timer_setCaptCompUpdateMethod    
00006821  DL_Timer_setClockConfig             
00006875  TIMA1_IRQHandler                    
00006891  app_ui_init                         
000068ad  bsp_uart_debug_write_byte           
000068c9  oled_set_cursor                     
000068e5  oled_write_char                     
0000691d  stepper_stop                        
00006939  mpu9250_read_who_am_i               
00006955  __aeabi_memset                      
00006955  __aeabi_memset4                     
00006955  __aeabi_memset8                     
00006963  __aeabi_memclr                      
00006963  __aeabi_memclr4                     
00006963  __aeabi_memclr8                     
00006b21  DL_Timer_setCaptureCompareOutCtl    
00006c41  bsp_gpio_read_encoder_left_a        
00006c59  bsp_gpio_read_encoder_right_a       
00006c71  bsp_gpio_read_line_mux_out          
00006c89  bsp_pwm_start_all                   
00006cb9  proto_k230_init                     
00006cfd  ringbuf_is_empty                    
00006dc9  app_isr_set_encoder_driver          
00006ddd  bsp_gpio_read_encoder_left_b        
00006df1  bsp_gpio_read_encoder_right_b       
00006e05  bsp_gpio_toggle_led                 
00006e19  __aeabi_uldivmod                    
00006e63  DL_UART_setClockConfig              
00006e87  TI_memcpy_small                     
00006e99  __TI_decompress_none                
00006ebd  DL_Timer_setCaptureCompareValue     
00006ecd  app_chassis_get_snapshot            
00006edd  main                                
00006eed  wcslen                              
00006efd  __TI_zero_init                      
00006f1b  strlen                              
00006f29  TI_memset_small                     
00006f39  app_chassis_get_encoder_driver      
00006f45  app_imu_get_snapshot                
00006f51  app_turret_get_snapshot             
00006f5d  motor_dc_get_output                 
00006f69  DL_Common_delayCycles               
00006fa1  UART0_IRQHandler                    
00006fa9  UART2_IRQHandler                    
00006fb1  __aeabi_ddiv                        
00006fb9  __aeabi_dmul                        
00006fc1  __aeabi_errno_addr                  
00006fc9  bsp_uart_get_k230_ringbuf           
00006fd1  __aeabi_memcpy                      
00006fd1  __aeabi_memcpy4                     
00006fd1  __aeabi_memcpy8                     
00006ff1  abort                               
00006ff7  ADC0_IRQHandler                     
00006ff7  ADC1_IRQHandler                     
00006ff7  AES_IRQHandler                      
00006ff7  CANFD0_IRQHandler                   
00006ff7  DAC0_IRQHandler                     
00006ff7  DMA_IRQHandler                      
00006ff7  Default_Handler                     
00006ff7  GROUP0_IRQHandler                   
00006ff7  HardFault_Handler                   
00006ff7  I2C0_IRQHandler                     
00006ff7  I2C1_IRQHandler                     
00006ff7  NMI_Handler                         
00006ff7  PendSV_Handler                      
00006ff7  RTC_IRQHandler                      
00006ff7  SPI0_IRQHandler                     
00006ff7  SPI1_IRQHandler                     
00006ff7  SVC_Handler                         
00006ff7  SysTick_Handler                     
00006ff7  TIMA0_IRQHandler                    
00006ff7  TIMG0_IRQHandler                    
00006ff7  TIMG12_IRQHandler                   
00006ff7  TIMG6_IRQHandler                    
00006ff7  TIMG7_IRQHandler                    
00006ff7  TIMG8_IRQHandler                    
00006ff7  UART1_IRQHandler                    
00006ff7  UART3_IRQHandler                    
00006ffa  C$$EXIT                             
00006ffb  HOSTexit                            
00007015  Reset_Handler                       
00007029  _system_pre_init                    
00007210  __aeabi_ctype_table_                
00007210  __aeabi_ctype_table_C               
00007610  __TI_Handler_Table_Base             
0000761c  __TI_Handler_Table_Limit            
0000762c  __TI_CINIT_Base                     
0000763c  __TI_CINIT_Limit                    
0000763c  __TI_CINIT_Warm                     
20200000  __start___llvm_prf_bits             
20200000  __start___llvm_prf_cnts             
20200000  __stop___llvm_prf_bits              
20200000  __stop___llvm_prf_cnts              
20200814  gPWM_STEP_YAWBackup                 
202008d0  gTIMER_CTRL_1KHZBackup              
2020098c  gPWM_MOTOR_RIGHTBackup              
20200b4c  __aeabi_errno                       
20207e00  __stack                             
20208000  __STACK_END                         
ffffffff  __TI_pprof_out_hndl                 
ffffffff  __TI_prof_data_size                 
ffffffff  __TI_prof_data_start                
ffffffff  __binit__                           
ffffffff  binit                               
UNDEFED   __mpu_init                          
UNDEFED   _system_post_cinit                  

[292 symbols]
