******************************************************************************
            TI ARM Clang Linker PC v5.1.1                      
******************************************************************************
>> Linked Sat Jul 25 23:50:26 2026

OUTPUT FILE NAME:   <electric_competition_empty.out>
ENTRY POINT SYMBOL: "_c_int00_noargs"  address: 000072c5


MEMORY CONFIGURATION

         name            origin    length      used     unused   attr    fill
----------------------  --------  ---------  --------  --------  ----  --------
  FLASH                 00000000   00020000  00008690  00017970  R  X
  SRAM                  20200000   00008000  00000de8  00007218  RW X
  BCR_CONFIG            41c00000   000000ff  00000000  000000ff  R   
  BSL_CONFIG            41c00100   00000080  00000000  00000080  R   


SEGMENT ALLOCATION MAP

run origin  load origin   length   init length attrs members
----------  ----------- ---------- ----------- ----- -------
00000000    00000000    00008690   00008690    r-x
  00000000    00000000    000000c0   000000c0    r-- .intvecs
  000000c0    000000c0    00007e50   00007e50    r-x .text
  00007f10    00007f10    00000750   00000750    r-- .rodata
  00008660    00008660    00000030   00000030    r-- .cinit
20200000    20200000    00000be8   00000000    rw-
  20200000    20200000    00000be0   00000000    rw- .bss
  20200be0    20200be0    00000008   00000000    rw- .data
20207e00    20207e00    00000200   00000000    rw-
  20207e00    20207e00    00000200   00000000    rw- .stack


SECTION ALLOCATION MAP

 output                                  attributes/
section   page    origin      length       input sections
--------  ----  ----------  ----------   ----------------
.intvecs   0    00000000    000000c0     
                  00000000    000000c0     startup_mspm0g350x_ticlang.o (.intvecs)

.text      0    000000c0    00007e50     
                  000000c0    00000a7c     libc.a : _printfi.c.obj (.text:__TI_printfi)
                  00000b3c    0000025c     app_chassis.o (.text.chassis_update_line_state)
                  00000d98    00000230     empty.o (.text.run_vehicle_app)
                  00000fc8    00000214     app_chassis.o (.text.chassis_get_wheel_targets)
                  000011dc    0000020c     libc.a : _printfi.c.obj (.text._pconv_a)
                  000013e8    000001fc     ti_msp_dl_config.o (.text.SYSCFG_DL_GPIO_init)
                  000015e4    000001e0     libc.a : _printfi.c.obj (.text._pconv_g)
                  000017c4    000001c8            : s_atanf.c.obj (.text.atanf)
                  0000198c    000001b4     steelball_task.o (.text.steelball_task_10ms)
                  00001b40    00000192     libclang_rt.builtins.a : adddf3.S.obj (.text)
                  00001cd2    0000018a     algo_pid.o (.text.pid_update)
                  00001e5c    00000174     steelball_task.o (.text.steelball_rx_bytes)
                  00001fd0    00000154     app_chassis.o (.text.app_chassis_control_task)
                  00002124    00000148     algo_fusion.o (.text.fusion6_update)
                  0000226c    00000144     steelball_task.o (.text.steelball_handle_frame)
                  000023b0    0000013c     app_chassis.o (.text.chassis_get_corner_candidate)
                  000024ec    00000138     app_chassis.o (.text.chassis_corner_complete)
                  00002624    00000138     libc.a : _printfi.c.obj (.text.fcvt)
                  0000275c    00000120     app_chassis.o (.text.app_chassis_init)
                  0000287c    0000011c     drv_mpu9250.o (.text.mpu9250_init)
                  00002998    0000011a     libclang_rt.builtins.a : divdf3.S.obj (.text)
                  00002ab2    00000002                            : aeabi_div0.c.obj (.text.__aeabi_idiv0)
                  00002ab4    00000118     app_ui.o (.text.app_ui_refresh)
                  00002bcc    00000118     libc.a : e_atan2f.c.obj (.text.atan2f)
                  00002ce4    0000010c     empty.o (.text.vehicle_poll_debug_command)
                  00002df0    0000010a     drv_line_sensor.o (.text.line_sensor_update)
                  00002efa    00000002     libclang_rt.builtins.a : aeabi_div0.c.obj (.text.__aeabi_ldiv0)
                  00002efc    00000104     driverlib.a : dl_timer.o (.text.DL_Timer_initFourCCPWMMode)
                  00003000    00000100     bsp_i2c.o (.text.bsp_i2c_write_raw)
                  00003100    000000fc     driverlib.a : dl_timer.o (.text.DL_Timer_initTimerMode)
                  000031fc    000000fc     libc.a : _printfi.c.obj (.text._pconv_e)
                  000032f8    000000fc     proto_vofa_firewater.o (.text.proto_vofa_firewater_send_named)
                  000033f4    000000f0     bsp_i2c.o (.text.bsp_i2c_mem_read)
                  000034e4    000000e8     bsp_gpio.o (.text.bsp_gpio_read_line_bits)
                  000035cc    000000e4     drv_mpu9250.o (.text.mpu9250_calibrate_gyro_bias)
                  000036b0    000000e4     drv_stepper.o (.text.stepper_update)
                  00003794    000000e4     libclang_rt.builtins.a : muldf3.S.obj (.text)
                  00003878    000000dc     libc.a : s_scalbn.c.obj (.text.scalbn)
                  00003954    000000d8     libclang_rt.builtins.a : addsf3.S.obj (.text)
                  00003a2c    000000d4     drv_mpu9250.o (.text.mpu9250_update)
                  00003b00    000000d4     drv_oled_ssd1306.o (.text.oled_init)
                  00003bd4    000000d0     steelball_task.o (.text.steelball_send_frame)
                  00003ca4    000000c8     app_turret.o (.text.app_turret_control_task)
                  00003d6c    000000c4     ti_msp_dl_config.o (.text.SYSCFG_DL_initPower)
                  00003e30    000000b8     app_chassis.o (.text.chassis_update_corner_stop_state)
                  00003ee8    000000b8     proto_vofa_firewater.o (.text.proto_vofa_firewater_send)
                  00003fa0    000000b4     bsp_pwm.o (.text.bsp_pwm_set_motor_bridge)
                  00004054    000000b4     bsp_pwm.o (.text.bsp_pwm_set_step_frequency)
                  00004108    000000b4     app_chassis.o (.text.chassis_update_corner_pivot_angle)
                  000041bc    000000b4     drv_oled_ssd1306.o (.text.oled_flush)
                  00004270    000000b4     libc.a : e_sqrtf.c.obj (.text.sqrtf)
                  00004324    000000b0     app_chassis.o (.text.chassis_confirm_corner_candidate)
                  000043d4    000000a8     drv_oled_ssd1306.o (.text.oled_draw_glyph)
                  0000447c    000000a6     bsp_uart.o (.text.bsp_uart_clear_error_interrupt)
                  00004522    000000a6     drv_motor_dc.o (.text.motor_dc_set_output)
                  000045c8    000000a2     algo_pid.o (.text.pid_compute_derivative)
                  0000466a    00000002     bsp_gpio.o (.text.bsp_gpio_init_line_mux)
                  0000466c    000000a2     libclang_rt.builtins.a : udivmoddi4.S.obj (.text)
                  0000470e    00000002     bsp_i2c.o (.text.bsp_i2c_init)
                  00004710    0000009c     steelball_task.o (.text.sb_crc16_ccitt_false)
                  000047ac    00000098     app_isr.o (.text.GROUP1_IRQHandler)
                  00004844    00000094     app_control_scheduler.o (.text.app_control_scheduler_on_tick_isr)
                  000048d8    00000094     bsp_gpio.o (.text.bsp_gpio_set_dir_output)
                  0000496c    00000090     ti_msp_dl_config.o (.text.SYSCFG_DL_PWM_MOTOR_LEFT_init)
                  000049fc    00000090     ti_msp_dl_config.o (.text.SYSCFG_DL_PWM_MOTOR_RIGHT_init)
                  00004a8c    0000008c     drv_mpu9250.o (.text.mpu9250_read_raw)
                  00004b18    0000008c     libclang_rt.builtins.a : comparesf2.S.obj (.text)
                  00004ba4    0000008c                            : mulsf3.S.obj (.text)
                  00004c30    00000088     libc.a : strcmp-armv6m.S.obj (.text:strcmp)
                  00004cb8    00000086     algo_pid.o (.text.pid_apply_ramp)
                  00004d3e    00000002     --HOLE-- [fill = 0]
                  00004d40    00000084     bsp_uart.o (.text.bsp_uart_k230_write)
                  00004dc4    00000082     bsp_i2c.o (.text.bsp_i2c_mem_write)
                  00004e46    00000002     --HOLE-- [fill = 0]
                  00004e48    00000082     libclang_rt.builtins.a : divsf3.S.obj (.text)
                  00004eca    00000002     --HOLE-- [fill = 0]
                  00004ecc    00000080     steelball_task.o (.text.steelball_start_mission)
                  00004f4c    0000007e     drv_encoder_ab.o (.text.encoder_driver_update_speed)
                  00004fca    00000002     --HOLE-- [fill = 0]
                  00004fcc    0000007c     libc.a : copy_decompress_lzss.c.obj (.text:decompress:lzss)
                  00005048    0000007a     drv_line_sensor.o (.text.line_sensor_init)
                  000050c2    00000002     --HOLE-- [fill = 0]
                  000050c4    00000074     libclang_rt.builtins.a : comparedf2.c.obj (.text.__gedf2)
                  00005138    00000074     algo_pid.o (.text.pid_reset)
                  000051ac    0000006a     drv_oled_ssd1306.o (.text.oled_send_data)
                  00005216    00000002     --HOLE-- [fill = 0]
                  00005218    00000068     ti_msp_dl_config.o (.text.SYSCFG_DL_PWM_STEP_PITCH_init)
                  00005280    00000068     ti_msp_dl_config.o (.text.SYSCFG_DL_PWM_STEP_YAW_init)
                  000052e8    00000068     libclang_rt.builtins.a : comparedf2.c.obj (.text.__ledf2)
                  00005350    00000068     app_imu.o (.text.app_imu_init)
                  000053b8    00000068     app_chassis.o (.text.chassis_corner_entry_present)
                  00005420    00000068     steelball_task.o (.text.steelball_vision_is_near_centered)
                  00005488    00000066     libc.a : _printfi.c.obj (.text._mcpy)
                  000054ee    00000002     --HOLE-- [fill = 0]
                  000054f0    00000064     app_imu.o (.text.app_imu_task)
                  00005554    00000064     app_turret.o (.text.app_turret_init)
                  000055b8    00000064     bsp_i2c.o (.text.bsp_i2c_wait_bus_complete)
                  0000561c    00000064     bsp_uart.o (.text.bsp_uart_debug_irq_handler)
                  00005680    00000064     bsp_uart.o (.text.bsp_uart_k230_irq_handler)
                  000056e4    00000064     drv_encoder_ab.o (.text.encoder_driver_handle_gpio_interrupt)
                  00005748    00000060     ti_msp_dl_config.o (.text.SYSCFG_DL_UART_K230_init)
                  000057a8    0000005e     driverlib.a : dl_i2c.o (.text.DL_I2C_fillControllerTXFIFO)
                  00005806    0000005c     app_chassis.o (.text.chassis_update_corner_pivot_pause)
                  00005862    00000002     --HOLE-- [fill = 0]
                  00005864    0000005c     libc.a : s_frexp.c.obj (.text.frexp)
                  000058c0    0000005c     steelball_task.o (.text.steelball_get_vision_snapshot)
                  0000591c    0000005a     libclang_rt.builtins.a : aeabi_dcmp.S.obj (.text)
                  00005976    00000002     --HOLE-- [fill = 0]
                  00005978    0000005a                            : aeabi_fcmp.S.obj (.text)
                  000059d2    00000002     --HOLE-- [fill = 0]
                  000059d4    00000058     ti_msp_dl_config.o (.text.SYSCFG_DL_I2C_SENSOR_BUS_init)
                  00005a2c    00000058     libc.a : _ltoa.c.obj (.text.__TI_ltoa)
                  00005a84    00000058            : _printfi.c.obj (.text._pconv_f)
                  00005adc    00000058     algo_filter.o (.text.lpf1_update)
                  00005b34    00000056     libclang_rt.builtins.a : aeabi_idivmod.S.obj (.text)
                  00005b8a    00000002     --HOLE-- [fill = 0]
                  00005b8c    00000054     ti_msp_dl_config.o (.text.SYSCFG_DL_UART_DEBUG_init)
                  00005be0    00000054     drv_encoder_ab.o (.text.encoder_apply_transition)
                  00005c34    00000054     algo_fusion.o (.text.math_wrap_deg)
                  00005c88    00000054     steelball_task.o (.text.steelball_enter_fault)
                  00005cdc    00000054     steelball_task.o (.text.steelball_send_status)
                  00005d30    00000052     libc.a : _printfi.c.obj (.text._ecpy)
                  00005d82    00000002     --HOLE-- [fill = 0]
                  00005d84    00000050     ti_msp_dl_config.o (.text.DL_GPIO_initPeripheralInputFunctionFeatures)
                  00005dd4    00000050     bsp_i2c.o (.text.DL_I2C_startControllerTransfer)
                  00005e24    00000050     ti_msp_dl_config.o (.text.SYSCFG_DL_init)
                  00005e74    00000050     app_control_scheduler.o (.text.app_control_scheduler_fetch)
                  00005ec4    00000050     bsp_uart.o (.text.bsp_uart_debug_printf)
                  00005f14    00000050     app_chassis.o (.text.chassis_update_track_turn_adjustment)
                  00005f64    0000004c     ti_msp_dl_config.o (.text.DL_GPIO_initDigitalInputFeatures)
                  00005fb0    0000004c     ti_msp_dl_config.o (.text.DL_UART_setBaudRateDivisor)
                  00005ffc    0000004c     app_chassis.o (.text.app_chassis_line_task)
                  00006048    0000004c     bsp_pwm.o (.text.bsp_pwm_stop_step)
                  00006094    0000004c     proto_vofa_firewater.o (.text.proto_vofa_firewater_send_packet)
                  000060e0    0000004c     ringbuf.o (.text.ringbuf_push_byte)
                  0000612c    0000004c     steelball_task.o (.text.steelball_vision_is_stable_target)
                  00006178    0000004a     libclang_rt.builtins.a : fixdfsi.S.obj (.text)
                  000061c2    00000002     --HOLE-- [fill = 0]
                  000061c4    00000048     driverlib.a : dl_uart.o (.text.DL_UART_init)
                  0000620c    00000048     bsp_i2c.o (.text.bsp_i2c_wait_idle)
                  00006254    00000048     libc.a : snprintf.c.obj (.text.snprintf)
                  0000629c    00000046     bsp_i2c.o (.text.bsp_i2c_write_bytes)
                  000062e2    00000002     --HOLE-- [fill = 0]
                  000062e4    00000044     libc.a : atoi.c.obj (.text.atoi)
                  00006328    00000044     bsp_uart.o (.text.bsp_uart_enable_irqs)
                  0000636c    00000044     ringbuf.o (.text.ringbuf_pop_byte)
                  000063b0    00000044     steelball_task.o (.text.steelball_abort_mission)
                  000063f4    00000040     drv_encoder_ab.o (.text.encoder_driver_init)
                  00006434    00000040     drv_oled_ssd1306.o (.text.oled_printf)
                  00006474    00000040     libc.a : vsnprintf.c.obj (.text.vsnprintf)
                  000064b4    00000040     libclang_rt.builtins.a : aeabi_uidivmod.S.obj (.text)
                  000064f4    00000040                            : extendsfdf2.S.obj (.text)
                  00006534    0000003e     app_chassis.o (.text.chassis_enter_state)
                  00006572    0000003e     algo_filter.o (.text.math_clampf)
                  000065b0    0000003e     algo_fusion.o (.text.math_clampf)
                  000065ee    0000003e     algo_pid.o (.text.math_clampf)
                  0000662c    0000003e     app_chassis.o (.text.math_clampf)
                  0000666a    0000003e     bsp_pwm.o (.text.math_clampf)
                  000066a8    0000003e     drv_motor_dc.o (.text.math_clampf)
                  000066e6    0000003e     drv_stepper.o (.text.math_clampf)
                  00006724    0000003e     steelball_task.o (.text.math_clampf)
                  00006762    0000003e     algo_pid.o (.text.pid_integral_enabled)
                  000067a0    0000003c     ti_msp_dl_config.o (.text.DL_Timer_setCounterControl)
                  000067dc    0000003c     bsp_uart.o (.text.bsp_uart_debug_write)
                  00006818    0000003c     libc.a : autoinit.c.obj (.text:__TI_auto_init_nobinit_nopinit)
                  00006854    0000003c     libclang_rt.builtins.a : floatsisf.S.obj (.text)
                  00006890    0000003a     app_chassis.o (.text.chassis_update_sensor_history)
                  000068ca    00000002     --HOLE-- [fill = 0]
                  000068cc    0000003a     libclang_rt.builtins.a : muldsi3.S.obj (.text)
                  00006906    00000002     --HOLE-- [fill = 0]
                  00006908    00000038     bsp_pwm.o (.text.bsp_pwm_init)
                  00006940    00000038     app_chassis.o (.text.chassis_count_bits)
                  00006978    00000038     app_chassis.o (.text.chassis_get_forward_output)
                  000069b0    00000038     algo_pid.o (.text.pid_init)
                  000069e8    00000038     algo_pid.o (.text.pid_limit_integral)
                  00006a20    00000038     algo_pid.o (.text.pid_limit_output)
                  00006a58    00000038     libclang_rt.builtins.a : fixsfsi.S.obj (.text)
                  00006a90    00000034     ti_msp_dl_config.o (.text.SYSCFG_DL_TIMER_CTRL_1KHZ_init)
                  00006ac4    00000034     app_control_scheduler.o (.text.app_control_scheduler_init)
                  00006af8    00000034     bsp_gpio.o (.text.bsp_gpio_set_led)
                  00006b2c    00000034     bsp_gpio.o (.text.bsp_gpio_set_magnet)
                  00006b60    00000034     drv_stepper.o (.text.stepper_init)
                  00006b94    00000032     libc.a : snprintf.c.obj (.text._outs)
                  00006bc6    00000032            : vsnprintf.c.obj (.text._outs)
                  00006bf8    00000032     algo_fusion.o (.text.fusion6_init)
                  00006c2a    00000002     --HOLE-- [fill = 0]
                  00006c2c    00000032     libclang_rt.builtins.a : fixunssfsi.S.obj (.text)
                  00006c5e    00000002     --HOLE-- [fill = 0]
                  00006c60    00000030     driverlib.a : dl_uart.o (.text.DL_UART_transmitDataBlocking)
                  00006c90    00000030     libclang_rt.builtins.a : comparedf2.c.obj (.text.__unorddf2)
                  00006cc0    00000030     libc.a : _printfi.c.obj (.text._fcpy)
                  00006cf0    00000030     bsp_gpio.o (.text.bsp_gpio_set_buzzer)
                  00006d20    00000030     bsp_gpio.o (.text.bsp_gpio_set_turret_dir)
                  00006d50    0000002e     bsp_gpio.o (.text.bsp_gpio_init)
                  00006d7e    0000002e     bsp_gpio.o (.text.bsp_gpio_set_motor_dir)
                  00006dac    0000002e     bsp_uart.o (.text.bsp_uart_service_rx_fifo)
                  00006dda    00000002     --HOLE-- [fill = 0]
                  00006ddc    0000002c     app_control_scheduler.o (.text.__NVIC_ClearPendingIRQ)
                  00006e08    0000002c     bsp_uart.o (.text.__NVIC_ClearPendingIRQ)
                  00006e34    0000002c     app_control_scheduler.o (.text.__NVIC_EnableIRQ)
                  00006e60    0000002c     bsp_uart.o (.text.__NVIC_EnableIRQ)
                  00006e8c    0000002c     empty.o (.text.__NVIC_EnableIRQ)
                  00006eb8    0000002c     bsp_uart.o (.text.bsp_uart_init)
                  00006ee4    0000002c     algo_pid.o (.text.math_absf)
                  00006f10    0000002c     app_chassis.o (.text.math_absf)
                  00006f3c    0000002c     drv_motor_dc.o (.text.math_absf)
                  00006f68    0000002c     drv_stepper.o (.text.math_absf)
                  00006f94    0000002c     steelball_task.o (.text.steelball_reset_mission)
                  00006fc0    0000002c     libclang_rt.builtins.a : floatsidf.S.obj (.text)
                  00006fec    0000002a     ti_msp_dl_config.o (.text.SYSCFG_DL_SYSCTL_init)
                  00007016    0000002a     algo_filter.o (.text.lpf1_init)
                  00007040    0000002a     ringbuf.o (.text.ringbuf_next_index)
                  0000706a    0000002a     drv_stepper.o (.text.stepper_enable)
                  00007094    00000028     bsp_i2c.o (.text.DL_Common_updateReg)
                  000070bc    00000028     ti_msp_dl_config.o (.text.DL_Common_updateReg)
                  000070e4    00000028     ti_msp_dl_config.o (.text.DL_I2C_setControllerRXFIFOThreshold)
                  0000710c    00000028     ti_msp_dl_config.o (.text.DL_I2C_setControllerTXFIFOThreshold)
                  00007134    00000028     ti_msp_dl_config.o (.text.DL_UART_setRXFIFOThreshold)
                  0000715c    00000028     ti_msp_dl_config.o (.text.DL_UART_setTXFIFOThreshold)
                  00007184    00000028     app_chassis.o (.text.app_chassis_set_external_drive)
                  000071ac    00000028     bsp_pwm.o (.text.bsp_pwm_set_step_counts_pitch)
                  000071d4    00000028     bsp_pwm.o (.text.bsp_pwm_set_step_counts_yaw)
                  000071fc    00000028     drv_line_sensor.o (.text.line_sensor_delay_cycles)
                  00007224    00000028     drv_motor_dc.o (.text.motor_dc_init)
                  0000724c    00000028     drv_oled_ssd1306.o (.text.oled_clear)
                  00007274    00000028     drv_oled_ssd1306.o (.text.oled_write_str)
                  0000729c    00000028     steelball_task.o (.text.steelball_send_mission_command)
                  000072c4    00000028     libc.a : boot_cortex_m.c.obj (.text:_c_int00_noargs)
                  000072ec    00000028     libclang_rt.builtins.a : floatunsisf.S.obj (.text)
                  00007314    00000026     ti_msp_dl_config.o (.text.DL_I2C_setAnalogGlitchFilterPulseWidth)
                  0000733a    00000026     driverlib.a : dl_i2c.o (.text.DL_I2C_setClockConfig)
                  00007360    00000026     steelball_task.o (.text.steelball_elapsed)
                  00007386    00000024     ringbuf.o (.text.ringbuf_init)
                  000073aa    00000002     --HOLE-- [fill = 0]
                  000073ac    00000024     steelball_task.o (.text.steelball_init)
                  000073d0    00000024     libclang_rt.builtins.a : muldi3.S.obj (.text)
                  000073f4    00000022     libc.a : memccpy.c.obj (.text.memccpy)
                  00007416    00000022     drv_oled_ssd1306.o (.text.oled_send_command)
                  00007438    00000022     drv_stepper.o (.text.stepper_set_speed)
                  0000745a    00000002     --HOLE-- [fill = 0]
                  0000745c    00000020     ti_msp_dl_config.o (.text.DL_GPIO_initPeripheralInputFunction)
                  0000747c    00000020     app_chassis.o (.text.app_chassis_stop)
                  0000749c    00000020     bsp_pwm.o (.text.bsp_pwm_set_motor_compare)
                  000074bc    00000020     steelball_task.o (.text.steelball_set_safe_stop)
                  000074dc    0000001e     ti_msp_dl_config.o (.text.DL_UART_setOversampling)
                  000074fa    0000001e     drv_encoder_ab.o (.text.encoder_read_state_left)
                  00007518    0000001e     drv_encoder_ab.o (.text.encoder_read_state_right)
                  00007536    00000002     --HOLE-- [fill = 0]
                  00007538    0000001e     libclang_rt.builtins.a : ashldi3.S.obj (.text)
                  00007556    00000002     --HOLE-- [fill = 0]
                  00007558    0000001c     ti_msp_dl_config.o (.text.DL_GPIO_clearInterruptStatus)
                  00007574    0000001c     ti_msp_dl_config.o (.text.DL_GPIO_enableHiZ)
                  00007590    0000001c     ti_msp_dl_config.o (.text.DL_GPIO_enableInterrupt)
                  000075ac    0000001c     ti_msp_dl_config.o (.text.DL_GPIO_initPeripheralOutputFunction)
                  000075c8    0000001c     ti_msp_dl_config.o (.text.DL_GPIO_setLowerPinsPolarity)
                  000075e4    0000001c     bsp_i2c.o (.text.DL_I2C_isControllerRXFIFOEmpty)
                  00007600    0000001c     bsp_i2c.o (.text.DL_I2C_isControllerTXFIFOFull)
                  0000761c    0000001c     app_isr.o (.text.DL_Interrupt_getPendingGroup)
                  00007638    0000001c     ti_msp_dl_config.o (.text.DL_SYSCTL_setMCLKDivider)
                  00007654    0000001c     ti_msp_dl_config.o (.text.DL_SYSCTL_setSYSOSCFreq)
                  00007670    0000001c     ti_msp_dl_config.o (.text.DL_SYSCTL_setULPCLKDivider)
                  0000768c    0000001c     ti_msp_dl_config.o (.text.DL_Timer_enableInterrupt)
                  000076a8    0000001c     driverlib.a : dl_timer.o (.text.DL_Timer_setCaptCompUpdateMethod)
                  000076c4    0000001c                 : dl_timer.o (.text.DL_Timer_setClockConfig)
                  000076e0    0000001c     bsp_uart.o (.text.DL_UART_enableInterrupt)
                  000076fc    0000001c     ti_msp_dl_config.o (.text.DL_UART_enableInterrupt)
                  00007718    0000001c     driverlib.a : dl_uart.o (.text.DL_UART_transmitDataCheck)
                  00007734    0000001c     app_isr.o (.text.TIMA1_IRQHandler)
                  00007750    0000001c     app_ui.o (.text.app_ui_init)
                  0000776c    0000001c     bsp_uart.o (.text.bsp_uart_debug_write_byte)
                  00007788    0000001c     drv_oled_ssd1306.o (.text.oled_set_cursor)
                  000077a4    0000001c     drv_oled_ssd1306.o (.text.oled_write_char)
                  000077c0    0000001c     proto_vofa_firewater.o (.text.proto_vofa_firewater_write_line)
                  000077dc    0000001c     drv_stepper.o (.text.stepper_stop)
                  000077f8    0000001a     drv_mpu9250.o (.text.mpu9250_read_who_am_i)
                  00007812    00000002     --HOLE-- [fill = 0]
                  00007814    0000001a     libclang_rt.builtins.a : aeabi_memset.S.obj (.text)
                  0000782e    00000002     --HOLE-- [fill = 0]
                  00007830    00000018     ti_msp_dl_config.o (.text.DL_GPIO_enableOutput)
                  00007848    00000018     ti_msp_dl_config.o (.text.DL_GPIO_enablePower)
                  00007860    00000018     ti_msp_dl_config.o (.text.DL_GPIO_initDigitalOutput)
                  00007878    00000018     ti_msp_dl_config.o (.text.DL_GPIO_reset)
                  00007890    00000018     bsp_gpio.o (.text.DL_GPIO_setPins)
                  000078a8    00000018     ti_msp_dl_config.o (.text.DL_GPIO_setUpperPinsPolarity)
                  000078c0    00000018     bsp_gpio.o (.text.DL_GPIO_togglePins)
                  000078d8    00000018     ti_msp_dl_config.o (.text.DL_I2C_enableAnalogGlitchFilter)
                  000078f0    00000018     ti_msp_dl_config.o (.text.DL_I2C_enableController)
                  00007908    00000018     ti_msp_dl_config.o (.text.DL_I2C_enableControllerClockStretching)
                  00007920    00000018     ti_msp_dl_config.o (.text.DL_I2C_enablePower)
                  00007938    00000018     ti_msp_dl_config.o (.text.DL_I2C_reset)
                  00007950    00000018     ti_msp_dl_config.o (.text.DL_I2C_setTimerPeriod)
                  00007968    00000018     ti_msp_dl_config.o (.text.DL_SYSCTL_setBORThreshold)
                  00007980    00000018     ti_msp_dl_config.o (.text.DL_Timer_enablePower)
                  00007998    00000018     ti_msp_dl_config.o (.text.DL_Timer_reset)
                  000079b0    00000018     driverlib.a : dl_timer.o (.text.DL_Timer_setCaptureCompareOutCtl)
                  000079c8    00000018     bsp_pwm.o (.text.DL_Timer_setLoadValue)
                  000079e0    00000018     app_control_scheduler.o (.text.DL_Timer_startCounter)
                  000079f8    00000018     bsp_pwm.o (.text.DL_Timer_startCounter)
                  00007a10    00000018     bsp_pwm.o (.text.DL_Timer_stopCounter)
                  00007a28    00000018     bsp_uart.o (.text.DL_UART_clearInterruptStatus)
                  00007a40    00000018     ti_msp_dl_config.o (.text.DL_UART_enableFIFOs)
                  00007a58    00000018     ti_msp_dl_config.o (.text.DL_UART_enablePower)
                  00007a70    00000018     bsp_uart.o (.text.DL_UART_isRXFIFOEmpty)
                  00007a88    00000018     ti_msp_dl_config.o (.text.DL_UART_reset)
                  00007aa0    00000018     libc.a : snprintf.c.obj (.text._outc)
                  00007ab8    00000018            : vsnprintf.c.obj (.text._outc)
                  00007ad0    00000018     bsp_gpio.o (.text.bsp_gpio_read_encoder_left_a)
                  00007ae8    00000018     bsp_gpio.o (.text.bsp_gpio_read_encoder_right_a)
                  00007b00    00000018     bsp_gpio.o (.text.bsp_gpio_set_laser)
                  00007b18    00000018     bsp_pwm.o (.text.bsp_pwm_start_all)
                  00007b30    00000018     app_chassis.o (.text.chassis_center_reacquired)
                  00007b48    00000018     steelball_task.o (.text.sb_write_u16_le)
                  00007b60    00000016     bsp_gpio.o (.text.DL_GPIO_readPins)
                  00007b76    00000016     ti_msp_dl_config.o (.text.DL_UART_enable)
                  00007b8c    00000016     ringbuf.o (.text.ringbuf_is_empty)
                  00007ba2    00000014     bsp_gpio.o (.text.DL_GPIO_clearPins)
                  00007bb6    00000014     ti_msp_dl_config.o (.text.DL_GPIO_clearPins)
                  00007bca    00000002     --HOLE-- [fill = 0]
                  00007bcc    00000014     bsp_i2c.o (.text.DL_I2C_getControllerStatus)
                  00007be0    00000014     bsp_i2c.o (.text.DL_I2C_receiveControllerData)
                  00007bf4    00000014     ti_msp_dl_config.o (.text.DL_I2C_resetControllerTransfer)
                  00007c08    00000014     ti_msp_dl_config.o (.text.DL_SYSCTL_disableSYSPLL)
                  00007c1c    00000014     ti_msp_dl_config.o (.text.DL_Timer_enableClock)
                  00007c30    00000014     ti_msp_dl_config.o (.text.DL_Timer_setCCPDirection)
                  00007c44    00000014     bsp_uart.o (.text.DL_UART_receiveData)
                  00007c58    00000014     app_isr.o (.text.app_isr_set_encoder_driver)
                  00007c6c    00000014     bsp_gpio.o (.text.bsp_gpio_read_encoder_left_b)
                  00007c80    00000014     bsp_gpio.o (.text.bsp_gpio_read_encoder_right_b)
                  00007c94    00000014     bsp_gpio.o (.text.bsp_gpio_toggle_led)
                  00007ca8    00000014     bsp_uart.o (.text.bsp_uart_k230_poll_rx)
                  00007cbc    00000014     libclang_rt.builtins.a : aeabi_uldivmod.S.obj (.text)
                  00007cd0    00000012     app_isr.o (.text.DL_GPIO_getPendingInterrupt)
                  00007ce2    00000012     app_isr.o (.text.DL_Timer_getPendingInterrupt)
                  00007cf4    00000012     bsp_uart.o (.text.DL_UART_getPendingInterrupt)
                  00007d06    00000012     driverlib.a : dl_uart.o (.text.DL_UART_setClockConfig)
                  00007d18    00000012     steelball_task.o (.text.sb_read_u16_le)
                  00007d2a    00000012     steelball_task.o (.text.steelball_read_i16_le)
                  00007d3c    00000012     libc.a : _printfi.c.obj (.text.strchr)
                  00007d4e    00000012            : memcpy16.S.obj (.text:TI_memcpy_small)
                  00007d60    00000012            : copy_decompress_none.c.obj (.text:decompress:none)
                  00007d72    00000002     --HOLE-- [fill = 0]
                  00007d74    00000010     ti_msp_dl_config.o (.text.DL_SYSCTL_disableHFXT)
                  00007d84    00000010     driverlib.a : dl_timer.o (.text.DL_Timer_setCaptureCompareValue)
                  00007d94    00000010     app_chassis.o (.text.app_chassis_enable_line_follow)
                  00007da4    00000010     app_chassis.o (.text.app_chassis_get_snapshot)
                  00007db4    00000010     empty.o (.text.main)
                  00007dc4    00000010     libc.a : wcslen.c.obj (.text.wcslen)
                  00007dd4    00000010            : copy_zero_init.c.obj (.text:decompress:ZI)
                  00007de4    0000000e            : _printfi.c.obj (.text.strlen)
                  00007df2    0000000e            : strlen.c.obj (.text.strlen)
                  00007e00    0000000e            : memset16.S.obj (.text:TI_memset_small)
                  00007e0e    00000002     --HOLE-- [fill = 0]
                  00007e10    0000000c     app_chassis.o (.text.app_chassis_get_encoder_driver)
                  00007e1c    0000000c     app_imu.o (.text.app_imu_get_snapshot)
                  00007e28    0000000c     app_turret.o (.text.app_turret_get_snapshot)
                  00007e34    0000000c     drv_motor_dc.o (.text.motor_dc_get_output)
                  00007e40    0000000a     driverlib.a : dl_common.o (.text.DL_Common_delayCycles)
                  00007e4a    0000000a     libc.a : _printfi.c.obj (.text.OUTLINED_FUNCTION_0)
                  00007e54    00000010     libclang_rt.builtins.a : adddf3.S.obj (.tramp.__aeabi_dsub.1)
                  00007e64    0000000a     libc.a : _printfi.c.obj (.text.OUTLINED_FUNCTION_1)
                  00007e6e    0000000a     app_chassis.o (.text.chassis_get_control_error)
                  00007e78    00000008     app_isr.o (.text.UART0_IRQHandler)
                  00007e80    00000008     app_isr.o (.text.UART1_IRQHandler)
                  00007e88    00000008     libclang_rt.builtins.a : aeabi_ddiv.c.obj (.text.__aeabi_ddiv)
                  00007e90    00000008                            : aeabi_dmul.c.obj (.text.__aeabi_dmul)
                  00007e98    00000008     libc.a : aeabi_portable.c.obj (.text.__aeabi_errno_addr)
                  00007ea0    00000008     bsp_uart.o (.text.bsp_uart_get_debug_ringbuf)
                  00007ea8    00000008     bsp_uart.o (.text.bsp_uart_get_k230_ringbuf)
                  00007eb0    00000008     libclang_rt.builtins.a : aeabi_memcpy.S.obj (.text)
                  00007eb8    00000006     libc.a : s_atanf.c.obj (.text.OUTLINED_FUNCTION_0)
                  00007ebe    00000002     --HOLE-- [fill = 0]
                  00007ec0    00000010     libclang_rt.builtins.a : divsf3.S.obj (.tramp.__aeabi_fdiv.1)
                  00007ed0    00000006     libc.a : exit.c.obj (.text:abort)
                  00007ed6    00000004     startup_mspm0g350x_ticlang.o (.text.Default_Handler)
                  00007eda    00000004     libsysbm.a : hostexit.c.obj (.text.HOSTexit)
                  00007ede    00000004     libc.a : s_atanf.c.obj (.text.OUTLINED_FUNCTION_1)
                  00007ee2    00000002     --HOLE-- [fill = 0]
                  00007ee4    00000010     libclang_rt.builtins.a : addsf3.S.obj (.tramp.__aeabi_fadd.1)
                  00007ef4    00000004     startup_mspm0g350x_ticlang.o (.text.Reset_Handler)
                  00007ef8    00000010     libc.a : boot_cortex_m.c.obj (.tramp._c_int00_noargs.1)
                  00007f08    00000004            : pre_init.c.obj (.text._system_pre_init)
                  00007f0c    00000004     --HOLE-- [fill = 0]

.cinit     0    00008660    00000030     
                  00008660    0000000c     (__TI_handler_table)
                  0000866c    00000008     (.cinit..bss.load) [load image, compression = zero_init]
                  00008674    00000007     (.cinit..data.load) [load image, compression = lzss]
                  0000867b    00000001     --HOLE-- [fill = 0]
                  0000867c    00000010     (__TI_cinit_table)
                  0000868c    00000004     --HOLE-- [fill = 0]

.rodata    0    00007f10    00000750     
                  00007f10    000001e0     drv_oled_ssd1306.o (.rodata.g_font_5x7)
                  000080f0    00000101     libc.a : aeabi_ctype.S.obj (.rodata:__aeabi_ctype_table_)
                  000081f1    00000057     steelball_task.o (.rodata.str1.10297696021469984648.1)
                  00008248    0000003c     empty.o (.rodata.run_vehicle_app.vofa_names)
                  00008284    00000030     app_turret.o (.rodata.app_turret_init.turret_pid_cfg)
                  000082b4    00000030     app_chassis.o (.rodata.g_line_pid_cfg)
                  000082e4    00000030     app_chassis.o (.rodata.g_speed_pid_cfg)
                  00008314    00000024     app_chassis.o (.rodata.g_line_sensor_cfg)
                  00008338    00000024     empty.o (.rodata.str1.10059295903439925133.1)
                  0000835c    00000020     libc.a : s_atanf.c.obj (.rodata.cst16)
                  0000837c    0000001a     steelball_task.o (.rodata.str1.13018933056559004742.1)
                  00008396    00000017     drv_oled_ssd1306.o (.rodata.g_oled_init_seq)
                  000083ad    00000015     empty.o (.rodata.str1.11822412164550770238.1)
                  000083c2    00000002     ti_msp_dl_config.o (.rodata.gI2C_SENSOR_BUSClockConfig)
                  000083c4    00000014     ti_msp_dl_config.o (.rodata.gTIMER_CTRL_1KHZTimerConfig)
                  000083d8    00000014     steelball_task.o (.rodata.str1.11899489094462998524.1)
                  000083ec    00000013     empty.o (.rodata.str1.5792233746214848027.1)
                  000083ff    00000011     libc.a : _printfi.c.obj (.rodata.str1.10348868589481759720.1)
                  00008410    00000011            : _printfi.c.obj (.rodata.str1.15363888844622738466.1)
                  00008421    00000011     empty.o (.rodata.str1.17686411042290499047.1)
                  00008432    00000011     empty.o (.rodata.str1.7079713434352825882.1)
                  00008443    00000011     empty.o (.rodata.str1.7401042497206923953.1)
                  00008454    00000010     app_turret.o (.rodata.app_turret_init.pitch_cfg)
                  00008464    00000010     app_turret.o (.rodata.app_turret_init.yaw_cfg)
                  00008474    00000010     drv_encoder_ab.o (.rodata.g_qei_table)
                  00008484    00000010     empty.o (.rodata.str1.11898133897667081452.1)
                  00008494    00000010     empty.o (.rodata.str1.150872071346279890.1)
                  000084a4    00000010     app_ui.o (.rodata.str1.491321146314490610.1)
                  000084b4    00000010     empty.o (.rodata.str1.7386103758396746866.1)
                  000084c4    0000000f     app_ui.o (.rodata.str1.15306790646973115948.1)
                  000084d3    0000000f     empty.o (.rodata.str1.16704889451495720520.1)
                  000084e2    0000000e     empty.o (.rodata.str1.15486159998237592746.1)
                  000084f0    0000000e     empty.o (.rodata.str1.18230774644621384456.1)
                  000084fe    0000000d     empty.o (.rodata.str1.15170238581331914936.1)
                  0000850b    0000000d     empty.o (.rodata.str1.2196762768037919588.1)
                  00008518    0000000d     app_ui.o (.rodata.str1.5075943537078053564.1)
                  00008525    0000000d     empty.o (.rodata.str1.9410084661655729462.1)
                  00008532    00000002     ti_msp_dl_config.o (.rodata.gUART_DEBUGClockConfig)
                  00008534    0000000c     app_imu.o (.rodata.app_imu_init.fusion_cfg)
                  00008540    0000000c     app_chassis.o (.rodata.g_left_motor_cfg)
                  0000854c    0000000c     app_chassis.o (.rodata.g_right_motor_cfg)
                  00008558    0000000c     empty.o (.rodata.str1.101204432782223354.1)
                  00008564    0000000c     empty.o (.rodata.str1.15706828512682300538.1)
                  00008570    0000000c     empty.o (.rodata.str1.4000995719088696555.1)
                  0000857c    0000000c     empty.o (.rodata.str1.6969777895189110550.1)
                  00008588    0000000c     app_ui.o (.rodata.str1.7034054880712102617.1)
                  00008594    0000000c     app_ui.o (.rodata.str1.7037387292574431710.1)
                  000085a0    0000000b     proto_vofa_firewater.o (.rodata.str1.1369630562928637083.1)
                  000085ab    0000000b     empty.o (.rodata.str1.14685083708502177989.1)
                  000085b6    0000000b     proto_vofa_firewater.o (.rodata.str1.777347185933502351.1)
                  000085c1    0000000b     empty.o (.rodata.str1.9517790425240694019.1)
                  000085cc    0000000a     ti_msp_dl_config.o (.rodata.gUART_DEBUGConfig)
                  000085d6    0000000a     ti_msp_dl_config.o (.rodata.gUART_K230Config)
                  000085e0    0000000a     empty.o (.rodata.str1.17669528882079347314.1)
                  000085ea    0000000a     empty.o (.rodata.str1.254342170260855183.1)
                  000085f4    00000008     ti_msp_dl_config.o (.rodata.gPWM_MOTOR_LEFTConfig)
                  000085fc    00000008     ti_msp_dl_config.o (.rodata.gPWM_MOTOR_RIGHTConfig)
                  00008604    00000008     ti_msp_dl_config.o (.rodata.gPWM_STEP_PITCHConfig)
                  0000860c    00000008     ti_msp_dl_config.o (.rodata.gPWM_STEP_YAWConfig)
                  00008614    00000008     app_chassis.o (.rodata.g_left_encoder_cfg)
                  0000861c    00000008     app_chassis.o (.rodata.g_right_encoder_cfg)
                  00008624    00000008     proto_vofa_firewater.o (.rodata.str1.13770452268044769405.1)
                  0000862c    00000007     proto_vofa_firewater.o (.rodata.str1.9885088700084294572.1)
                  00008633    00000006     proto_vofa_firewater.o (.rodata.str1.4252196020124871187.1)
                  00008639    00000005     empty.o (.rodata.str1.15930989295766594416.1)
                  0000863e    00000005     empty.o (.rodata.str1.5100843677217179155.1)
                  00008643    00000003     ti_msp_dl_config.o (.rodata.gPWM_MOTOR_LEFTClockConfig)
                  00008646    00000003     ti_msp_dl_config.o (.rodata.gPWM_MOTOR_RIGHTClockConfig)
                  00008649    00000003     ti_msp_dl_config.o (.rodata.gPWM_STEP_PITCHClockConfig)
                  0000864c    00000003     ti_msp_dl_config.o (.rodata.gPWM_STEP_YAWClockConfig)
                  0000864f    00000003     ti_msp_dl_config.o (.rodata.gTIMER_CTRL_1KHZClockConfig)
                  00008652    00000002     ti_msp_dl_config.o (.rodata.gUART_K230ClockConfig)
                  00008654    0000000c     --HOLE-- [fill = 0]

.init_array 
*          0    00000000    00000000     UNINITIALIZED

.binit     0    00000000    00000000     

.bss       0    20200000    00000be0     UNINITIALIZED
                  20200000    00000406     app_ui.o (.bss.g_oled)
                  20200406    00000001     app_ui.o (.bss.g_oled_ready)
                  20200407    00000001     --HOLE--
                  20200408    00000218     app_chassis.o (.bss.g_chassis)
                  20200620    0000010c     app_turret.o (.bss.g_turret)
                  2020072c    00000100     bsp_uart.o (.bss.g_k230_ring_storage)
                  2020082c    000000bc     (.common:gPWM_STEP_YAWBackup)
                  202008e8    000000bc     (.common:gTIMER_CTRL_1KHZBackup)
                  202009a4    000000a0     (.common:gPWM_MOTOR_RIGHTBackup)
                  20200a44    00000080     bsp_uart.o (.bss.g_debug_rx_ring_storage)
                  20200ac4    00000070     app_imu.o (.bss.g_imu)
                  20200b34    00000064     steelball_task.o (.bss.g_steelball)
                  20200b98    00000018     empty.o (.bss.vehicle_poll_debug_command.line)
                  20200bb0    0000000c     bsp_uart.o (.bss.g_debug_rx_ringbuf)
                  20200bbc    0000000c     bsp_uart.o (.bss.g_k230_ringbuf)
                  20200bc8    0000000c     app_control_scheduler.o (.bss.g_scheduler)
                  20200bd4    00000008     bsp_pwm.o (.bss.g_step_frequency_hz)
                  20200bdc    00000004     app_isr.o (.bss.g_encoder_driver)

.data      0    20200be0    00000008     UNINITIALIZED
                  20200be0    00000004     libc.a : aeabi_portable.c.obj (.data.__aeabi_errno)
                  20200be4    00000001     drv_oled_ssd1306.o (.data.g_oled_last_failed_command)
                  20200be5    00000001     drv_oled_ssd1306.o (.data.g_oled_last_failed_index)
                  20200be6    00000001     drv_oled_ssd1306.o (.data.g_oled_last_status)
                  20200be7    00000001     empty.o (.data.vehicle_poll_debug_command.length)

.stack     0    20207e00    00000200     UNINITIALIZED
                  20207e00    00000004     libc.a : boot_cortex_m.c.obj (.stack)
                  20207e04    000001fc     --HOLE--

__llvm_prf_cnts 
*          0    20200000    00000000     UNINITIALIZED

__llvm_prf_bits 
*          0    20200000    00000000     UNINITIALIZED

MODULE SUMMARY

       Module                         code    ro data   rw data
       ------                         ----    -------   -------
    .\
       ti_msp_dl_config.o             3060    93        536    
       empty.o                        888     417       25     
       startup_mspm0g350x_ticlang.o   8       192       0      
    +--+------------------------------+-------+---------+---------+
       Total:                         3956    702       561    
                                                               
    .\algo\
       algo_pid.o                     1142    0         0      
       algo_fusion.o                  524     0         0      
       algo_filter.o                  192     0         0      
    +--+------------------------------+-------+---------+---------+
       Total:                         1858    0         0      
                                                               
    .\app\
       app_chassis.o                  3772    172       536    
       steelball_task.o               2444    133       100    
       app_ui.o                       308     68        1031   
       app_turret.o                   312     80        268    
       app_control_scheduler.o        392     0         12     
       app_imu.o                      216     12        112    
       app_isr.o                      280     0         4      
    +--+------------------------------+-------+---------+---------+
       Total:                         7724    465       2063   
                                                               
    .\bsp\
       bsp_uart.o                     1062    0         408    
       bsp_i2c.o                      1086    0         0      
       bsp_gpio.o                     896     0         0      
       bsp_pwm.o                      762     0         8      
    +--+------------------------------+-------+---------+---------+
       Total:                         3806    0         416    
                                                               
    .\common\
       ringbuf.o                      244     0         0      
    +--+------------------------------+-------+---------+---------+
       Total:                         244     0         0      
                                                               
    .\drivers\
       drv_oled_ssd1306.o             900     503       3      
       drv_mpu9250.o                  890     0         0      
       drv_stepper.o                  490     0         0      
       drv_encoder_ab.o               434     16        0      
       drv_line_sensor.o              428     0         0      
       drv_motor_dc.o                 324     0         0      
    +--+------------------------------+-------+---------+---------+
       Total:                         3466    519       3      
                                                               
    .\protocol\
       proto_vofa_firewater.o         540     43        0      
    +--+------------------------------+-------+---------+---------+
       Total:                         540     43        0      
                                                               
    C:\ti\ccs2100\ccs\tools\compiler\ti-cgt-armllvm_5.1.1.LTS\lib\armv6m-ti-none-eabi/c/libc.a
       _printfi.c.obj                 4624    34        0      
       s_atanf.c.obj                  466     32        0      
       e_atan2f.c.obj                 280     0         0      
       aeabi_ctype.S.obj              0       257       0      
       s_scalbn.c.obj                 220     0         0      
       e_sqrtf.c.obj                  180     0         0      
       snprintf.c.obj                 146     0         0      
       vsnprintf.c.obj                138     0         0      
       strcmp-armv6m.S.obj            136     0         0      
       copy_decompress_lzss.c.obj     124     0         0      
       s_frexp.c.obj                  92      0         0      
       _ltoa.c.obj                    88      0         0      
       atoi.c.obj                     68      0         0      
       autoinit.c.obj                 60      0         0      
       boot_cortex_m.c.obj            56      0         0      
       memccpy.c.obj                  34      0         0      
       copy_decompress_none.c.obj     18      0         0      
       memcpy16.S.obj                 18      0         0      
       copy_zero_init.c.obj           16      0         0      
       wcslen.c.obj                   16      0         0      
       memset16.S.obj                 14      0         0      
       strlen.c.obj                   14      0         0      
       aeabi_portable.c.obj           8       0         4      
       exit.c.obj                     6       0         0      
       pre_init.c.obj                 4       0         0      
    +--+------------------------------+-------+---------+---------+
       Total:                         6826    323       4      
                                                               
    C:\ti\ccs2100\ccs\tools\compiler\ti-cgt-armllvm_5.1.1.LTS\lib\armv6m-ti-none-eabi/c/libsysbm.a
       hostexit.c.obj                 4       0         0      
    +--+------------------------------+-------+---------+---------+
       Total:                         4       0         0      
                                                               
    C:\ti\ccs2100\ccs\tools\compiler\ti-cgt-armllvm_5.1.1.LTS\lib\armv6m-ti-none-eabi/libclang_rt.builtins.a
       adddf3.S.obj                   418     0         0      
       divdf3.S.obj                   282     0         0      
       comparedf2.c.obj               268     0         0      
       addsf3.S.obj                   232     0         0      
       muldf3.S.obj                   228     0         0      
       udivmoddi4.S.obj               162     0         0      
       divsf3.S.obj                   146     0         0      
       comparesf2.S.obj               140     0         0      
       mulsf3.S.obj                   140     0         0      
       aeabi_dcmp.S.obj               90      0         0      
       aeabi_fcmp.S.obj               90      0         0      
       aeabi_idivmod.S.obj            86      0         0      
       fixdfsi.S.obj                  74      0         0      
       aeabi_uidivmod.S.obj           64      0         0      
       extendsfdf2.S.obj              64      0         0      
       floatsisf.S.obj                60      0         0      
       muldsi3.S.obj                  58      0         0      
       fixsfsi.S.obj                  56      0         0      
       fixunssfsi.S.obj               50      0         0      
       floatsidf.S.obj                44      0         0      
       floatunsisf.S.obj              40      0         0      
       muldi3.S.obj                   36      0         0      
       ashldi3.S.obj                  30      0         0      
       aeabi_memset.S.obj             26      0         0      
       aeabi_uldivmod.S.obj           20      0         0      
       aeabi_ddiv.c.obj               8       0         0      
       aeabi_dmul.c.obj               8       0         0      
       aeabi_memcpy.S.obj             8       0         0      
       aeabi_div0.c.obj               4       0         0      
    +--+------------------------------+-------+---------+---------+
       Total:                         2932    0         0      
                                                               
    D:/ccs/mspm0_sdk/mspm0_sdk_2_10_00_04/source/ti/driverlib/lib/ticlang/m0p/mspm0g1x0x_g3x0x/driverlib.a
       dl_timer.o                     608     0         0      
       dl_uart.o                      166     0         0      
       dl_i2c.o                       132     0         0      
       dl_common.o                    10      0         0      
    +--+------------------------------+-------+---------+---------+
       Total:                         916     0         0      
                                                               
       Stack:                         0       0         512    
       Linker Generated:              0       43        0      
    +--+------------------------------+-------+---------+---------+
       Grand Total:                   32272   2095      3559   


LINKER GENERATED COPY TABLES

__TI_cinit_table @ 0000867c records: 2, size/record: 8, table size: 16
	.bss: load addr=0000866c, load size=00000008 bytes, run addr=20200000, run size=00000be0 bytes, compression=zero_init
	.data: load addr=00008674, load size=00000007 bytes, run addr=20200be0, run size=00000008 bytes, compression=lzss


LINKER GENERATED HANDLER TABLE

__TI_handler_table @ 00008660 records: 3, size/record: 4, table size: 12
	index: 0, handler: __TI_decompress_lzss
	index: 1, handler: __TI_decompress_none
	index: 2, handler: __TI_zero_init


FAR CALL TRAMPOLINES

callee name               trampoline name
   callee addr  tramp addr   call addr  call info
--------------  -----------  ---------  ----------------
__aeabi_dsub              $Tramp$TT$L$PI$$__aeabi_dsub
   00001b41     00007e54     00007e52   libc.a : _printfi.c.obj (.text.OUTLINED_FUNCTION_0)
__aeabi_fdiv              $Tramp$TT$L$PI$$__aeabi_fdiv
   00004e49     00007ec0     00007ebc   libc.a : s_atanf.c.obj (.text.OUTLINED_FUNCTION_0)
__aeabi_fadd              $Tramp$TT$L$PI$$__aeabi_fadd
   0000395f     00007ee4     00007ee0   libc.a : s_atanf.c.obj (.text.OUTLINED_FUNCTION_1)
_c_int00_noargs           $Tramp$TT$L$PI$$_c_int00_noargs
   000072c5     00007ef8     00007ef4   startup_mspm0g350x_ticlang.o (.text.Reset_Handler)

[4 trampolines]
[4 trampoline calls]


GLOBAL SYMBOLS: SORTED ALPHABETICALLY BY Name 

address   name                                
-------   ----                                
00007ed7  ADC0_IRQHandler                     
00007ed7  ADC1_IRQHandler                     
00007ed7  AES_IRQHandler                      
00007eda  C$$EXIT                             
00007ed7  CANFD0_IRQHandler                   
00007ed7  DAC0_IRQHandler                     
00007e41  DL_Common_delayCycles               
000057a9  DL_I2C_fillControllerTXFIFO         
0000733b  DL_I2C_setClockConfig               
00002efd  DL_Timer_initFourCCPWMMode          
00003101  DL_Timer_initTimerMode              
000076a9  DL_Timer_setCaptCompUpdateMethod    
000079b1  DL_Timer_setCaptureCompareOutCtl    
00007d85  DL_Timer_setCaptureCompareValue     
000076c5  DL_Timer_setClockConfig             
000061c5  DL_UART_init                        
00007d07  DL_UART_setClockConfig              
00006c61  DL_UART_transmitDataBlocking        
00007719  DL_UART_transmitDataCheck           
00007ed7  DMA_IRQHandler                      
00007ed7  Default_Handler                     
00007ed7  GROUP0_IRQHandler                   
000047ad  GROUP1_IRQHandler                   
00007edb  HOSTexit                            
00007ed7  HardFault_Handler                   
00007ed7  I2C0_IRQHandler                     
00007ed7  I2C1_IRQHandler                     
00007ed7  NMI_Handler                         
00007ed7  PendSV_Handler                      
00007ed7  RTC_IRQHandler                      
00007ef5  Reset_Handler                       
00007ed7  SPI0_IRQHandler                     
00007ed7  SPI1_IRQHandler                     
00007ed7  SVC_Handler                         
000013e9  SYSCFG_DL_GPIO_init                 
000059d5  SYSCFG_DL_I2C_SENSOR_BUS_init       
0000496d  SYSCFG_DL_PWM_MOTOR_LEFT_init       
000049fd  SYSCFG_DL_PWM_MOTOR_RIGHT_init      
00005219  SYSCFG_DL_PWM_STEP_PITCH_init       
00005281  SYSCFG_DL_PWM_STEP_YAW_init         
00006fed  SYSCFG_DL_SYSCTL_init               
00006a91  SYSCFG_DL_TIMER_CTRL_1KHZ_init      
00005b8d  SYSCFG_DL_UART_DEBUG_init           
00005749  SYSCFG_DL_UART_K230_init            
00005e25  SYSCFG_DL_init                      
00003d6d  SYSCFG_DL_initPower                 
00007ed7  SysTick_Handler                     
00007ed7  TIMA0_IRQHandler                    
00007735  TIMA1_IRQHandler                    
00007ed7  TIMG0_IRQHandler                    
00007ed7  TIMG12_IRQHandler                   
00007ed7  TIMG6_IRQHandler                    
00007ed7  TIMG7_IRQHandler                    
00007ed7  TIMG8_IRQHandler                    
00007d4f  TI_memcpy_small                     
00007e01  TI_memset_small                     
00007e79  UART0_IRQHandler                    
00007e81  UART1_IRQHandler                    
00007ed7  UART2_IRQHandler                    
00007ed7  UART3_IRQHandler                    
20208000  __STACK_END                         
00000200  __STACK_SIZE                        
00000000  __TI_ATRegion0_region_sz            
00000000  __TI_ATRegion0_src_addr             
00000000  __TI_ATRegion0_trg_addr             
00000000  __TI_ATRegion1_region_sz            
00000000  __TI_ATRegion1_src_addr             
00000000  __TI_ATRegion1_trg_addr             
00000000  __TI_ATRegion2_region_sz            
00000000  __TI_ATRegion2_src_addr             
00000000  __TI_ATRegion2_trg_addr             
0000867c  __TI_CINIT_Base                     
0000868c  __TI_CINIT_Limit                    
0000868c  __TI_CINIT_Warm                     
00008660  __TI_Handler_Table_Base             
0000866c  __TI_Handler_Table_Limit            
00006819  __TI_auto_init_nobinit_nopinit      
00004fcd  __TI_decompress_lzss                
00007d61  __TI_decompress_none                
00005a2d  __TI_ltoa                           
ffffffff  __TI_pprof_out_hndl                 
000000c1  __TI_printfi                        
ffffffff  __TI_prof_data_size                 
ffffffff  __TI_prof_data_start                
00000000  __TI_static_base__                  
00007dd5  __TI_zero_init                      
00001b4b  __adddf3                            
0000395f  __addsf3                            
000080f0  __aeabi_ctype_table_                
000080f0  __aeabi_ctype_table_C               
00006179  __aeabi_d2iz                        
00001b4b  __aeabi_dadd                        
0000591d  __aeabi_dcmpeq                      
00005953  __aeabi_dcmpge                      
00005965  __aeabi_dcmpgt                      
00005941  __aeabi_dcmple                      
0000592f  __aeabi_dcmplt                      
00006c91  __aeabi_dcmpun                      
00007e89  __aeabi_ddiv                        
00007e91  __aeabi_dmul                        
00001b41  __aeabi_dsub                        
20200be0  __aeabi_errno                       
00007e99  __aeabi_errno_addr                  
000064f5  __aeabi_f2d                         
00006a59  __aeabi_f2iz                        
00006c2d  __aeabi_f2uiz                       
0000395f  __aeabi_fadd                        
00005979  __aeabi_fcmpeq                      
000059af  __aeabi_fcmpge                      
000059c1  __aeabi_fcmpgt                      
0000599d  __aeabi_fcmple                      
0000598b  __aeabi_fcmplt                      
00004b8f  __aeabi_fcmpun                      
00004e49  __aeabi_fdiv                        
00004ba5  __aeabi_fmul                        
00003955  __aeabi_fsub                        
00006fc1  __aeabi_i2d                         
00006855  __aeabi_i2f                         
00005b35  __aeabi_idiv                        
00002ab3  __aeabi_idiv0                       
00005b35  __aeabi_idivmod                     
00002efb  __aeabi_ldiv0                       
00007539  __aeabi_llsl                        
000073d1  __aeabi_lmul                        
00007823  __aeabi_memclr                      
00007823  __aeabi_memclr4                     
00007823  __aeabi_memclr8                     
00007eb1  __aeabi_memcpy                      
00007eb1  __aeabi_memcpy4                     
00007eb1  __aeabi_memcpy8                     
00007815  __aeabi_memset                      
00007815  __aeabi_memset4                     
00007815  __aeabi_memset8                     
000072ed  __aeabi_ui2f                        
000064b5  __aeabi_uidiv                       
000064b5  __aeabi_uidivmod                    
00007cbd  __aeabi_uldivmod                    
00007539  __ashldi3                           
ffffffff  __binit__                           
000052e9  __cmpdf2                            
00004b19  __cmpsf2                            
00002999  __divdf3                            
00004e49  __divsf3                            
000052e9  __eqdf2                             
00004b19  __eqsf2                             
000064f5  __extendsfdf2                       
00006179  __fixdfsi                           
00006a59  __fixsfsi                           
00006c2d  __fixunssfsi                        
00006fc1  __floatsidf                         
00006855  __floatsisf                         
000072ed  __floatunsisf                       
000050c5  __gedf2                             
00004b53  __gesf2                             
000050c5  __gtdf2                             
00004b53  __gtsf2                             
000052e9  __ledf2                             
00004b19  __lesf2                             
000052e9  __ltdf2                             
00004b19  __ltsf2                             
UNDEFED   __mpu_init                          
00003795  __muldf3                            
000073d1  __muldi3                            
000068cd  __muldsi3                           
00004ba5  __mulsf3                            
000052e9  __nedf2                             
00004b19  __nesf2                             
20207e00  __stack                             
20200000  __start___llvm_prf_bits             
20200000  __start___llvm_prf_cnts             
20200000  __stop___llvm_prf_bits              
20200000  __stop___llvm_prf_cnts              
00001b41  __subdf3                            
00003955  __subsf3                            
0000466d  __udivmoddi4                        
00006c91  __unorddf2                          
00004b8f  __unordsf2                          
000072c5  _c_int00_noargs                     
UNDEFED   _system_post_cinit                  
00007f09  _system_pre_init                    
00007ed1  abort                               
00001fd1  app_chassis_control_task            
00007d95  app_chassis_enable_line_follow      
00007e11  app_chassis_get_encoder_driver      
00007da5  app_chassis_get_snapshot            
0000275d  app_chassis_init                    
00005ffd  app_chassis_line_task               
00007185  app_chassis_set_external_drive      
0000747d  app_chassis_stop                    
00005e75  app_control_scheduler_fetch         
00006ac5  app_control_scheduler_init          
00004845  app_control_scheduler_on_tick_isr   
00007e1d  app_imu_get_snapshot                
00005351  app_imu_init                        
000054f1  app_imu_task                        
00007c59  app_isr_set_encoder_driver          
00003ca5  app_turret_control_task             
00007e29  app_turret_get_snapshot             
00005555  app_turret_init                     
00007751  app_ui_init                         
00002ab5  app_ui_refresh                      
00002bcd  atan2f                              
000017c5  atanf                               
000062e5  atoi                                
ffffffff  binit                               
00006d51  bsp_gpio_init                       
0000466b  bsp_gpio_init_line_mux              
00007ad1  bsp_gpio_read_encoder_left_a        
00007c6d  bsp_gpio_read_encoder_left_b        
00007ae9  bsp_gpio_read_encoder_right_a       
00007c81  bsp_gpio_read_encoder_right_b       
000034e5  bsp_gpio_read_line_bits             
00006cf1  bsp_gpio_set_buzzer                 
000048d9  bsp_gpio_set_dir_output             
00007b01  bsp_gpio_set_laser                  
00006af9  bsp_gpio_set_led                    
00006b2d  bsp_gpio_set_magnet                 
00006d7f  bsp_gpio_set_motor_dir              
00006d21  bsp_gpio_set_turret_dir             
00007c95  bsp_gpio_toggle_led                 
0000470f  bsp_i2c_init                        
000033f5  bsp_i2c_mem_read                    
00004dc5  bsp_i2c_mem_write                   
0000629d  bsp_i2c_write_bytes                 
00006909  bsp_pwm_init                        
00003fa1  bsp_pwm_set_motor_bridge            
00004055  bsp_pwm_set_step_frequency          
00007b19  bsp_pwm_start_all                   
00006049  bsp_pwm_stop_step                   
0000561d  bsp_uart_debug_irq_handler          
00005ec5  bsp_uart_debug_printf               
000067dd  bsp_uart_debug_write                
0000776d  bsp_uart_debug_write_byte           
00006329  bsp_uart_enable_irqs                
00007ea1  bsp_uart_get_debug_ringbuf          
00007ea9  bsp_uart_get_k230_ringbuf           
00006eb9  bsp_uart_init                       
00005681  bsp_uart_k230_irq_handler           
00007ca9  bsp_uart_k230_poll_rx               
00004d41  bsp_uart_k230_write                 
000056e5  encoder_driver_handle_gpio_interrupt
000063f5  encoder_driver_init                 
00004f4d  encoder_driver_update_speed         
00005865  frexp                               
00005865  frexpl                              
00006bf9  fusion6_init                        
00002125  fusion6_update                      
202009a4  gPWM_MOTOR_RIGHTBackup              
2020082c  gPWM_STEP_YAWBackup                 
202008e8  gTIMER_CTRL_1KHZBackup              
00000000  interruptVectors                    
00003879  ldexp                               
00003879  ldexpl                              
00005049  line_sensor_init                    
00002df1  line_sensor_update                  
00007017  lpf1_init                           
00005add  lpf1_update                         
00007db5  main                                
000073f5  memccpy                             
00007e35  motor_dc_get_output                 
00007225  motor_dc_init                       
00004523  motor_dc_set_output                 
000035cd  mpu9250_calibrate_gyro_bias         
0000287d  mpu9250_init                        
00004a8d  mpu9250_read_raw                    
000077f9  mpu9250_read_who_am_i               
00003a2d  mpu9250_update                      
0000724d  oled_clear                          
000041bd  oled_flush                          
00003b01  oled_init                           
00006435  oled_printf                         
00007789  oled_set_cursor                     
000077a5  oled_write_char                     
00007275  oled_write_str                      
000069b1  pid_init                            
00005139  pid_reset                           
00001cd3  pid_update                          
00003ee9  proto_vofa_firewater_send           
000032f9  proto_vofa_firewater_send_named     
00006095  proto_vofa_firewater_send_packet    
00007387  ringbuf_init                        
00007b8d  ringbuf_is_empty                    
0000636d  ringbuf_pop_byte                    
000060e1  ringbuf_push_byte                   
00003879  scalbn                              
00003879  scalbnl                             
00006255  snprintf                            
00004271  sqrtf                               
000063b1  steelball_abort_mission             
000058c1  steelball_get_vision_snapshot       
000073ad  steelball_init                      
00006f95  steelball_reset_mission             
00001e5d  steelball_rx_bytes                  
00004ecd  steelball_start_mission             
0000198d  steelball_task_10ms                 
0000706b  stepper_enable                      
00006b61  stepper_init                        
00007439  stepper_set_speed                   
000077dd  stepper_stop                        
000036b1  stepper_update                      
00004c31  strcmp                              
00007df3  strlen                              
00006475  vsnprintf                           
00007dc5  wcslen                              


GLOBAL SYMBOLS: SORTED BY Symbol Address 

address   name                                
-------   ----                                
00000000  __TI_ATRegion0_region_sz            
00000000  __TI_ATRegion0_src_addr             
00000000  __TI_ATRegion0_trg_addr             
00000000  __TI_ATRegion1_region_sz            
00000000  __TI_ATRegion1_src_addr             
00000000  __TI_ATRegion1_trg_addr             
00000000  __TI_ATRegion2_region_sz            
00000000  __TI_ATRegion2_src_addr             
00000000  __TI_ATRegion2_trg_addr             
00000000  __TI_static_base__                  
00000000  interruptVectors                    
000000c1  __TI_printfi                        
00000200  __STACK_SIZE                        
000013e9  SYSCFG_DL_GPIO_init                 
000017c5  atanf                               
0000198d  steelball_task_10ms                 
00001b41  __aeabi_dsub                        
00001b41  __subdf3                            
00001b4b  __adddf3                            
00001b4b  __aeabi_dadd                        
00001cd3  pid_update                          
00001e5d  steelball_rx_bytes                  
00001fd1  app_chassis_control_task            
00002125  fusion6_update                      
0000275d  app_chassis_init                    
0000287d  mpu9250_init                        
00002999  __divdf3                            
00002ab3  __aeabi_idiv0                       
00002ab5  app_ui_refresh                      
00002bcd  atan2f                              
00002df1  line_sensor_update                  
00002efb  __aeabi_ldiv0                       
00002efd  DL_Timer_initFourCCPWMMode          
00003101  DL_Timer_initTimerMode              
000032f9  proto_vofa_firewater_send_named     
000033f5  bsp_i2c_mem_read                    
000034e5  bsp_gpio_read_line_bits             
000035cd  mpu9250_calibrate_gyro_bias         
000036b1  stepper_update                      
00003795  __muldf3                            
00003879  ldexp                               
00003879  ldexpl                              
00003879  scalbn                              
00003879  scalbnl                             
00003955  __aeabi_fsub                        
00003955  __subsf3                            
0000395f  __addsf3                            
0000395f  __aeabi_fadd                        
00003a2d  mpu9250_update                      
00003b01  oled_init                           
00003ca5  app_turret_control_task             
00003d6d  SYSCFG_DL_initPower                 
00003ee9  proto_vofa_firewater_send           
00003fa1  bsp_pwm_set_motor_bridge            
00004055  bsp_pwm_set_step_frequency          
000041bd  oled_flush                          
00004271  sqrtf                               
00004523  motor_dc_set_output                 
0000466b  bsp_gpio_init_line_mux              
0000466d  __udivmoddi4                        
0000470f  bsp_i2c_init                        
000047ad  GROUP1_IRQHandler                   
00004845  app_control_scheduler_on_tick_isr   
000048d9  bsp_gpio_set_dir_output             
0000496d  SYSCFG_DL_PWM_MOTOR_LEFT_init       
000049fd  SYSCFG_DL_PWM_MOTOR_RIGHT_init      
00004a8d  mpu9250_read_raw                    
00004b19  __cmpsf2                            
00004b19  __eqsf2                             
00004b19  __lesf2                             
00004b19  __ltsf2                             
00004b19  __nesf2                             
00004b53  __gesf2                             
00004b53  __gtsf2                             
00004b8f  __aeabi_fcmpun                      
00004b8f  __unordsf2                          
00004ba5  __aeabi_fmul                        
00004ba5  __mulsf3                            
00004c31  strcmp                              
00004d41  bsp_uart_k230_write                 
00004dc5  bsp_i2c_mem_write                   
00004e49  __aeabi_fdiv                        
00004e49  __divsf3                            
00004ecd  steelball_start_mission             
00004f4d  encoder_driver_update_speed         
00004fcd  __TI_decompress_lzss                
00005049  line_sensor_init                    
000050c5  __gedf2                             
000050c5  __gtdf2                             
00005139  pid_reset                           
00005219  SYSCFG_DL_PWM_STEP_PITCH_init       
00005281  SYSCFG_DL_PWM_STEP_YAW_init         
000052e9  __cmpdf2                            
000052e9  __eqdf2                             
000052e9  __ledf2                             
000052e9  __ltdf2                             
000052e9  __nedf2                             
00005351  app_imu_init                        
000054f1  app_imu_task                        
00005555  app_turret_init                     
0000561d  bsp_uart_debug_irq_handler          
00005681  bsp_uart_k230_irq_handler           
000056e5  encoder_driver_handle_gpio_interrupt
00005749  SYSCFG_DL_UART_K230_init            
000057a9  DL_I2C_fillControllerTXFIFO         
00005865  frexp                               
00005865  frexpl                              
000058c1  steelball_get_vision_snapshot       
0000591d  __aeabi_dcmpeq                      
0000592f  __aeabi_dcmplt                      
00005941  __aeabi_dcmple                      
00005953  __aeabi_dcmpge                      
00005965  __aeabi_dcmpgt                      
00005979  __aeabi_fcmpeq                      
0000598b  __aeabi_fcmplt                      
0000599d  __aeabi_fcmple                      
000059af  __aeabi_fcmpge                      
000059c1  __aeabi_fcmpgt                      
000059d5  SYSCFG_DL_I2C_SENSOR_BUS_init       
00005a2d  __TI_ltoa                           
00005add  lpf1_update                         
00005b35  __aeabi_idiv                        
00005b35  __aeabi_idivmod                     
00005b8d  SYSCFG_DL_UART_DEBUG_init           
00005e25  SYSCFG_DL_init                      
00005e75  app_control_scheduler_fetch         
00005ec5  bsp_uart_debug_printf               
00005ffd  app_chassis_line_task               
00006049  bsp_pwm_stop_step                   
00006095  proto_vofa_firewater_send_packet    
000060e1  ringbuf_push_byte                   
00006179  __aeabi_d2iz                        
00006179  __fixdfsi                           
000061c5  DL_UART_init                        
00006255  snprintf                            
0000629d  bsp_i2c_write_bytes                 
000062e5  atoi                                
00006329  bsp_uart_enable_irqs                
0000636d  ringbuf_pop_byte                    
000063b1  steelball_abort_mission             
000063f5  encoder_driver_init                 
00006435  oled_printf                         
00006475  vsnprintf                           
000064b5  __aeabi_uidiv                       
000064b5  __aeabi_uidivmod                    
000064f5  __aeabi_f2d                         
000064f5  __extendsfdf2                       
000067dd  bsp_uart_debug_write                
00006819  __TI_auto_init_nobinit_nopinit      
00006855  __aeabi_i2f                         
00006855  __floatsisf                         
000068cd  __muldsi3                           
00006909  bsp_pwm_init                        
000069b1  pid_init                            
00006a59  __aeabi_f2iz                        
00006a59  __fixsfsi                           
00006a91  SYSCFG_DL_TIMER_CTRL_1KHZ_init      
00006ac5  app_control_scheduler_init          
00006af9  bsp_gpio_set_led                    
00006b2d  bsp_gpio_set_magnet                 
00006b61  stepper_init                        
00006bf9  fusion6_init                        
00006c2d  __aeabi_f2uiz                       
00006c2d  __fixunssfsi                        
00006c61  DL_UART_transmitDataBlocking        
00006c91  __aeabi_dcmpun                      
00006c91  __unorddf2                          
00006cf1  bsp_gpio_set_buzzer                 
00006d21  bsp_gpio_set_turret_dir             
00006d51  bsp_gpio_init                       
00006d7f  bsp_gpio_set_motor_dir              
00006eb9  bsp_uart_init                       
00006f95  steelball_reset_mission             
00006fc1  __aeabi_i2d                         
00006fc1  __floatsidf                         
00006fed  SYSCFG_DL_SYSCTL_init               
00007017  lpf1_init                           
0000706b  stepper_enable                      
00007185  app_chassis_set_external_drive      
00007225  motor_dc_init                       
0000724d  oled_clear                          
00007275  oled_write_str                      
000072c5  _c_int00_noargs                     
000072ed  __aeabi_ui2f                        
000072ed  __floatunsisf                       
0000733b  DL_I2C_setClockConfig               
00007387  ringbuf_init                        
000073ad  steelball_init                      
000073d1  __aeabi_lmul                        
000073d1  __muldi3                            
000073f5  memccpy                             
00007439  stepper_set_speed                   
0000747d  app_chassis_stop                    
00007539  __aeabi_llsl                        
00007539  __ashldi3                           
000076a9  DL_Timer_setCaptCompUpdateMethod    
000076c5  DL_Timer_setClockConfig             
00007719  DL_UART_transmitDataCheck           
00007735  TIMA1_IRQHandler                    
00007751  app_ui_init                         
0000776d  bsp_uart_debug_write_byte           
00007789  oled_set_cursor                     
000077a5  oled_write_char                     
000077dd  stepper_stop                        
000077f9  mpu9250_read_who_am_i               
00007815  __aeabi_memset                      
00007815  __aeabi_memset4                     
00007815  __aeabi_memset8                     
00007823  __aeabi_memclr                      
00007823  __aeabi_memclr4                     
00007823  __aeabi_memclr8                     
000079b1  DL_Timer_setCaptureCompareOutCtl    
00007ad1  bsp_gpio_read_encoder_left_a        
00007ae9  bsp_gpio_read_encoder_right_a       
00007b01  bsp_gpio_set_laser                  
00007b19  bsp_pwm_start_all                   
00007b8d  ringbuf_is_empty                    
00007c59  app_isr_set_encoder_driver          
00007c6d  bsp_gpio_read_encoder_left_b        
00007c81  bsp_gpio_read_encoder_right_b       
00007c95  bsp_gpio_toggle_led                 
00007ca9  bsp_uart_k230_poll_rx               
00007cbd  __aeabi_uldivmod                    
00007d07  DL_UART_setClockConfig              
00007d4f  TI_memcpy_small                     
00007d61  __TI_decompress_none                
00007d85  DL_Timer_setCaptureCompareValue     
00007d95  app_chassis_enable_line_follow      
00007da5  app_chassis_get_snapshot            
00007db5  main                                
00007dc5  wcslen                              
00007dd5  __TI_zero_init                      
00007df3  strlen                              
00007e01  TI_memset_small                     
00007e11  app_chassis_get_encoder_driver      
00007e1d  app_imu_get_snapshot                
00007e29  app_turret_get_snapshot             
00007e35  motor_dc_get_output                 
00007e41  DL_Common_delayCycles               
00007e79  UART0_IRQHandler                    
00007e81  UART1_IRQHandler                    
00007e89  __aeabi_ddiv                        
00007e91  __aeabi_dmul                        
00007e99  __aeabi_errno_addr                  
00007ea1  bsp_uart_get_debug_ringbuf          
00007ea9  bsp_uart_get_k230_ringbuf           
00007eb1  __aeabi_memcpy                      
00007eb1  __aeabi_memcpy4                     
00007eb1  __aeabi_memcpy8                     
00007ed1  abort                               
00007ed7  ADC0_IRQHandler                     
00007ed7  ADC1_IRQHandler                     
00007ed7  AES_IRQHandler                      
00007ed7  CANFD0_IRQHandler                   
00007ed7  DAC0_IRQHandler                     
00007ed7  DMA_IRQHandler                      
00007ed7  Default_Handler                     
00007ed7  GROUP0_IRQHandler                   
00007ed7  HardFault_Handler                   
00007ed7  I2C0_IRQHandler                     
00007ed7  I2C1_IRQHandler                     
00007ed7  NMI_Handler                         
00007ed7  PendSV_Handler                      
00007ed7  RTC_IRQHandler                      
00007ed7  SPI0_IRQHandler                     
00007ed7  SPI1_IRQHandler                     
00007ed7  SVC_Handler                         
00007ed7  SysTick_Handler                     
00007ed7  TIMA0_IRQHandler                    
00007ed7  TIMG0_IRQHandler                    
00007ed7  TIMG12_IRQHandler                   
00007ed7  TIMG6_IRQHandler                    
00007ed7  TIMG7_IRQHandler                    
00007ed7  TIMG8_IRQHandler                    
00007ed7  UART2_IRQHandler                    
00007ed7  UART3_IRQHandler                    
00007eda  C$$EXIT                             
00007edb  HOSTexit                            
00007ef5  Reset_Handler                       
00007f09  _system_pre_init                    
000080f0  __aeabi_ctype_table_                
000080f0  __aeabi_ctype_table_C               
00008660  __TI_Handler_Table_Base             
0000866c  __TI_Handler_Table_Limit            
0000867c  __TI_CINIT_Base                     
0000868c  __TI_CINIT_Limit                    
0000868c  __TI_CINIT_Warm                     
20200000  __start___llvm_prf_bits             
20200000  __start___llvm_prf_cnts             
20200000  __stop___llvm_prf_bits              
20200000  __stop___llvm_prf_cnts              
2020082c  gPWM_STEP_YAWBackup                 
202008e8  gTIMER_CTRL_1KHZBackup              
202009a4  gPWM_MOTOR_RIGHTBackup              
20200be0  __aeabi_errno                       
20207e00  __stack                             
20208000  __STACK_END                         
ffffffff  __TI_pprof_out_hndl                 
ffffffff  __TI_prof_data_size                 
ffffffff  __TI_prof_data_start                
ffffffff  __binit__                           
ffffffff  binit                               
UNDEFED   __mpu_init                          
UNDEFED   _system_post_cinit                  

[304 symbols]
