******************************************************************************
            TI ARM Clang Linker PC v5.1.1                      
******************************************************************************
>> Linked Fri Jul 10 23:59:14 2026

OUTPUT FILE NAME:   <electric_competition_empty.out>
ENTRY POINT SYMBOL: "_c_int00_noargs"  address: 00005539


MEMORY CONFIGURATION

         name            origin    length      used     unused   attr    fill
----------------------  --------  ---------  --------  --------  ----  --------
  FLASH                 00000000   00020000  00006670  00019990  R  X
  SRAM                  20200000   00008000  00000ba8  00007458  RW X
  BCR_CONFIG            41c00000   000000ff  00000000  000000ff  R   
  BSL_CONFIG            41c00100   00000080  00000000  00000080  R   


SEGMENT ALLOCATION MAP

run origin  load origin   length   init length attrs members
----------  ----------- ---------- ----------- ----- -------
00000000    00000000    00006670   00006670    r-x
  00000000    00000000    000000c0   000000c0    r-- .intvecs
  000000c0    000000c0    00005ed0   00005ed0    r-x .text
  00005f90    00005f90    000006b0   000006b0    r-- .rodata
  00006640    00006640    00000030   00000030    r-- .cinit
20200000    20200000    000009a8   00000000    rw-
  20200000    20200000    000009a0   00000000    rw- .bss
  202009a0    202009a0    00000008   00000000    rw- .data
20207e00    20207e00    00000200   00000000    rw-
  20207e00    20207e00    00000200   00000000    rw- .stack


SECTION ALLOCATION MAP

 output                                  attributes/
section   page    origin      length       input sections
--------  ----  ----------  ----------   ----------------
.intvecs   0    00000000    000000c0     
                  00000000    000000c0     startup_mspm0g350x_ticlang.o (.intvecs)

.text      0    000000c0    00005ed0     
                  000000c0    00000a7c     libc.a : _printfi.c.obj (.text:__TI_printfi)
                  00000b3c    00000350            : strtof.c.obj (.text.strtof)
                  00000e8c    00000258     empty.o (.text.bringup_test_init)
                  000010e4    0000020c     ti_msp_dl_config.o (.text.SYSCFG_DL_GPIO_init)
                  000012f0    0000020c     libc.a : _printfi.c.obj (.text._pconv_a)
                  000014fc    000001e0            : _printfi.c.obj (.text._pconv_g)
                  000016dc    00000192     libclang_rt.builtins.a : adddf3.S.obj (.text)
                  0000186e    0000018a     algo_pid.o (.text.pid_update)
                  000019f8    00000164     empty.o (.text.bringup_test_process)
                  00001b5c    00000148     empty.o (.text.bringup_test_update_motor_pattern)
                  00001ca4    0000013c     empty.o (.text.bringup_test_parse_target_line)
                  00001de0    00000138     libc.a : _printfi.c.obj (.text.fcvt)
                  00001f18    0000011c     drv_mpu9250.o (.text.mpu9250_init)
                  00002034    0000011a     libclang_rt.builtins.a : divdf3.S.obj (.text)
                  0000214e    00000002                            : aeabi_div0.c.obj (.text.__aeabi_idiv0)
                  00002150    00000104     driverlib.a : dl_timer.o (.text.DL_Timer_initFourCCPWMMode)
                  00002254    00000100     bsp_i2c.o (.text.bsp_i2c_write_raw)
                  00002354    000000fc     driverlib.a : dl_timer.o (.text.DL_Timer_initTimerMode)
                  00002450    000000fc     libc.a : _printfi.c.obj (.text._pconv_e)
                  0000254c    000000fc     proto_vofa_firewater.o (.text.proto_vofa_firewater_send_named)
                  00002648    000000f8     empty.o (.text.bringup_test_update_oled)
                  00002740    000000f0     bsp_i2c.o (.text.bsp_i2c_mem_read)
                  00002830    000000e4     drv_mpu9250.o (.text.mpu9250_calibrate_gyro_bias)
                  00002914    000000e4     libclang_rt.builtins.a : muldf3.S.obj (.text)
                  000029f8    000000dc     libc.a : s_scalbn.c.obj (.text.scalbn)
                  00002ad4    000000d8     libclang_rt.builtins.a : addsf3.S.obj (.text)
                  00002bac    000000d4     drv_mpu9250.o (.text.mpu9250_update)
                  00002c80    000000d4     drv_oled_ssd1306.o (.text.oled_init)
                  00002d54    000000c4     ti_msp_dl_config.o (.text.SYSCFG_DL_initPower)
                  00002e18    000000bc     libc.a : s_scalbnf.c.obj (.text.scalbnf)
                  00002ed4    000000b8     proto_vofa_firewater.o (.text.proto_vofa_firewater_send)
                  00002f8c    000000b4     drv_oled_ssd1306.o (.text.oled_flush)
                  00003040    000000a8     drv_oled_ssd1306.o (.text.oled_draw_glyph)
                  000030e8    000000a6     drv_motor_dc.o (.text.motor_dc_set_output)
                  0000318e    000000a2     algo_pid.o (.text.pid_compute_derivative)
                  00003230    000000a2     libclang_rt.builtins.a : udivmoddi4.S.obj (.text)
                  000032d2    00000002                            : aeabi_div0.c.obj (.text.__aeabi_ldiv0)
                  000032d4    0000009c     bsp_pwm.o (.text.bsp_pwm_set_motor_bridge)
                  00003370    00000098     app_isr.o (.text.GROUP1_IRQHandler)
                  00003408    00000094     app_control_scheduler.o (.text.app_control_scheduler_on_tick_isr)
                  0000349c    00000094     bsp_gpio.o (.text.bsp_gpio_set_dir_output)
                  00003530    00000090     ti_msp_dl_config.o (.text.SYSCFG_DL_PWM_MOTOR_LEFT_init)
                  000035c0    00000090     ti_msp_dl_config.o (.text.SYSCFG_DL_PWM_MOTOR_RIGHT_init)
                  00003650    0000008c     empty.o (.text.bringup_test_send_vofa)
                  000036dc    0000008c     drv_mpu9250.o (.text.mpu9250_read_raw)
                  00003768    0000008c     libclang_rt.builtins.a : comparesf2.S.obj (.text)
                  000037f4    0000008c                            : mulsf3.S.obj (.text)
                  00003880    00000088     empty.o (.text.bringup_test_poll_debug_command)
                  00003908    00000088     drv_encoder_ab.o (.text.encoder_driver_handle_gpio_interrupt)
                  00003990    00000086     algo_pid.o (.text.pid_apply_ramp)
                  00003a16    00000082     bsp_i2c.o (.text.bsp_i2c_mem_write)
                  00003a98    00000082     libclang_rt.builtins.a : divsf3.S.obj (.text)
                  00003b1a    0000007e     drv_encoder_ab.o (.text.encoder_driver_update_speed)
                  00003b98    0000007c     libc.a : copy_decompress_lzss.c.obj (.text:decompress:lzss)
                  00003c14    00000074     libclang_rt.builtins.a : comparedf2.c.obj (.text.__gedf2)
                  00003c88    00000074     algo_pid.o (.text.pid_reset)
                  00003cfc    0000006a     drv_oled_ssd1306.o (.text.oled_send_data)
                  00003d66    00000002     bsp_i2c.o (.text.bsp_i2c_init)
                  00003d68    00000068     ti_msp_dl_config.o (.text.SYSCFG_DL_PWM_STEP_PITCH_init)
                  00003dd0    00000068     ti_msp_dl_config.o (.text.SYSCFG_DL_PWM_STEP_YAW_init)
                  00003e38    00000068     libclang_rt.builtins.a : comparedf2.c.obj (.text.__ledf2)
                  00003ea0    00000068     empty.o (.text.run_bringup_test)
                  00003f08    00000066     libc.a : _printfi.c.obj (.text._mcpy)
                  00003f6e    00000002     --HOLE-- [fill = 0]
                  00003f70    00000064     bsp_i2c.o (.text.bsp_i2c_wait_bus_complete)
                  00003fd4    0000005e     driverlib.a : dl_i2c.o (.text.DL_I2C_fillControllerTXFIFO)
                  00004032    00000002     --HOLE-- [fill = 0]
                  00004034    0000005c     libc.a : s_frexp.c.obj (.text.frexp)
                  00004090    0000005a     libclang_rt.builtins.a : aeabi_dcmp.S.obj (.text)
                  000040ea    00000002     --HOLE-- [fill = 0]
                  000040ec    0000005a                            : aeabi_fcmp.S.obj (.text)
                  00004146    00000002     --HOLE-- [fill = 0]
                  00004148    00000058     ti_msp_dl_config.o (.text.SYSCFG_DL_I2C_SENSOR_BUS_init)
                  000041a0    00000058     libc.a : _ltoa.c.obj (.text.__TI_ltoa)
                  000041f8    00000058            : _printfi.c.obj (.text._pconv_f)
                  00004250    00000056     libclang_rt.builtins.a : aeabi_idivmod.S.obj (.text)
                  000042a6    00000002     --HOLE-- [fill = 0]
                  000042a8    00000054     ti_msp_dl_config.o (.text.SYSCFG_DL_UART_DEBUG_init)
                  000042fc    00000052     libc.a : _printfi.c.obj (.text._ecpy)
                  0000434e    00000002     --HOLE-- [fill = 0]
                  00004350    00000050     ti_msp_dl_config.o (.text.DL_GPIO_initPeripheralInputFunctionFeatures)
                  000043a0    00000050     bsp_i2c.o (.text.DL_I2C_startControllerTransfer)
                  000043f0    00000050     ti_msp_dl_config.o (.text.SYSCFG_DL_init)
                  00004440    00000050     app_control_scheduler.o (.text.app_control_scheduler_fetch)
                  00004490    00000050     bsp_uart.o (.text.bsp_uart_debug_printf)
                  000044e0    0000004c     ti_msp_dl_config.o (.text.DL_GPIO_initDigitalInputFeatures)
                  0000452c    0000004c     ti_msp_dl_config.o (.text.DL_UART_setBaudRateDivisor)
                  00004578    0000004c     bsp_pwm.o (.text.bsp_pwm_stop_step)
                  000045c4    0000004c     proto_vofa_firewater.o (.text.proto_vofa_firewater_send_packet)
                  00004610    0000004c     ringbuf.o (.text.ringbuf_push_byte)
                  0000465c    0000004a     libclang_rt.builtins.a : fixdfsi.S.obj (.text)
                  000046a6    00000002     --HOLE-- [fill = 0]
                  000046a8    00000048     driverlib.a : dl_uart.o (.text.DL_UART_init)
                  000046f0    00000048     ti_msp_dl_config.o (.text.SYSCFG_DL_UART_K230_init)
                  00004738    00000048     bsp_i2c.o (.text.bsp_i2c_wait_idle)
                  00004780    00000048     algo_pid.o (.text.cascade_pid_update)
                  000047c8    00000048     libc.a : snprintf.c.obj (.text.snprintf)
                  00004810    00000046     bsp_i2c.o (.text.bsp_i2c_write_bytes)
                  00004856    00000002     --HOLE-- [fill = 0]
                  00004858    00000044     libc.a : atoi.c.obj (.text.atoi)
                  0000489c    00000044     ringbuf.o (.text.ringbuf_pop_byte)
                  000048e0    00000040     bsp_uart.o (.text.bsp_uart_debug_irq_handler)
                  00004920    00000040     bsp_uart.o (.text.bsp_uart_k230_irq_handler)
                  00004960    00000040     algo_pid.o (.text.cascade_pid_init)
                  000049a0    00000040     drv_oled_ssd1306.o (.text.oled_printf)
                  000049e0    00000040     libc.a : vsnprintf.c.obj (.text.vsnprintf)
                  00004a20    00000040     libclang_rt.builtins.a : aeabi_uidivmod.S.obj (.text)
                  00004a60    00000040                            : extendsfdf2.S.obj (.text)
                  00004aa0    0000003e     algo_pid.o (.text.math_clampf)
                  00004ade    0000003e     bsp_pwm.o (.text.math_clampf)
                  00004b1c    0000003e     drv_motor_dc.o (.text.math_clampf)
                  00004b5a    0000003e     algo_pid.o (.text.pid_integral_enabled)
                  00004b98    0000003c     ti_msp_dl_config.o (.text.DL_Timer_setCounterControl)
                  00004bd4    0000003c     bsp_uart.o (.text.bsp_uart_debug_write)
                  00004c10    0000003c     libc.a : autoinit.c.obj (.text:__TI_auto_init_nobinit_nopinit)
                  00004c4c    0000003c     libclang_rt.builtins.a : floatsisf.S.obj (.text)
                  00004c88    0000003a                            : muldsi3.S.obj (.text)
                  00004cc2    00000002     --HOLE-- [fill = 0]
                  00004cc4    00000038     bsp_pwm.o (.text.bsp_pwm_init)
                  00004cfc    00000038     drv_encoder_ab.o (.text.encoder_driver_init)
                  00004d34    00000038     algo_pid.o (.text.pid_init)
                  00004d6c    00000038     algo_pid.o (.text.pid_limit_integral)
                  00004da4    00000038     algo_pid.o (.text.pid_limit_output)
                  00004ddc    00000038     libclang_rt.builtins.a : fixsfsi.S.obj (.text)
                  00004e14    00000034     ti_msp_dl_config.o (.text.SYSCFG_DL_TIMER_CTRL_1KHZ_init)
                  00004e48    00000034     app_control_scheduler.o (.text.app_control_scheduler_init)
                  00004e7c    00000034     bsp_gpio.o (.text.bsp_gpio_set_laser)
                  00004eb0    00000034     bsp_gpio.o (.text.bsp_gpio_set_led)
                  00004ee4    00000034     bsp_uart.o (.text.bsp_uart_enable_irqs)
                  00004f18    00000034     drv_encoder_ab.o (.text.encoder_apply_transition)
                  00004f4c    00000034     drv_stepper.o (.text.stepper_init)
                  00004f80    00000032     libc.a : snprintf.c.obj (.text._outs)
                  00004fb2    00000032            : vsnprintf.c.obj (.text._outs)
                  00004fe4    00000032     algo_pid.o (.text.cascade_pid_reset)
                  00005016    00000002     --HOLE-- [fill = 0]
                  00005018    00000032     libclang_rt.builtins.a : fixunssfsi.S.obj (.text)
                  0000504a    00000002     --HOLE-- [fill = 0]
                  0000504c    00000030     driverlib.a : dl_uart.o (.text.DL_UART_transmitDataBlocking)
                  0000507c    00000030     libclang_rt.builtins.a : comparedf2.c.obj (.text.__unorddf2)
                  000050ac    00000030     libc.a : _printfi.c.obj (.text._fcpy)
                  000050dc    00000030     bsp_gpio.o (.text.bsp_gpio_set_buzzer)
                  0000510c    00000030     bsp_gpio.o (.text.bsp_gpio_set_turret_dir)
                  0000513c    0000002e     bsp_gpio.o (.text.bsp_gpio_init)
                  0000516a    0000002e     bsp_gpio.o (.text.bsp_gpio_set_motor_dir)
                  00005198    0000002c     app_control_scheduler.o (.text.__NVIC_ClearPendingIRQ)
                  000051c4    0000002c     bsp_uart.o (.text.__NVIC_ClearPendingIRQ)
                  000051f0    0000002c     app_control_scheduler.o (.text.__NVIC_EnableIRQ)
                  0000521c    0000002c     bsp_uart.o (.text.__NVIC_EnableIRQ)
                  00005248    0000002c     empty.o (.text.__NVIC_EnableIRQ)
                  00005274    0000002c     empty.o (.text.bringup_test_set_position_target)
                  000052a0    0000002c     bsp_uart.o (.text.bsp_uart_init)
                  000052cc    0000002c     algo_pid.o (.text.math_absf)
                  000052f8    0000002c     drv_motor_dc.o (.text.math_absf)
                  00005324    0000002c     libclang_rt.builtins.a : floatsidf.S.obj (.text)
                  00005350    0000002a     ti_msp_dl_config.o (.text.SYSCFG_DL_SYSCTL_init)
                  0000537a    0000002a     ringbuf.o (.text.ringbuf_next_index)
                  000053a4    0000002a     drv_stepper.o (.text.stepper_enable)
                  000053ce    00000028     bsp_i2c.o (.text.DL_Common_updateReg)
                  000053f6    00000028     ti_msp_dl_config.o (.text.DL_Common_updateReg)
                  0000541e    00000002     --HOLE-- [fill = 0]
                  00005420    00000028     ti_msp_dl_config.o (.text.DL_I2C_setControllerRXFIFOThreshold)
                  00005448    00000028     ti_msp_dl_config.o (.text.DL_I2C_setControllerTXFIFOThreshold)
                  00005470    00000028     ti_msp_dl_config.o (.text.DL_UART_setRXFIFOThreshold)
                  00005498    00000028     ti_msp_dl_config.o (.text.DL_UART_setTXFIFOThreshold)
                  000054c0    00000028     drv_motor_dc.o (.text.motor_dc_init)
                  000054e8    00000028     drv_oled_ssd1306.o (.text.oled_clear)
                  00005510    00000028     drv_oled_ssd1306.o (.text.oled_write_str)
                  00005538    00000028     libc.a : boot_cortex_m.c.obj (.text:_c_int00_noargs)
                  00005560    00000028     libclang_rt.builtins.a : floatunsisf.S.obj (.text)
                  00005588    00000026     ti_msp_dl_config.o (.text.DL_I2C_setAnalogGlitchFilterPulseWidth)
                  000055ae    00000026     driverlib.a : dl_i2c.o (.text.DL_I2C_setClockConfig)
                  000055d4    00000024     ringbuf.o (.text.ringbuf_init)
                  000055f8    00000024     libclang_rt.builtins.a : muldi3.S.obj (.text)
                  0000561c    00000022     libc.a : memccpy.c.obj (.text.memccpy)
                  0000563e    00000022     drv_oled_ssd1306.o (.text.oled_send_command)
                  00005660    00000020     ti_msp_dl_config.o (.text.DL_GPIO_initPeripheralInputFunction)
                  00005680    00000020     bsp_pwm.o (.text.bsp_pwm_set_motor_compare)
                  000056a0    0000001e     ti_msp_dl_config.o (.text.DL_UART_setOversampling)
                  000056be    0000001e     drv_encoder_ab.o (.text.encoder_read_state_left)
                  000056dc    0000001e     drv_encoder_ab.o (.text.encoder_read_state_right)
                  000056fa    00000002     --HOLE-- [fill = 0]
                  000056fc    0000001e     libclang_rt.builtins.a : ashldi3.S.obj (.text)
                  0000571a    00000002     --HOLE-- [fill = 0]
                  0000571c    0000001c     ti_msp_dl_config.o (.text.DL_GPIO_clearInterruptStatus)
                  00005738    0000001c     ti_msp_dl_config.o (.text.DL_GPIO_enableHiZ)
                  00005754    0000001c     ti_msp_dl_config.o (.text.DL_GPIO_enableInterrupt)
                  00005770    0000001c     ti_msp_dl_config.o (.text.DL_GPIO_initPeripheralOutputFunction)
                  0000578c    0000001c     bsp_i2c.o (.text.DL_I2C_isControllerRXFIFOEmpty)
                  000057a8    0000001c     bsp_i2c.o (.text.DL_I2C_isControllerTXFIFOFull)
                  000057c4    0000001c     app_isr.o (.text.DL_Interrupt_getPendingGroup)
                  000057e0    0000001c     ti_msp_dl_config.o (.text.DL_SYSCTL_setMCLKDivider)
                  000057fc    0000001c     ti_msp_dl_config.o (.text.DL_SYSCTL_setSYSOSCFreq)
                  00005818    0000001c     ti_msp_dl_config.o (.text.DL_SYSCTL_setULPCLKDivider)
                  00005834    0000001c     ti_msp_dl_config.o (.text.DL_Timer_enableInterrupt)
                  00005850    0000001c     driverlib.a : dl_timer.o (.text.DL_Timer_setCaptCompUpdateMethod)
                  0000586c    0000001c                 : dl_timer.o (.text.DL_Timer_setClockConfig)
                  00005888    0000001c     bsp_uart.o (.text.DL_UART_enableInterrupt)
                  000058a4    0000001c     ti_msp_dl_config.o (.text.DL_UART_enableInterrupt)
                  000058c0    0000001c     app_isr.o (.text.TIMA1_IRQHandler)
                  000058dc    0000001c     bsp_uart.o (.text.bsp_uart_debug_write_byte)
                  000058f8    0000001c     drv_oled_ssd1306.o (.text.oled_set_cursor)
                  00005914    0000001c     drv_oled_ssd1306.o (.text.oled_write_char)
                  00005930    0000001c     proto_vofa_firewater.o (.text.proto_vofa_firewater_write_line)
                  0000594c    0000001c     drv_stepper.o (.text.stepper_stop)
                  00005968    0000001a     bsp_i2c.o (.text.bsp_i2c_probe)
                  00005982    0000001a     drv_mpu9250.o (.text.mpu9250_read_who_am_i)
                  0000599c    0000001a     libclang_rt.builtins.a : aeabi_memset.S.obj (.text)
                  000059b6    00000002     --HOLE-- [fill = 0]
                  000059b8    00000018     ti_msp_dl_config.o (.text.DL_GPIO_enableOutput)
                  000059d0    00000018     ti_msp_dl_config.o (.text.DL_GPIO_enablePower)
                  000059e8    00000018     ti_msp_dl_config.o (.text.DL_GPIO_initDigitalOutput)
                  00005a00    00000018     ti_msp_dl_config.o (.text.DL_GPIO_reset)
                  00005a18    00000018     bsp_gpio.o (.text.DL_GPIO_setPins)
                  00005a30    00000018     ti_msp_dl_config.o (.text.DL_GPIO_setUpperPinsPolarity)
                  00005a48    00000018     bsp_gpio.o (.text.DL_GPIO_togglePins)
                  00005a60    00000018     ti_msp_dl_config.o (.text.DL_I2C_enableAnalogGlitchFilter)
                  00005a78    00000018     ti_msp_dl_config.o (.text.DL_I2C_enableController)
                  00005a90    00000018     ti_msp_dl_config.o (.text.DL_I2C_enableControllerClockStretching)
                  00005aa8    00000018     ti_msp_dl_config.o (.text.DL_I2C_enablePower)
                  00005ac0    00000018     ti_msp_dl_config.o (.text.DL_I2C_reset)
                  00005ad8    00000018     ti_msp_dl_config.o (.text.DL_I2C_setTimerPeriod)
                  00005af0    00000018     ti_msp_dl_config.o (.text.DL_SYSCTL_setBORThreshold)
                  00005b08    00000018     ti_msp_dl_config.o (.text.DL_Timer_enablePower)
                  00005b20    00000018     ti_msp_dl_config.o (.text.DL_Timer_reset)
                  00005b38    00000018     driverlib.a : dl_timer.o (.text.DL_Timer_setCaptureCompareOutCtl)
                  00005b50    00000018     app_control_scheduler.o (.text.DL_Timer_startCounter)
                  00005b68    00000018     bsp_pwm.o (.text.DL_Timer_startCounter)
                  00005b80    00000018     bsp_pwm.o (.text.DL_Timer_stopCounter)
                  00005b98    00000018     ti_msp_dl_config.o (.text.DL_UART_enableFIFOs)
                  00005bb0    00000018     ti_msp_dl_config.o (.text.DL_UART_enablePower)
                  00005bc8    00000018     bsp_uart.o (.text.DL_UART_isRXFIFOEmpty)
                  00005be0    00000018     ti_msp_dl_config.o (.text.DL_UART_reset)
                  00005bf8    00000018     libc.a : snprintf.c.obj (.text._outc)
                  00005c10    00000018            : vsnprintf.c.obj (.text._outc)
                  00005c28    00000018     bsp_gpio.o (.text.bsp_gpio_read_encoder_left_a)
                  00005c40    00000018     bsp_gpio.o (.text.bsp_gpio_read_encoder_left_b)
                  00005c58    00000018     bsp_gpio.o (.text.bsp_gpio_read_encoder_right_a)
                  00005c70    00000018     bsp_gpio.o (.text.bsp_gpio_read_encoder_right_b)
                  00005c88    00000018     bsp_pwm.o (.text.bsp_pwm_start_all)
                  00005ca0    00000016     bsp_gpio.o (.text.DL_GPIO_readPins)
                  00005cb6    00000016     ti_msp_dl_config.o (.text.DL_UART_enable)
                  00005ccc    00000016     ringbuf.o (.text.ringbuf_is_empty)
                  00005ce2    00000014     bsp_gpio.o (.text.DL_GPIO_clearPins)
                  00005cf6    00000014     ti_msp_dl_config.o (.text.DL_GPIO_clearPins)
                  00005d0a    00000002     --HOLE-- [fill = 0]
                  00005d0c    00000014     bsp_i2c.o (.text.DL_I2C_getControllerStatus)
                  00005d20    00000014     bsp_i2c.o (.text.DL_I2C_receiveControllerData)
                  00005d34    00000014     ti_msp_dl_config.o (.text.DL_I2C_resetControllerTransfer)
                  00005d48    00000014     ti_msp_dl_config.o (.text.DL_SYSCTL_disableSYSPLL)
                  00005d5c    00000014     ti_msp_dl_config.o (.text.DL_Timer_enableClock)
                  00005d70    00000014     ti_msp_dl_config.o (.text.DL_Timer_setCCPDirection)
                  00005d84    00000014     bsp_uart.o (.text.DL_UART_receiveData)
                  00005d98    00000014     app_isr.o (.text.app_isr_set_encoder_driver)
                  00005dac    00000014     bsp_gpio.o (.text.bsp_gpio_toggle_led)
                  00005dc0    00000014     libclang_rt.builtins.a : aeabi_uldivmod.S.obj (.text)
                  00005dd4    00000012     app_isr.o (.text.DL_GPIO_getPendingInterrupt)
                  00005de6    00000012     app_isr.o (.text.DL_Timer_getPendingInterrupt)
                  00005df8    00000012     bsp_uart.o (.text.DL_UART_getPendingInterrupt)
                  00005e0a    00000012     driverlib.a : dl_uart.o (.text.DL_UART_setClockConfig)
                  00005e1c    00000012     libc.a : _printfi.c.obj (.text.strchr)
                  00005e2e    00000012            : memcpy16.S.obj (.text:TI_memcpy_small)
                  00005e40    00000012            : copy_decompress_none.c.obj (.text:decompress:none)
                  00005e52    00000002     --HOLE-- [fill = 0]
                  00005e54    00000010     ti_msp_dl_config.o (.text.DL_SYSCTL_disableHFXT)
                  00005e64    00000010     driverlib.a : dl_timer.o (.text.DL_Timer_setCaptureCompareValue)
                  00005e74    00000010     empty.o (.text.main)
                  00005e84    00000010     libc.a : wcslen.c.obj (.text.wcslen)
                  00005e94    00000010            : copy_zero_init.c.obj (.text:decompress:ZI)
                  00005ea4    0000000e            : _printfi.c.obj (.text.strlen)
                  00005eb2    0000000e            : strlen.c.obj (.text.strlen)
                  00005ec0    0000000e            : memset16.S.obj (.text:TI_memset_small)
                  00005ece    00000002     --HOLE-- [fill = 0]
                  00005ed0    0000000c     drv_oled_ssd1306.o (.text.oled_get_last_failed_command)
                  00005edc    0000000c     drv_oled_ssd1306.o (.text.oled_get_last_failed_index)
                  00005ee8    0000000c     drv_oled_ssd1306.o (.text.oled_get_last_status)
                  00005ef4    0000000a     driverlib.a : dl_common.o (.text.DL_Common_delayCycles)
                  00005efe    0000000a     libc.a : _printfi.c.obj (.text.OUTLINED_FUNCTION_0)
                  00005f08    00000010     libclang_rt.builtins.a : adddf3.S.obj (.tramp.__aeabi_dsub.1)
                  00005f18    0000000a     libc.a : _printfi.c.obj (.text.OUTLINED_FUNCTION_1)
                  00005f22    00000008            : strtof.c.obj (.text.OUTLINED_FUNCTION_0)
                  00005f2a    00000008     app_isr.o (.text.UART0_IRQHandler)
                  00005f32    00000008     app_isr.o (.text.UART2_IRQHandler)
                  00005f3a    00000008     libclang_rt.builtins.a : aeabi_ddiv.c.obj (.text.__aeabi_ddiv)
                  00005f42    00000008                            : aeabi_dmul.c.obj (.text.__aeabi_dmul)
                  00005f4a    00000002     --HOLE-- [fill = 0]
                  00005f4c    00000008     libc.a : aeabi_portable.c.obj (.text.__aeabi_errno_addr)
                  00005f54    00000008     bsp_uart.o (.text.bsp_uart_get_debug_ringbuf)
                  00005f5c    00000008     libclang_rt.builtins.a : aeabi_memcpy.S.obj (.text)
                  00005f64    00000006     libc.a : exit.c.obj (.text:abort)
                  00005f6a    00000004     startup_mspm0g350x_ticlang.o (.text.Default_Handler)
                  00005f6e    00000004     libsysbm.a : hostexit.c.obj (.text.HOSTexit)
                  00005f72    00000004     startup_mspm0g350x_ticlang.o (.text.Reset_Handler)
                  00005f76    00000002     --HOLE-- [fill = 0]
                  00005f78    00000010     libc.a : boot_cortex_m.c.obj (.tramp._c_int00_noargs.1)
                  00005f88    00000004            : pre_init.c.obj (.text._system_pre_init)
                  00005f8c    00000004     --HOLE-- [fill = 0]

.cinit     0    00006640    00000030     
                  00006640    0000000c     (__TI_handler_table)
                  0000664c    00000008     (.cinit..bss.load) [load image, compression = zero_init]
                  00006654    00000007     (.cinit..data.load) [load image, compression = lzss]
                  0000665b    00000001     --HOLE-- [fill = 0]
                  0000665c    00000010     (__TI_cinit_table)
                  0000666c    00000004     --HOLE-- [fill = 0]

.rodata    0    00005f90    000006b0     
                  00005f90    000001e0     drv_oled_ssd1306.o (.rodata.g_font_5x7)
                  00006170    00000101     libc.a : aeabi_ctype.S.obj (.rodata:__aeabi_ctype_table_)
                  00006271    0000004c     empty.o (.rodata.str1.254342170260855183.1)
                  000062bd    00000049     empty.o (.rodata.str1.16704889451495720520.1)
                  00006306    00000002     ti_msp_dl_config.o (.rodata.gI2C_SENSOR_BUSClockConfig)
                  00006308    00000040     libc.a : strtof.c.obj (.rodata.digits)
                  00006348    00000037     empty.o (.rodata.str1.17669528882079347314.1)
                  0000637f    00000032     empty.o (.rodata.str1.11898133897667081452.1)
                  000063b1    00000003     ti_msp_dl_config.o (.rodata.gPWM_MOTOR_LEFTClockConfig)
                  000063b4    00000030     empty.o (.rodata.bringup_test_init.pos_outer_cfg)
                  000063e4    00000030     empty.o (.rodata.bringup_test_init.speed_inner_cfg)
                  00006414    00000028     empty.o (.rodata.str1.14685083708502177989.1)
                  0000643c    00000020     empty.o (.rodata.bringup_test_send_vofa.vofa_names)
                  0000645c    00000018     libc.a : strtof.c.obj (.rodata.powerof10)
                  00006474    00000017     drv_oled_ssd1306.o (.rodata.g_oled_init_seq)
                  0000648b    00000015     empty.o (.rodata.str1.9517790425240694019.1)
                  000064a0    00000014     ti_msp_dl_config.o (.rodata.gTIMER_CTRL_1KHZTimerConfig)
                  000064b4    00000014     empty.o (.rodata.str1.7401042497206923953.1)
                  000064c8    00000012     empty.o (.rodata.str1.15706828512682300538.1)
                  000064da    00000011     libc.a : _printfi.c.obj (.rodata.str1.10348868589481759720.1)
                  000064eb    00000011     empty.o (.rodata.str1.150872071346279890.1)
                  000064fc    00000011     libc.a : _printfi.c.obj (.rodata.str1.15363888844622738466.1)
                  0000650d    00000003     ti_msp_dl_config.o (.rodata.gPWM_MOTOR_RIGHTClockConfig)
                  00006510    00000010     empty.o (.rodata.bringup_test_init.single_stepper_cfg)
                  00006520    00000010     drv_encoder_ab.o (.rodata.g_qei_table)
                  00006530    0000000e     empty.o (.rodata.str1.17686411042290499047.1)
                  0000653e    0000000e     empty.o (.rodata.str1.7079713434352825882.1)
                  0000654c    0000000c     empty.o (.rodata.bringup_test_init.left_motor_cfg)
                  00006558    0000000c     empty.o (.rodata.bringup_test_init.right_motor_cfg)
                  00006564    0000000c     empty.o (.rodata.str1.7386103758396746866.1)
                  00006570    0000000c     empty.o (.rodata.str1.9410084661655729462.1)
                  0000657c    0000000b     empty.o (.rodata.str1.11822412164550770238.1)
                  00006587    0000000b     proto_vofa_firewater.o (.rodata.str1.1369630562928637083.1)
                  00006592    0000000b     empty.o (.rodata.str1.5792233746214848027.1)
                  0000659d    0000000b     proto_vofa_firewater.o (.rodata.str1.777347185933502351.1)
                  000065a8    0000000a     ti_msp_dl_config.o (.rodata.gUART_DEBUGConfig)
                  000065b2    0000000a     ti_msp_dl_config.o (.rodata.gUART_K230Config)
                  000065bc    0000000a     empty.o (.rodata.str1.15930989295766594416.1)
                  000065c6    0000000a     empty.o (.rodata.str1.4000995719088696555.1)
                  000065d0    00000008     ti_msp_dl_config.o (.rodata.gPWM_MOTOR_LEFTConfig)
                  000065d8    00000008     ti_msp_dl_config.o (.rodata.gPWM_MOTOR_RIGHTConfig)
                  000065e0    00000008     ti_msp_dl_config.o (.rodata.gPWM_STEP_PITCHConfig)
                  000065e8    00000008     ti_msp_dl_config.o (.rodata.gPWM_STEP_YAWConfig)
                  000065f0    00000008     proto_vofa_firewater.o (.rodata.str1.13770452268044769405.1)
                  000065f8    00000008     empty.o (.rodata.str1.2196762768037919588.1)
                  00006600    00000007     empty.o (.rodata.str1.15170238581331914936.1)
                  00006607    00000007     empty.o (.rodata.str1.5100843677217179155.1)
                  0000660e    00000007     proto_vofa_firewater.o (.rodata.str1.9885088700084294572.1)
                  00006615    00000006     proto_vofa_firewater.o (.rodata.str1.4252196020124871187.1)
                  0000661b    00000006     empty.o (.rodata.str1.6969777895189110550.1)
                  00006621    00000003     ti_msp_dl_config.o (.rodata.gPWM_STEP_PITCHClockConfig)
                  00006624    00000004     empty.o (.rodata.bringup_test_init.left_encoder_cfg)
                  00006628    00000004     empty.o (.rodata.bringup_test_init.right_encoder_cfg)
                  0000662c    00000003     ti_msp_dl_config.o (.rodata.gPWM_STEP_YAWClockConfig)
                  0000662f    00000003     ti_msp_dl_config.o (.rodata.gTIMER_CTRL_1KHZClockConfig)
                  00006632    00000002     ti_msp_dl_config.o (.rodata.gUART_DEBUGClockConfig)
                  00006634    00000002     ti_msp_dl_config.o (.rodata.gUART_K230ClockConfig)
                  00006636    0000000a     --HOLE-- [fill = 0]

.init_array 
*          0    00000000    00000000     UNINITIALIZED

.binit     0    00000000    00000000     

.bss       0    20200000    000009a0     UNINITIALIZED
                  20200000    000005a8     empty.o (.bss.g_bringup_test)
                  202005a8    00000100     bsp_uart.o (.bss.g_k230_ring_storage)
                  202006a8    000000bc     (.common:gPWM_STEP_YAWBackup)
                  20200764    000000bc     (.common:gTIMER_CTRL_1KHZBackup)
                  20200820    000000a0     (.common:gPWM_MOTOR_RIGHTBackup)
                  202008c0    00000080     bsp_uart.o (.bss.g_debug_rx_ring_storage)
                  20200940    00000030     empty.o (.bss.bringup_test_poll_debug_command.line)
                  20200970    0000000c     bsp_uart.o (.bss.g_debug_rx_ringbuf)
                  2020097c    0000000c     bsp_uart.o (.bss.g_k230_ringbuf)
                  20200988    0000000c     app_control_scheduler.o (.bss.g_scheduler)
                  20200994    00000008     bsp_pwm.o (.bss.g_step_frequency_hz)
                  2020099c    00000004     app_isr.o (.bss.g_encoder_driver)

.data      0    202009a0    00000008     UNINITIALIZED
                  202009a0    00000004     libc.a : aeabi_portable.c.obj (.data.__aeabi_errno)
                  202009a4    00000001     empty.o (.data.bringup_test_poll_debug_command.length)
                  202009a5    00000001     drv_oled_ssd1306.o (.data.g_oled_last_failed_command)
                  202009a6    00000001     drv_oled_ssd1306.o (.data.g_oled_last_failed_index)
                  202009a7    00000001     drv_oled_ssd1306.o (.data.g_oled_last_status)

.stack     0    20207e00    00000200     UNINITIALIZED
                  20207e00    00000004     libc.a : boot_cortex_m.c.obj (.stack)
                  20207e04    000001fc     --HOLE--

__llvm_prf_cnts 
*          0    20200000    00000000     UNINITIALIZED

__llvm_prf_bits 
*          0    20200000    00000000     UNINITIALIZED

MODULE SUMMARY

       Module                         code    ro data   rw data
       ------                         ----    -------   -------
    .\
       empty.o                        2332    668       1497   
       ti_msp_dl_config.o             3024    93        536    
       startup_mspm0g350x_ticlang.o   8       192       0      
    +--+------------------------------+-------+---------+---------+
       Total:                         5364    953       2033   
                                                               
    .\algo\
       algo_pid.o                     1328    0         0      
    +--+------------------------------+-------+---------+---------+
       Total:                         1328    0         0      
                                                               
    .\app\
       app_control_scheduler.o        392     0         12     
       app_isr.o                      280     0         4      
    +--+------------------------------+-------+---------+---------+
       Total:                         672     0         16     
                                                               
    .\bsp\
       bsp_i2c.o                      1112    0         0      
       bsp_uart.o                     578     0         408    
       bsp_gpio.o                     646     0         0      
       bsp_pwm.o                      454     0         8      
    +--+------------------------------+-------+---------+---------+
       Total:                         2790    0         416    
                                                               
    .\common\
       ringbuf.o                      244     0         0      
    +--+------------------------------+-------+---------+---------+
       Total:                         244     0         0      
                                                               
    .\drivers\
       drv_oled_ssd1306.o             936     503       3      
       drv_mpu9250.o                  890     0         0      
       drv_encoder_ab.o               430     16        0      
       drv_motor_dc.o                 312     0         0      
       drv_stepper.o                  122     0         0      
    +--+------------------------------+-------+---------+---------+
       Total:                         2690    519       3      
                                                               
    .\protocol\
       proto_vofa_firewater.o         540     43        0      
    +--+------------------------------+-------+---------+---------+
       Total:                         540     43        0      
                                                               
    C:\ti\ccs2100\ccs\tools\compiler\ti-cgt-armllvm_5.1.1.LTS\lib\armv6m-ti-none-eabi/c/libc.a
       _printfi.c.obj                 4624    34        0      
       strtof.c.obj                   856     88        0      
       aeabi_ctype.S.obj              0       257       0      
       s_scalbn.c.obj                 220     0         0      
       s_scalbnf.c.obj                188     0         0      
       snprintf.c.obj                 146     0         0      
       vsnprintf.c.obj                138     0         0      
       copy_decompress_lzss.c.obj     124     0         0      
       s_frexp.c.obj                  92      0         0      
       _ltoa.c.obj                    88      0         0      
       atoi.c.obj                     68      0         0      
       autoinit.c.obj                 60      0         0      
       boot_cortex_m.c.obj            56      0         0      
       memccpy.c.obj                  34      0         0      
       copy_decompress_none.c.obj     18      0         0      
       memcpy16.S.obj                 18      0         0      
       copy_zero_init.c.obj           16      0         0      
       wcslen.c.obj                   16      0         0      
       memset16.S.obj                 14      0         0      
       strlen.c.obj                   14      0         0      
       aeabi_portable.c.obj           8       0         4      
       exit.c.obj                     6       0         0      
       pre_init.c.obj                 4       0         0      
    +--+------------------------------+-------+---------+---------+
       Total:                         6808    379       4      
                                                               
    C:\ti\ccs2100\ccs\tools\compiler\ti-cgt-armllvm_5.1.1.LTS\lib\armv6m-ti-none-eabi/c/libsysbm.a
       hostexit.c.obj                 4       0         0      
    +--+------------------------------+-------+---------+---------+
       Total:                         4       0         0      
                                                               
    C:\ti\ccs2100\ccs\tools\compiler\ti-cgt-armllvm_5.1.1.LTS\lib\armv6m-ti-none-eabi/libclang_rt.builtins.a
       adddf3.S.obj                   418     0         0      
       divdf3.S.obj                   282     0         0      
       comparedf2.c.obj               268     0         0      
       muldf3.S.obj                   228     0         0      
       addsf3.S.obj                   216     0         0      
       udivmoddi4.S.obj               162     0         0      
       comparesf2.S.obj               140     0         0      
       mulsf3.S.obj                   140     0         0      
       divsf3.S.obj                   130     0         0      
       aeabi_dcmp.S.obj               90      0         0      
       aeabi_fcmp.S.obj               90      0         0      
       aeabi_idivmod.S.obj            86      0         0      
       fixdfsi.S.obj                  74      0         0      
       aeabi_uidivmod.S.obj           64      0         0      
       extendsfdf2.S.obj              64      0         0      
       floatsisf.S.obj                60      0         0      
       muldsi3.S.obj                  58      0         0      
       fixsfsi.S.obj                  56      0         0      
       fixunssfsi.S.obj               50      0         0      
       floatsidf.S.obj                44      0         0      
       floatunsisf.S.obj              40      0         0      
       muldi3.S.obj                   36      0         0      
       ashldi3.S.obj                  30      0         0      
       aeabi_memset.S.obj             26      0         0      
       aeabi_uldivmod.S.obj           20      0         0      
       aeabi_ddiv.c.obj               8       0         0      
       aeabi_dmul.c.obj               8       0         0      
       aeabi_memcpy.S.obj             8       0         0      
       aeabi_div0.c.obj               4       0         0      
    +--+------------------------------+-------+---------+---------+
       Total:                         2900    0         0      
                                                               
    D:/ccs/mspm0_sdk/mspm0_sdk_2_10_00_04/source/ti/driverlib/lib/ticlang/m0p/mspm0g1x0x_g3x0x/driverlib.a
       dl_timer.o                     608     0         0      
       dl_uart.o                      138     0         0      
       dl_i2c.o                       132     0         0      
       dl_common.o                    10      0         0      
    +--+------------------------------+-------+---------+---------+
       Total:                         888     0         0      
                                                               
       Stack:                         0       0         512    
       Linker Generated:              0       43        0      
    +--+------------------------------+-------+---------+---------+
       Grand Total:                   24228   1937      2984   


LINKER GENERATED COPY TABLES

__TI_cinit_table @ 0000665c records: 2, size/record: 8, table size: 16
	.bss: load addr=0000664c, load size=00000008 bytes, run addr=20200000, run size=000009a0 bytes, compression=zero_init
	.data: load addr=00006654, load size=00000007 bytes, run addr=202009a0, run size=00000008 bytes, compression=lzss


LINKER GENERATED HANDLER TABLE

__TI_handler_table @ 00006640 records: 3, size/record: 4, table size: 12
	index: 0, handler: __TI_decompress_lzss
	index: 1, handler: __TI_decompress_none
	index: 2, handler: __TI_zero_init


FAR CALL TRAMPOLINES

callee name               trampoline name
   callee addr  tramp addr   call addr  call info
--------------  -----------  ---------  ----------------
__aeabi_dsub              $Tramp$TT$L$PI$$__aeabi_dsub
   000016dd     00005f08     00005f06   libc.a : _printfi.c.obj (.text.OUTLINED_FUNCTION_0)
_c_int00_noargs           $Tramp$TT$L$PI$$_c_int00_noargs
   00005539     00005f78     00005f72   startup_mspm0g350x_ticlang.o (.text.Reset_Handler)

[2 trampolines]
[2 trampoline calls]


GLOBAL SYMBOLS: SORTED ALPHABETICALLY BY Name 

address   name                                
-------   ----                                
00005f6b  ADC0_IRQHandler                     
00005f6b  ADC1_IRQHandler                     
00005f6b  AES_IRQHandler                      
00005f6e  C$$EXIT                             
00005f6b  CANFD0_IRQHandler                   
00005f6b  DAC0_IRQHandler                     
00005ef5  DL_Common_delayCycles               
00003fd5  DL_I2C_fillControllerTXFIFO         
000055af  DL_I2C_setClockConfig               
00002151  DL_Timer_initFourCCPWMMode          
00002355  DL_Timer_initTimerMode              
00005851  DL_Timer_setCaptCompUpdateMethod    
00005b39  DL_Timer_setCaptureCompareOutCtl    
00005e65  DL_Timer_setCaptureCompareValue     
0000586d  DL_Timer_setClockConfig             
000046a9  DL_UART_init                        
00005e0b  DL_UART_setClockConfig              
0000504d  DL_UART_transmitDataBlocking        
00005f6b  DMA_IRQHandler                      
00005f6b  Default_Handler                     
00005f6b  GROUP0_IRQHandler                   
00003371  GROUP1_IRQHandler                   
00005f6f  HOSTexit                            
00005f6b  HardFault_Handler                   
00005f6b  I2C0_IRQHandler                     
00005f6b  I2C1_IRQHandler                     
00005f6b  NMI_Handler                         
00005f6b  PendSV_Handler                      
00005f6b  RTC_IRQHandler                      
00005f73  Reset_Handler                       
00005f6b  SPI0_IRQHandler                     
00005f6b  SPI1_IRQHandler                     
00005f6b  SVC_Handler                         
000010e5  SYSCFG_DL_GPIO_init                 
00004149  SYSCFG_DL_I2C_SENSOR_BUS_init       
00003531  SYSCFG_DL_PWM_MOTOR_LEFT_init       
000035c1  SYSCFG_DL_PWM_MOTOR_RIGHT_init      
00003d69  SYSCFG_DL_PWM_STEP_PITCH_init       
00003dd1  SYSCFG_DL_PWM_STEP_YAW_init         
00005351  SYSCFG_DL_SYSCTL_init               
00004e15  SYSCFG_DL_TIMER_CTRL_1KHZ_init      
000042a9  SYSCFG_DL_UART_DEBUG_init           
000046f1  SYSCFG_DL_UART_K230_init            
000043f1  SYSCFG_DL_init                      
00002d55  SYSCFG_DL_initPower                 
00005f6b  SysTick_Handler                     
00005f6b  TIMA0_IRQHandler                    
000058c1  TIMA1_IRQHandler                    
00005f6b  TIMG0_IRQHandler                    
00005f6b  TIMG12_IRQHandler                   
00005f6b  TIMG6_IRQHandler                    
00005f6b  TIMG7_IRQHandler                    
00005f6b  TIMG8_IRQHandler                    
00005e2f  TI_memcpy_small                     
00005ec1  TI_memset_small                     
00005f2b  UART0_IRQHandler                    
00005f6b  UART1_IRQHandler                    
00005f33  UART2_IRQHandler                    
00005f6b  UART3_IRQHandler                    
20208000  __STACK_END                         
00000200  __STACK_SIZE                        
00000000  __TI_ATRegion0_region_sz            
00000000  __TI_ATRegion0_src_addr             
00000000  __TI_ATRegion0_trg_addr             
00000000  __TI_ATRegion1_region_sz            
00000000  __TI_ATRegion1_src_addr             
00000000  __TI_ATRegion1_trg_addr             
00000000  __TI_ATRegion2_region_sz            
00000000  __TI_ATRegion2_src_addr             
00000000  __TI_ATRegion2_trg_addr             
0000665c  __TI_CINIT_Base                     
0000666c  __TI_CINIT_Limit                    
0000666c  __TI_CINIT_Warm                     
00006640  __TI_Handler_Table_Base             
0000664c  __TI_Handler_Table_Limit            
00004c11  __TI_auto_init_nobinit_nopinit      
00003b99  __TI_decompress_lzss                
00005e41  __TI_decompress_none                
000041a1  __TI_ltoa                           
ffffffff  __TI_pprof_out_hndl                 
000000c1  __TI_printfi                        
ffffffff  __TI_prof_data_size                 
ffffffff  __TI_prof_data_start                
00000000  __TI_static_base__                  
00005e95  __TI_zero_init                      
000016e7  __adddf3                            
00002adf  __addsf3                            
00006170  __aeabi_ctype_table_                
00006170  __aeabi_ctype_table_C               
0000465d  __aeabi_d2iz                        
000016e7  __aeabi_dadd                        
00004091  __aeabi_dcmpeq                      
000040c7  __aeabi_dcmpge                      
000040d9  __aeabi_dcmpgt                      
000040b5  __aeabi_dcmple                      
000040a3  __aeabi_dcmplt                      
0000507d  __aeabi_dcmpun                      
00005f3b  __aeabi_ddiv                        
00005f43  __aeabi_dmul                        
000016dd  __aeabi_dsub                        
202009a0  __aeabi_errno                       
00005f4d  __aeabi_errno_addr                  
00004a61  __aeabi_f2d                         
00004ddd  __aeabi_f2iz                        
00005019  __aeabi_f2uiz                       
00002adf  __aeabi_fadd                        
000040ed  __aeabi_fcmpeq                      
00004123  __aeabi_fcmpge                      
00004135  __aeabi_fcmpgt                      
00004111  __aeabi_fcmple                      
000040ff  __aeabi_fcmplt                      
000037df  __aeabi_fcmpun                      
00003a99  __aeabi_fdiv                        
000037f5  __aeabi_fmul                        
00002ad5  __aeabi_fsub                        
00005325  __aeabi_i2d                         
00004c4d  __aeabi_i2f                         
00004251  __aeabi_idiv                        
0000214f  __aeabi_idiv0                       
00004251  __aeabi_idivmod                     
000032d3  __aeabi_ldiv0                       
000056fd  __aeabi_llsl                        
000055f9  __aeabi_lmul                        
000059ab  __aeabi_memclr                      
000059ab  __aeabi_memclr4                     
000059ab  __aeabi_memclr8                     
00005f5d  __aeabi_memcpy                      
00005f5d  __aeabi_memcpy4                     
00005f5d  __aeabi_memcpy8                     
0000599d  __aeabi_memset                      
0000599d  __aeabi_memset4                     
0000599d  __aeabi_memset8                     
00005561  __aeabi_ui2f                        
00004a21  __aeabi_uidiv                       
00004a21  __aeabi_uidivmod                    
00005dc1  __aeabi_uldivmod                    
000056fd  __ashldi3                           
ffffffff  __binit__                           
00003e39  __cmpdf2                            
00003769  __cmpsf2                            
00002035  __divdf3                            
00003a99  __divsf3                            
00003e39  __eqdf2                             
00003769  __eqsf2                             
00004a61  __extendsfdf2                       
0000465d  __fixdfsi                           
00004ddd  __fixsfsi                           
00005019  __fixunssfsi                        
00005325  __floatsidf                         
00004c4d  __floatsisf                         
00005561  __floatunsisf                       
00003c15  __gedf2                             
000037a3  __gesf2                             
00003c15  __gtdf2                             
000037a3  __gtsf2                             
00003e39  __ledf2                             
00003769  __lesf2                             
00003e39  __ltdf2                             
00003769  __ltsf2                             
UNDEFED   __mpu_init                          
00002915  __muldf3                            
000055f9  __muldi3                            
00004c89  __muldsi3                           
000037f5  __mulsf3                            
00003e39  __nedf2                             
00003769  __nesf2                             
20207e00  __stack                             
20200000  __start___llvm_prf_bits             
20200000  __start___llvm_prf_cnts             
20200000  __stop___llvm_prf_bits              
20200000  __stop___llvm_prf_cnts              
000016dd  __subdf3                            
00002ad5  __subsf3                            
00003231  __udivmoddi4                        
0000507d  __unorddf2                          
000037df  __unordsf2                          
00005539  _c_int00_noargs                     
UNDEFED   _system_post_cinit                  
00005f89  _system_pre_init                    
00005f65  abort                               
00004441  app_control_scheduler_fetch         
00004e49  app_control_scheduler_init          
00003409  app_control_scheduler_on_tick_isr   
00005d99  app_isr_set_encoder_driver          
00004859  atoi                                
ffffffff  binit                               
0000513d  bsp_gpio_init                       
00005c29  bsp_gpio_read_encoder_left_a        
00005c41  bsp_gpio_read_encoder_left_b        
00005c59  bsp_gpio_read_encoder_right_a       
00005c71  bsp_gpio_read_encoder_right_b       
000050dd  bsp_gpio_set_buzzer                 
0000349d  bsp_gpio_set_dir_output             
00004e7d  bsp_gpio_set_laser                  
00004eb1  bsp_gpio_set_led                    
0000516b  bsp_gpio_set_motor_dir              
0000510d  bsp_gpio_set_turret_dir             
00005dad  bsp_gpio_toggle_led                 
00003d67  bsp_i2c_init                        
00002741  bsp_i2c_mem_read                    
00003a17  bsp_i2c_mem_write                   
00005969  bsp_i2c_probe                       
00004811  bsp_i2c_write_bytes                 
00004cc5  bsp_pwm_init                        
000032d5  bsp_pwm_set_motor_bridge            
00005c89  bsp_pwm_start_all                   
00004579  bsp_pwm_stop_step                   
000048e1  bsp_uart_debug_irq_handler          
00004491  bsp_uart_debug_printf               
00004bd5  bsp_uart_debug_write                
000058dd  bsp_uart_debug_write_byte           
00004ee5  bsp_uart_enable_irqs                
00005f55  bsp_uart_get_debug_ringbuf          
000052a1  bsp_uart_init                       
00004921  bsp_uart_k230_irq_handler           
00004961  cascade_pid_init                    
00004fe5  cascade_pid_reset                   
00004781  cascade_pid_update                  
00003909  encoder_driver_handle_gpio_interrupt
00004cfd  encoder_driver_init                 
00003b1b  encoder_driver_update_speed         
00004035  frexp                               
00004035  frexpl                              
20200820  gPWM_MOTOR_RIGHTBackup              
202006a8  gPWM_STEP_YAWBackup                 
20200764  gTIMER_CTRL_1KHZBackup              
00000000  interruptVectors                    
000029f9  ldexp                               
00002e19  ldexpf                              
000029f9  ldexpl                              
00005e75  main                                
0000561d  memccpy                             
000054c1  motor_dc_init                       
000030e9  motor_dc_set_output                 
00002831  mpu9250_calibrate_gyro_bias         
00001f19  mpu9250_init                        
000036dd  mpu9250_read_raw                    
00005983  mpu9250_read_who_am_i               
00002bad  mpu9250_update                      
000054e9  oled_clear                          
00002f8d  oled_flush                          
00005ed1  oled_get_last_failed_command        
00005edd  oled_get_last_failed_index          
00005ee9  oled_get_last_status                
00002c81  oled_init                           
000049a1  oled_printf                         
000058f9  oled_set_cursor                     
00005915  oled_write_char                     
00005511  oled_write_str                      
00004d35  pid_init                            
00003c89  pid_reset                           
0000186f  pid_update                          
00002ed5  proto_vofa_firewater_send           
0000254d  proto_vofa_firewater_send_named     
000045c5  proto_vofa_firewater_send_packet    
000055d5  ringbuf_init                        
00005ccd  ringbuf_is_empty                    
0000489d  ringbuf_pop_byte                    
00004611  ringbuf_push_byte                   
000029f9  scalbn                              
00002e19  scalbnf                             
000029f9  scalbnl                             
000047c9  snprintf                            
000053a5  stepper_enable                      
00004f4d  stepper_init                        
0000594d  stepper_stop                        
00005eb3  strlen                              
00000b3d  strtof                              
000049e1  vsnprintf                           
00005e85  wcslen                              


GLOBAL SYMBOLS: SORTED BY Symbol Address 

address   name                                
-------   ----                                
00000000  __TI_ATRegion0_region_sz            
00000000  __TI_ATRegion0_src_addr             
00000000  __TI_ATRegion0_trg_addr             
00000000  __TI_ATRegion1_region_sz            
00000000  __TI_ATRegion1_src_addr             
00000000  __TI_ATRegion1_trg_addr             
00000000  __TI_ATRegion2_region_sz            
00000000  __TI_ATRegion2_src_addr             
00000000  __TI_ATRegion2_trg_addr             
00000000  __TI_static_base__                  
00000000  interruptVectors                    
000000c1  __TI_printfi                        
00000200  __STACK_SIZE                        
00000b3d  strtof                              
000010e5  SYSCFG_DL_GPIO_init                 
000016dd  __aeabi_dsub                        
000016dd  __subdf3                            
000016e7  __adddf3                            
000016e7  __aeabi_dadd                        
0000186f  pid_update                          
00001f19  mpu9250_init                        
00002035  __divdf3                            
0000214f  __aeabi_idiv0                       
00002151  DL_Timer_initFourCCPWMMode          
00002355  DL_Timer_initTimerMode              
0000254d  proto_vofa_firewater_send_named     
00002741  bsp_i2c_mem_read                    
00002831  mpu9250_calibrate_gyro_bias         
00002915  __muldf3                            
000029f9  ldexp                               
000029f9  ldexpl                              
000029f9  scalbn                              
000029f9  scalbnl                             
00002ad5  __aeabi_fsub                        
00002ad5  __subsf3                            
00002adf  __addsf3                            
00002adf  __aeabi_fadd                        
00002bad  mpu9250_update                      
00002c81  oled_init                           
00002d55  SYSCFG_DL_initPower                 
00002e19  ldexpf                              
00002e19  scalbnf                             
00002ed5  proto_vofa_firewater_send           
00002f8d  oled_flush                          
000030e9  motor_dc_set_output                 
00003231  __udivmoddi4                        
000032d3  __aeabi_ldiv0                       
000032d5  bsp_pwm_set_motor_bridge            
00003371  GROUP1_IRQHandler                   
00003409  app_control_scheduler_on_tick_isr   
0000349d  bsp_gpio_set_dir_output             
00003531  SYSCFG_DL_PWM_MOTOR_LEFT_init       
000035c1  SYSCFG_DL_PWM_MOTOR_RIGHT_init      
000036dd  mpu9250_read_raw                    
00003769  __cmpsf2                            
00003769  __eqsf2                             
00003769  __lesf2                             
00003769  __ltsf2                             
00003769  __nesf2                             
000037a3  __gesf2                             
000037a3  __gtsf2                             
000037df  __aeabi_fcmpun                      
000037df  __unordsf2                          
000037f5  __aeabi_fmul                        
000037f5  __mulsf3                            
00003909  encoder_driver_handle_gpio_interrupt
00003a17  bsp_i2c_mem_write                   
00003a99  __aeabi_fdiv                        
00003a99  __divsf3                            
00003b1b  encoder_driver_update_speed         
00003b99  __TI_decompress_lzss                
00003c15  __gedf2                             
00003c15  __gtdf2                             
00003c89  pid_reset                           
00003d67  bsp_i2c_init                        
00003d69  SYSCFG_DL_PWM_STEP_PITCH_init       
00003dd1  SYSCFG_DL_PWM_STEP_YAW_init         
00003e39  __cmpdf2                            
00003e39  __eqdf2                             
00003e39  __ledf2                             
00003e39  __ltdf2                             
00003e39  __nedf2                             
00003fd5  DL_I2C_fillControllerTXFIFO         
00004035  frexp                               
00004035  frexpl                              
00004091  __aeabi_dcmpeq                      
000040a3  __aeabi_dcmplt                      
000040b5  __aeabi_dcmple                      
000040c7  __aeabi_dcmpge                      
000040d9  __aeabi_dcmpgt                      
000040ed  __aeabi_fcmpeq                      
000040ff  __aeabi_fcmplt                      
00004111  __aeabi_fcmple                      
00004123  __aeabi_fcmpge                      
00004135  __aeabi_fcmpgt                      
00004149  SYSCFG_DL_I2C_SENSOR_BUS_init       
000041a1  __TI_ltoa                           
00004251  __aeabi_idiv                        
00004251  __aeabi_idivmod                     
000042a9  SYSCFG_DL_UART_DEBUG_init           
000043f1  SYSCFG_DL_init                      
00004441  app_control_scheduler_fetch         
00004491  bsp_uart_debug_printf               
00004579  bsp_pwm_stop_step                   
000045c5  proto_vofa_firewater_send_packet    
00004611  ringbuf_push_byte                   
0000465d  __aeabi_d2iz                        
0000465d  __fixdfsi                           
000046a9  DL_UART_init                        
000046f1  SYSCFG_DL_UART_K230_init            
00004781  cascade_pid_update                  
000047c9  snprintf                            
00004811  bsp_i2c_write_bytes                 
00004859  atoi                                
0000489d  ringbuf_pop_byte                    
000048e1  bsp_uart_debug_irq_handler          
00004921  bsp_uart_k230_irq_handler           
00004961  cascade_pid_init                    
000049a1  oled_printf                         
000049e1  vsnprintf                           
00004a21  __aeabi_uidiv                       
00004a21  __aeabi_uidivmod                    
00004a61  __aeabi_f2d                         
00004a61  __extendsfdf2                       
00004bd5  bsp_uart_debug_write                
00004c11  __TI_auto_init_nobinit_nopinit      
00004c4d  __aeabi_i2f                         
00004c4d  __floatsisf                         
00004c89  __muldsi3                           
00004cc5  bsp_pwm_init                        
00004cfd  encoder_driver_init                 
00004d35  pid_init                            
00004ddd  __aeabi_f2iz                        
00004ddd  __fixsfsi                           
00004e15  SYSCFG_DL_TIMER_CTRL_1KHZ_init      
00004e49  app_control_scheduler_init          
00004e7d  bsp_gpio_set_laser                  
00004eb1  bsp_gpio_set_led                    
00004ee5  bsp_uart_enable_irqs                
00004f4d  stepper_init                        
00004fe5  cascade_pid_reset                   
00005019  __aeabi_f2uiz                       
00005019  __fixunssfsi                        
0000504d  DL_UART_transmitDataBlocking        
0000507d  __aeabi_dcmpun                      
0000507d  __unorddf2                          
000050dd  bsp_gpio_set_buzzer                 
0000510d  bsp_gpio_set_turret_dir             
0000513d  bsp_gpio_init                       
0000516b  bsp_gpio_set_motor_dir              
000052a1  bsp_uart_init                       
00005325  __aeabi_i2d                         
00005325  __floatsidf                         
00005351  SYSCFG_DL_SYSCTL_init               
000053a5  stepper_enable                      
000054c1  motor_dc_init                       
000054e9  oled_clear                          
00005511  oled_write_str                      
00005539  _c_int00_noargs                     
00005561  __aeabi_ui2f                        
00005561  __floatunsisf                       
000055af  DL_I2C_setClockConfig               
000055d5  ringbuf_init                        
000055f9  __aeabi_lmul                        
000055f9  __muldi3                            
0000561d  memccpy                             
000056fd  __aeabi_llsl                        
000056fd  __ashldi3                           
00005851  DL_Timer_setCaptCompUpdateMethod    
0000586d  DL_Timer_setClockConfig             
000058c1  TIMA1_IRQHandler                    
000058dd  bsp_uart_debug_write_byte           
000058f9  oled_set_cursor                     
00005915  oled_write_char                     
0000594d  stepper_stop                        
00005969  bsp_i2c_probe                       
00005983  mpu9250_read_who_am_i               
0000599d  __aeabi_memset                      
0000599d  __aeabi_memset4                     
0000599d  __aeabi_memset8                     
000059ab  __aeabi_memclr                      
000059ab  __aeabi_memclr4                     
000059ab  __aeabi_memclr8                     
00005b39  DL_Timer_setCaptureCompareOutCtl    
00005c29  bsp_gpio_read_encoder_left_a        
00005c41  bsp_gpio_read_encoder_left_b        
00005c59  bsp_gpio_read_encoder_right_a       
00005c71  bsp_gpio_read_encoder_right_b       
00005c89  bsp_pwm_start_all                   
00005ccd  ringbuf_is_empty                    
00005d99  app_isr_set_encoder_driver          
00005dad  bsp_gpio_toggle_led                 
00005dc1  __aeabi_uldivmod                    
00005e0b  DL_UART_setClockConfig              
00005e2f  TI_memcpy_small                     
00005e41  __TI_decompress_none                
00005e65  DL_Timer_setCaptureCompareValue     
00005e75  main                                
00005e85  wcslen                              
00005e95  __TI_zero_init                      
00005eb3  strlen                              
00005ec1  TI_memset_small                     
00005ed1  oled_get_last_failed_command        
00005edd  oled_get_last_failed_index          
00005ee9  oled_get_last_status                
00005ef5  DL_Common_delayCycles               
00005f2b  UART0_IRQHandler                    
00005f33  UART2_IRQHandler                    
00005f3b  __aeabi_ddiv                        
00005f43  __aeabi_dmul                        
00005f4d  __aeabi_errno_addr                  
00005f55  bsp_uart_get_debug_ringbuf          
00005f5d  __aeabi_memcpy                      
00005f5d  __aeabi_memcpy4                     
00005f5d  __aeabi_memcpy8                     
00005f65  abort                               
00005f6b  ADC0_IRQHandler                     
00005f6b  ADC1_IRQHandler                     
00005f6b  AES_IRQHandler                      
00005f6b  CANFD0_IRQHandler                   
00005f6b  DAC0_IRQHandler                     
00005f6b  DMA_IRQHandler                      
00005f6b  Default_Handler                     
00005f6b  GROUP0_IRQHandler                   
00005f6b  HardFault_Handler                   
00005f6b  I2C0_IRQHandler                     
00005f6b  I2C1_IRQHandler                     
00005f6b  NMI_Handler                         
00005f6b  PendSV_Handler                      
00005f6b  RTC_IRQHandler                      
00005f6b  SPI0_IRQHandler                     
00005f6b  SPI1_IRQHandler                     
00005f6b  SVC_Handler                         
00005f6b  SysTick_Handler                     
00005f6b  TIMA0_IRQHandler                    
00005f6b  TIMG0_IRQHandler                    
00005f6b  TIMG12_IRQHandler                   
00005f6b  TIMG6_IRQHandler                    
00005f6b  TIMG7_IRQHandler                    
00005f6b  TIMG8_IRQHandler                    
00005f6b  UART1_IRQHandler                    
00005f6b  UART3_IRQHandler                    
00005f6e  C$$EXIT                             
00005f6f  HOSTexit                            
00005f73  Reset_Handler                       
00005f89  _system_pre_init                    
00006170  __aeabi_ctype_table_                
00006170  __aeabi_ctype_table_C               
00006640  __TI_Handler_Table_Base             
0000664c  __TI_Handler_Table_Limit            
0000665c  __TI_CINIT_Base                     
0000666c  __TI_CINIT_Limit                    
0000666c  __TI_CINIT_Warm                     
20200000  __start___llvm_prf_bits             
20200000  __start___llvm_prf_cnts             
20200000  __stop___llvm_prf_bits              
20200000  __stop___llvm_prf_cnts              
202006a8  gPWM_STEP_YAWBackup                 
20200764  gTIMER_CTRL_1KHZBackup              
20200820  gPWM_MOTOR_RIGHTBackup              
202009a0  __aeabi_errno                       
20207e00  __stack                             
20208000  __STACK_END                         
ffffffff  __TI_pprof_out_hndl                 
ffffffff  __TI_prof_data_size                 
ffffffff  __TI_prof_data_start                
ffffffff  __binit__                           
ffffffff  binit                               
UNDEFED   __mpu_init                          
UNDEFED   _system_post_cinit                  

[270 symbols]
