******************************************************************************
            TI ARM Clang Linker PC v5.1.1                      
******************************************************************************
>> Linked Mon Jul 27 12:44:38 2026

OUTPUT FILE NAME:   <electric_competition_empty.out>
ENTRY POINT SYMBOL: "_c_int00_noargs"  address: 000077d5


MEMORY CONFIGURATION

         name            origin    length      used     unused   attr    fill
----------------------  --------  ---------  --------  --------  ----  --------
  FLASH                 00000000   00020000  00008c68  00017398  R  X
  SRAM                  20200000   00008000  00000f27  000070d9  RW X
  BCR_CONFIG            41c00000   000000ff  00000000  000000ff  R   
  BSL_CONFIG            41c00100   00000080  00000000  00000080  R   


SEGMENT ALLOCATION MAP

run origin  load origin   length   init length attrs members
----------  ----------- ---------- ----------- ----- -------
00000000    00000000    000084c8   000084c8    r-x
  00000000    00000000    000000c0   000000c0    r-- .intvecs
  000000c0    000000c0    00008408   00008408    r-x .text
000084d0    000084d0    000007a0   000007a0    r--
  000084d0    000084d0    00000770   00000770    r-- .rodata
  00008c40    00008c40    00000030   00000030    r-- .cinit
20200000    20200000    00000d27   00000000    rw-
  20200000    20200000    00000d20   00000000    rw- .bss
  20200d20    20200d20    00000007   00000000    rw- .data
20207e00    20207e00    00000200   00000000    rw-
  20207e00    20207e00    00000200   00000000    rw- .stack


SECTION ALLOCATION MAP

 output                                  attributes/
section   page    origin      length       input sections
--------  ----  ----------  ----------   ----------------
.intvecs   0    00000000    000000c0     
                  00000000    000000c0     startup_mspm0g350x_ticlang.o (.intvecs)

.text      0    000000c0    00008408     
                  000000c0    00000a7c     libc.a : _printfi.c.obj (.text:__TI_printfi)
                  00000b3c    00000278     empty.o (.text.run_vehicle_app)
                  00000db4    0000025c     app_chassis.o (.text.chassis_update_line_state)
                  00001010    00000214     app_chassis.o (.text.chassis_get_wheel_targets)
                  00001224    0000020c     ti_msp_dl_config.o (.text.SYSCFG_DL_GPIO_init)
                  00001430    0000020c     libc.a : _printfi.c.obj (.text._pconv_a)
                  0000163c    000001e0            : _printfi.c.obj (.text._pconv_g)
                  0000181c    000001c8            : s_atanf.c.obj (.text.atanf)
                  000019e4    000001b4     steelball_task.o (.text.steelball_task_10ms)
                  00001b98    0000019c     proto_esp_uart.o (.text.proto_esp_uart_process_byte)
                  00001d34    00000192     libclang_rt.builtins.a : adddf3.S.obj (.text)
                  00001ec6    0000018a     algo_pid.o (.text.pid_update)
                  00002050    00000174     steelball_task.o (.text.steelball_rx_bytes)
                  000021c4    00000158     empty.o (.text.vehicle_handle_esp_frame)
                  0000231c    00000154     app_chassis.o (.text.app_chassis_control_task)
                  00002470    00000148     algo_fusion.o (.text.fusion6_update)
                  000025b8    00000144     steelball_task.o (.text.steelball_handle_frame)
                  000026fc    0000013c     app_chassis.o (.text.chassis_get_corner_candidate)
                  00002838    00000138     app_chassis.o (.text.chassis_corner_complete)
                  00002970    00000138     libc.a : _printfi.c.obj (.text.fcvt)
                  00002aa8    00000134     proto_esp_uart.o (.text.proto_esp_uart_send)
                  00002bdc    00000120     app_chassis.o (.text.app_chassis_init)
                  00002cfc    0000011c     drv_mpu9250.o (.text.mpu9250_init)
                  00002e18    0000011a     libclang_rt.builtins.a : divdf3.S.obj (.text)
                  00002f32    00000002                            : aeabi_div0.c.obj (.text.__aeabi_idiv0)
                  00002f34    00000118     app_ui.o (.text.app_ui_refresh)
                  0000304c    00000118     libc.a : e_atan2f.c.obj (.text.atan2f)
                  00003164    0000010a     drv_line_sensor.o (.text.line_sensor_update)
                  0000326e    00000002     libclang_rt.builtins.a : aeabi_div0.c.obj (.text.__aeabi_ldiv0)
                  00003270    00000104     driverlib.a : dl_timer.o (.text.DL_Timer_initFourCCPWMMode)
                  00003374    00000100     bsp_i2c.o (.text.bsp_i2c_write_raw)
                  00003474    000000fc     driverlib.a : dl_timer.o (.text.DL_Timer_initTimerMode)
                  00003570    000000fc     libc.a : _printfi.c.obj (.text._pconv_e)
                  0000366c    000000fc     proto_vofa_firewater.o (.text.proto_vofa_firewater_send_named)
                  00003768    000000f0     bsp_i2c.o (.text.bsp_i2c_mem_read)
                  00003858    000000e8     bsp_gpio.o (.text.bsp_gpio_read_line_bits)
                  00003940    000000e4     drv_mpu9250.o (.text.mpu9250_calibrate_gyro_bias)
                  00003a24    000000e4     drv_stepper.o (.text.stepper_update)
                  00003b08    000000e4     libclang_rt.builtins.a : muldf3.S.obj (.text)
                  00003bec    000000dc     libc.a : s_scalbn.c.obj (.text.scalbn)
                  00003cc8    000000d8     libclang_rt.builtins.a : addsf3.S.obj (.text)
                  00003da0    000000d4     ti_msp_dl_config.o (.text.SYSCFG_DL_initPower)
                  00003e74    000000d4     drv_mpu9250.o (.text.mpu9250_update)
                  00003f48    000000d4     drv_oled_ssd1306.o (.text.oled_init)
                  0000401c    000000d0     steelball_task.o (.text.steelball_send_frame)
                  000040ec    000000c8     app_turret.o (.text.app_turret_control_task)
                  000041b4    000000b8     app_chassis.o (.text.chassis_update_corner_stop_state)
                  0000426c    000000b8     proto_vofa_firewater.o (.text.proto_vofa_firewater_send)
                  00004324    000000b4     bsp_pwm.o (.text.bsp_pwm_set_motor_bridge)
                  000043d8    000000b4     bsp_pwm.o (.text.bsp_pwm_set_step_frequency)
                  0000448c    000000b4     app_chassis.o (.text.chassis_update_corner_pivot_angle)
                  00004540    000000b4     drv_oled_ssd1306.o (.text.oled_flush)
                  000045f4    000000b4     libc.a : e_sqrtf.c.obj (.text.sqrtf)
                  000046a8    000000b0     app_chassis.o (.text.chassis_confirm_corner_candidate)
                  00004758    000000a8     drv_oled_ssd1306.o (.text.oled_draw_glyph)
                  00004800    000000a6     bsp_uart.o (.text.bsp_uart_clear_error_interrupt)
                  000048a6    000000a6     drv_motor_dc.o (.text.motor_dc_set_output)
                  0000494c    000000a2     algo_pid.o (.text.pid_compute_derivative)
                  000049ee    00000002     bsp_gpio.o (.text.bsp_gpio_init_line_mux)
                  000049f0    000000a2     libclang_rt.builtins.a : udivmoddi4.S.obj (.text)
                  00004a92    00000002     bsp_i2c.o (.text.bsp_i2c_init)
                  00004a94    0000009c     steelball_task.o (.text.sb_crc16_ccitt_false)
                  00004b30    00000098     app_isr.o (.text.GROUP1_IRQHandler)
                  00004bc8    00000094     app_control_scheduler.o (.text.app_control_scheduler_on_tick_isr)
                  00004c5c    00000094     bsp_gpio.o (.text.bsp_gpio_set_dir_output)
                  00004cf0    00000090     ti_msp_dl_config.o (.text.SYSCFG_DL_PWM_MOTOR_LEFT_init)
                  00004d80    00000090     ti_msp_dl_config.o (.text.SYSCFG_DL_PWM_MOTOR_RIGHT_init)
                  00004e10    0000008c     drv_mpu9250.o (.text.mpu9250_read_raw)
                  00004e9c    0000008c     libclang_rt.builtins.a : comparesf2.S.obj (.text)
                  00004f28    0000008c                            : mulsf3.S.obj (.text)
                  00004fb4    00000086     algo_pid.o (.text.pid_apply_ramp)
                  0000503a    00000002     --HOLE-- [fill = 0]
                  0000503c    00000084     bsp_uart.o (.text.bsp_uart_esp_write)
                  000050c0    00000084     bsp_uart.o (.text.bsp_uart_k230_write)
                  00005144    00000082     bsp_i2c.o (.text.bsp_i2c_mem_write)
                  000051c6    00000002     --HOLE-- [fill = 0]
                  000051c8    00000082     libclang_rt.builtins.a : divsf3.S.obj (.text)
                  0000524a    00000002     --HOLE-- [fill = 0]
                  0000524c    00000080     steelball_task.o (.text.steelball_start_mission)
                  000052cc    0000007e     drv_encoder_ab.o (.text.encoder_driver_update_speed)
                  0000534a    00000002     --HOLE-- [fill = 0]
                  0000534c    0000007c     libc.a : copy_decompress_lzss.c.obj (.text:decompress:lzss)
                  000053c8    0000007a     drv_line_sensor.o (.text.line_sensor_init)
                  00005442    00000002     --HOLE-- [fill = 0]
                  00005444    00000074     libclang_rt.builtins.a : comparedf2.c.obj (.text.__gedf2)
                  000054b8    00000074     algo_pid.o (.text.pid_reset)
                  0000552c    0000006a     drv_oled_ssd1306.o (.text.oled_send_data)
                  00005596    00000002     --HOLE-- [fill = 0]
                  00005598    00000068     ti_msp_dl_config.o (.text.SYSCFG_DL_PWM_STEP_PITCH_init)
                  00005600    00000068     ti_msp_dl_config.o (.text.SYSCFG_DL_PWM_STEP_YAW_init)
                  00005668    00000068     libclang_rt.builtins.a : comparedf2.c.obj (.text.__ledf2)
                  000056d0    00000068     app_imu.o (.text.app_imu_init)
                  00005738    00000068     app_chassis.o (.text.chassis_corner_entry_present)
                  000057a0    00000068     proto_esp_uart.o (.text.proto_esp_uart_crc8_update)
                  00005808    00000068     steelball_task.o (.text.steelball_vision_is_near_centered)
                  00005870    00000066     libc.a : _printfi.c.obj (.text._mcpy)
                  000058d6    00000002     --HOLE-- [fill = 0]
                  000058d8    00000064     app_imu.o (.text.app_imu_task)
                  0000593c    00000064     app_turret.o (.text.app_turret_init)
                  000059a0    00000064     bsp_i2c.o (.text.bsp_i2c_wait_bus_complete)
                  00005a04    00000064     bsp_uart.o (.text.bsp_uart_debug_irq_handler)
                  00005a68    00000064     bsp_uart.o (.text.bsp_uart_esp_irq_handler)
                  00005acc    00000064     bsp_uart.o (.text.bsp_uart_k230_irq_handler)
                  00005b30    00000064     drv_encoder_ab.o (.text.encoder_driver_handle_gpio_interrupt)
                  00005b94    00000060     ti_msp_dl_config.o (.text.SYSCFG_DL_UART_K230_init)
                  00005bf4    0000005e     driverlib.a : dl_i2c.o (.text.DL_I2C_fillControllerTXFIFO)
                  00005c52    00000002     --HOLE-- [fill = 0]
                  00005c54    0000005c     bsp_uart.o (.text.bsp_uart_enable_irqs)
                  00005cb0    0000005c     app_chassis.o (.text.chassis_update_corner_pivot_pause)
                  00005d0c    0000005c     libc.a : s_frexp.c.obj (.text.frexp)
                  00005d68    0000005c     steelball_task.o (.text.steelball_get_vision_snapshot)
                  00005dc4    0000005a     libclang_rt.builtins.a : aeabi_dcmp.S.obj (.text)
                  00005e1e    00000002     --HOLE-- [fill = 0]
                  00005e20    0000005a                            : aeabi_fcmp.S.obj (.text)
                  00005e7a    00000002     --HOLE-- [fill = 0]
                  00005e7c    00000058     ti_msp_dl_config.o (.text.SYSCFG_DL_I2C_SENSOR_BUS_init)
                  00005ed4    00000058     libc.a : _ltoa.c.obj (.text.__TI_ltoa)
                  00005f2c    00000058            : _printfi.c.obj (.text._pconv_f)
                  00005f84    00000058     algo_filter.o (.text.lpf1_update)
                  00005fdc    00000056     libclang_rt.builtins.a : aeabi_idivmod.S.obj (.text)
                  00006032    00000002     --HOLE-- [fill = 0]
                  00006034    00000054     ti_msp_dl_config.o (.text.SYSCFG_DL_UART_DEBUG_init)
                  00006088    00000054     ti_msp_dl_config.o (.text.SYSCFG_DL_init)
                  000060dc    00000054     drv_encoder_ab.o (.text.encoder_apply_transition)
                  00006130    00000054     algo_fusion.o (.text.math_wrap_deg)
                  00006184    00000054     steelball_task.o (.text.steelball_enter_fault)
                  000061d8    00000054     steelball_task.o (.text.steelball_send_status)
                  0000622c    00000052     libc.a : _printfi.c.obj (.text._ecpy)
                  0000627e    00000002     --HOLE-- [fill = 0]
                  00006280    00000050     ti_msp_dl_config.o (.text.DL_GPIO_initPeripheralInputFunctionFeatures)
                  000062d0    00000050     bsp_i2c.o (.text.DL_I2C_startControllerTransfer)
                  00006320    00000050     app_control_scheduler.o (.text.app_control_scheduler_fetch)
                  00006370    00000050     bsp_uart.o (.text.bsp_uart_debug_printf)
                  000063c0    00000050     app_chassis.o (.text.chassis_update_track_turn_adjustment)
                  00006410    0000004c     ti_msp_dl_config.o (.text.DL_GPIO_initDigitalInputFeatures)
                  0000645c    0000004c     ti_msp_dl_config.o (.text.DL_UART_setBaudRateDivisor)
                  000064a8    0000004c     app_chassis.o (.text.app_chassis_line_task)
                  000064f4    0000004c     bsp_pwm.o (.text.bsp_pwm_stop_step)
                  00006540    0000004c     proto_vofa_firewater.o (.text.proto_vofa_firewater_send_packet)
                  0000658c    0000004c     ringbuf.o (.text.ringbuf_push_byte)
                  000065d8    0000004c     steelball_task.o (.text.steelball_vision_is_stable_target)
                  00006624    0000004a     libclang_rt.builtins.a : fixdfsi.S.obj (.text)
                  0000666e    00000002     --HOLE-- [fill = 0]
                  00006670    00000048     driverlib.a : dl_uart.o (.text.DL_UART_init)
                  000066b8    00000048     bsp_i2c.o (.text.bsp_i2c_wait_idle)
                  00006700    00000048     libc.a : snprintf.c.obj (.text.snprintf)
                  00006748    00000046     bsp_i2c.o (.text.bsp_i2c_write_bytes)
                  0000678e    00000002     --HOLE-- [fill = 0]
                  00006790    00000044     libc.a : atoi.c.obj (.text.atoi)
                  000067d4    00000044     bsp_uart.o (.text.bsp_uart_init)
                  00006818    00000044     ringbuf.o (.text.ringbuf_pop_byte)
                  0000685c    00000044     steelball_task.o (.text.steelball_abort_mission)
                  000068a0    00000040     ti_msp_dl_config.o (.text.SYSCFG_DL_UART_ESP_init)
                  000068e0    00000040     drv_encoder_ab.o (.text.encoder_driver_init)
                  00006920    00000040     drv_oled_ssd1306.o (.text.oled_printf)
                  00006960    00000040     libc.a : vsnprintf.c.obj (.text.vsnprintf)
                  000069a0    00000040     libclang_rt.builtins.a : aeabi_uidivmod.S.obj (.text)
                  000069e0    00000040                            : extendsfdf2.S.obj (.text)
                  00006a20    0000003e     app_chassis.o (.text.chassis_enter_state)
                  00006a5e    0000003e     algo_filter.o (.text.math_clampf)
                  00006a9c    0000003e     algo_fusion.o (.text.math_clampf)
                  00006ada    0000003e     algo_pid.o (.text.math_clampf)
                  00006b18    0000003e     app_chassis.o (.text.math_clampf)
                  00006b56    0000003e     bsp_pwm.o (.text.math_clampf)
                  00006b94    0000003e     drv_motor_dc.o (.text.math_clampf)
                  00006bd2    0000003e     drv_stepper.o (.text.math_clampf)
                  00006c10    0000003e     steelball_task.o (.text.math_clampf)
                  00006c4e    0000003e     algo_pid.o (.text.pid_integral_enabled)
                  00006c8c    0000003c     ti_msp_dl_config.o (.text.DL_Timer_setCounterControl)
                  00006cc8    0000003c     bsp_uart.o (.text.bsp_uart_debug_write)
                  00006d04    0000003c     libc.a : autoinit.c.obj (.text:__TI_auto_init_nobinit_nopinit)
                  00006d40    0000003c     libclang_rt.builtins.a : floatsisf.S.obj (.text)
                  00006d7c    0000003a     app_chassis.o (.text.chassis_update_sensor_history)
                  00006db6    00000002     --HOLE-- [fill = 0]
                  00006db8    0000003a     libclang_rt.builtins.a : muldsi3.S.obj (.text)
                  00006df2    00000002     --HOLE-- [fill = 0]
                  00006df4    00000038     bsp_pwm.o (.text.bsp_pwm_init)
                  00006e2c    00000038     app_chassis.o (.text.chassis_count_bits)
                  00006e64    00000038     app_chassis.o (.text.chassis_get_forward_output)
                  00006e9c    00000038     algo_pid.o (.text.pid_init)
                  00006ed4    00000038     algo_pid.o (.text.pid_limit_integral)
                  00006f0c    00000038     algo_pid.o (.text.pid_limit_output)
                  00006f44    00000038     libclang_rt.builtins.a : fixsfsi.S.obj (.text)
                  00006f7c    00000034     ti_msp_dl_config.o (.text.SYSCFG_DL_TIMER_CTRL_1KHZ_init)
                  00006fb0    00000034     app_control_scheduler.o (.text.app_control_scheduler_init)
                  00006fe4    00000034     bsp_gpio.o (.text.bsp_gpio_set_led)
                  00007018    00000034     bsp_gpio.o (.text.bsp_gpio_set_magnet)
                  0000704c    00000034     drv_stepper.o (.text.stepper_init)
                  00007080    00000032     libc.a : snprintf.c.obj (.text._outs)
                  000070b2    00000032            : vsnprintf.c.obj (.text._outs)
                  000070e4    00000032     algo_fusion.o (.text.fusion6_init)
                  00007116    00000002     --HOLE-- [fill = 0]
                  00007118    00000032     libclang_rt.builtins.a : fixunssfsi.S.obj (.text)
                  0000714a    00000002     --HOLE-- [fill = 0]
                  0000714c    00000030     driverlib.a : dl_uart.o (.text.DL_UART_transmitDataBlocking)
                  0000717c    00000030     libclang_rt.builtins.a : comparedf2.c.obj (.text.__unorddf2)
                  000071ac    00000030     libc.a : _printfi.c.obj (.text._fcpy)
                  000071dc    00000030     bsp_gpio.o (.text.bsp_gpio_set_buzzer)
                  0000720c    00000030     bsp_gpio.o (.text.bsp_gpio_set_turret_dir)
                  0000723c    0000002e     bsp_gpio.o (.text.bsp_gpio_init)
                  0000726a    0000002e     bsp_gpio.o (.text.bsp_gpio_set_motor_dir)
                  00007298    0000002e     bsp_uart.o (.text.bsp_uart_service_rx_fifo)
                  000072c6    00000002     --HOLE-- [fill = 0]
                  000072c8    0000002c     app_control_scheduler.o (.text.__NVIC_ClearPendingIRQ)
                  000072f4    0000002c     bsp_uart.o (.text.__NVIC_ClearPendingIRQ)
                  00007320    0000002c     app_control_scheduler.o (.text.__NVIC_EnableIRQ)
                  0000734c    0000002c     bsp_uart.o (.text.__NVIC_EnableIRQ)
                  00007378    0000002c     empty.o (.text.__NVIC_EnableIRQ)
                  000073a4    0000002c     algo_pid.o (.text.math_absf)
                  000073d0    0000002c     app_chassis.o (.text.math_absf)
                  000073fc    0000002c     drv_motor_dc.o (.text.math_absf)
                  00007428    0000002c     drv_stepper.o (.text.math_absf)
                  00007454    0000002c     steelball_task.o (.text.steelball_reset_mission)
                  00007480    0000002c     libclang_rt.builtins.a : floatsidf.S.obj (.text)
                  000074ac    0000002a     ti_msp_dl_config.o (.text.SYSCFG_DL_SYSCTL_init)
                  000074d6    0000002a     algo_filter.o (.text.lpf1_init)
                  00007500    0000002a     ringbuf.o (.text.ringbuf_next_index)
                  0000752a    0000002a     drv_stepper.o (.text.stepper_enable)
                  00007554    00000028     bsp_i2c.o (.text.DL_Common_updateReg)
                  0000757c    00000028     ti_msp_dl_config.o (.text.DL_Common_updateReg)
                  000075a4    00000028     ti_msp_dl_config.o (.text.DL_I2C_setControllerRXFIFOThreshold)
                  000075cc    00000028     ti_msp_dl_config.o (.text.DL_I2C_setControllerTXFIFOThreshold)
                  000075f4    00000028     ti_msp_dl_config.o (.text.DL_UART_setRXFIFOThreshold)
                  0000761c    00000028     ti_msp_dl_config.o (.text.DL_UART_setTXFIFOThreshold)
                  00007644    00000028     app_chassis.o (.text.app_chassis_set_external_drive)
                  0000766c    00000028     bsp_pwm.o (.text.bsp_pwm_set_step_counts_pitch)
                  00007694    00000028     bsp_pwm.o (.text.bsp_pwm_set_step_counts_yaw)
                  000076bc    00000028     drv_line_sensor.o (.text.line_sensor_delay_cycles)
                  000076e4    00000028     drv_motor_dc.o (.text.motor_dc_init)
                  0000770c    00000028     drv_oled_ssd1306.o (.text.oled_clear)
                  00007734    00000028     drv_oled_ssd1306.o (.text.oled_write_str)
                  0000775c    00000028     proto_esp_uart.o (.text.proto_esp_uart_process_ringbuf)
                  00007784    00000028     proto_esp_uart.o (.text.proto_esp_uart_restart_from_byte)
                  000077ac    00000028     steelball_task.o (.text.steelball_send_mission_command)
                  000077d4    00000028     libc.a : boot_cortex_m.c.obj (.text:_c_int00_noargs)
                  000077fc    00000028     libclang_rt.builtins.a : floatunsisf.S.obj (.text)
                  00007824    00000026     ti_msp_dl_config.o (.text.DL_I2C_setAnalogGlitchFilterPulseWidth)
                  0000784a    00000026     driverlib.a : dl_i2c.o (.text.DL_I2C_setClockConfig)
                  00007870    00000026     bsp_uart.o (.text.bsp_uart_debug_write_str)
                  00007896    00000026     steelball_task.o (.text.steelball_elapsed)
                  000078bc    00000024     ringbuf.o (.text.ringbuf_init)
                  000078e0    00000024     steelball_task.o (.text.steelball_init)
                  00007904    00000024     libclang_rt.builtins.a : muldi3.S.obj (.text)
                  00007928    00000022     libc.a : memccpy.c.obj (.text.memccpy)
                  0000794a    00000022     drv_oled_ssd1306.o (.text.oled_send_command)
                  0000796c    00000022     drv_stepper.o (.text.stepper_set_speed)
                  0000798e    00000002     --HOLE-- [fill = 0]
                  00007990    00000020     ti_msp_dl_config.o (.text.DL_GPIO_initPeripheralInputFunction)
                  000079b0    00000020     app_chassis.o (.text.app_chassis_stop)
                  000079d0    00000020     bsp_pwm.o (.text.bsp_pwm_set_motor_compare)
                  000079f0    00000020     libc.a : memcmp.c.obj (.text.memcmp)
                  00007a10    00000020     proto_esp_uart.o (.text.proto_esp_uart_init)
                  00007a30    00000020     steelball_task.o (.text.steelball_set_safe_stop)
                  00007a50    0000001e     ti_msp_dl_config.o (.text.DL_UART_setOversampling)
                  00007a6e    0000001e     drv_encoder_ab.o (.text.encoder_read_state_left)
                  00007a8c    0000001e     drv_encoder_ab.o (.text.encoder_read_state_right)
                  00007aaa    00000002     --HOLE-- [fill = 0]
                  00007aac    0000001e     libclang_rt.builtins.a : ashldi3.S.obj (.text)
                  00007aca    00000002     --HOLE-- [fill = 0]
                  00007acc    0000001c     ti_msp_dl_config.o (.text.DL_GPIO_clearInterruptStatus)
                  00007ae8    0000001c     ti_msp_dl_config.o (.text.DL_GPIO_enableHiZ)
                  00007b04    0000001c     ti_msp_dl_config.o (.text.DL_GPIO_enableInterrupt)
                  00007b20    0000001c     ti_msp_dl_config.o (.text.DL_GPIO_initPeripheralOutputFunction)
                  00007b3c    0000001c     ti_msp_dl_config.o (.text.DL_GPIO_setLowerPinsPolarity)
                  00007b58    0000001c     bsp_i2c.o (.text.DL_I2C_isControllerRXFIFOEmpty)
                  00007b74    0000001c     bsp_i2c.o (.text.DL_I2C_isControllerTXFIFOFull)
                  00007b90    0000001c     app_isr.o (.text.DL_Interrupt_getPendingGroup)
                  00007bac    0000001c     ti_msp_dl_config.o (.text.DL_SYSCTL_setMCLKDivider)
                  00007bc8    0000001c     ti_msp_dl_config.o (.text.DL_SYSCTL_setSYSOSCFreq)
                  00007be4    0000001c     ti_msp_dl_config.o (.text.DL_SYSCTL_setULPCLKDivider)
                  00007c00    0000001c     ti_msp_dl_config.o (.text.DL_Timer_enableInterrupt)
                  00007c1c    0000001c     driverlib.a : dl_timer.o (.text.DL_Timer_setCaptCompUpdateMethod)
                  00007c38    0000001c                 : dl_timer.o (.text.DL_Timer_setClockConfig)
                  00007c54    0000001c     bsp_uart.o (.text.DL_UART_enableInterrupt)
                  00007c70    0000001c     ti_msp_dl_config.o (.text.DL_UART_enableInterrupt)
                  00007c8c    0000001c     driverlib.a : dl_uart.o (.text.DL_UART_transmitDataCheck)
                  00007ca8    0000001c     app_isr.o (.text.TIMA1_IRQHandler)
                  00007cc4    0000001c     app_ui.o (.text.app_ui_init)
                  00007ce0    0000001c     bsp_uart.o (.text.bsp_uart_debug_write_byte)
                  00007cfc    0000001c     drv_oled_ssd1306.o (.text.oled_set_cursor)
                  00007d18    0000001c     drv_oled_ssd1306.o (.text.oled_write_char)
                  00007d34    0000001c     proto_vofa_firewater.o (.text.proto_vofa_firewater_write_line)
                  00007d50    0000001c     drv_stepper.o (.text.stepper_stop)
                  00007d6c    0000001a     drv_mpu9250.o (.text.mpu9250_read_who_am_i)
                  00007d86    00000002     --HOLE-- [fill = 0]
                  00007d88    0000001a     libclang_rt.builtins.a : aeabi_memset.S.obj (.text)
                  00007da2    00000002     --HOLE-- [fill = 0]
                  00007da4    00000018     ti_msp_dl_config.o (.text.DL_GPIO_enableOutput)
                  00007dbc    00000018     ti_msp_dl_config.o (.text.DL_GPIO_enablePower)
                  00007dd4    00000018     ti_msp_dl_config.o (.text.DL_GPIO_initDigitalOutput)
                  00007dec    00000018     ti_msp_dl_config.o (.text.DL_GPIO_reset)
                  00007e04    00000018     bsp_gpio.o (.text.DL_GPIO_setPins)
                  00007e1c    00000018     ti_msp_dl_config.o (.text.DL_GPIO_setUpperPinsPolarity)
                  00007e34    00000018     bsp_gpio.o (.text.DL_GPIO_togglePins)
                  00007e4c    00000018     ti_msp_dl_config.o (.text.DL_I2C_enableAnalogGlitchFilter)
                  00007e64    00000018     ti_msp_dl_config.o (.text.DL_I2C_enableController)
                  00007e7c    00000018     ti_msp_dl_config.o (.text.DL_I2C_enableControllerClockStretching)
                  00007e94    00000018     ti_msp_dl_config.o (.text.DL_I2C_enablePower)
                  00007eac    00000018     ti_msp_dl_config.o (.text.DL_I2C_reset)
                  00007ec4    00000018     ti_msp_dl_config.o (.text.DL_I2C_setTimerPeriod)
                  00007edc    00000018     ti_msp_dl_config.o (.text.DL_SYSCTL_setBORThreshold)
                  00007ef4    00000018     ti_msp_dl_config.o (.text.DL_Timer_enablePower)
                  00007f0c    00000018     ti_msp_dl_config.o (.text.DL_Timer_reset)
                  00007f24    00000018     driverlib.a : dl_timer.o (.text.DL_Timer_setCaptureCompareOutCtl)
                  00007f3c    00000018     bsp_pwm.o (.text.DL_Timer_setLoadValue)
                  00007f54    00000018     app_control_scheduler.o (.text.DL_Timer_startCounter)
                  00007f6c    00000018     bsp_pwm.o (.text.DL_Timer_startCounter)
                  00007f84    00000018     bsp_pwm.o (.text.DL_Timer_stopCounter)
                  00007f9c    00000018     bsp_uart.o (.text.DL_UART_clearInterruptStatus)
                  00007fb4    00000018     ti_msp_dl_config.o (.text.DL_UART_enableFIFOs)
                  00007fcc    00000018     ti_msp_dl_config.o (.text.DL_UART_enablePower)
                  00007fe4    00000018     bsp_uart.o (.text.DL_UART_isRXFIFOEmpty)
                  00007ffc    00000018     ti_msp_dl_config.o (.text.DL_UART_reset)
                  00008014    00000018     libc.a : snprintf.c.obj (.text._outc)
                  0000802c    00000018            : vsnprintf.c.obj (.text._outc)
                  00008044    00000018     bsp_gpio.o (.text.bsp_gpio_read_encoder_left_a)
                  0000805c    00000018     bsp_gpio.o (.text.bsp_gpio_read_encoder_right_a)
                  00008074    00000018     bsp_gpio.o (.text.bsp_gpio_set_laser)
                  0000808c    00000018     bsp_pwm.o (.text.bsp_pwm_start_all)
                  000080a4    00000018     app_chassis.o (.text.chassis_center_reacquired)
                  000080bc    00000018     steelball_task.o (.text.sb_write_u16_le)
                  000080d4    00000018     empty.o (.text.vehicle_poll_esp_uart)
                  000080ec    00000016     bsp_gpio.o (.text.DL_GPIO_readPins)
                  00008102    00000016     ti_msp_dl_config.o (.text.DL_UART_enable)
                  00008118    00000016     proto_esp_uart.o (.text.proto_esp_uart_reset)
                  0000812e    00000016     ringbuf.o (.text.ringbuf_is_empty)
                  00008144    00000014     bsp_gpio.o (.text.DL_GPIO_clearPins)
                  00008158    00000014     ti_msp_dl_config.o (.text.DL_GPIO_clearPins)
                  0000816c    00000014     bsp_i2c.o (.text.DL_I2C_getControllerStatus)
                  00008180    00000014     bsp_i2c.o (.text.DL_I2C_receiveControllerData)
                  00008194    00000014     ti_msp_dl_config.o (.text.DL_I2C_resetControllerTransfer)
                  000081a8    00000014     ti_msp_dl_config.o (.text.DL_SYSCTL_disableSYSPLL)
                  000081bc    00000014     ti_msp_dl_config.o (.text.DL_Timer_enableClock)
                  000081d0    00000014     ti_msp_dl_config.o (.text.DL_Timer_setCCPDirection)
                  000081e4    00000014     bsp_uart.o (.text.DL_UART_receiveData)
                  000081f8    00000014     app_isr.o (.text.app_isr_set_encoder_driver)
                  0000820c    00000014     bsp_gpio.o (.text.bsp_gpio_read_encoder_left_b)
                  00008220    00000014     bsp_gpio.o (.text.bsp_gpio_read_encoder_right_b)
                  00008234    00000014     bsp_gpio.o (.text.bsp_gpio_toggle_led)
                  00008248    00000014     bsp_uart.o (.text.bsp_uart_esp_poll_rx)
                  0000825c    00000014     bsp_uart.o (.text.bsp_uart_k230_poll_rx)
                  00008270    00000014     libclang_rt.builtins.a : aeabi_uldivmod.S.obj (.text)
                  00008284    00000012     app_isr.o (.text.DL_GPIO_getPendingInterrupt)
                  00008296    00000012     app_isr.o (.text.DL_Timer_getPendingInterrupt)
                  000082a8    00000012     bsp_uart.o (.text.DL_UART_getPendingInterrupt)
                  000082ba    00000012     driverlib.a : dl_uart.o (.text.DL_UART_setClockConfig)
                  000082cc    00000012     steelball_task.o (.text.sb_read_u16_le)
                  000082de    00000012     steelball_task.o (.text.steelball_read_i16_le)
                  000082f0    00000012     libc.a : _printfi.c.obj (.text.strchr)
                  00008302    00000012            : memcpy16.S.obj (.text:TI_memcpy_small)
                  00008314    00000012            : copy_decompress_none.c.obj (.text:decompress:none)
                  00008326    00000002     --HOLE-- [fill = 0]
                  00008328    00000010     ti_msp_dl_config.o (.text.DL_SYSCTL_disableHFXT)
                  00008338    00000010     driverlib.a : dl_timer.o (.text.DL_Timer_setCaptureCompareValue)
                  00008348    00000010     app_chassis.o (.text.app_chassis_enable_line_follow)
                  00008358    00000010     app_chassis.o (.text.app_chassis_get_snapshot)
                  00008368    00000010     empty.o (.text.main)
                  00008378    00000010     libc.a : wcslen.c.obj (.text.wcslen)
                  00008388    00000010            : copy_zero_init.c.obj (.text:decompress:ZI)
                  00008398    0000000e            : _printfi.c.obj (.text.strlen)
                  000083a6    0000000e            : strlen.c.obj (.text.strlen)
                  000083b4    0000000e            : memset16.S.obj (.text:TI_memset_small)
                  000083c2    00000002     --HOLE-- [fill = 0]
                  000083c4    0000000c     app_chassis.o (.text.app_chassis_get_encoder_driver)
                  000083d0    0000000c     app_imu.o (.text.app_imu_get_snapshot)
                  000083dc    0000000c     app_turret.o (.text.app_turret_get_snapshot)
                  000083e8    0000000c     drv_motor_dc.o (.text.motor_dc_get_output)
                  000083f4    0000000a     driverlib.a : dl_common.o (.text.DL_Common_delayCycles)
                  000083fe    0000000a     libc.a : _printfi.c.obj (.text.OUTLINED_FUNCTION_0)
                  00008408    00000010     libclang_rt.builtins.a : adddf3.S.obj (.tramp.__aeabi_dsub.1)
                  00008418    0000000a     libc.a : _printfi.c.obj (.text.OUTLINED_FUNCTION_1)
                  00008422    0000000a     app_chassis.o (.text.chassis_get_control_error)
                  0000842c    00000008     app_isr.o (.text.UART0_IRQHandler)
                  00008434    00000008     app_isr.o (.text.UART1_IRQHandler)
                  0000843c    00000008     app_isr.o (.text.UART2_IRQHandler)
                  00008444    00000008     libclang_rt.builtins.a : aeabi_ddiv.c.obj (.text.__aeabi_ddiv)
                  0000844c    00000008                            : aeabi_dmul.c.obj (.text.__aeabi_dmul)
                  00008454    00000008     libc.a : aeabi_portable.c.obj (.text.__aeabi_errno_addr)
                  0000845c    00000008     bsp_uart.o (.text.bsp_uart_get_esp_ringbuf)
                  00008464    00000008     bsp_uart.o (.text.bsp_uart_get_k230_ringbuf)
                  0000846c    00000008     libclang_rt.builtins.a : aeabi_memcpy.S.obj (.text)
                  00008474    00000006     libc.a : s_atanf.c.obj (.text.OUTLINED_FUNCTION_0)
                  0000847a    00000002     --HOLE-- [fill = 0]
                  0000847c    00000010     libclang_rt.builtins.a : divsf3.S.obj (.tramp.__aeabi_fdiv.1)
                  0000848c    00000006     libc.a : exit.c.obj (.text:abort)
                  00008492    00000004     startup_mspm0g350x_ticlang.o (.text.Default_Handler)
                  00008496    00000004     libsysbm.a : hostexit.c.obj (.text.HOSTexit)
                  0000849a    00000004     libc.a : s_atanf.c.obj (.text.OUTLINED_FUNCTION_1)
                  0000849e    00000002     --HOLE-- [fill = 0]
                  000084a0    00000010     libclang_rt.builtins.a : addsf3.S.obj (.tramp.__aeabi_fadd.1)
                  000084b0    00000004     startup_mspm0g350x_ticlang.o (.text.Reset_Handler)
                  000084b4    00000010     libc.a : boot_cortex_m.c.obj (.tramp._c_int00_noargs.1)
                  000084c4    00000004            : pre_init.c.obj (.text._system_pre_init)

.cinit     0    00008c40    00000030     
                  00008c40    0000000c     (__TI_handler_table)
                  00008c4c    00000008     (.cinit..bss.load) [load image, compression = zero_init]
                  00008c54    00000007     (.cinit..data.load) [load image, compression = lzss]
                  00008c5b    00000001     --HOLE-- [fill = 0]
                  00008c5c    00000010     (__TI_cinit_table)
                  00008c6c    00000004     --HOLE-- [fill = 0]

.rodata    0    000084d0    00000770     
                  000084d0    000001e0     drv_oled_ssd1306.o (.rodata.g_font_5x7)
                  000086b0    00000101     libc.a : aeabi_ctype.S.obj (.rodata:__aeabi_ctype_table_)
                  000087b1    00000057     steelball_task.o (.rodata.str1.10297696021469984648.1)
                  00008808    0000003c     empty.o (.rodata.run_vehicle_app.vofa_names)
                  00008844    00000030     app_turret.o (.rodata.app_turret_init.turret_pid_cfg)
                  00008874    00000030     app_chassis.o (.rodata.g_line_pid_cfg)
                  000088a4    00000030     app_chassis.o (.rodata.g_speed_pid_cfg)
                  000088d4    00000024     app_chassis.o (.rodata.g_line_sensor_cfg)
                  000088f8    00000020     libc.a : s_atanf.c.obj (.rodata.cst16)
                  00008918    0000001a     steelball_task.o (.rodata.str1.13018933056559004742.1)
                  00008932    00000019     empty.o (.rodata.str1.15930989295766594416.1)
                  0000894b    00000017     drv_oled_ssd1306.o (.rodata.g_oled_init_seq)
                  00008962    00000015     empty.o (.rodata.str1.11822412164550770238.1)
                  00008977    00000001     --HOLE-- [fill = 0]
                  00008978    00000014     ti_msp_dl_config.o (.rodata.gTIMER_CTRL_1KHZTimerConfig)
                  0000898c    00000014     steelball_task.o (.rodata.str1.11899489094462998524.1)
                  000089a0    00000013     empty.o (.rodata.str1.4000995719088696555.1)
                  000089b3    00000011     libc.a : _printfi.c.obj (.rodata.str1.10348868589481759720.1)
                  000089c4    00000011            : _printfi.c.obj (.rodata.str1.15363888844622738466.1)
                  000089d5    00000011     empty.o (.rodata.str1.15486159998237592746.1)
                  000089e6    00000011     empty.o (.rodata.str1.17686411042290499047.1)
                  000089f7    00000011     empty.o (.rodata.str1.7401042497206923953.1)
                  00008a08    00000010     app_turret.o (.rodata.app_turret_init.pitch_cfg)
                  00008a18    00000010     app_turret.o (.rodata.app_turret_init.yaw_cfg)
                  00008a28    00000010     drv_encoder_ab.o (.rodata.g_qei_table)
                  00008a38    00000010     empty.o (.rodata.str1.11898133897667081452.1)
                  00008a48    00000010     empty.o (.rodata.str1.150872071346279890.1)
                  00008a58    00000010     app_ui.o (.rodata.str1.491321146314490610.1)
                  00008a68    00000010     empty.o (.rodata.str1.7386103758396746866.1)
                  00008a78    0000000f     app_ui.o (.rodata.str1.15306790646973115948.1)
                  00008a87    0000000f     empty.o (.rodata.str1.16704889451495720520.1)
                  00008a96    0000000f     empty.o (.rodata.str1.5792233746214848027.1)
                  00008aa5    0000000e     empty.o (.rodata.str1.17102900359786703537.1)
                  00008ab3    0000000e     empty.o (.rodata.str1.7048729596307760267.1)
                  00008ac1    0000000d     empty.o (.rodata.str1.15170238581331914936.1)
                  00008ace    0000000d     empty.o (.rodata.str1.2196762768037919588.1)
                  00008adb    0000000d     app_ui.o (.rodata.str1.5075943537078053564.1)
                  00008ae8    0000000d     empty.o (.rodata.str1.9410084661655729462.1)
                  00008af5    00000003     ti_msp_dl_config.o (.rodata.gPWM_MOTOR_LEFTClockConfig)
                  00008af8    0000000c     app_imu.o (.rodata.app_imu_init.fusion_cfg)
                  00008b04    0000000c     app_chassis.o (.rodata.g_left_motor_cfg)
                  00008b10    0000000c     app_chassis.o (.rodata.g_right_motor_cfg)
                  00008b1c    0000000c     empty.o (.rodata.str1.10059295903439925133.1)
                  00008b28    0000000c     empty.o (.rodata.str1.15706828512682300538.1)
                  00008b34    0000000c     empty.o (.rodata.str1.17676052816137622666.1)
                  00008b40    0000000c     empty.o (.rodata.str1.6969777895189110550.1)
                  00008b4c    0000000c     app_ui.o (.rodata.str1.7034054880712102617.1)
                  00008b58    0000000c     app_ui.o (.rodata.str1.7037387292574431710.1)
                  00008b64    0000000b     proto_vofa_firewater.o (.rodata.str1.1369630562928637083.1)
                  00008b6f    0000000b     empty.o (.rodata.str1.14685083708502177989.1)
                  00008b7a    0000000b     proto_vofa_firewater.o (.rodata.str1.777347185933502351.1)
                  00008b85    0000000b     empty.o (.rodata.str1.9517790425240694019.1)
                  00008b90    0000000a     ti_msp_dl_config.o (.rodata.gUART_DEBUGConfig)
                  00008b9a    0000000a     ti_msp_dl_config.o (.rodata.gUART_ESPConfig)
                  00008ba4    0000000a     ti_msp_dl_config.o (.rodata.gUART_K230Config)
                  00008bae    0000000a     empty.o (.rodata.str1.17669528882079347314.1)
                  00008bb8    0000000a     empty.o (.rodata.str1.254342170260855183.1)
                  00008bc2    00000009     empty.o (.rodata.str1.7079713434352825882.1)
                  00008bcb    00000001     --HOLE-- [fill = 0]
                  00008bcc    00000008     ti_msp_dl_config.o (.rodata.gPWM_MOTOR_LEFTConfig)
                  00008bd4    00000008     ti_msp_dl_config.o (.rodata.gPWM_MOTOR_RIGHTConfig)
                  00008bdc    00000008     ti_msp_dl_config.o (.rodata.gPWM_STEP_PITCHConfig)
                  00008be4    00000008     ti_msp_dl_config.o (.rodata.gPWM_STEP_YAWConfig)
                  00008bec    00000008     app_chassis.o (.rodata.g_left_encoder_cfg)
                  00008bf4    00000008     app_chassis.o (.rodata.g_right_encoder_cfg)
                  00008bfc    00000008     proto_vofa_firewater.o (.rodata.str1.13770452268044769405.1)
                  00008c04    00000007     proto_vofa_firewater.o (.rodata.str1.9885088700084294572.1)
                  00008c0b    00000006     proto_vofa_firewater.o (.rodata.str1.4252196020124871187.1)
                  00008c11    00000005     empty.o (.rodata.str1.101204432782223354.1)
                  00008c16    00000005     empty.o (.rodata.str1.18230774644621384456.1)
                  00008c1b    00000003     ti_msp_dl_config.o (.rodata.gPWM_MOTOR_RIGHTClockConfig)
                  00008c1e    00000003     ti_msp_dl_config.o (.rodata.gPWM_STEP_PITCHClockConfig)
                  00008c21    00000003     ti_msp_dl_config.o (.rodata.gPWM_STEP_YAWClockConfig)
                  00008c24    00000003     ti_msp_dl_config.o (.rodata.gTIMER_CTRL_1KHZClockConfig)
                  00008c27    00000003     empty.o (.rodata.str1.5100843677217179155.1)
                  00008c2a    00000002     ti_msp_dl_config.o (.rodata.gI2C_SENSOR_BUSClockConfig)
                  00008c2c    00000002     ti_msp_dl_config.o (.rodata.gUART_DEBUGClockConfig)
                  00008c2e    00000002     ti_msp_dl_config.o (.rodata.gUART_ESPClockConfig)
                  00008c30    00000002     ti_msp_dl_config.o (.rodata.gUART_K230ClockConfig)
                  00008c32    0000000e     --HOLE-- [fill = 0]

.init_array 
*          0    00000000    00000000     UNINITIALIZED

.binit     0    00000000    00000000     

.bss       0    20200000    00000d20     UNINITIALIZED
                  20200000    00000406     app_ui.o (.bss.g_oled)
                  20200406    00000001     app_ui.o (.bss.g_oled_ready)
                  20200407    00000001     --HOLE--
                  20200408    00000218     app_chassis.o (.bss.g_chassis)
                  20200620    0000010c     app_turret.o (.bss.g_turret)
                  2020072c    00000100     bsp_uart.o (.bss.g_esp_ring_storage)
                  2020082c    00000100     bsp_uart.o (.bss.g_k230_ring_storage)
                  2020092c    000000bc     (.common:gPWM_STEP_YAWBackup)
                  202009e8    000000bc     (.common:gTIMER_CTRL_1KHZBackup)
                  20200aa4    000000a0     (.common:gPWM_MOTOR_RIGHTBackup)
                  20200b44    00000080     bsp_uart.o (.bss.g_debug_rx_ring_storage)
                  20200bc4    00000070     app_imu.o (.bss.g_imu)
                  20200c34    00000064     steelball_task.o (.bss.g_steelball)
                  20200c98    0000004c     empty.o (.bss.g_esp_uart_protocol)
                  20200ce4    0000000c     bsp_uart.o (.bss.g_debug_rx_ringbuf)
                  20200cf0    0000000c     bsp_uart.o (.bss.g_esp_ringbuf)
                  20200cfc    0000000c     bsp_uart.o (.bss.g_k230_ringbuf)
                  20200d08    0000000c     app_control_scheduler.o (.bss.g_scheduler)
                  20200d14    00000008     bsp_pwm.o (.bss.g_step_frequency_hz)
                  20200d1c    00000004     app_isr.o (.bss.g_encoder_driver)

.data      0    20200d20    00000007     UNINITIALIZED
                  20200d20    00000004     libc.a : aeabi_portable.c.obj (.data.__aeabi_errno)
                  20200d24    00000001     drv_oled_ssd1306.o (.data.g_oled_last_failed_command)
                  20200d25    00000001     drv_oled_ssd1306.o (.data.g_oled_last_failed_index)
                  20200d26    00000001     drv_oled_ssd1306.o (.data.g_oled_last_status)

.stack     0    20207e00    00000200     UNINITIALIZED
                  20207e00    00000004     libc.a : boot_cortex_m.c.obj (.stack)
                  20207e04    000001fc     --HOLE--

__llvm_prf_cnts 
*          0    20200000    00000000     UNINITIALIZED

__llvm_prf_bits 
*          0    20200000    00000000     UNINITIALIZED

MODULE SUMMARY

       Module                         code    ro data   rw data
       ------                         ----    -------   -------
    .\
       ti_msp_dl_config.o             3160    105       536    
       empty.o                        1060    433       76     
       startup_mspm0g350x_ticlang.o   8       192       0      
    +--+------------------------------+-------+---------+---------+
       Total:                         4228    730       612    
                                                               
    .\algo\
       algo_pid.o                     1142    0         0      
       algo_fusion.o                  524     0         0      
       algo_filter.o                  192     0         0      
    +--+------------------------------+-------+---------+---------+
       Total:                         1858    0         0      
                                                               
    .\app\
       app_chassis.o                  3772    172       536    
       steelball_task.o               2444    133       100    
       app_ui.o                       308     68        1031   
       app_turret.o                   312     80        268    
       app_control_scheduler.o        392     0         12     
       app_imu.o                      216     12        112    
       app_isr.o                      288     0         4      
    +--+------------------------------+-------+---------+---------+
       Total:                         7732    465       2063   
                                                               
    .\bsp\
       bsp_uart.o                     1400    0         676    
       bsp_i2c.o                      1086    0         0      
       bsp_gpio.o                     896     0         0      
       bsp_pwm.o                      762     0         8      
    +--+------------------------------+-------+---------+---------+
       Total:                         4144    0         684    
                                                               
    .\common\
       ringbuf.o                      244     0         0      
    +--+------------------------------+-------+---------+---------+
       Total:                         244     0         0      
                                                               
    .\drivers\
       drv_oled_ssd1306.o             900     503       3      
       drv_mpu9250.o                  890     0         0      
       drv_stepper.o                  490     0         0      
       drv_encoder_ab.o               434     16        0      
       drv_line_sensor.o              428     0         0      
       drv_motor_dc.o                 324     0         0      
    +--+------------------------------+-------+---------+---------+
       Total:                         3466    519       3      
                                                               
    .\protocol\
       proto_esp_uart.o               958     0         0      
       proto_vofa_firewater.o         540     43        0      
    +--+------------------------------+-------+---------+---------+
       Total:                         1498    43        0      
                                                               
    C:\ti\ccs2100\ccs\tools\compiler\ti-cgt-armllvm_5.1.1.LTS\lib\armv6m-ti-none-eabi/c/libc.a
       _printfi.c.obj                 4624    34        0      
       s_atanf.c.obj                  466     32        0      
       e_atan2f.c.obj                 280     0         0      
       aeabi_ctype.S.obj              0       257       0      
       s_scalbn.c.obj                 220     0         0      
       e_sqrtf.c.obj                  180     0         0      
       snprintf.c.obj                 146     0         0      
       vsnprintf.c.obj                138     0         0      
       copy_decompress_lzss.c.obj     124     0         0      
       s_frexp.c.obj                  92      0         0      
       _ltoa.c.obj                    88      0         0      
       atoi.c.obj                     68      0         0      
       autoinit.c.obj                 60      0         0      
       boot_cortex_m.c.obj            56      0         0      
       memccpy.c.obj                  34      0         0      
       memcmp.c.obj                   32      0         0      
       copy_decompress_none.c.obj     18      0         0      
       memcpy16.S.obj                 18      0         0      
       copy_zero_init.c.obj           16      0         0      
       wcslen.c.obj                   16      0         0      
       memset16.S.obj                 14      0         0      
       strlen.c.obj                   14      0         0      
       aeabi_portable.c.obj           8       0         4      
       exit.c.obj                     6       0         0      
       pre_init.c.obj                 4       0         0      
    +--+------------------------------+-------+---------+---------+
       Total:                         6722    323       4      
                                                               
    C:\ti\ccs2100\ccs\tools\compiler\ti-cgt-armllvm_5.1.1.LTS\lib\armv6m-ti-none-eabi/c/libsysbm.a
       hostexit.c.obj                 4       0         0      
    +--+------------------------------+-------+---------+---------+
       Total:                         4       0         0      
                                                               
    C:\ti\ccs2100\ccs\tools\compiler\ti-cgt-armllvm_5.1.1.LTS\lib\armv6m-ti-none-eabi/libclang_rt.builtins.a
       adddf3.S.obj                   418     0         0      
       divdf3.S.obj                   282     0         0      
       comparedf2.c.obj               268     0         0      
       addsf3.S.obj                   232     0         0      
       muldf3.S.obj                   228     0         0      
       udivmoddi4.S.obj               162     0         0      
       divsf3.S.obj                   146     0         0      
       comparesf2.S.obj               140     0         0      
       mulsf3.S.obj                   140     0         0      
       aeabi_dcmp.S.obj               90      0         0      
       aeabi_fcmp.S.obj               90      0         0      
       aeabi_idivmod.S.obj            86      0         0      
       fixdfsi.S.obj                  74      0         0      
       aeabi_uidivmod.S.obj           64      0         0      
       extendsfdf2.S.obj              64      0         0      
       floatsisf.S.obj                60      0         0      
       muldsi3.S.obj                  58      0         0      
       fixsfsi.S.obj                  56      0         0      
       fixunssfsi.S.obj               50      0         0      
       floatsidf.S.obj                44      0         0      
       floatunsisf.S.obj              40      0         0      
       muldi3.S.obj                   36      0         0      
       ashldi3.S.obj                  30      0         0      
       aeabi_memset.S.obj             26      0         0      
       aeabi_uldivmod.S.obj           20      0         0      
       aeabi_ddiv.c.obj               8       0         0      
       aeabi_dmul.c.obj               8       0         0      
       aeabi_memcpy.S.obj             8       0         0      
       aeabi_div0.c.obj               4       0         0      
    +--+------------------------------+-------+---------+---------+
       Total:                         2932    0         0      
                                                               
    D:/ccs/mspm0_sdk/mspm0_sdk_2_10_00_04/source/ti/driverlib/lib/ticlang/m0p/mspm0g1x0x_g3x0x/driverlib.a
       dl_timer.o                     608     0         0      
       dl_uart.o                      166     0         0      
       dl_i2c.o                       132     0         0      
       dl_common.o                    10      0         0      
    +--+------------------------------+-------+---------+---------+
       Total:                         916     0         0      
                                                               
       Stack:                         0       0         512    
       Linker Generated:              0       43        0      
    +--+------------------------------+-------+---------+---------+
       Grand Total:                   33744   2123      3878   


LINKER GENERATED COPY TABLES

__TI_cinit_table @ 00008c5c records: 2, size/record: 8, table size: 16
	.bss: load addr=00008c4c, load size=00000008 bytes, run addr=20200000, run size=00000d20 bytes, compression=zero_init
	.data: load addr=00008c54, load size=00000007 bytes, run addr=20200d20, run size=00000007 bytes, compression=lzss


LINKER GENERATED HANDLER TABLE

__TI_handler_table @ 00008c40 records: 3, size/record: 4, table size: 12
	index: 0, handler: __TI_decompress_lzss
	index: 1, handler: __TI_decompress_none
	index: 2, handler: __TI_zero_init


FAR CALL TRAMPOLINES

callee name               trampoline name
   callee addr  tramp addr   call addr  call info
--------------  -----------  ---------  ----------------
__aeabi_dsub              $Tramp$TT$L$PI$$__aeabi_dsub
   00001d35     00008408     00008406   libc.a : _printfi.c.obj (.text.OUTLINED_FUNCTION_0)
__aeabi_fdiv              $Tramp$TT$L$PI$$__aeabi_fdiv
   000051c9     0000847c     00008478   libc.a : s_atanf.c.obj (.text.OUTLINED_FUNCTION_0)
__aeabi_fadd              $Tramp$TT$L$PI$$__aeabi_fadd
   00003cd3     000084a0     0000849c   libc.a : s_atanf.c.obj (.text.OUTLINED_FUNCTION_1)
_c_int00_noargs           $Tramp$TT$L$PI$$_c_int00_noargs
   000077d5     000084b4     000084b0   startup_mspm0g350x_ticlang.o (.text.Reset_Handler)

[4 trampolines]
[4 trampoline calls]


GLOBAL SYMBOLS: SORTED ALPHABETICALLY BY Name 

address   name                                
-------   ----                                
00008493  ADC0_IRQHandler                     
00008493  ADC1_IRQHandler                     
00008493  AES_IRQHandler                      
00008496  C$$EXIT                             
00008493  CANFD0_IRQHandler                   
00008493  DAC0_IRQHandler                     
000083f5  DL_Common_delayCycles               
00005bf5  DL_I2C_fillControllerTXFIFO         
0000784b  DL_I2C_setClockConfig               
00003271  DL_Timer_initFourCCPWMMode          
00003475  DL_Timer_initTimerMode              
00007c1d  DL_Timer_setCaptCompUpdateMethod    
00007f25  DL_Timer_setCaptureCompareOutCtl    
00008339  DL_Timer_setCaptureCompareValue     
00007c39  DL_Timer_setClockConfig             
00006671  DL_UART_init                        
000082bb  DL_UART_setClockConfig              
0000714d  DL_UART_transmitDataBlocking        
00007c8d  DL_UART_transmitDataCheck           
00008493  DMA_IRQHandler                      
00008493  Default_Handler                     
00008493  GROUP0_IRQHandler                   
00004b31  GROUP1_IRQHandler                   
00008497  HOSTexit                            
00008493  HardFault_Handler                   
00008493  I2C0_IRQHandler                     
00008493  I2C1_IRQHandler                     
00008493  NMI_Handler                         
00008493  PendSV_Handler                      
00008493  RTC_IRQHandler                      
000084b1  Reset_Handler                       
00008493  SPI0_IRQHandler                     
00008493  SPI1_IRQHandler                     
00008493  SVC_Handler                         
00001225  SYSCFG_DL_GPIO_init                 
00005e7d  SYSCFG_DL_I2C_SENSOR_BUS_init       
00004cf1  SYSCFG_DL_PWM_MOTOR_LEFT_init       
00004d81  SYSCFG_DL_PWM_MOTOR_RIGHT_init      
00005599  SYSCFG_DL_PWM_STEP_PITCH_init       
00005601  SYSCFG_DL_PWM_STEP_YAW_init         
000074ad  SYSCFG_DL_SYSCTL_init               
00006f7d  SYSCFG_DL_TIMER_CTRL_1KHZ_init      
00006035  SYSCFG_DL_UART_DEBUG_init           
000068a1  SYSCFG_DL_UART_ESP_init             
00005b95  SYSCFG_DL_UART_K230_init            
00006089  SYSCFG_DL_init                      
00003da1  SYSCFG_DL_initPower                 
00008493  SysTick_Handler                     
00008493  TIMA0_IRQHandler                    
00007ca9  TIMA1_IRQHandler                    
00008493  TIMG0_IRQHandler                    
00008493  TIMG12_IRQHandler                   
00008493  TIMG6_IRQHandler                    
00008493  TIMG7_IRQHandler                    
00008493  TIMG8_IRQHandler                    
00008303  TI_memcpy_small                     
000083b5  TI_memset_small                     
0000842d  UART0_IRQHandler                    
00008435  UART1_IRQHandler                    
0000843d  UART2_IRQHandler                    
00008493  UART3_IRQHandler                    
20208000  __STACK_END                         
00000200  __STACK_SIZE                        
00000000  __TI_ATRegion0_region_sz            
00000000  __TI_ATRegion0_src_addr             
00000000  __TI_ATRegion0_trg_addr             
00000000  __TI_ATRegion1_region_sz            
00000000  __TI_ATRegion1_src_addr             
00000000  __TI_ATRegion1_trg_addr             
00000000  __TI_ATRegion2_region_sz            
00000000  __TI_ATRegion2_src_addr             
00000000  __TI_ATRegion2_trg_addr             
00008c5c  __TI_CINIT_Base                     
00008c6c  __TI_CINIT_Limit                    
00008c6c  __TI_CINIT_Warm                     
00008c40  __TI_Handler_Table_Base             
00008c4c  __TI_Handler_Table_Limit            
00006d05  __TI_auto_init_nobinit_nopinit      
0000534d  __TI_decompress_lzss                
00008315  __TI_decompress_none                
00005ed5  __TI_ltoa                           
ffffffff  __TI_pprof_out_hndl                 
000000c1  __TI_printfi                        
ffffffff  __TI_prof_data_size                 
ffffffff  __TI_prof_data_start                
00000000  __TI_static_base__                  
00008389  __TI_zero_init                      
00001d3f  __adddf3                            
00003cd3  __addsf3                            
000086b0  __aeabi_ctype_table_                
000086b0  __aeabi_ctype_table_C               
00006625  __aeabi_d2iz                        
00001d3f  __aeabi_dadd                        
00005dc5  __aeabi_dcmpeq                      
00005dfb  __aeabi_dcmpge                      
00005e0d  __aeabi_dcmpgt                      
00005de9  __aeabi_dcmple                      
00005dd7  __aeabi_dcmplt                      
0000717d  __aeabi_dcmpun                      
00008445  __aeabi_ddiv                        
0000844d  __aeabi_dmul                        
00001d35  __aeabi_dsub                        
20200d20  __aeabi_errno                       
00008455  __aeabi_errno_addr                  
000069e1  __aeabi_f2d                         
00006f45  __aeabi_f2iz                        
00007119  __aeabi_f2uiz                       
00003cd3  __aeabi_fadd                        
00005e21  __aeabi_fcmpeq                      
00005e57  __aeabi_fcmpge                      
00005e69  __aeabi_fcmpgt                      
00005e45  __aeabi_fcmple                      
00005e33  __aeabi_fcmplt                      
00004f13  __aeabi_fcmpun                      
000051c9  __aeabi_fdiv                        
00004f29  __aeabi_fmul                        
00003cc9  __aeabi_fsub                        
00007481  __aeabi_i2d                         
00006d41  __aeabi_i2f                         
00005fdd  __aeabi_idiv                        
00002f33  __aeabi_idiv0                       
00005fdd  __aeabi_idivmod                     
0000326f  __aeabi_ldiv0                       
00007aad  __aeabi_llsl                        
00007905  __aeabi_lmul                        
00007d97  __aeabi_memclr                      
00007d97  __aeabi_memclr4                     
00007d97  __aeabi_memclr8                     
0000846d  __aeabi_memcpy                      
0000846d  __aeabi_memcpy4                     
0000846d  __aeabi_memcpy8                     
00007d89  __aeabi_memset                      
00007d89  __aeabi_memset4                     
00007d89  __aeabi_memset8                     
000077fd  __aeabi_ui2f                        
000069a1  __aeabi_uidiv                       
000069a1  __aeabi_uidivmod                    
00008271  __aeabi_uldivmod                    
00007aad  __ashldi3                           
ffffffff  __binit__                           
00005669  __cmpdf2                            
00004e9d  __cmpsf2                            
00002e19  __divdf3                            
000051c9  __divsf3                            
00005669  __eqdf2                             
00004e9d  __eqsf2                             
000069e1  __extendsfdf2                       
00006625  __fixdfsi                           
00006f45  __fixsfsi                           
00007119  __fixunssfsi                        
00007481  __floatsidf                         
00006d41  __floatsisf                         
000077fd  __floatunsisf                       
00005445  __gedf2                             
00004ed7  __gesf2                             
00005445  __gtdf2                             
00004ed7  __gtsf2                             
00005669  __ledf2                             
00004e9d  __lesf2                             
00005669  __ltdf2                             
00004e9d  __ltsf2                             
UNDEFED   __mpu_init                          
00003b09  __muldf3                            
00007905  __muldi3                            
00006db9  __muldsi3                           
00004f29  __mulsf3                            
00005669  __nedf2                             
00004e9d  __nesf2                             
20207e00  __stack                             
20200000  __start___llvm_prf_bits             
20200000  __start___llvm_prf_cnts             
20200000  __stop___llvm_prf_bits              
20200000  __stop___llvm_prf_cnts              
00001d35  __subdf3                            
00003cc9  __subsf3                            
000049f1  __udivmoddi4                        
0000717d  __unorddf2                          
00004f13  __unordsf2                          
000077d5  _c_int00_noargs                     
UNDEFED   _system_post_cinit                  
000084c5  _system_pre_init                    
0000848d  abort                               
0000231d  app_chassis_control_task            
00008349  app_chassis_enable_line_follow      
000083c5  app_chassis_get_encoder_driver      
00008359  app_chassis_get_snapshot            
00002bdd  app_chassis_init                    
000064a9  app_chassis_line_task               
00007645  app_chassis_set_external_drive      
000079b1  app_chassis_stop                    
00006321  app_control_scheduler_fetch         
00006fb1  app_control_scheduler_init          
00004bc9  app_control_scheduler_on_tick_isr   
000083d1  app_imu_get_snapshot                
000056d1  app_imu_init                        
000058d9  app_imu_task                        
000081f9  app_isr_set_encoder_driver          
000040ed  app_turret_control_task             
000083dd  app_turret_get_snapshot             
0000593d  app_turret_init                     
00007cc5  app_ui_init                         
00002f35  app_ui_refresh                      
0000304d  atan2f                              
0000181d  atanf                               
00006791  atoi                                
ffffffff  binit                               
0000723d  bsp_gpio_init                       
000049ef  bsp_gpio_init_line_mux              
00008045  bsp_gpio_read_encoder_left_a        
0000820d  bsp_gpio_read_encoder_left_b        
0000805d  bsp_gpio_read_encoder_right_a       
00008221  bsp_gpio_read_encoder_right_b       
00003859  bsp_gpio_read_line_bits             
000071dd  bsp_gpio_set_buzzer                 
00004c5d  bsp_gpio_set_dir_output             
00008075  bsp_gpio_set_laser                  
00006fe5  bsp_gpio_set_led                    
00007019  bsp_gpio_set_magnet                 
0000726b  bsp_gpio_set_motor_dir              
0000720d  bsp_gpio_set_turret_dir             
00008235  bsp_gpio_toggle_led                 
00004a93  bsp_i2c_init                        
00003769  bsp_i2c_mem_read                    
00005145  bsp_i2c_mem_write                   
00006749  bsp_i2c_write_bytes                 
00006df5  bsp_pwm_init                        
00004325  bsp_pwm_set_motor_bridge            
000043d9  bsp_pwm_set_step_frequency          
0000808d  bsp_pwm_start_all                   
000064f5  bsp_pwm_stop_step                   
00005a05  bsp_uart_debug_irq_handler          
00006371  bsp_uart_debug_printf               
00006cc9  bsp_uart_debug_write                
00007ce1  bsp_uart_debug_write_byte           
00007871  bsp_uart_debug_write_str            
00005c55  bsp_uart_enable_irqs                
00005a69  bsp_uart_esp_irq_handler            
00008249  bsp_uart_esp_poll_rx                
0000503d  bsp_uart_esp_write                  
0000845d  bsp_uart_get_esp_ringbuf            
00008465  bsp_uart_get_k230_ringbuf           
000067d5  bsp_uart_init                       
00005acd  bsp_uart_k230_irq_handler           
0000825d  bsp_uart_k230_poll_rx               
000050c1  bsp_uart_k230_write                 
00005b31  encoder_driver_handle_gpio_interrupt
000068e1  encoder_driver_init                 
000052cd  encoder_driver_update_speed         
00005d0d  frexp                               
00005d0d  frexpl                              
000070e5  fusion6_init                        
00002471  fusion6_update                      
20200aa4  gPWM_MOTOR_RIGHTBackup              
2020092c  gPWM_STEP_YAWBackup                 
202009e8  gTIMER_CTRL_1KHZBackup              
00000000  interruptVectors                    
00003bed  ldexp                               
00003bed  ldexpl                              
000053c9  line_sensor_init                    
00003165  line_sensor_update                  
000074d7  lpf1_init                           
00005f85  lpf1_update                         
00008369  main                                
00007929  memccpy                             
000079f1  memcmp                              
000083e9  motor_dc_get_output                 
000076e5  motor_dc_init                       
000048a7  motor_dc_set_output                 
00003941  mpu9250_calibrate_gyro_bias         
00002cfd  mpu9250_init                        
00004e11  mpu9250_read_raw                    
00007d6d  mpu9250_read_who_am_i               
00003e75  mpu9250_update                      
0000770d  oled_clear                          
00004541  oled_flush                          
00003f49  oled_init                           
00006921  oled_printf                         
00007cfd  oled_set_cursor                     
00007d19  oled_write_char                     
00007735  oled_write_str                      
00006e9d  pid_init                            
000054b9  pid_reset                           
00001ec7  pid_update                          
00007a11  proto_esp_uart_init                 
0000775d  proto_esp_uart_process_ringbuf      
00002aa9  proto_esp_uart_send                 
0000426d  proto_vofa_firewater_send           
0000366d  proto_vofa_firewater_send_named     
00006541  proto_vofa_firewater_send_packet    
000078bd  ringbuf_init                        
0000812f  ringbuf_is_empty                    
00006819  ringbuf_pop_byte                    
0000658d  ringbuf_push_byte                   
00003bed  scalbn                              
00003bed  scalbnl                             
00006701  snprintf                            
000045f5  sqrtf                               
0000685d  steelball_abort_mission             
00005d69  steelball_get_vision_snapshot       
000078e1  steelball_init                      
00007455  steelball_reset_mission             
00002051  steelball_rx_bytes                  
0000524d  steelball_start_mission             
000019e5  steelball_task_10ms                 
0000752b  stepper_enable                      
0000704d  stepper_init                        
0000796d  stepper_set_speed                   
00007d51  stepper_stop                        
00003a25  stepper_update                      
000083a7  strlen                              
00006961  vsnprintf                           
00008379  wcslen                              


GLOBAL SYMBOLS: SORTED BY Symbol Address 

address   name                                
-------   ----                                
00000000  __TI_ATRegion0_region_sz            
00000000  __TI_ATRegion0_src_addr             
00000000  __TI_ATRegion0_trg_addr             
00000000  __TI_ATRegion1_region_sz            
00000000  __TI_ATRegion1_src_addr             
00000000  __TI_ATRegion1_trg_addr             
00000000  __TI_ATRegion2_region_sz            
00000000  __TI_ATRegion2_src_addr             
00000000  __TI_ATRegion2_trg_addr             
00000000  __TI_static_base__                  
00000000  interruptVectors                    
000000c1  __TI_printfi                        
00000200  __STACK_SIZE                        
00001225  SYSCFG_DL_GPIO_init                 
0000181d  atanf                               
000019e5  steelball_task_10ms                 
00001d35  __aeabi_dsub                        
00001d35  __subdf3                            
00001d3f  __adddf3                            
00001d3f  __aeabi_dadd                        
00001ec7  pid_update                          
00002051  steelball_rx_bytes                  
0000231d  app_chassis_control_task            
00002471  fusion6_update                      
00002aa9  proto_esp_uart_send                 
00002bdd  app_chassis_init                    
00002cfd  mpu9250_init                        
00002e19  __divdf3                            
00002f33  __aeabi_idiv0                       
00002f35  app_ui_refresh                      
0000304d  atan2f                              
00003165  line_sensor_update                  
0000326f  __aeabi_ldiv0                       
00003271  DL_Timer_initFourCCPWMMode          
00003475  DL_Timer_initTimerMode              
0000366d  proto_vofa_firewater_send_named     
00003769  bsp_i2c_mem_read                    
00003859  bsp_gpio_read_line_bits             
00003941  mpu9250_calibrate_gyro_bias         
00003a25  stepper_update                      
00003b09  __muldf3                            
00003bed  ldexp                               
00003bed  ldexpl                              
00003bed  scalbn                              
00003bed  scalbnl                             
00003cc9  __aeabi_fsub                        
00003cc9  __subsf3                            
00003cd3  __addsf3                            
00003cd3  __aeabi_fadd                        
00003da1  SYSCFG_DL_initPower                 
00003e75  mpu9250_update                      
00003f49  oled_init                           
000040ed  app_turret_control_task             
0000426d  proto_vofa_firewater_send           
00004325  bsp_pwm_set_motor_bridge            
000043d9  bsp_pwm_set_step_frequency          
00004541  oled_flush                          
000045f5  sqrtf                               
000048a7  motor_dc_set_output                 
000049ef  bsp_gpio_init_line_mux              
000049f1  __udivmoddi4                        
00004a93  bsp_i2c_init                        
00004b31  GROUP1_IRQHandler                   
00004bc9  app_control_scheduler_on_tick_isr   
00004c5d  bsp_gpio_set_dir_output             
00004cf1  SYSCFG_DL_PWM_MOTOR_LEFT_init       
00004d81  SYSCFG_DL_PWM_MOTOR_RIGHT_init      
00004e11  mpu9250_read_raw                    
00004e9d  __cmpsf2                            
00004e9d  __eqsf2                             
00004e9d  __lesf2                             
00004e9d  __ltsf2                             
00004e9d  __nesf2                             
00004ed7  __gesf2                             
00004ed7  __gtsf2                             
00004f13  __aeabi_fcmpun                      
00004f13  __unordsf2                          
00004f29  __aeabi_fmul                        
00004f29  __mulsf3                            
0000503d  bsp_uart_esp_write                  
000050c1  bsp_uart_k230_write                 
00005145  bsp_i2c_mem_write                   
000051c9  __aeabi_fdiv                        
000051c9  __divsf3                            
0000524d  steelball_start_mission             
000052cd  encoder_driver_update_speed         
0000534d  __TI_decompress_lzss                
000053c9  line_sensor_init                    
00005445  __gedf2                             
00005445  __gtdf2                             
000054b9  pid_reset                           
00005599  SYSCFG_DL_PWM_STEP_PITCH_init       
00005601  SYSCFG_DL_PWM_STEP_YAW_init         
00005669  __cmpdf2                            
00005669  __eqdf2                             
00005669  __ledf2                             
00005669  __ltdf2                             
00005669  __nedf2                             
000056d1  app_imu_init                        
000058d9  app_imu_task                        
0000593d  app_turret_init                     
00005a05  bsp_uart_debug_irq_handler          
00005a69  bsp_uart_esp_irq_handler            
00005acd  bsp_uart_k230_irq_handler           
00005b31  encoder_driver_handle_gpio_interrupt
00005b95  SYSCFG_DL_UART_K230_init            
00005bf5  DL_I2C_fillControllerTXFIFO         
00005c55  bsp_uart_enable_irqs                
00005d0d  frexp                               
00005d0d  frexpl                              
00005d69  steelball_get_vision_snapshot       
00005dc5  __aeabi_dcmpeq                      
00005dd7  __aeabi_dcmplt                      
00005de9  __aeabi_dcmple                      
00005dfb  __aeabi_dcmpge                      
00005e0d  __aeabi_dcmpgt                      
00005e21  __aeabi_fcmpeq                      
00005e33  __aeabi_fcmplt                      
00005e45  __aeabi_fcmple                      
00005e57  __aeabi_fcmpge                      
00005e69  __aeabi_fcmpgt                      
00005e7d  SYSCFG_DL_I2C_SENSOR_BUS_init       
00005ed5  __TI_ltoa                           
00005f85  lpf1_update                         
00005fdd  __aeabi_idiv                        
00005fdd  __aeabi_idivmod                     
00006035  SYSCFG_DL_UART_DEBUG_init           
00006089  SYSCFG_DL_init                      
00006321  app_control_scheduler_fetch         
00006371  bsp_uart_debug_printf               
000064a9  app_chassis_line_task               
000064f5  bsp_pwm_stop_step                   
00006541  proto_vofa_firewater_send_packet    
0000658d  ringbuf_push_byte                   
00006625  __aeabi_d2iz                        
00006625  __fixdfsi                           
00006671  DL_UART_init                        
00006701  snprintf                            
00006749  bsp_i2c_write_bytes                 
00006791  atoi                                
000067d5  bsp_uart_init                       
00006819  ringbuf_pop_byte                    
0000685d  steelball_abort_mission             
000068a1  SYSCFG_DL_UART_ESP_init             
000068e1  encoder_driver_init                 
00006921  oled_printf                         
00006961  vsnprintf                           
000069a1  __aeabi_uidiv                       
000069a1  __aeabi_uidivmod                    
000069e1  __aeabi_f2d                         
000069e1  __extendsfdf2                       
00006cc9  bsp_uart_debug_write                
00006d05  __TI_auto_init_nobinit_nopinit      
00006d41  __aeabi_i2f                         
00006d41  __floatsisf                         
00006db9  __muldsi3                           
00006df5  bsp_pwm_init                        
00006e9d  pid_init                            
00006f45  __aeabi_f2iz                        
00006f45  __fixsfsi                           
00006f7d  SYSCFG_DL_TIMER_CTRL_1KHZ_init      
00006fb1  app_control_scheduler_init          
00006fe5  bsp_gpio_set_led                    
00007019  bsp_gpio_set_magnet                 
0000704d  stepper_init                        
000070e5  fusion6_init                        
00007119  __aeabi_f2uiz                       
00007119  __fixunssfsi                        
0000714d  DL_UART_transmitDataBlocking        
0000717d  __aeabi_dcmpun                      
0000717d  __unorddf2                          
000071dd  bsp_gpio_set_buzzer                 
0000720d  bsp_gpio_set_turret_dir             
0000723d  bsp_gpio_init                       
0000726b  bsp_gpio_set_motor_dir              
00007455  steelball_reset_mission             
00007481  __aeabi_i2d                         
00007481  __floatsidf                         
000074ad  SYSCFG_DL_SYSCTL_init               
000074d7  lpf1_init                           
0000752b  stepper_enable                      
00007645  app_chassis_set_external_drive      
000076e5  motor_dc_init                       
0000770d  oled_clear                          
00007735  oled_write_str                      
0000775d  proto_esp_uart_process_ringbuf      
000077d5  _c_int00_noargs                     
000077fd  __aeabi_ui2f                        
000077fd  __floatunsisf                       
0000784b  DL_I2C_setClockConfig               
00007871  bsp_uart_debug_write_str            
000078bd  ringbuf_init                        
000078e1  steelball_init                      
00007905  __aeabi_lmul                        
00007905  __muldi3                            
00007929  memccpy                             
0000796d  stepper_set_speed                   
000079b1  app_chassis_stop                    
000079f1  memcmp                              
00007a11  proto_esp_uart_init                 
00007aad  __aeabi_llsl                        
00007aad  __ashldi3                           
00007c1d  DL_Timer_setCaptCompUpdateMethod    
00007c39  DL_Timer_setClockConfig             
00007c8d  DL_UART_transmitDataCheck           
00007ca9  TIMA1_IRQHandler                    
00007cc5  app_ui_init                         
00007ce1  bsp_uart_debug_write_byte           
00007cfd  oled_set_cursor                     
00007d19  oled_write_char                     
00007d51  stepper_stop                        
00007d6d  mpu9250_read_who_am_i               
00007d89  __aeabi_memset                      
00007d89  __aeabi_memset4                     
00007d89  __aeabi_memset8                     
00007d97  __aeabi_memclr                      
00007d97  __aeabi_memclr4                     
00007d97  __aeabi_memclr8                     
00007f25  DL_Timer_setCaptureCompareOutCtl    
00008045  bsp_gpio_read_encoder_left_a        
0000805d  bsp_gpio_read_encoder_right_a       
00008075  bsp_gpio_set_laser                  
0000808d  bsp_pwm_start_all                   
0000812f  ringbuf_is_empty                    
000081f9  app_isr_set_encoder_driver          
0000820d  bsp_gpio_read_encoder_left_b        
00008221  bsp_gpio_read_encoder_right_b       
00008235  bsp_gpio_toggle_led                 
00008249  bsp_uart_esp_poll_rx                
0000825d  bsp_uart_k230_poll_rx               
00008271  __aeabi_uldivmod                    
000082bb  DL_UART_setClockConfig              
00008303  TI_memcpy_small                     
00008315  __TI_decompress_none                
00008339  DL_Timer_setCaptureCompareValue     
00008349  app_chassis_enable_line_follow      
00008359  app_chassis_get_snapshot            
00008369  main                                
00008379  wcslen                              
00008389  __TI_zero_init                      
000083a7  strlen                              
000083b5  TI_memset_small                     
000083c5  app_chassis_get_encoder_driver      
000083d1  app_imu_get_snapshot                
000083dd  app_turret_get_snapshot             
000083e9  motor_dc_get_output                 
000083f5  DL_Common_delayCycles               
0000842d  UART0_IRQHandler                    
00008435  UART1_IRQHandler                    
0000843d  UART2_IRQHandler                    
00008445  __aeabi_ddiv                        
0000844d  __aeabi_dmul                        
00008455  __aeabi_errno_addr                  
0000845d  bsp_uart_get_esp_ringbuf            
00008465  bsp_uart_get_k230_ringbuf           
0000846d  __aeabi_memcpy                      
0000846d  __aeabi_memcpy4                     
0000846d  __aeabi_memcpy8                     
0000848d  abort                               
00008493  ADC0_IRQHandler                     
00008493  ADC1_IRQHandler                     
00008493  AES_IRQHandler                      
00008493  CANFD0_IRQHandler                   
00008493  DAC0_IRQHandler                     
00008493  DMA_IRQHandler                      
00008493  Default_Handler                     
00008493  GROUP0_IRQHandler                   
00008493  HardFault_Handler                   
00008493  I2C0_IRQHandler                     
00008493  I2C1_IRQHandler                     
00008493  NMI_Handler                         
00008493  PendSV_Handler                      
00008493  RTC_IRQHandler                      
00008493  SPI0_IRQHandler                     
00008493  SPI1_IRQHandler                     
00008493  SVC_Handler                         
00008493  SysTick_Handler                     
00008493  TIMA0_IRQHandler                    
00008493  TIMG0_IRQHandler                    
00008493  TIMG12_IRQHandler                   
00008493  TIMG6_IRQHandler                    
00008493  TIMG7_IRQHandler                    
00008493  TIMG8_IRQHandler                    
00008493  UART3_IRQHandler                    
00008496  C$$EXIT                             
00008497  HOSTexit                            
000084b1  Reset_Handler                       
000084c5  _system_pre_init                    
000086b0  __aeabi_ctype_table_                
000086b0  __aeabi_ctype_table_C               
00008c40  __TI_Handler_Table_Base             
00008c4c  __TI_Handler_Table_Limit            
00008c5c  __TI_CINIT_Base                     
00008c6c  __TI_CINIT_Limit                    
00008c6c  __TI_CINIT_Warm                     
20200000  __start___llvm_prf_bits             
20200000  __start___llvm_prf_cnts             
20200000  __stop___llvm_prf_bits              
20200000  __stop___llvm_prf_cnts              
2020092c  gPWM_STEP_YAWBackup                 
202009e8  gTIMER_CTRL_1KHZBackup              
20200aa4  gPWM_MOTOR_RIGHTBackup              
20200d20  __aeabi_errno                       
20207e00  __stack                             
20208000  __STACK_END                         
ffffffff  __TI_pprof_out_hndl                 
ffffffff  __TI_prof_data_size                 
ffffffff  __TI_prof_data_start                
ffffffff  __binit__                           
ffffffff  binit                               
UNDEFED   __mpu_init                          
UNDEFED   _system_post_cinit                  

[312 symbols]
