******************************************************************************
            TI ARM Clang Linker PC v5.1.1                      
******************************************************************************
>> Linked Sun Jul 12 12:38:04 2026

OUTPUT FILE NAME:   <electric_competition_empty.out>
ENTRY POINT SYMBOL: "_c_int00_noargs"  address: 00005c41


MEMORY CONFIGURATION

         name            origin    length      used     unused   attr    fill
----------------------  --------  ---------  --------  --------  ----  --------
  FLASH                 00000000   00020000  00006d78  00019288  R  X
  SRAM                  20200000   00008000  00000cdb  00007325  RW X
  BCR_CONFIG            41c00000   000000ff  00000000  000000ff  R   
  BSL_CONFIG            41c00100   00000080  00000000  00000080  R   


SEGMENT ALLOCATION MAP

run origin  load origin   length   init length attrs members
----------  ----------- ---------- ----------- ----- -------
00000000    00000000    000067c8   000067c8    r-x
  00000000    00000000    000000c0   000000c0    r-- .intvecs
  000000c0    000000c0    00006708   00006708    r-x .text
000067d0    000067d0    000005b0   000005b0    r--
  000067d0    000067d0    00000580   00000580    r-- .rodata
  00006d50    00006d50    00000030   00000030    r-- .cinit
20200000    20200000    00000adb   00000000    rw-
  20200000    20200000    00000ad4   00000000    rw- .bss
  20200ad4    20200ad4    00000007   00000000    rw- .data
20207e00    20207e00    00000200   00000000    rw-
  20207e00    20207e00    00000200   00000000    rw- .stack


SECTION ALLOCATION MAP

 output                                  attributes/
section   page    origin      length       input sections
--------  ----  ----------  ----------   ----------------
.intvecs   0    00000000    000000c0     
                  00000000    000000c0     startup_mspm0g350x_ticlang.o (.intvecs)

.text      0    000000c0    00006708     
                  000000c0    00000a7c     libc.a : _printfi.c.obj (.text:__TI_printfi)
                  00000b3c    00000218     ti_msp_dl_config.o (.text.SYSCFG_DL_GPIO_init)
                  00000d54    0000020c     libc.a : _printfi.c.obj (.text._pconv_a)
                  00000f60    000001e0            : _printfi.c.obj (.text._pconv_g)
                  00001140    000001c8            : s_atanf.c.obj (.text.atanf)
                  00001308    00000192     libclang_rt.builtins.a : adddf3.S.obj (.text)
                  0000149a    0000018a     algo_pid.o (.text.pid_update)
                  00001624    00000168     empty.o (.text.run_vehicle_app)
                  0000178c    00000148     algo_fusion.o (.text.fusion6_update)
                  000018d4    00000138     libc.a : _printfi.c.obj (.text.fcvt)
                  00001a0c    0000011c     drv_mpu9250.o (.text.mpu9250_init)
                  00001b28    0000011a     libclang_rt.builtins.a : divdf3.S.obj (.text)
                  00001c42    00000002                            : aeabi_div0.c.obj (.text.__aeabi_idiv0)
                  00001c44    00000118     libc.a : e_atan2f.c.obj (.text.atan2f)
                  00001d5c    00000114     app_ui.o (.text.app_ui_refresh)
                  00001e70    00000104     driverlib.a : dl_timer.o (.text.DL_Timer_initFourCCPWMMode)
                  00001f74    00000100     app_chassis.o (.text.app_chassis_control_task)
                  00002074    00000100     bsp_i2c.o (.text.bsp_i2c_write_raw)
                  00002174    000000fc     driverlib.a : dl_timer.o (.text.DL_Timer_initTimerMode)
                  00002270    000000fc     libc.a : _printfi.c.obj (.text._pconv_e)
                  0000236c    000000fc     proto_vofa_firewater.o (.text.proto_vofa_firewater_send_named)
                  00002468    000000f6     drv_line_sensor.o (.text.line_sensor_update)
                  0000255e    00000002     libclang_rt.builtins.a : aeabi_div0.c.obj (.text.__aeabi_ldiv0)
                  00002560    000000f0     bsp_i2c.o (.text.bsp_i2c_mem_read)
                  00002650    000000e4     drv_mpu9250.o (.text.mpu9250_calibrate_gyro_bias)
                  00002734    000000e4     drv_stepper.o (.text.stepper_update)
                  00002818    000000e4     libclang_rt.builtins.a : muldf3.S.obj (.text)
                  000028fc    000000e0     proto_k230.o (.text.proto_k230_process_ringbuf)
                  000029dc    000000dc     libc.a : s_scalbn.c.obj (.text.scalbn)
                  00002ab8    000000d8     libclang_rt.builtins.a : addsf3.S.obj (.text)
                  00002b90    000000d4     drv_mpu9250.o (.text.mpu9250_update)
                  00002c64    000000d4     drv_oled_ssd1306.o (.text.oled_init)
                  00002d38    000000c8     app_turret.o (.text.app_turret_control_task)
                  00002e00    000000c4     ti_msp_dl_config.o (.text.SYSCFG_DL_initPower)
                  00002ec4    000000b8     proto_vofa_firewater.o (.text.proto_vofa_firewater_send)
                  00002f7c    000000b4     bsp_pwm.o (.text.bsp_pwm_set_motor_bridge)
                  00003030    000000b4     bsp_pwm.o (.text.bsp_pwm_set_step_frequency)
                  000030e4    000000b4     drv_oled_ssd1306.o (.text.oled_flush)
                  00003198    000000b4     libc.a : e_sqrtf.c.obj (.text.sqrtf)
                  0000324c    000000ac     app_chassis.o (.text.app_chassis_init)
                  000032f8    000000a8     drv_oled_ssd1306.o (.text.oled_draw_glyph)
                  000033a0    000000a6     bsp_uart.o (.text.bsp_uart_clear_error_interrupt)
                  00003446    000000a6     drv_motor_dc.o (.text.motor_dc_set_output)
                  000034ec    000000a2     algo_pid.o (.text.pid_compute_derivative)
                  0000358e    00000002     bsp_i2c.o (.text.bsp_i2c_init)
                  00003590    000000a2     libclang_rt.builtins.a : udivmoddi4.S.obj (.text)
                  00003632    00000002     --HOLE-- [fill = 0]
                  00003634    00000098     app_isr.o (.text.GROUP1_IRQHandler)
                  000036cc    00000094     app_control_scheduler.o (.text.app_control_scheduler_on_tick_isr)
                  00003760    00000094     bsp_gpio.o (.text.bsp_gpio_set_dir_output)
                  000037f4    00000090     ti_msp_dl_config.o (.text.SYSCFG_DL_PWM_MOTOR_LEFT_init)
                  00003884    00000090     ti_msp_dl_config.o (.text.SYSCFG_DL_PWM_MOTOR_RIGHT_init)
                  00003914    0000008c     drv_mpu9250.o (.text.mpu9250_read_raw)
                  000039a0    0000008c     libclang_rt.builtins.a : comparesf2.S.obj (.text)
                  00003a2c    0000008c                            : mulsf3.S.obj (.text)
                  00003ab8    00000088     drv_encoder_ab.o (.text.encoder_driver_handle_gpio_interrupt)
                  00003b40    00000086     algo_pid.o (.text.pid_apply_ramp)
                  00003bc6    00000082     bsp_i2c.o (.text.bsp_i2c_mem_write)
                  00003c48    00000082     libclang_rt.builtins.a : divsf3.S.obj (.text)
                  00003cca    00000002     --HOLE-- [fill = 0]
                  00003ccc    00000080     bsp_gpio.o (.text.bsp_gpio_set_line_mux_address)
                  00003d4c    0000007e     drv_encoder_ab.o (.text.encoder_driver_update_speed)
                  00003dca    00000002     --HOLE-- [fill = 0]
                  00003dcc    0000007c     libc.a : copy_decompress_lzss.c.obj (.text:decompress:lzss)
                  00003e48    0000007a     drv_line_sensor.o (.text.line_sensor_init)
                  00003ec2    00000002     --HOLE-- [fill = 0]
                  00003ec4    00000074     libclang_rt.builtins.a : comparedf2.c.obj (.text.__gedf2)
                  00003f38    00000074     algo_pid.o (.text.pid_reset)
                  00003fac    0000006a     drv_oled_ssd1306.o (.text.oled_send_data)
                  00004016    00000002     --HOLE-- [fill = 0]
                  00004018    00000068     ti_msp_dl_config.o (.text.SYSCFG_DL_PWM_STEP_PITCH_init)
                  00004080    00000068     ti_msp_dl_config.o (.text.SYSCFG_DL_PWM_STEP_YAW_init)
                  000040e8    00000068     libclang_rt.builtins.a : comparedf2.c.obj (.text.__ledf2)
                  00004150    00000068     app_imu.o (.text.app_imu_init)
                  000041b8    00000066     libc.a : _printfi.c.obj (.text._mcpy)
                  0000421e    00000002     --HOLE-- [fill = 0]
                  00004220    00000064     app_imu.o (.text.app_imu_task)
                  00004284    00000064     app_turret.o (.text.app_turret_init)
                  000042e8    00000064     bsp_i2c.o (.text.bsp_i2c_wait_bus_complete)
                  0000434c    00000064     bsp_uart.o (.text.bsp_uart_debug_irq_handler)
                  000043b0    00000064     bsp_uart.o (.text.bsp_uart_k230_irq_handler)
                  00004414    00000060     bsp_gpio.o (.text.bsp_gpio_init_line_mux)
                  00004474    0000005e     driverlib.a : dl_i2c.o (.text.DL_I2C_fillControllerTXFIFO)
                  000044d2    00000002     --HOLE-- [fill = 0]
                  000044d4    0000005c     libc.a : s_frexp.c.obj (.text.frexp)
                  00004530    0000005a     libclang_rt.builtins.a : aeabi_dcmp.S.obj (.text)
                  0000458a    00000002     --HOLE-- [fill = 0]
                  0000458c    0000005a                            : aeabi_fcmp.S.obj (.text)
                  000045e6    00000002     --HOLE-- [fill = 0]
                  000045e8    00000058     ti_msp_dl_config.o (.text.SYSCFG_DL_I2C_SENSOR_BUS_init)
                  00004640    00000058     libc.a : _ltoa.c.obj (.text.__TI_ltoa)
                  00004698    00000058            : _printfi.c.obj (.text._pconv_f)
                  000046f0    00000058     algo_filter.o (.text.lpf1_update)
                  00004748    00000056     drv_encoder_ab.o (.text.encoder_driver_poll)
                  0000479e    00000002     --HOLE-- [fill = 0]
                  000047a0    00000056     libclang_rt.builtins.a : aeabi_idivmod.S.obj (.text)
                  000047f6    00000002     --HOLE-- [fill = 0]
                  000047f8    00000054     ti_msp_dl_config.o (.text.SYSCFG_DL_UART_DEBUG_init)
                  0000484c    00000054     drv_encoder_ab.o (.text.encoder_apply_transition)
                  000048a0    00000054     algo_fusion.o (.text.math_wrap_deg)
                  000048f4    00000052     libc.a : _printfi.c.obj (.text._ecpy)
                  00004946    00000002     --HOLE-- [fill = 0]
                  00004948    00000050     ti_msp_dl_config.o (.text.DL_GPIO_initPeripheralInputFunctionFeatures)
                  00004998    00000050     bsp_i2c.o (.text.DL_I2C_startControllerTransfer)
                  000049e8    00000050     ti_msp_dl_config.o (.text.SYSCFG_DL_init)
                  00004a38    00000050     app_control_scheduler.o (.text.app_control_scheduler_fetch)
                  00004a88    00000050     bsp_uart.o (.text.bsp_uart_debug_printf)
                  00004ad8    0000004c     ti_msp_dl_config.o (.text.DL_GPIO_initDigitalInputFeatures)
                  00004b24    0000004c     ti_msp_dl_config.o (.text.DL_UART_setBaudRateDivisor)
                  00004b70    0000004c     bsp_pwm.o (.text.bsp_pwm_stop_step)
                  00004bbc    0000004c     proto_vofa_firewater.o (.text.proto_vofa_firewater_send_packet)
                  00004c08    0000004c     ringbuf.o (.text.ringbuf_push_byte)
                  00004c54    0000004a     libclang_rt.builtins.a : fixdfsi.S.obj (.text)
                  00004c9e    00000002     --HOLE-- [fill = 0]
                  00004ca0    00000048     driverlib.a : dl_uart.o (.text.DL_UART_init)
                  00004ce8    00000048     ti_msp_dl_config.o (.text.SYSCFG_DL_UART_K230_init)
                  00004d30    00000048     bsp_i2c.o (.text.bsp_i2c_wait_idle)
                  00004d78    00000048     libc.a : snprintf.c.obj (.text.snprintf)
                  00004dc0    00000046     bsp_i2c.o (.text.bsp_i2c_write_bytes)
                  00004e06    00000046     proto_k230.o (.text.proto_k230_checksum)
                  00004e4c    00000044     libc.a : atoi.c.obj (.text.atoi)
                  00004e90    00000044     bsp_uart.o (.text.bsp_uart_enable_irqs)
                  00004ed4    00000044     ringbuf.o (.text.ringbuf_pop_byte)
                  00004f18    00000040     drv_encoder_ab.o (.text.encoder_driver_init)
                  00004f58    00000040     drv_oled_ssd1306.o (.text.oled_printf)
                  00004f98    00000040     libc.a : vsnprintf.c.obj (.text.vsnprintf)
                  00004fd8    00000040     libclang_rt.builtins.a : aeabi_uidivmod.S.obj (.text)
                  00005018    00000040                            : extendsfdf2.S.obj (.text)
                  00005058    0000003e     algo_filter.o (.text.math_clampf)
                  00005096    0000003e     algo_fusion.o (.text.math_clampf)
                  000050d4    0000003e     algo_pid.o (.text.math_clampf)
                  00005112    0000003e     bsp_pwm.o (.text.math_clampf)
                  00005150    0000003e     drv_motor_dc.o (.text.math_clampf)
                  0000518e    0000003e     drv_stepper.o (.text.math_clampf)
                  000051cc    0000003e     algo_pid.o (.text.pid_integral_enabled)
                  0000520a    00000002     --HOLE-- [fill = 0]
                  0000520c    0000003c     ti_msp_dl_config.o (.text.DL_Timer_setCounterControl)
                  00005248    0000003c     bsp_uart.o (.text.bsp_uart_debug_write)
                  00005284    0000003c     libc.a : autoinit.c.obj (.text:__TI_auto_init_nobinit_nopinit)
                  000052c0    0000003c     libclang_rt.builtins.a : floatsisf.S.obj (.text)
                  000052fc    0000003a                            : muldsi3.S.obj (.text)
                  00005336    00000002     --HOLE-- [fill = 0]
                  00005338    00000038     app_chassis.o (.text.app_chassis_line_task)
                  00005370    00000038     bsp_pwm.o (.text.bsp_pwm_init)
                  000053a8    00000038     algo_pid.o (.text.pid_init)
                  000053e0    00000038     algo_pid.o (.text.pid_limit_integral)
                  00005418    00000038     algo_pid.o (.text.pid_limit_output)
                  00005450    00000038     libclang_rt.builtins.a : fixsfsi.S.obj (.text)
                  00005488    00000034     ti_msp_dl_config.o (.text.SYSCFG_DL_TIMER_CTRL_1KHZ_init)
                  000054bc    00000034     app_control_scheduler.o (.text.app_control_scheduler_init)
                  000054f0    00000034     bsp_gpio.o (.text.bsp_gpio_set_laser)
                  00005524    00000034     bsp_gpio.o (.text.bsp_gpio_set_led)
                  00005558    00000034     drv_stepper.o (.text.stepper_init)
                  0000558c    00000032     libc.a : snprintf.c.obj (.text._outs)
                  000055be    00000032            : vsnprintf.c.obj (.text._outs)
                  000055f0    00000032     algo_fusion.o (.text.fusion6_init)
                  00005622    00000002     --HOLE-- [fill = 0]
                  00005624    00000032     libclang_rt.builtins.a : fixunssfsi.S.obj (.text)
                  00005656    00000002     --HOLE-- [fill = 0]
                  00005658    00000030     driverlib.a : dl_uart.o (.text.DL_UART_transmitDataBlocking)
                  00005688    00000030     libclang_rt.builtins.a : comparedf2.c.obj (.text.__unorddf2)
                  000056b8    00000030     libc.a : _printfi.c.obj (.text._fcpy)
                  000056e8    00000030     bsp_gpio.o (.text.bsp_gpio_set_buzzer)
                  00005718    00000030     bsp_gpio.o (.text.bsp_gpio_set_turret_dir)
                  00005748    0000002e     bsp_gpio.o (.text.bsp_gpio_init)
                  00005776    0000002e     bsp_gpio.o (.text.bsp_gpio_set_motor_dir)
                  000057a4    0000002e     bsp_uart.o (.text.bsp_uart_service_rx_fifo)
                  000057d2    00000002     --HOLE-- [fill = 0]
                  000057d4    0000002c     app_control_scheduler.o (.text.__NVIC_ClearPendingIRQ)
                  00005800    0000002c     bsp_uart.o (.text.__NVIC_ClearPendingIRQ)
                  0000582c    0000002c     app_control_scheduler.o (.text.__NVIC_EnableIRQ)
                  00005858    0000002c     bsp_uart.o (.text.__NVIC_EnableIRQ)
                  00005884    0000002c     empty.o (.text.__NVIC_EnableIRQ)
                  000058b0    0000002c     bsp_uart.o (.text.bsp_uart_init)
                  000058dc    0000002c     drv_line_sensor.o (.text.line_sensor_read_channel_raw)
                  00005908    0000002c     algo_pid.o (.text.math_absf)
                  00005934    0000002c     drv_motor_dc.o (.text.math_absf)
                  00005960    0000002c     drv_stepper.o (.text.math_absf)
                  0000598c    0000002c     libclang_rt.builtins.a : floatsidf.S.obj (.text)
                  000059b8    0000002a     ti_msp_dl_config.o (.text.SYSCFG_DL_SYSCTL_init)
                  000059e2    0000002a     algo_filter.o (.text.lpf1_init)
                  00005a0c    0000002a     ringbuf.o (.text.ringbuf_next_index)
                  00005a36    0000002a     drv_stepper.o (.text.stepper_enable)
                  00005a60    00000028     bsp_i2c.o (.text.DL_Common_updateReg)
                  00005a88    00000028     ti_msp_dl_config.o (.text.DL_Common_updateReg)
                  00005ab0    00000028     ti_msp_dl_config.o (.text.DL_I2C_setControllerRXFIFOThreshold)
                  00005ad8    00000028     ti_msp_dl_config.o (.text.DL_I2C_setControllerTXFIFOThreshold)
                  00005b00    00000028     ti_msp_dl_config.o (.text.DL_UART_setRXFIFOThreshold)
                  00005b28    00000028     ti_msp_dl_config.o (.text.DL_UART_setTXFIFOThreshold)
                  00005b50    00000028     bsp_pwm.o (.text.bsp_pwm_set_step_counts_pitch)
                  00005b78    00000028     bsp_pwm.o (.text.bsp_pwm_set_step_counts_yaw)
                  00005ba0    00000028     drv_line_sensor.o (.text.line_sensor_delay_cycles)
                  00005bc8    00000028     drv_motor_dc.o (.text.motor_dc_init)
                  00005bf0    00000028     drv_oled_ssd1306.o (.text.oled_clear)
                  00005c18    00000028     drv_oled_ssd1306.o (.text.oled_write_str)
                  00005c40    00000028     libc.a : boot_cortex_m.c.obj (.text:_c_int00_noargs)
                  00005c68    00000028     libclang_rt.builtins.a : floatunsisf.S.obj (.text)
                  00005c90    00000026     ti_msp_dl_config.o (.text.DL_I2C_setAnalogGlitchFilterPulseWidth)
                  00005cb6    00000026     driverlib.a : dl_i2c.o (.text.DL_I2C_setClockConfig)
                  00005cdc    00000024     ringbuf.o (.text.ringbuf_init)
                  00005d00    00000024     libclang_rt.builtins.a : muldi3.S.obj (.text)
                  00005d24    00000022     libc.a : memccpy.c.obj (.text.memccpy)
                  00005d46    00000022     drv_oled_ssd1306.o (.text.oled_send_command)
                  00005d68    00000022     drv_stepper.o (.text.stepper_set_speed)
                  00005d8a    00000002     --HOLE-- [fill = 0]
                  00005d8c    00000020     ti_msp_dl_config.o (.text.DL_GPIO_initPeripheralInputFunction)
                  00005dac    00000020     app_turret.o (.text.app_turret_set_target)
                  00005dcc    00000020     bsp_pwm.o (.text.bsp_pwm_set_motor_compare)
                  00005dec    0000001e     ti_msp_dl_config.o (.text.DL_UART_setOversampling)
                  00005e0a    0000001e     drv_encoder_ab.o (.text.encoder_read_state_left)
                  00005e28    0000001e     drv_encoder_ab.o (.text.encoder_read_state_right)
                  00005e46    00000002     --HOLE-- [fill = 0]
                  00005e48    0000001e     libclang_rt.builtins.a : ashldi3.S.obj (.text)
                  00005e66    00000002     --HOLE-- [fill = 0]
                  00005e68    0000001c     ti_msp_dl_config.o (.text.DL_GPIO_clearInterruptStatus)
                  00005e84    0000001c     ti_msp_dl_config.o (.text.DL_GPIO_enableHiZ)
                  00005ea0    0000001c     ti_msp_dl_config.o (.text.DL_GPIO_enableInterrupt)
                  00005ebc    0000001c     ti_msp_dl_config.o (.text.DL_GPIO_initPeripheralOutputFunction)
                  00005ed8    0000001c     ti_msp_dl_config.o (.text.DL_GPIO_setLowerPinsPolarity)
                  00005ef4    0000001c     bsp_i2c.o (.text.DL_I2C_isControllerRXFIFOEmpty)
                  00005f10    0000001c     bsp_i2c.o (.text.DL_I2C_isControllerTXFIFOFull)
                  00005f2c    0000001c     app_isr.o (.text.DL_Interrupt_getPendingGroup)
                  00005f48    0000001c     ti_msp_dl_config.o (.text.DL_SYSCTL_setMCLKDivider)
                  00005f64    0000001c     ti_msp_dl_config.o (.text.DL_SYSCTL_setSYSOSCFreq)
                  00005f80    0000001c     ti_msp_dl_config.o (.text.DL_SYSCTL_setULPCLKDivider)
                  00005f9c    0000001c     ti_msp_dl_config.o (.text.DL_Timer_enableInterrupt)
                  00005fb8    0000001c     driverlib.a : dl_timer.o (.text.DL_Timer_setCaptCompUpdateMethod)
                  00005fd4    0000001c                 : dl_timer.o (.text.DL_Timer_setClockConfig)
                  00005ff0    0000001c     bsp_uart.o (.text.DL_UART_enableInterrupt)
                  0000600c    0000001c     ti_msp_dl_config.o (.text.DL_UART_enableInterrupt)
                  00006028    0000001c     app_isr.o (.text.TIMA1_IRQHandler)
                  00006044    0000001c     app_ui.o (.text.app_ui_init)
                  00006060    0000001c     bsp_uart.o (.text.bsp_uart_debug_write_byte)
                  0000607c    0000001c     drv_oled_ssd1306.o (.text.oled_set_cursor)
                  00006098    0000001c     drv_oled_ssd1306.o (.text.oled_write_char)
                  000060b4    0000001c     proto_vofa_firewater.o (.text.proto_vofa_firewater_write_line)
                  000060d0    0000001c     drv_stepper.o (.text.stepper_stop)
                  000060ec    0000001a     drv_mpu9250.o (.text.mpu9250_read_who_am_i)
                  00006106    00000002     --HOLE-- [fill = 0]
                  00006108    0000001a     libclang_rt.builtins.a : aeabi_memset.S.obj (.text)
                  00006122    00000002     --HOLE-- [fill = 0]
                  00006124    00000018     bsp_gpio.o (.text.DL_GPIO_enableOutput)
                  0000613c    00000018     ti_msp_dl_config.o (.text.DL_GPIO_enableOutput)
                  00006154    00000018     ti_msp_dl_config.o (.text.DL_GPIO_enablePower)
                  0000616c    00000018     bsp_gpio.o (.text.DL_GPIO_initDigitalOutput)
                  00006184    00000018     ti_msp_dl_config.o (.text.DL_GPIO_initDigitalOutput)
                  0000619c    00000018     ti_msp_dl_config.o (.text.DL_GPIO_reset)
                  000061b4    00000018     bsp_gpio.o (.text.DL_GPIO_setPins)
                  000061cc    00000018     ti_msp_dl_config.o (.text.DL_GPIO_setUpperPinsPolarity)
                  000061e4    00000018     bsp_gpio.o (.text.DL_GPIO_togglePins)
                  000061fc    00000018     ti_msp_dl_config.o (.text.DL_I2C_enableAnalogGlitchFilter)
                  00006214    00000018     ti_msp_dl_config.o (.text.DL_I2C_enableController)
                  0000622c    00000018     ti_msp_dl_config.o (.text.DL_I2C_enableControllerClockStretching)
                  00006244    00000018     ti_msp_dl_config.o (.text.DL_I2C_enablePower)
                  0000625c    00000018     ti_msp_dl_config.o (.text.DL_I2C_reset)
                  00006274    00000018     ti_msp_dl_config.o (.text.DL_I2C_setTimerPeriod)
                  0000628c    00000018     ti_msp_dl_config.o (.text.DL_SYSCTL_setBORThreshold)
                  000062a4    00000018     ti_msp_dl_config.o (.text.DL_Timer_enablePower)
                  000062bc    00000018     ti_msp_dl_config.o (.text.DL_Timer_reset)
                  000062d4    00000018     driverlib.a : dl_timer.o (.text.DL_Timer_setCaptureCompareOutCtl)
                  000062ec    00000018     bsp_pwm.o (.text.DL_Timer_setLoadValue)
                  00006304    00000018     app_control_scheduler.o (.text.DL_Timer_startCounter)
                  0000631c    00000018     bsp_pwm.o (.text.DL_Timer_startCounter)
                  00006334    00000018     bsp_pwm.o (.text.DL_Timer_stopCounter)
                  0000634c    00000018     bsp_uart.o (.text.DL_UART_clearInterruptStatus)
                  00006364    00000018     ti_msp_dl_config.o (.text.DL_UART_enableFIFOs)
                  0000637c    00000018     ti_msp_dl_config.o (.text.DL_UART_enablePower)
                  00006394    00000018     bsp_uart.o (.text.DL_UART_isRXFIFOEmpty)
                  000063ac    00000018     ti_msp_dl_config.o (.text.DL_UART_reset)
                  000063c4    00000018     libc.a : snprintf.c.obj (.text._outc)
                  000063dc    00000018            : vsnprintf.c.obj (.text._outc)
                  000063f4    00000018     bsp_gpio.o (.text.bsp_gpio_read_encoder_left_a)
                  0000640c    00000018     bsp_gpio.o (.text.bsp_gpio_read_encoder_right_a)
                  00006424    00000018     bsp_gpio.o (.text.bsp_gpio_read_encoder_right_b)
                  0000643c    00000018     bsp_gpio.o (.text.bsp_gpio_read_line_mux_out)
                  00006454    00000018     bsp_pwm.o (.text.bsp_pwm_start_all)
                  0000646c    00000018     proto_k230.o (.text.proto_k230_init)
                  00006484    00000016     bsp_gpio.o (.text.DL_GPIO_readPins)
                  0000649a    00000016     ti_msp_dl_config.o (.text.DL_UART_enable)
                  000064b0    00000016     ringbuf.o (.text.ringbuf_is_empty)
                  000064c6    00000014     bsp_gpio.o (.text.DL_GPIO_clearPins)
                  000064da    00000014     ti_msp_dl_config.o (.text.DL_GPIO_clearPins)
                  000064ee    00000002     --HOLE-- [fill = 0]
                  000064f0    00000014     bsp_i2c.o (.text.DL_I2C_getControllerStatus)
                  00006504    00000014     bsp_i2c.o (.text.DL_I2C_receiveControllerData)
                  00006518    00000014     ti_msp_dl_config.o (.text.DL_I2C_resetControllerTransfer)
                  0000652c    00000014     ti_msp_dl_config.o (.text.DL_SYSCTL_disableSYSPLL)
                  00006540    00000014     ti_msp_dl_config.o (.text.DL_Timer_enableClock)
                  00006554    00000014     ti_msp_dl_config.o (.text.DL_Timer_setCCPDirection)
                  00006568    00000014     bsp_uart.o (.text.DL_UART_receiveData)
                  0000657c    00000014     app_isr.o (.text.app_isr_set_encoder_driver)
                  00006590    00000014     bsp_gpio.o (.text.bsp_gpio_read_encoder_left_b)
                  000065a4    00000014     bsp_gpio.o (.text.bsp_gpio_toggle_led)
                  000065b8    00000014     libclang_rt.builtins.a : aeabi_uldivmod.S.obj (.text)
                  000065cc    00000012     app_isr.o (.text.DL_GPIO_getPendingInterrupt)
                  000065de    00000012     app_isr.o (.text.DL_Timer_getPendingInterrupt)
                  000065f0    00000012     bsp_uart.o (.text.DL_UART_getPendingInterrupt)
                  00006602    00000012     driverlib.a : dl_uart.o (.text.DL_UART_setClockConfig)
                  00006614    00000012     libc.a : _printfi.c.obj (.text.strchr)
                  00006626    00000012            : memcpy16.S.obj (.text:TI_memcpy_small)
                  00006638    00000012            : copy_decompress_none.c.obj (.text:decompress:none)
                  0000664a    00000002     --HOLE-- [fill = 0]
                  0000664c    00000010     ti_msp_dl_config.o (.text.DL_SYSCTL_disableHFXT)
                  0000665c    00000010     driverlib.a : dl_timer.o (.text.DL_Timer_setCaptureCompareValue)
                  0000666c    00000010     app_chassis.o (.text.app_chassis_get_snapshot)
                  0000667c    00000010     empty.o (.text.main)
                  0000668c    00000010     libc.a : wcslen.c.obj (.text.wcslen)
                  0000669c    00000010            : copy_zero_init.c.obj (.text:decompress:ZI)
                  000066ac    0000000e            : _printfi.c.obj (.text.strlen)
                  000066ba    0000000e            : strlen.c.obj (.text.strlen)
                  000066c8    0000000e            : memset16.S.obj (.text:TI_memset_small)
                  000066d6    00000002     --HOLE-- [fill = 0]
                  000066d8    0000000c     app_chassis.o (.text.app_chassis_get_encoder_driver)
                  000066e4    0000000c     app_imu.o (.text.app_imu_get_snapshot)
                  000066f0    0000000c     app_turret.o (.text.app_turret_get_snapshot)
                  000066fc    0000000c     drv_motor_dc.o (.text.motor_dc_get_output)
                  00006708    0000000a     driverlib.a : dl_common.o (.text.DL_Common_delayCycles)
                  00006712    0000000a     libc.a : _printfi.c.obj (.text.OUTLINED_FUNCTION_0)
                  0000671c    00000010     libclang_rt.builtins.a : adddf3.S.obj (.tramp.__aeabi_dsub.1)
                  0000672c    0000000a     libc.a : _printfi.c.obj (.text.OUTLINED_FUNCTION_1)
                  00006736    00000008     app_isr.o (.text.UART0_IRQHandler)
                  0000673e    00000008     app_isr.o (.text.UART2_IRQHandler)
                  00006746    00000008     libclang_rt.builtins.a : aeabi_ddiv.c.obj (.text.__aeabi_ddiv)
                  0000674e    00000008                            : aeabi_dmul.c.obj (.text.__aeabi_dmul)
                  00006756    00000002     --HOLE-- [fill = 0]
                  00006758    00000008     libc.a : aeabi_portable.c.obj (.text.__aeabi_errno_addr)
                  00006760    00000008     bsp_uart.o (.text.bsp_uart_get_k230_ringbuf)
                  00006768    00000008     libclang_rt.builtins.a : aeabi_memcpy.S.obj (.text)
                  00006770    00000006     libc.a : s_atanf.c.obj (.text.OUTLINED_FUNCTION_0)
                  00006776    00000002     --HOLE-- [fill = 0]
                  00006778    00000010     libclang_rt.builtins.a : divsf3.S.obj (.tramp.__aeabi_fdiv.1)
                  00006788    00000006     libc.a : exit.c.obj (.text:abort)
                  0000678e    00000004     startup_mspm0g350x_ticlang.o (.text.Default_Handler)
                  00006792    00000004     libsysbm.a : hostexit.c.obj (.text.HOSTexit)
                  00006796    00000004     libc.a : s_atanf.c.obj (.text.OUTLINED_FUNCTION_1)
                  0000679a    00000002     --HOLE-- [fill = 0]
                  0000679c    00000010     libclang_rt.builtins.a : addsf3.S.obj (.tramp.__aeabi_fadd.1)
                  000067ac    00000004     startup_mspm0g350x_ticlang.o (.text.Reset_Handler)
                  000067b0    00000010     libc.a : boot_cortex_m.c.obj (.tramp._c_int00_noargs.1)
                  000067c0    00000004            : pre_init.c.obj (.text._system_pre_init)
                  000067c4    00000004     --HOLE-- [fill = 0]

.cinit     0    00006d50    00000030     
                  00006d50    0000000c     (__TI_handler_table)
                  00006d5c    00000008     (.cinit..bss.load) [load image, compression = zero_init]
                  00006d64    00000007     (.cinit..data.load) [load image, compression = lzss]
                  00006d6b    00000001     --HOLE-- [fill = 0]
                  00006d6c    00000010     (__TI_cinit_table)
                  00006d7c    00000004     --HOLE-- [fill = 0]

.rodata    0    000067d0    00000580     
                  000067d0    000001e0     drv_oled_ssd1306.o (.rodata.g_font_5x7)
                  000069b0    00000101     libc.a : aeabi_ctype.S.obj (.rodata:__aeabi_ctype_table_)
                  00006ab1    00000003     ti_msp_dl_config.o (.rodata.gPWM_MOTOR_LEFTClockConfig)
                  00006ab4    00000030     app_turret.o (.rodata.app_turret_init.turret_pid_cfg)
                  00006ae4    00000030     app_chassis.o (.rodata.g_speed_pid_cfg)
                  00006b14    00000024     app_chassis.o (.rodata.g_line_sensor_cfg)
                  00006b38    00000020     libc.a : s_atanf.c.obj (.rodata.cst16)
                  00006b58    0000001c     empty.o (.rodata.run_vehicle_app.vofa_names)
                  00006b74    00000017     drv_oled_ssd1306.o (.rodata.g_oled_init_seq)
                  00006b8b    00000001     --HOLE-- [fill = 0]
                  00006b8c    00000014     ti_msp_dl_config.o (.rodata.gTIMER_CTRL_1KHZTimerConfig)
                  00006ba0    00000013     empty.o (.rodata.str1.150872071346279890.1)
                  00006bb3    00000011     libc.a : _printfi.c.obj (.rodata.str1.10348868589481759720.1)
                  00006bc4    00000011     empty.o (.rodata.str1.11898133897667081452.1)
                  00006bd5    00000011     libc.a : _printfi.c.obj (.rodata.str1.15363888844622738466.1)
                  00006be6    00000002     ti_msp_dl_config.o (.rodata.gI2C_SENSOR_BUSClockConfig)
                  00006be8    00000010     app_turret.o (.rodata.app_turret_init.pitch_cfg)
                  00006bf8    00000010     app_turret.o (.rodata.app_turret_init.yaw_cfg)
                  00006c08    00000010     drv_encoder_ab.o (.rodata.g_qei_table)
                  00006c18    00000010     empty.o (.rodata.str1.16704889451495720520.1)
                  00006c28    00000010     empty.o (.rodata.str1.17669528882079347314.1)
                  00006c38    0000000f     app_ui.o (.rodata.str1.15306790646973115948.1)
                  00006c47    0000000f     empty.o (.rodata.str1.7401042497206923953.1)
                  00006c56    0000000d     app_ui.o (.rodata.str1.5075943537078053564.1)
                  00006c63    00000001     --HOLE-- [fill = 0]
                  00006c64    0000000c     app_imu.o (.rodata.app_imu_init.fusion_cfg)
                  00006c70    0000000c     app_chassis.o (.rodata.g_left_motor_cfg)
                  00006c7c    0000000c     app_chassis.o (.rodata.g_right_motor_cfg)
                  00006c88    0000000c     app_ui.o (.rodata.str1.491321146314490610.1)
                  00006c94    0000000c     app_ui.o (.rodata.str1.7034054880712102617.1)
                  00006ca0    0000000c     app_ui.o (.rodata.str1.7037387292574431710.1)
                  00006cac    0000000b     proto_vofa_firewater.o (.rodata.str1.1369630562928637083.1)
                  00006cb7    0000000b     proto_vofa_firewater.o (.rodata.str1.777347185933502351.1)
                  00006cc2    0000000b     empty.o (.rodata.str1.9517790425240694019.1)
                  00006ccd    00000001     --HOLE-- [fill = 0]
                  00006cce    0000000a     ti_msp_dl_config.o (.rodata.gUART_DEBUGConfig)
                  00006cd8    0000000a     ti_msp_dl_config.o (.rodata.gUART_K230Config)
                  00006ce2    0000000a     empty.o (.rodata.str1.14685083708502177989.1)
                  00006cec    0000000a     empty.o (.rodata.str1.254342170260855183.1)
                  00006cf6    00000002     ti_msp_dl_config.o (.rodata.gUART_DEBUGClockConfig)
                  00006cf8    00000008     ti_msp_dl_config.o (.rodata.gPWM_MOTOR_LEFTConfig)
                  00006d00    00000008     ti_msp_dl_config.o (.rodata.gPWM_MOTOR_RIGHTConfig)
                  00006d08    00000008     ti_msp_dl_config.o (.rodata.gPWM_STEP_PITCHConfig)
                  00006d10    00000008     ti_msp_dl_config.o (.rodata.gPWM_STEP_YAWConfig)
                  00006d18    00000008     app_chassis.o (.rodata.g_left_encoder_cfg)
                  00006d20    00000008     app_chassis.o (.rodata.g_right_encoder_cfg)
                  00006d28    00000008     proto_vofa_firewater.o (.rodata.str1.13770452268044769405.1)
                  00006d30    00000007     proto_vofa_firewater.o (.rodata.str1.9885088700084294572.1)
                  00006d37    00000006     proto_vofa_firewater.o (.rodata.str1.4252196020124871187.1)
                  00006d3d    00000003     ti_msp_dl_config.o (.rodata.gPWM_MOTOR_RIGHTClockConfig)
                  00006d40    00000003     ti_msp_dl_config.o (.rodata.gPWM_STEP_PITCHClockConfig)
                  00006d43    00000003     ti_msp_dl_config.o (.rodata.gPWM_STEP_YAWClockConfig)
                  00006d46    00000003     ti_msp_dl_config.o (.rodata.gTIMER_CTRL_1KHZClockConfig)
                  00006d49    00000002     ti_msp_dl_config.o (.rodata.gUART_K230ClockConfig)
                  00006d4b    00000005     --HOLE-- [fill = 0]

.init_array 
*          0    00000000    00000000     UNINITIALIZED

.binit     0    00000000    00000000     

.bss       0    20200000    00000ad4     UNINITIALIZED
                  20200000    00000406     app_ui.o (.bss.g_oled)
                  20200406    00000001     app_ui.o (.bss.g_oled_ready)
                  20200407    00000001     --HOLE--
                  20200408    00000188     app_chassis.o (.bss.g_chassis)
                  20200590    0000010c     app_turret.o (.bss.g_turret)
                  2020069c    00000100     bsp_uart.o (.bss.g_k230_ring_storage)
                  2020079c    000000bc     (.common:gPWM_STEP_YAWBackup)
                  20200858    000000bc     (.common:gTIMER_CTRL_1KHZBackup)
                  20200914    000000a0     (.common:gPWM_MOTOR_RIGHTBackup)
                  202009b4    00000080     bsp_uart.o (.bss.g_debug_rx_ring_storage)
                  20200a34    00000070     app_imu.o (.bss.g_imu)
                  20200aa4    0000000c     bsp_uart.o (.bss.g_debug_rx_ringbuf)
                  20200ab0    0000000c     bsp_uart.o (.bss.g_k230_ringbuf)
                  20200abc    0000000c     app_control_scheduler.o (.bss.g_scheduler)
                  20200ac8    00000008     bsp_pwm.o (.bss.g_step_frequency_hz)
                  20200ad0    00000004     app_isr.o (.bss.g_encoder_driver)

.data      0    20200ad4    00000007     UNINITIALIZED
                  20200ad4    00000004     libc.a : aeabi_portable.c.obj (.data.__aeabi_errno)
                  20200ad8    00000001     drv_oled_ssd1306.o (.data.g_oled_last_failed_command)
                  20200ad9    00000001     drv_oled_ssd1306.o (.data.g_oled_last_failed_index)
                  20200ada    00000001     drv_oled_ssd1306.o (.data.g_oled_last_status)

.stack     0    20207e00    00000200     UNINITIALIZED
                  20207e00    00000004     libc.a : boot_cortex_m.c.obj (.stack)
                  20207e04    000001fc     --HOLE--

__llvm_prf_cnts 
*          0    20200000    00000000     UNINITIALIZED

__llvm_prf_bits 
*          0    20200000    00000000     UNINITIALIZED

MODULE SUMMARY

       Module                         code    ro data   rw data
       ------                         ----    -------   -------
    .\
       ti_msp_dl_config.o             3064    93        536    
       empty.o                        420     142       0      
       startup_mspm0g350x_ticlang.o   8       192       0      
    +--+------------------------------+-------+---------+---------+
       Total:                         3492    427       536    
                                                               
    .\algo\
       algo_pid.o                     1142    0         0      
       algo_fusion.o                  524     0         0      
       algo_filter.o                  192     0         0      
    +--+------------------------------+-------+---------+---------+
       Total:                         1858    0         0      
                                                               
    .\app\
       app_ui.o                       304     64        1031   
       app_chassis.o                  512     124       392    
       app_turret.o                   344     80        268    
       app_control_scheduler.o        392     0         12     
       app_imu.o                      216     12        112    
       app_isr.o                      280     0         4      
    +--+------------------------------+-------+---------+---------+
       Total:                         2048    280       1819   
                                                               
    .\bsp\
       bsp_uart.o                     902     0         408    
       bsp_i2c.o                      1086    0         0      
       bsp_gpio.o                     938     0         0      
       bsp_pwm.o                      762     0         8      
    +--+------------------------------+-------+---------+---------+
       Total:                         3688    0         416    
                                                               
    .\common\
       ringbuf.o                      244     0         0      
    +--+------------------------------+-------+---------+---------+
       Total:                         244     0         0      
                                                               
    .\drivers\
       drv_oled_ssd1306.o             900     503       3      
       drv_mpu9250.o                  890     0         0      
       drv_encoder_ab.o               556     16        0      
       drv_stepper.o                  490     0         0      
       drv_line_sensor.o              452     0         0      
       drv_motor_dc.o                 324     0         0      
    +--+------------------------------+-------+---------+---------+
       Total:                         3612    519       3      
                                                               
    .\protocol\
       proto_vofa_firewater.o         540     43        0      
       proto_k230.o                   318     0         0      
    +--+------------------------------+-------+---------+---------+
       Total:                         858     43        0      
                                                               
    C:\ti\ccs2100\ccs\tools\compiler\ti-cgt-armllvm_5.1.1.LTS\lib\armv6m-ti-none-eabi/c/libc.a
       _printfi.c.obj                 4624    34        0      
       s_atanf.c.obj                  466     32        0      
       e_atan2f.c.obj                 280     0         0      
       aeabi_ctype.S.obj              0       257       0      
       s_scalbn.c.obj                 220     0         0      
       e_sqrtf.c.obj                  180     0         0      
       snprintf.c.obj                 146     0         0      
       vsnprintf.c.obj                138     0         0      
       copy_decompress_lzss.c.obj     124     0         0      
       s_frexp.c.obj                  92      0         0      
       _ltoa.c.obj                    88      0         0      
       atoi.c.obj                     68      0         0      
       autoinit.c.obj                 60      0         0      
       boot_cortex_m.c.obj            56      0         0      
       memccpy.c.obj                  34      0         0      
       copy_decompress_none.c.obj     18      0         0      
       memcpy16.S.obj                 18      0         0      
       copy_zero_init.c.obj           16      0         0      
       wcslen.c.obj                   16      0         0      
       memset16.S.obj                 14      0         0      
       strlen.c.obj                   14      0         0      
       aeabi_portable.c.obj           8       0         4      
       exit.c.obj                     6       0         0      
       pre_init.c.obj                 4       0         0      
    +--+------------------------------+-------+---------+---------+
       Total:                         6690    323       4      
                                                               
    C:\ti\ccs2100\ccs\tools\compiler\ti-cgt-armllvm_5.1.1.LTS\lib\armv6m-ti-none-eabi/c/libsysbm.a
       hostexit.c.obj                 4       0         0      
    +--+------------------------------+-------+---------+---------+
       Total:                         4       0         0      
                                                               
    C:\ti\ccs2100\ccs\tools\compiler\ti-cgt-armllvm_5.1.1.LTS\lib\armv6m-ti-none-eabi/libclang_rt.builtins.a
       adddf3.S.obj                   418     0         0      
       divdf3.S.obj                   282     0         0      
       comparedf2.c.obj               268     0         0      
       addsf3.S.obj                   232     0         0      
       muldf3.S.obj                   228     0         0      
       udivmoddi4.S.obj               162     0         0      
       divsf3.S.obj                   146     0         0      
       comparesf2.S.obj               140     0         0      
       mulsf3.S.obj                   140     0         0      
       aeabi_dcmp.S.obj               90      0         0      
       aeabi_fcmp.S.obj               90      0         0      
       aeabi_idivmod.S.obj            86      0         0      
       fixdfsi.S.obj                  74      0         0      
       aeabi_uidivmod.S.obj           64      0         0      
       extendsfdf2.S.obj              64      0         0      
       floatsisf.S.obj                60      0         0      
       muldsi3.S.obj                  58      0         0      
       fixsfsi.S.obj                  56      0         0      
       fixunssfsi.S.obj               50      0         0      
       floatsidf.S.obj                44      0         0      
       floatunsisf.S.obj              40      0         0      
       muldi3.S.obj                   36      0         0      
       ashldi3.S.obj                  30      0         0      
       aeabi_memset.S.obj             26      0         0      
       aeabi_uldivmod.S.obj           20      0         0      
       aeabi_ddiv.c.obj               8       0         0      
       aeabi_dmul.c.obj               8       0         0      
       aeabi_memcpy.S.obj             8       0         0      
       aeabi_div0.c.obj               4       0         0      
    +--+------------------------------+-------+---------+---------+
       Total:                         2932    0         0      
                                                               
    D:/ccs/mspm0_sdk/mspm0_sdk_2_10_00_04/source/ti/driverlib/lib/ticlang/m0p/mspm0g1x0x_g3x0x/driverlib.a
       dl_timer.o                     608     0         0      
       dl_uart.o                      138     0         0      
       dl_i2c.o                       132     0         0      
       dl_common.o                    10      0         0      
    +--+------------------------------+-------+---------+---------+
       Total:                         888     0         0      
                                                               
       Stack:                         0       0         512    
       Linker Generated:              0       43        0      
    +--+------------------------------+-------+---------+---------+
       Grand Total:                   26314   1635      3290   


LINKER GENERATED COPY TABLES

__TI_cinit_table @ 00006d6c records: 2, size/record: 8, table size: 16
	.bss: load addr=00006d5c, load size=00000008 bytes, run addr=20200000, run size=00000ad4 bytes, compression=zero_init
	.data: load addr=00006d64, load size=00000007 bytes, run addr=20200ad4, run size=00000007 bytes, compression=lzss


LINKER GENERATED HANDLER TABLE

__TI_handler_table @ 00006d50 records: 3, size/record: 4, table size: 12
	index: 0, handler: __TI_decompress_lzss
	index: 1, handler: __TI_decompress_none
	index: 2, handler: __TI_zero_init


FAR CALL TRAMPOLINES

callee name               trampoline name
   callee addr  tramp addr   call addr  call info
--------------  -----------  ---------  ----------------
__aeabi_dsub              $Tramp$TT$L$PI$$__aeabi_dsub
   00001309     0000671c     0000671a   libc.a : _printfi.c.obj (.text.OUTLINED_FUNCTION_0)
__aeabi_fdiv              $Tramp$TT$L$PI$$__aeabi_fdiv
   00003c49     00006778     00006774   libc.a : s_atanf.c.obj (.text.OUTLINED_FUNCTION_0)
__aeabi_fadd              $Tramp$TT$L$PI$$__aeabi_fadd
   00002ac3     0000679c     00006798   libc.a : s_atanf.c.obj (.text.OUTLINED_FUNCTION_1)
_c_int00_noargs           $Tramp$TT$L$PI$$_c_int00_noargs
   00005c41     000067b0     000067ac   startup_mspm0g350x_ticlang.o (.text.Reset_Handler)

[4 trampolines]
[4 trampoline calls]


GLOBAL SYMBOLS: SORTED ALPHABETICALLY BY Name 

address   name                                
-------   ----                                
0000678f  ADC0_IRQHandler                     
0000678f  ADC1_IRQHandler                     
0000678f  AES_IRQHandler                      
00006792  C$$EXIT                             
0000678f  CANFD0_IRQHandler                   
0000678f  DAC0_IRQHandler                     
00006709  DL_Common_delayCycles               
00004475  DL_I2C_fillControllerTXFIFO         
00005cb7  DL_I2C_setClockConfig               
00001e71  DL_Timer_initFourCCPWMMode          
00002175  DL_Timer_initTimerMode              
00005fb9  DL_Timer_setCaptCompUpdateMethod    
000062d5  DL_Timer_setCaptureCompareOutCtl    
0000665d  DL_Timer_setCaptureCompareValue     
00005fd5  DL_Timer_setClockConfig             
00004ca1  DL_UART_init                        
00006603  DL_UART_setClockConfig              
00005659  DL_UART_transmitDataBlocking        
0000678f  DMA_IRQHandler                      
0000678f  Default_Handler                     
0000678f  GROUP0_IRQHandler                   
00003635  GROUP1_IRQHandler                   
00006793  HOSTexit                            
0000678f  HardFault_Handler                   
0000678f  I2C0_IRQHandler                     
0000678f  I2C1_IRQHandler                     
0000678f  NMI_Handler                         
0000678f  PendSV_Handler                      
0000678f  RTC_IRQHandler                      
000067ad  Reset_Handler                       
0000678f  SPI0_IRQHandler                     
0000678f  SPI1_IRQHandler                     
0000678f  SVC_Handler                         
00000b3d  SYSCFG_DL_GPIO_init                 
000045e9  SYSCFG_DL_I2C_SENSOR_BUS_init       
000037f5  SYSCFG_DL_PWM_MOTOR_LEFT_init       
00003885  SYSCFG_DL_PWM_MOTOR_RIGHT_init      
00004019  SYSCFG_DL_PWM_STEP_PITCH_init       
00004081  SYSCFG_DL_PWM_STEP_YAW_init         
000059b9  SYSCFG_DL_SYSCTL_init               
00005489  SYSCFG_DL_TIMER_CTRL_1KHZ_init      
000047f9  SYSCFG_DL_UART_DEBUG_init           
00004ce9  SYSCFG_DL_UART_K230_init            
000049e9  SYSCFG_DL_init                      
00002e01  SYSCFG_DL_initPower                 
0000678f  SysTick_Handler                     
0000678f  TIMA0_IRQHandler                    
00006029  TIMA1_IRQHandler                    
0000678f  TIMG0_IRQHandler                    
0000678f  TIMG12_IRQHandler                   
0000678f  TIMG6_IRQHandler                    
0000678f  TIMG7_IRQHandler                    
0000678f  TIMG8_IRQHandler                    
00006627  TI_memcpy_small                     
000066c9  TI_memset_small                     
00006737  UART0_IRQHandler                    
0000678f  UART1_IRQHandler                    
0000673f  UART2_IRQHandler                    
0000678f  UART3_IRQHandler                    
20208000  __STACK_END                         
00000200  __STACK_SIZE                        
00000000  __TI_ATRegion0_region_sz            
00000000  __TI_ATRegion0_src_addr             
00000000  __TI_ATRegion0_trg_addr             
00000000  __TI_ATRegion1_region_sz            
00000000  __TI_ATRegion1_src_addr             
00000000  __TI_ATRegion1_trg_addr             
00000000  __TI_ATRegion2_region_sz            
00000000  __TI_ATRegion2_src_addr             
00000000  __TI_ATRegion2_trg_addr             
00006d6c  __TI_CINIT_Base                     
00006d7c  __TI_CINIT_Limit                    
00006d7c  __TI_CINIT_Warm                     
00006d50  __TI_Handler_Table_Base             
00006d5c  __TI_Handler_Table_Limit            
00005285  __TI_auto_init_nobinit_nopinit      
00003dcd  __TI_decompress_lzss                
00006639  __TI_decompress_none                
00004641  __TI_ltoa                           
ffffffff  __TI_pprof_out_hndl                 
000000c1  __TI_printfi                        
ffffffff  __TI_prof_data_size                 
ffffffff  __TI_prof_data_start                
00000000  __TI_static_base__                  
0000669d  __TI_zero_init                      
00001313  __adddf3                            
00002ac3  __addsf3                            
000069b0  __aeabi_ctype_table_                
000069b0  __aeabi_ctype_table_C               
00004c55  __aeabi_d2iz                        
00001313  __aeabi_dadd                        
00004531  __aeabi_dcmpeq                      
00004567  __aeabi_dcmpge                      
00004579  __aeabi_dcmpgt                      
00004555  __aeabi_dcmple                      
00004543  __aeabi_dcmplt                      
00005689  __aeabi_dcmpun                      
00006747  __aeabi_ddiv                        
0000674f  __aeabi_dmul                        
00001309  __aeabi_dsub                        
20200ad4  __aeabi_errno                       
00006759  __aeabi_errno_addr                  
00005019  __aeabi_f2d                         
00005451  __aeabi_f2iz                        
00005625  __aeabi_f2uiz                       
00002ac3  __aeabi_fadd                        
0000458d  __aeabi_fcmpeq                      
000045c3  __aeabi_fcmpge                      
000045d5  __aeabi_fcmpgt                      
000045b1  __aeabi_fcmple                      
0000459f  __aeabi_fcmplt                      
00003a17  __aeabi_fcmpun                      
00003c49  __aeabi_fdiv                        
00003a2d  __aeabi_fmul                        
00002ab9  __aeabi_fsub                        
0000598d  __aeabi_i2d                         
000052c1  __aeabi_i2f                         
000047a1  __aeabi_idiv                        
00001c43  __aeabi_idiv0                       
000047a1  __aeabi_idivmod                     
0000255f  __aeabi_ldiv0                       
00005e49  __aeabi_llsl                        
00005d01  __aeabi_lmul                        
00006117  __aeabi_memclr                      
00006117  __aeabi_memclr4                     
00006117  __aeabi_memclr8                     
00006769  __aeabi_memcpy                      
00006769  __aeabi_memcpy4                     
00006769  __aeabi_memcpy8                     
00006109  __aeabi_memset                      
00006109  __aeabi_memset4                     
00006109  __aeabi_memset8                     
00005c69  __aeabi_ui2f                        
00004fd9  __aeabi_uidiv                       
00004fd9  __aeabi_uidivmod                    
000065b9  __aeabi_uldivmod                    
00005e49  __ashldi3                           
ffffffff  __binit__                           
000040e9  __cmpdf2                            
000039a1  __cmpsf2                            
00001b29  __divdf3                            
00003c49  __divsf3                            
000040e9  __eqdf2                             
000039a1  __eqsf2                             
00005019  __extendsfdf2                       
00004c55  __fixdfsi                           
00005451  __fixsfsi                           
00005625  __fixunssfsi                        
0000598d  __floatsidf                         
000052c1  __floatsisf                         
00005c69  __floatunsisf                       
00003ec5  __gedf2                             
000039db  __gesf2                             
00003ec5  __gtdf2                             
000039db  __gtsf2                             
000040e9  __ledf2                             
000039a1  __lesf2                             
000040e9  __ltdf2                             
000039a1  __ltsf2                             
UNDEFED   __mpu_init                          
00002819  __muldf3                            
00005d01  __muldi3                            
000052fd  __muldsi3                           
00003a2d  __mulsf3                            
000040e9  __nedf2                             
000039a1  __nesf2                             
20207e00  __stack                             
20200000  __start___llvm_prf_bits             
20200000  __start___llvm_prf_cnts             
20200000  __stop___llvm_prf_bits              
20200000  __stop___llvm_prf_cnts              
00001309  __subdf3                            
00002ab9  __subsf3                            
00003591  __udivmoddi4                        
00005689  __unorddf2                          
00003a17  __unordsf2                          
00005c41  _c_int00_noargs                     
UNDEFED   _system_post_cinit                  
000067c1  _system_pre_init                    
00006789  abort                               
00001f75  app_chassis_control_task            
000066d9  app_chassis_get_encoder_driver      
0000666d  app_chassis_get_snapshot            
0000324d  app_chassis_init                    
00005339  app_chassis_line_task               
00004a39  app_control_scheduler_fetch         
000054bd  app_control_scheduler_init          
000036cd  app_control_scheduler_on_tick_isr   
000066e5  app_imu_get_snapshot                
00004151  app_imu_init                        
00004221  app_imu_task                        
0000657d  app_isr_set_encoder_driver          
00002d39  app_turret_control_task             
000066f1  app_turret_get_snapshot             
00004285  app_turret_init                     
00005dad  app_turret_set_target               
00006045  app_ui_init                         
00001d5d  app_ui_refresh                      
00001c45  atan2f                              
00001141  atanf                               
00004e4d  atoi                                
ffffffff  binit                               
00005749  bsp_gpio_init                       
00004415  bsp_gpio_init_line_mux              
000063f5  bsp_gpio_read_encoder_left_a        
00006591  bsp_gpio_read_encoder_left_b        
0000640d  bsp_gpio_read_encoder_right_a       
00006425  bsp_gpio_read_encoder_right_b       
0000643d  bsp_gpio_read_line_mux_out          
000056e9  bsp_gpio_set_buzzer                 
00003761  bsp_gpio_set_dir_output             
000054f1  bsp_gpio_set_laser                  
00005525  bsp_gpio_set_led                    
00003ccd  bsp_gpio_set_line_mux_address       
00005777  bsp_gpio_set_motor_dir              
00005719  bsp_gpio_set_turret_dir             
000065a5  bsp_gpio_toggle_led                 
0000358f  bsp_i2c_init                        
00002561  bsp_i2c_mem_read                    
00003bc7  bsp_i2c_mem_write                   
00004dc1  bsp_i2c_write_bytes                 
00005371  bsp_pwm_init                        
00002f7d  bsp_pwm_set_motor_bridge            
00003031  bsp_pwm_set_step_frequency          
00006455  bsp_pwm_start_all                   
00004b71  bsp_pwm_stop_step                   
0000434d  bsp_uart_debug_irq_handler          
00004a89  bsp_uart_debug_printf               
00005249  bsp_uart_debug_write                
00006061  bsp_uart_debug_write_byte           
00004e91  bsp_uart_enable_irqs                
00006761  bsp_uart_get_k230_ringbuf           
000058b1  bsp_uart_init                       
000043b1  bsp_uart_k230_irq_handler           
00003ab9  encoder_driver_handle_gpio_interrupt
00004f19  encoder_driver_init                 
00004749  encoder_driver_poll                 
00003d4d  encoder_driver_update_speed         
000044d5  frexp                               
000044d5  frexpl                              
000055f1  fusion6_init                        
0000178d  fusion6_update                      
20200914  gPWM_MOTOR_RIGHTBackup              
2020079c  gPWM_STEP_YAWBackup                 
20200858  gTIMER_CTRL_1KHZBackup              
00000000  interruptVectors                    
000029dd  ldexp                               
000029dd  ldexpl                              
00003e49  line_sensor_init                    
00002469  line_sensor_update                  
000059e3  lpf1_init                           
000046f1  lpf1_update                         
0000667d  main                                
00005d25  memccpy                             
000066fd  motor_dc_get_output                 
00005bc9  motor_dc_init                       
00003447  motor_dc_set_output                 
00002651  mpu9250_calibrate_gyro_bias         
00001a0d  mpu9250_init                        
00003915  mpu9250_read_raw                    
000060ed  mpu9250_read_who_am_i               
00002b91  mpu9250_update                      
00005bf1  oled_clear                          
000030e5  oled_flush                          
00002c65  oled_init                           
00004f59  oled_printf                         
0000607d  oled_set_cursor                     
00006099  oled_write_char                     
00005c19  oled_write_str                      
000053a9  pid_init                            
00003f39  pid_reset                           
0000149b  pid_update                          
0000646d  proto_k230_init                     
000028fd  proto_k230_process_ringbuf          
00002ec5  proto_vofa_firewater_send           
0000236d  proto_vofa_firewater_send_named     
00004bbd  proto_vofa_firewater_send_packet    
00005cdd  ringbuf_init                        
000064b1  ringbuf_is_empty                    
00004ed5  ringbuf_pop_byte                    
00004c09  ringbuf_push_byte                   
000029dd  scalbn                              
000029dd  scalbnl                             
00004d79  snprintf                            
00003199  sqrtf                               
00005a37  stepper_enable                      
00005559  stepper_init                        
00005d69  stepper_set_speed                   
000060d1  stepper_stop                        
00002735  stepper_update                      
000066bb  strlen                              
00004f99  vsnprintf                           
0000668d  wcslen                              


GLOBAL SYMBOLS: SORTED BY Symbol Address 

address   name                                
-------   ----                                
00000000  __TI_ATRegion0_region_sz            
00000000  __TI_ATRegion0_src_addr             
00000000  __TI_ATRegion0_trg_addr             
00000000  __TI_ATRegion1_region_sz            
00000000  __TI_ATRegion1_src_addr             
00000000  __TI_ATRegion1_trg_addr             
00000000  __TI_ATRegion2_region_sz            
00000000  __TI_ATRegion2_src_addr             
00000000  __TI_ATRegion2_trg_addr             
00000000  __TI_static_base__                  
00000000  interruptVectors                    
000000c1  __TI_printfi                        
00000200  __STACK_SIZE                        
00000b3d  SYSCFG_DL_GPIO_init                 
00001141  atanf                               
00001309  __aeabi_dsub                        
00001309  __subdf3                            
00001313  __adddf3                            
00001313  __aeabi_dadd                        
0000149b  pid_update                          
0000178d  fusion6_update                      
00001a0d  mpu9250_init                        
00001b29  __divdf3                            
00001c43  __aeabi_idiv0                       
00001c45  atan2f                              
00001d5d  app_ui_refresh                      
00001e71  DL_Timer_initFourCCPWMMode          
00001f75  app_chassis_control_task            
00002175  DL_Timer_initTimerMode              
0000236d  proto_vofa_firewater_send_named     
00002469  line_sensor_update                  
0000255f  __aeabi_ldiv0                       
00002561  bsp_i2c_mem_read                    
00002651  mpu9250_calibrate_gyro_bias         
00002735  stepper_update                      
00002819  __muldf3                            
000028fd  proto_k230_process_ringbuf          
000029dd  ldexp                               
000029dd  ldexpl                              
000029dd  scalbn                              
000029dd  scalbnl                             
00002ab9  __aeabi_fsub                        
00002ab9  __subsf3                            
00002ac3  __addsf3                            
00002ac3  __aeabi_fadd                        
00002b91  mpu9250_update                      
00002c65  oled_init                           
00002d39  app_turret_control_task             
00002e01  SYSCFG_DL_initPower                 
00002ec5  proto_vofa_firewater_send           
00002f7d  bsp_pwm_set_motor_bridge            
00003031  bsp_pwm_set_step_frequency          
000030e5  oled_flush                          
00003199  sqrtf                               
0000324d  app_chassis_init                    
00003447  motor_dc_set_output                 
0000358f  bsp_i2c_init                        
00003591  __udivmoddi4                        
00003635  GROUP1_IRQHandler                   
000036cd  app_control_scheduler_on_tick_isr   
00003761  bsp_gpio_set_dir_output             
000037f5  SYSCFG_DL_PWM_MOTOR_LEFT_init       
00003885  SYSCFG_DL_PWM_MOTOR_RIGHT_init      
00003915  mpu9250_read_raw                    
000039a1  __cmpsf2                            
000039a1  __eqsf2                             
000039a1  __lesf2                             
000039a1  __ltsf2                             
000039a1  __nesf2                             
000039db  __gesf2                             
000039db  __gtsf2                             
00003a17  __aeabi_fcmpun                      
00003a17  __unordsf2                          
00003a2d  __aeabi_fmul                        
00003a2d  __mulsf3                            
00003ab9  encoder_driver_handle_gpio_interrupt
00003bc7  bsp_i2c_mem_write                   
00003c49  __aeabi_fdiv                        
00003c49  __divsf3                            
00003ccd  bsp_gpio_set_line_mux_address       
00003d4d  encoder_driver_update_speed         
00003dcd  __TI_decompress_lzss                
00003e49  line_sensor_init                    
00003ec5  __gedf2                             
00003ec5  __gtdf2                             
00003f39  pid_reset                           
00004019  SYSCFG_DL_PWM_STEP_PITCH_init       
00004081  SYSCFG_DL_PWM_STEP_YAW_init         
000040e9  __cmpdf2                            
000040e9  __eqdf2                             
000040e9  __ledf2                             
000040e9  __ltdf2                             
000040e9  __nedf2                             
00004151  app_imu_init                        
00004221  app_imu_task                        
00004285  app_turret_init                     
0000434d  bsp_uart_debug_irq_handler          
000043b1  bsp_uart_k230_irq_handler           
00004415  bsp_gpio_init_line_mux              
00004475  DL_I2C_fillControllerTXFIFO         
000044d5  frexp                               
000044d5  frexpl                              
00004531  __aeabi_dcmpeq                      
00004543  __aeabi_dcmplt                      
00004555  __aeabi_dcmple                      
00004567  __aeabi_dcmpge                      
00004579  __aeabi_dcmpgt                      
0000458d  __aeabi_fcmpeq                      
0000459f  __aeabi_fcmplt                      
000045b1  __aeabi_fcmple                      
000045c3  __aeabi_fcmpge                      
000045d5  __aeabi_fcmpgt                      
000045e9  SYSCFG_DL_I2C_SENSOR_BUS_init       
00004641  __TI_ltoa                           
000046f1  lpf1_update                         
00004749  encoder_driver_poll                 
000047a1  __aeabi_idiv                        
000047a1  __aeabi_idivmod                     
000047f9  SYSCFG_DL_UART_DEBUG_init           
000049e9  SYSCFG_DL_init                      
00004a39  app_control_scheduler_fetch         
00004a89  bsp_uart_debug_printf               
00004b71  bsp_pwm_stop_step                   
00004bbd  proto_vofa_firewater_send_packet    
00004c09  ringbuf_push_byte                   
00004c55  __aeabi_d2iz                        
00004c55  __fixdfsi                           
00004ca1  DL_UART_init                        
00004ce9  SYSCFG_DL_UART_K230_init            
00004d79  snprintf                            
00004dc1  bsp_i2c_write_bytes                 
00004e4d  atoi                                
00004e91  bsp_uart_enable_irqs                
00004ed5  ringbuf_pop_byte                    
00004f19  encoder_driver_init                 
00004f59  oled_printf                         
00004f99  vsnprintf                           
00004fd9  __aeabi_uidiv                       
00004fd9  __aeabi_uidivmod                    
00005019  __aeabi_f2d                         
00005019  __extendsfdf2                       
00005249  bsp_uart_debug_write                
00005285  __TI_auto_init_nobinit_nopinit      
000052c1  __aeabi_i2f                         
000052c1  __floatsisf                         
000052fd  __muldsi3                           
00005339  app_chassis_line_task               
00005371  bsp_pwm_init                        
000053a9  pid_init                            
00005451  __aeabi_f2iz                        
00005451  __fixsfsi                           
00005489  SYSCFG_DL_TIMER_CTRL_1KHZ_init      
000054bd  app_control_scheduler_init          
000054f1  bsp_gpio_set_laser                  
00005525  bsp_gpio_set_led                    
00005559  stepper_init                        
000055f1  fusion6_init                        
00005625  __aeabi_f2uiz                       
00005625  __fixunssfsi                        
00005659  DL_UART_transmitDataBlocking        
00005689  __aeabi_dcmpun                      
00005689  __unorddf2                          
000056e9  bsp_gpio_set_buzzer                 
00005719  bsp_gpio_set_turret_dir             
00005749  bsp_gpio_init                       
00005777  bsp_gpio_set_motor_dir              
000058b1  bsp_uart_init                       
0000598d  __aeabi_i2d                         
0000598d  __floatsidf                         
000059b9  SYSCFG_DL_SYSCTL_init               
000059e3  lpf1_init                           
00005a37  stepper_enable                      
00005bc9  motor_dc_init                       
00005bf1  oled_clear                          
00005c19  oled_write_str                      
00005c41  _c_int00_noargs                     
00005c69  __aeabi_ui2f                        
00005c69  __floatunsisf                       
00005cb7  DL_I2C_setClockConfig               
00005cdd  ringbuf_init                        
00005d01  __aeabi_lmul                        
00005d01  __muldi3                            
00005d25  memccpy                             
00005d69  stepper_set_speed                   
00005dad  app_turret_set_target               
00005e49  __aeabi_llsl                        
00005e49  __ashldi3                           
00005fb9  DL_Timer_setCaptCompUpdateMethod    
00005fd5  DL_Timer_setClockConfig             
00006029  TIMA1_IRQHandler                    
00006045  app_ui_init                         
00006061  bsp_uart_debug_write_byte           
0000607d  oled_set_cursor                     
00006099  oled_write_char                     
000060d1  stepper_stop                        
000060ed  mpu9250_read_who_am_i               
00006109  __aeabi_memset                      
00006109  __aeabi_memset4                     
00006109  __aeabi_memset8                     
00006117  __aeabi_memclr                      
00006117  __aeabi_memclr4                     
00006117  __aeabi_memclr8                     
000062d5  DL_Timer_setCaptureCompareOutCtl    
000063f5  bsp_gpio_read_encoder_left_a        
0000640d  bsp_gpio_read_encoder_right_a       
00006425  bsp_gpio_read_encoder_right_b       
0000643d  bsp_gpio_read_line_mux_out          
00006455  bsp_pwm_start_all                   
0000646d  proto_k230_init                     
000064b1  ringbuf_is_empty                    
0000657d  app_isr_set_encoder_driver          
00006591  bsp_gpio_read_encoder_left_b        
000065a5  bsp_gpio_toggle_led                 
000065b9  __aeabi_uldivmod                    
00006603  DL_UART_setClockConfig              
00006627  TI_memcpy_small                     
00006639  __TI_decompress_none                
0000665d  DL_Timer_setCaptureCompareValue     
0000666d  app_chassis_get_snapshot            
0000667d  main                                
0000668d  wcslen                              
0000669d  __TI_zero_init                      
000066bb  strlen                              
000066c9  TI_memset_small                     
000066d9  app_chassis_get_encoder_driver      
000066e5  app_imu_get_snapshot                
000066f1  app_turret_get_snapshot             
000066fd  motor_dc_get_output                 
00006709  DL_Common_delayCycles               
00006737  UART0_IRQHandler                    
0000673f  UART2_IRQHandler                    
00006747  __aeabi_ddiv                        
0000674f  __aeabi_dmul                        
00006759  __aeabi_errno_addr                  
00006761  bsp_uart_get_k230_ringbuf           
00006769  __aeabi_memcpy                      
00006769  __aeabi_memcpy4                     
00006769  __aeabi_memcpy8                     
00006789  abort                               
0000678f  ADC0_IRQHandler                     
0000678f  ADC1_IRQHandler                     
0000678f  AES_IRQHandler                      
0000678f  CANFD0_IRQHandler                   
0000678f  DAC0_IRQHandler                     
0000678f  DMA_IRQHandler                      
0000678f  Default_Handler                     
0000678f  GROUP0_IRQHandler                   
0000678f  HardFault_Handler                   
0000678f  I2C0_IRQHandler                     
0000678f  I2C1_IRQHandler                     
0000678f  NMI_Handler                         
0000678f  PendSV_Handler                      
0000678f  RTC_IRQHandler                      
0000678f  SPI0_IRQHandler                     
0000678f  SPI1_IRQHandler                     
0000678f  SVC_Handler                         
0000678f  SysTick_Handler                     
0000678f  TIMA0_IRQHandler                    
0000678f  TIMG0_IRQHandler                    
0000678f  TIMG12_IRQHandler                   
0000678f  TIMG6_IRQHandler                    
0000678f  TIMG7_IRQHandler                    
0000678f  TIMG8_IRQHandler                    
0000678f  UART1_IRQHandler                    
0000678f  UART3_IRQHandler                    
00006792  C$$EXIT                             
00006793  HOSTexit                            
000067ad  Reset_Handler                       
000067c1  _system_pre_init                    
000069b0  __aeabi_ctype_table_                
000069b0  __aeabi_ctype_table_C               
00006d50  __TI_Handler_Table_Base             
00006d5c  __TI_Handler_Table_Limit            
00006d6c  __TI_CINIT_Base                     
00006d7c  __TI_CINIT_Limit                    
00006d7c  __TI_CINIT_Warm                     
20200000  __start___llvm_prf_bits             
20200000  __start___llvm_prf_cnts             
20200000  __stop___llvm_prf_bits              
20200000  __stop___llvm_prf_cnts              
2020079c  gPWM_STEP_YAWBackup                 
20200858  gTIMER_CTRL_1KHZBackup              
20200914  gPWM_MOTOR_RIGHTBackup              
20200ad4  __aeabi_errno                       
20207e00  __stack                             
20208000  __STACK_END                         
ffffffff  __TI_pprof_out_hndl                 
ffffffff  __TI_prof_data_size                 
ffffffff  __TI_prof_data_start                
ffffffff  __binit__                           
ffffffff  binit                               
UNDEFED   __mpu_init                          
UNDEFED   _system_post_cinit                  

[293 symbols]
