******************************************************************************
            TI ARM Clang Linker PC v5.1.1                      
******************************************************************************
>> Linked Tue Jul 28 22:06:52 2026

OUTPUT FILE NAME:   <electric_competition_empty.out>
ENTRY POINT SYMBOL: "_c_int00_noargs"  address: 000067ad


MEMORY CONFIGURATION

         name            origin    length      used     unused   attr    fill
----------------------  --------  ---------  --------  --------  ----  --------
  FLASH                 00000000   00020000  00007960  000186a0  R  X
  SRAM                  20200000   00008000  00000d64  0000729c  RW X
  BCR_CONFIG            41c00000   000000ff  00000000  000000ff  R   
  BSL_CONFIG            41c00100   00000080  00000000  00000080  R   


SEGMENT ALLOCATION MAP

run origin  load origin   length   init length attrs members
----------  ----------- ---------- ----------- ----- -------
00000000    00000000    00007960   00007960    r-x
  00000000    00000000    000000c0   000000c0    r-- .intvecs
  000000c0    000000c0    00007290   00007290    r-x .text
  00007350    00007350    000005e0   000005e0    r-- .rodata
  00007930    00007930    00000030   00000030    r-- .cinit
20200000    20200000    00000b64   00000000    rw-
  20200000    20200000    00000b5c   00000000    rw- .bss
  20200b5c    20200b5c    00000008   00000000    rw- .data
20207e00    20207e00    00000200   00000000    rw-
  20207e00    20207e00    00000200   00000000    rw- .stack


SECTION ALLOCATION MAP

 output                                  attributes/
section   page    origin      length       input sections
--------  ----  ----------  ----------   ----------------
.intvecs   0    00000000    000000c0     
                  00000000    000000c0     startup_mspm0g350x_ticlang.o (.intvecs)

.text      0    000000c0    00007290     
                  000000c0    00000a7c     libc.a : _printfi.c.obj (.text:__TI_printfi)
                  00000b3c    0000025c     app_chassis.o (.text.chassis_update_line_state)
                  00000d98    00000214     app_chassis.o (.text.chassis_get_wheel_targets)
                  00000fac    0000020c     libc.a : _printfi.c.obj (.text._pconv_a)
                  000011b8    000001fc     ti_msp_dl_config.o (.text.SYSCFG_DL_GPIO_init)
                  000013b4    000001e0     libc.a : _printfi.c.obj (.text._pconv_g)
                  00001594    000001c8            : s_atanf.c.obj (.text.atanf)
                  0000175c    00000198     empty.o (.text.run_vehicle_app)
                  000018f4    00000192     libclang_rt.builtins.a : adddf3.S.obj (.text)
                  00001a86    0000018a     algo_pid.o (.text.pid_update)
                  00001c10    00000148     app_chassis.o (.text.app_chassis_control_task)
                  00001d58    00000148     algo_fusion.o (.text.fusion6_update)
                  00001ea0    00000138     app_chassis.o (.text.chassis_get_corner_candidate)
                  00001fd8    00000138     libc.a : _printfi.c.obj (.text.fcvt)
                  00002110    0000011c     drv_mpu9250.o (.text.mpu9250_init)
                  0000222c    0000011a     libclang_rt.builtins.a : divdf3.S.obj (.text)
                  00002346    00000002                            : aeabi_div0.c.obj (.text.__aeabi_idiv0)
                  00002348    00000118     app_ui.o (.text.app_ui_refresh)
                  00002460    00000118     libc.a : e_atan2f.c.obj (.text.atan2f)
                  00002578    0000010c     app_chassis.o (.text.app_chassis_init)
                  00002684    00000104     driverlib.a : dl_timer.o (.text.DL_Timer_initFourCCPWMMode)
                  00002788    00000100     bsp_i2c.o (.text.bsp_i2c_write_raw)
                  00002888    000000fc     driverlib.a : dl_timer.o (.text.DL_Timer_initTimerMode)
                  00002984    000000fc     libc.a : _printfi.c.obj (.text._pconv_e)
                  00002a80    000000fc     proto_vofa_firewater.o (.text.proto_vofa_firewater_send_named)
                  00002b7c    000000f6     drv_line_sensor.o (.text.line_sensor_update)
                  00002c72    00000002     libclang_rt.builtins.a : aeabi_div0.c.obj (.text.__aeabi_ldiv0)
                  00002c74    000000f0     bsp_i2c.o (.text.bsp_i2c_mem_read)
                  00002d64    000000e4     drv_mpu9250.o (.text.mpu9250_calibrate_gyro_bias)
                  00002e48    000000e4     drv_stepper.o (.text.stepper_update)
                  00002f2c    000000e4     libclang_rt.builtins.a : muldf3.S.obj (.text)
                  00003010    000000e2     app_chassis.o (.text.chassis_corner_complete)
                  000030f2    000000e0     proto_k230.o (.text.proto_k230_process_ringbuf)
                  000031d2    00000002     bsp_i2c.o (.text.bsp_i2c_init)
                  000031d4    000000dc     libc.a : s_scalbn.c.obj (.text.scalbn)
                  000032b0    000000d8     libclang_rt.builtins.a : addsf3.S.obj (.text)
                  00003388    000000d4     drv_mpu9250.o (.text.mpu9250_update)
                  0000345c    000000d4     drv_oled_ssd1306.o (.text.oled_init)
                  00003530    000000c8     app_turret.o (.text.app_turret_control_task)
                  000035f8    000000c4     ti_msp_dl_config.o (.text.SYSCFG_DL_initPower)
                  000036bc    000000b8     proto_vofa_firewater.o (.text.proto_vofa_firewater_send)
                  00003774    000000b4     bsp_pwm.o (.text.bsp_pwm_set_motor_bridge)
                  00003828    000000b4     bsp_pwm.o (.text.bsp_pwm_set_step_frequency)
                  000038dc    000000b4     app_chassis.o (.text.chassis_update_corner_pivot_angle)
                  00003990    000000b4     app_chassis.o (.text.chassis_update_corner_stop_state)
                  00003a44    000000b4     drv_oled_ssd1306.o (.text.oled_flush)
                  00003af8    000000b4     libc.a : e_sqrtf.c.obj (.text.sqrtf)
                  00003bac    000000b0     app_chassis.o (.text.chassis_confirm_corner_candidate)
                  00003c5c    000000a8     drv_oled_ssd1306.o (.text.oled_draw_glyph)
                  00003d04    000000a6     bsp_uart.o (.text.bsp_uart_clear_error_interrupt)
                  00003daa    000000a6     drv_motor_dc.o (.text.motor_dc_set_output)
                  00003e50    000000a2     algo_pid.o (.text.pid_compute_derivative)
                  00003ef2    00000002     --HOLE-- [fill = 0]
                  00003ef4    000000a2     libclang_rt.builtins.a : udivmoddi4.S.obj (.text)
                  00003f96    00000002     --HOLE-- [fill = 0]
                  00003f98    00000098     app_isr.o (.text.GROUP1_IRQHandler)
                  00004030    00000094     app_control_scheduler.o (.text.app_control_scheduler_on_tick_isr)
                  000040c4    00000094     bsp_gpio.o (.text.bsp_gpio_set_dir_output)
                  00004158    00000090     ti_msp_dl_config.o (.text.SYSCFG_DL_PWM_MOTOR_LEFT_init)
                  000041e8    00000090     ti_msp_dl_config.o (.text.SYSCFG_DL_PWM_MOTOR_RIGHT_init)
                  00004278    0000008c     drv_mpu9250.o (.text.mpu9250_read_raw)
                  00004304    0000008c     libclang_rt.builtins.a : comparesf2.S.obj (.text)
                  00004390    0000008c                            : mulsf3.S.obj (.text)
                  0000441c    00000086     algo_pid.o (.text.pid_apply_ramp)
                  000044a2    00000082     bsp_i2c.o (.text.bsp_i2c_mem_write)
                  00004524    00000082     libclang_rt.builtins.a : divsf3.S.obj (.text)
                  000045a6    00000002     --HOLE-- [fill = 0]
                  000045a8    00000080     bsp_gpio.o (.text.bsp_gpio_set_line_mux_address)
                  00004628    0000007e     drv_encoder_ab.o (.text.encoder_driver_update_speed)
                  000046a6    00000002     --HOLE-- [fill = 0]
                  000046a8    0000007c     libc.a : copy_decompress_lzss.c.obj (.text:decompress:lzss)
                  00004724    0000007a     drv_line_sensor.o (.text.line_sensor_init)
                  0000479e    00000002     --HOLE-- [fill = 0]
                  000047a0    00000074     libclang_rt.builtins.a : comparedf2.c.obj (.text.__gedf2)
                  00004814    00000074     algo_pid.o (.text.pid_reset)
                  00004888    0000006a     drv_oled_ssd1306.o (.text.oled_send_data)
                  000048f2    00000002     --HOLE-- [fill = 0]
                  000048f4    00000068     ti_msp_dl_config.o (.text.SYSCFG_DL_PWM_STEP_PITCH_init)
                  0000495c    00000068     ti_msp_dl_config.o (.text.SYSCFG_DL_PWM_STEP_YAW_init)
                  000049c4    00000068     libclang_rt.builtins.a : comparedf2.c.obj (.text.__ledf2)
                  00004a2c    00000068     app_imu.o (.text.app_imu_init)
                  00004a94    00000068     app_chassis.o (.text.chassis_corner_entry_present)
                  00004afc    00000066     libc.a : _printfi.c.obj (.text._mcpy)
                  00004b62    00000002     --HOLE-- [fill = 0]
                  00004b64    00000064     app_imu.o (.text.app_imu_task)
                  00004bc8    00000064     app_turret.o (.text.app_turret_init)
                  00004c2c    00000064     bsp_i2c.o (.text.bsp_i2c_wait_bus_complete)
                  00004c90    00000064     bsp_uart.o (.text.bsp_uart_debug_irq_handler)
                  00004cf4    00000064     bsp_uart.o (.text.bsp_uart_k230_irq_handler)
                  00004d58    00000064     drv_encoder_ab.o (.text.encoder_driver_handle_gpio_interrupt)
                  00004dbc    00000060     bsp_gpio.o (.text.bsp_gpio_init_line_mux)
                  00004e1c    0000005e     driverlib.a : dl_i2c.o (.text.DL_I2C_fillControllerTXFIFO)
                  00004e7a    0000005c     app_chassis.o (.text.chassis_update_corner_pivot_pause)
                  00004ed6    00000002     --HOLE-- [fill = 0]
                  00004ed8    0000005c     libc.a : s_frexp.c.obj (.text.frexp)
                  00004f34    0000005a     libclang_rt.builtins.a : aeabi_dcmp.S.obj (.text)
                  00004f8e    00000002     --HOLE-- [fill = 0]
                  00004f90    0000005a                            : aeabi_fcmp.S.obj (.text)
                  00004fea    00000002     --HOLE-- [fill = 0]
                  00004fec    00000058     ti_msp_dl_config.o (.text.SYSCFG_DL_I2C_SENSOR_BUS_init)
                  00005044    00000058     libc.a : _ltoa.c.obj (.text.__TI_ltoa)
                  0000509c    00000058            : _printfi.c.obj (.text._pconv_f)
                  000050f4    00000058     algo_filter.o (.text.lpf1_update)
                  0000514c    00000056     libclang_rt.builtins.a : aeabi_idivmod.S.obj (.text)
                  000051a2    00000002     --HOLE-- [fill = 0]
                  000051a4    00000054     ti_msp_dl_config.o (.text.SYSCFG_DL_UART_DEBUG_init)
                  000051f8    00000054     drv_encoder_ab.o (.text.encoder_apply_transition)
                  0000524c    00000054     algo_fusion.o (.text.math_wrap_deg)
                  000052a0    00000052     libc.a : _printfi.c.obj (.text._ecpy)
                  000052f2    00000002     --HOLE-- [fill = 0]
                  000052f4    00000050     ti_msp_dl_config.o (.text.DL_GPIO_initPeripheralInputFunctionFeatures)
                  00005344    00000050     bsp_i2c.o (.text.DL_I2C_startControllerTransfer)
                  00005394    00000050     ti_msp_dl_config.o (.text.SYSCFG_DL_init)
                  000053e4    00000050     app_control_scheduler.o (.text.app_control_scheduler_fetch)
                  00005434    00000050     bsp_uart.o (.text.bsp_uart_debug_printf)
                  00005484    00000050     app_chassis.o (.text.chassis_update_track_turn_adjustment)
                  000054d4    0000004c     ti_msp_dl_config.o (.text.DL_GPIO_initDigitalInputFeatures)
                  00005520    0000004c     ti_msp_dl_config.o (.text.DL_UART_setBaudRateDivisor)
                  0000556c    0000004c     app_chassis.o (.text.app_chassis_line_task)
                  000055b8    0000004c     bsp_pwm.o (.text.bsp_pwm_stop_step)
                  00005604    0000004c     proto_vofa_firewater.o (.text.proto_vofa_firewater_send_packet)
                  00005650    0000004c     ringbuf.o (.text.ringbuf_push_byte)
                  0000569c    0000004a     libclang_rt.builtins.a : fixdfsi.S.obj (.text)
                  000056e6    00000002     --HOLE-- [fill = 0]
                  000056e8    00000048     driverlib.a : dl_uart.o (.text.DL_UART_init)
                  00005730    00000048     ti_msp_dl_config.o (.text.SYSCFG_DL_UART_K230_init)
                  00005778    00000048     bsp_i2c.o (.text.bsp_i2c_wait_idle)
                  000057c0    00000048     libc.a : snprintf.c.obj (.text.snprintf)
                  00005808    00000046     bsp_i2c.o (.text.bsp_i2c_write_bytes)
                  0000584e    00000046     app_chassis.o (.text.chassis_enter_state)
                  00005894    00000046     proto_k230.o (.text.proto_k230_checksum)
                  000058da    00000002     --HOLE-- [fill = 0]
                  000058dc    00000044     libc.a : atoi.c.obj (.text.atoi)
                  00005920    00000044     bsp_uart.o (.text.bsp_uart_enable_irqs)
                  00005964    00000044     ringbuf.o (.text.ringbuf_pop_byte)
                  000059a8    00000040     drv_encoder_ab.o (.text.encoder_driver_init)
                  000059e8    00000040     drv_oled_ssd1306.o (.text.oled_printf)
                  00005a28    00000040     libc.a : vsnprintf.c.obj (.text.vsnprintf)
                  00005a68    00000040     libclang_rt.builtins.a : aeabi_uidivmod.S.obj (.text)
                  00005aa8    00000040                            : extendsfdf2.S.obj (.text)
                  00005ae8    0000003e     algo_filter.o (.text.math_clampf)
                  00005b26    0000003e     algo_fusion.o (.text.math_clampf)
                  00005b64    0000003e     algo_pid.o (.text.math_clampf)
                  00005ba2    0000003e     app_chassis.o (.text.math_clampf)
                  00005be0    0000003e     bsp_pwm.o (.text.math_clampf)
                  00005c1e    0000003e     drv_motor_dc.o (.text.math_clampf)
                  00005c5c    0000003e     drv_stepper.o (.text.math_clampf)
                  00005c9a    0000003e     algo_pid.o (.text.pid_integral_enabled)
                  00005cd8    0000003c     ti_msp_dl_config.o (.text.DL_Timer_setCounterControl)
                  00005d14    0000003c     bsp_uart.o (.text.bsp_uart_debug_write)
                  00005d50    0000003c     libc.a : autoinit.c.obj (.text:__TI_auto_init_nobinit_nopinit)
                  00005d8c    0000003c     libclang_rt.builtins.a : floatsisf.S.obj (.text)
                  00005dc8    0000003a     app_chassis.o (.text.chassis_update_sensor_history)
                  00005e02    00000002     --HOLE-- [fill = 0]
                  00005e04    0000003a     libclang_rt.builtins.a : muldsi3.S.obj (.text)
                  00005e3e    00000002     --HOLE-- [fill = 0]
                  00005e40    00000038     bsp_pwm.o (.text.bsp_pwm_init)
                  00005e78    00000038     app_chassis.o (.text.chassis_count_bits)
                  00005eb0    00000038     app_chassis.o (.text.chassis_get_forward_output)
                  00005ee8    00000038     algo_pid.o (.text.pid_init)
                  00005f20    00000038     algo_pid.o (.text.pid_limit_integral)
                  00005f58    00000038     algo_pid.o (.text.pid_limit_output)
                  00005f90    00000038     libclang_rt.builtins.a : fixsfsi.S.obj (.text)
                  00005fc8    00000034     ti_msp_dl_config.o (.text.SYSCFG_DL_TIMER_CTRL_1KHZ_init)
                  00005ffc    00000034     app_control_scheduler.o (.text.app_control_scheduler_init)
                  00006030    00000034     bsp_gpio.o (.text.bsp_gpio_set_laser)
                  00006064    00000034     bsp_gpio.o (.text.bsp_gpio_set_led)
                  00006098    00000034     drv_stepper.o (.text.stepper_init)
                  000060cc    00000032     libc.a : snprintf.c.obj (.text._outs)
                  000060fe    00000032            : vsnprintf.c.obj (.text._outs)
                  00006130    00000032     algo_fusion.o (.text.fusion6_init)
                  00006162    00000002     --HOLE-- [fill = 0]
                  00006164    00000032     libclang_rt.builtins.a : fixunssfsi.S.obj (.text)
                  00006196    00000002     --HOLE-- [fill = 0]
                  00006198    00000030     driverlib.a : dl_uart.o (.text.DL_UART_transmitDataBlocking)
                  000061c8    00000030     libclang_rt.builtins.a : comparedf2.c.obj (.text.__unorddf2)
                  000061f8    00000030     libc.a : _printfi.c.obj (.text._fcpy)
                  00006228    00000030     bsp_gpio.o (.text.bsp_gpio_set_buzzer)
                  00006258    00000030     bsp_gpio.o (.text.bsp_gpio_set_turret_dir)
                  00006288    0000002e     bsp_gpio.o (.text.bsp_gpio_init)
                  000062b6    0000002e     bsp_gpio.o (.text.bsp_gpio_set_motor_dir)
                  000062e4    0000002e     bsp_uart.o (.text.bsp_uart_service_rx_fifo)
                  00006312    00000002     --HOLE-- [fill = 0]
                  00006314    0000002c     app_control_scheduler.o (.text.__NVIC_ClearPendingIRQ)
                  00006340    0000002c     bsp_uart.o (.text.__NVIC_ClearPendingIRQ)
                  0000636c    0000002c     app_control_scheduler.o (.text.__NVIC_EnableIRQ)
                  00006398    0000002c     bsp_uart.o (.text.__NVIC_EnableIRQ)
                  000063c4    0000002c     empty.o (.text.__NVIC_EnableIRQ)
                  000063f0    0000002c     bsp_uart.o (.text.bsp_uart_init)
                  0000641c    0000002c     drv_line_sensor.o (.text.line_sensor_read_channel_raw)
                  00006448    0000002c     algo_pid.o (.text.math_absf)
                  00006474    0000002c     app_chassis.o (.text.math_absf)
                  000064a0    0000002c     drv_motor_dc.o (.text.math_absf)
                  000064cc    0000002c     drv_stepper.o (.text.math_absf)
                  000064f8    0000002c     libclang_rt.builtins.a : floatsidf.S.obj (.text)
                  00006524    0000002a     ti_msp_dl_config.o (.text.SYSCFG_DL_SYSCTL_init)
                  0000654e    0000002a     algo_filter.o (.text.lpf1_init)
                  00006578    0000002a     ringbuf.o (.text.ringbuf_next_index)
                  000065a2    0000002a     drv_stepper.o (.text.stepper_enable)
                  000065cc    00000028     bsp_i2c.o (.text.DL_Common_updateReg)
                  000065f4    00000028     ti_msp_dl_config.o (.text.DL_Common_updateReg)
                  0000661c    00000028     ti_msp_dl_config.o (.text.DL_I2C_setControllerRXFIFOThreshold)
                  00006644    00000028     ti_msp_dl_config.o (.text.DL_I2C_setControllerTXFIFOThreshold)
                  0000666c    00000028     ti_msp_dl_config.o (.text.DL_UART_setRXFIFOThreshold)
                  00006694    00000028     ti_msp_dl_config.o (.text.DL_UART_setTXFIFOThreshold)
                  000066bc    00000028     bsp_pwm.o (.text.bsp_pwm_set_step_counts_pitch)
                  000066e4    00000028     bsp_pwm.o (.text.bsp_pwm_set_step_counts_yaw)
                  0000670c    00000028     drv_line_sensor.o (.text.line_sensor_delay_cycles)
                  00006734    00000028     drv_motor_dc.o (.text.motor_dc_init)
                  0000675c    00000028     drv_oled_ssd1306.o (.text.oled_clear)
                  00006784    00000028     drv_oled_ssd1306.o (.text.oled_write_str)
                  000067ac    00000028     libc.a : boot_cortex_m.c.obj (.text:_c_int00_noargs)
                  000067d4    00000028     libclang_rt.builtins.a : floatunsisf.S.obj (.text)
                  000067fc    00000026     ti_msp_dl_config.o (.text.DL_I2C_setAnalogGlitchFilterPulseWidth)
                  00006822    00000026     driverlib.a : dl_i2c.o (.text.DL_I2C_setClockConfig)
                  00006848    00000024     ringbuf.o (.text.ringbuf_init)
                  0000686c    00000024     libclang_rt.builtins.a : muldi3.S.obj (.text)
                  00006890    00000022     libc.a : memccpy.c.obj (.text.memccpy)
                  000068b2    00000022     drv_oled_ssd1306.o (.text.oled_send_command)
                  000068d4    00000022     drv_stepper.o (.text.stepper_set_speed)
                  000068f6    00000002     --HOLE-- [fill = 0]
                  000068f8    00000020     ti_msp_dl_config.o (.text.DL_GPIO_initPeripheralInputFunction)
                  00006918    00000020     app_turret.o (.text.app_turret_set_target)
                  00006938    00000020     bsp_pwm.o (.text.bsp_pwm_set_motor_compare)
                  00006958    0000001e     ti_msp_dl_config.o (.text.DL_UART_setOversampling)
                  00006976    0000001e     drv_encoder_ab.o (.text.encoder_read_state_left)
                  00006994    0000001e     drv_encoder_ab.o (.text.encoder_read_state_right)
                  000069b2    00000002     --HOLE-- [fill = 0]
                  000069b4    0000001e     libclang_rt.builtins.a : ashldi3.S.obj (.text)
                  000069d2    00000002     --HOLE-- [fill = 0]
                  000069d4    0000001c     ti_msp_dl_config.o (.text.DL_GPIO_clearInterruptStatus)
                  000069f0    0000001c     ti_msp_dl_config.o (.text.DL_GPIO_enableHiZ)
                  00006a0c    0000001c     ti_msp_dl_config.o (.text.DL_GPIO_enableInterrupt)
                  00006a28    0000001c     ti_msp_dl_config.o (.text.DL_GPIO_initPeripheralOutputFunction)
                  00006a44    0000001c     ti_msp_dl_config.o (.text.DL_GPIO_setLowerPinsPolarity)
                  00006a60    0000001c     bsp_i2c.o (.text.DL_I2C_isControllerRXFIFOEmpty)
                  00006a7c    0000001c     bsp_i2c.o (.text.DL_I2C_isControllerTXFIFOFull)
                  00006a98    0000001c     app_isr.o (.text.DL_Interrupt_getPendingGroup)
                  00006ab4    0000001c     ti_msp_dl_config.o (.text.DL_SYSCTL_setMCLKDivider)
                  00006ad0    0000001c     ti_msp_dl_config.o (.text.DL_SYSCTL_setSYSOSCFreq)
                  00006aec    0000001c     ti_msp_dl_config.o (.text.DL_SYSCTL_setULPCLKDivider)
                  00006b08    0000001c     ti_msp_dl_config.o (.text.DL_Timer_enableInterrupt)
                  00006b24    0000001c     driverlib.a : dl_timer.o (.text.DL_Timer_setCaptCompUpdateMethod)
                  00006b40    0000001c                 : dl_timer.o (.text.DL_Timer_setClockConfig)
                  00006b5c    0000001c     bsp_uart.o (.text.DL_UART_enableInterrupt)
                  00006b78    0000001c     ti_msp_dl_config.o (.text.DL_UART_enableInterrupt)
                  00006b94    0000001c     app_isr.o (.text.TIMA1_IRQHandler)
                  00006bb0    0000001c     app_ui.o (.text.app_ui_init)
                  00006bcc    0000001c     bsp_uart.o (.text.bsp_uart_debug_write_byte)
                  00006be8    0000001c     drv_oled_ssd1306.o (.text.oled_set_cursor)
                  00006c04    0000001c     drv_oled_ssd1306.o (.text.oled_write_char)
                  00006c20    0000001c     proto_vofa_firewater.o (.text.proto_vofa_firewater_write_line)
                  00006c3c    0000001c     drv_stepper.o (.text.stepper_stop)
                  00006c58    0000001a     drv_mpu9250.o (.text.mpu9250_read_who_am_i)
                  00006c72    00000002     --HOLE-- [fill = 0]
                  00006c74    0000001a     libclang_rt.builtins.a : aeabi_memset.S.obj (.text)
                  00006c8e    00000002     --HOLE-- [fill = 0]
                  00006c90    00000018     bsp_gpio.o (.text.DL_GPIO_enableOutput)
                  00006ca8    00000018     ti_msp_dl_config.o (.text.DL_GPIO_enableOutput)
                  00006cc0    00000018     ti_msp_dl_config.o (.text.DL_GPIO_enablePower)
                  00006cd8    00000018     bsp_gpio.o (.text.DL_GPIO_initDigitalOutput)
                  00006cf0    00000018     ti_msp_dl_config.o (.text.DL_GPIO_initDigitalOutput)
                  00006d08    00000018     ti_msp_dl_config.o (.text.DL_GPIO_reset)
                  00006d20    00000018     bsp_gpio.o (.text.DL_GPIO_setPins)
                  00006d38    00000018     ti_msp_dl_config.o (.text.DL_GPIO_setUpperPinsPolarity)
                  00006d50    00000018     bsp_gpio.o (.text.DL_GPIO_togglePins)
                  00006d68    00000018     ti_msp_dl_config.o (.text.DL_I2C_enableAnalogGlitchFilter)
                  00006d80    00000018     ti_msp_dl_config.o (.text.DL_I2C_enableController)
                  00006d98    00000018     ti_msp_dl_config.o (.text.DL_I2C_enableControllerClockStretching)
                  00006db0    00000018     ti_msp_dl_config.o (.text.DL_I2C_enablePower)
                  00006dc8    00000018     ti_msp_dl_config.o (.text.DL_I2C_reset)
                  00006de0    00000018     ti_msp_dl_config.o (.text.DL_I2C_setTimerPeriod)
                  00006df8    00000018     ti_msp_dl_config.o (.text.DL_SYSCTL_setBORThreshold)
                  00006e10    00000018     ti_msp_dl_config.o (.text.DL_Timer_enablePower)
                  00006e28    00000018     ti_msp_dl_config.o (.text.DL_Timer_reset)
                  00006e40    00000018     driverlib.a : dl_timer.o (.text.DL_Timer_setCaptureCompareOutCtl)
                  00006e58    00000018     bsp_pwm.o (.text.DL_Timer_setLoadValue)
                  00006e70    00000018     app_control_scheduler.o (.text.DL_Timer_startCounter)
                  00006e88    00000018     bsp_pwm.o (.text.DL_Timer_startCounter)
                  00006ea0    00000018     bsp_pwm.o (.text.DL_Timer_stopCounter)
                  00006eb8    00000018     bsp_uart.o (.text.DL_UART_clearInterruptStatus)
                  00006ed0    00000018     ti_msp_dl_config.o (.text.DL_UART_enableFIFOs)
                  00006ee8    00000018     ti_msp_dl_config.o (.text.DL_UART_enablePower)
                  00006f00    00000018     bsp_uart.o (.text.DL_UART_isRXFIFOEmpty)
                  00006f18    00000018     ti_msp_dl_config.o (.text.DL_UART_reset)
                  00006f30    00000018     libc.a : snprintf.c.obj (.text._outc)
                  00006f48    00000018            : vsnprintf.c.obj (.text._outc)
                  00006f60    00000018     bsp_gpio.o (.text.bsp_gpio_read_encoder_left_a)
                  00006f78    00000018     bsp_gpio.o (.text.bsp_gpio_read_encoder_right_a)
                  00006f90    00000018     bsp_gpio.o (.text.bsp_gpio_read_line_mux_out)
                  00006fa8    00000018     bsp_pwm.o (.text.bsp_pwm_start_all)
                  00006fc0    00000018     app_chassis.o (.text.chassis_center_reacquired)
                  00006fd8    00000018     proto_k230.o (.text.proto_k230_init)
                  00006ff0    00000016     bsp_gpio.o (.text.DL_GPIO_readPins)
                  00007006    00000016     ti_msp_dl_config.o (.text.DL_UART_enable)
                  0000701c    00000016     ringbuf.o (.text.ringbuf_is_empty)
                  00007032    00000014     bsp_gpio.o (.text.DL_GPIO_clearPins)
                  00007046    00000014     ti_msp_dl_config.o (.text.DL_GPIO_clearPins)
                  0000705a    00000002     --HOLE-- [fill = 0]
                  0000705c    00000014     bsp_i2c.o (.text.DL_I2C_getControllerStatus)
                  00007070    00000014     bsp_i2c.o (.text.DL_I2C_receiveControllerData)
                  00007084    00000014     ti_msp_dl_config.o (.text.DL_I2C_resetControllerTransfer)
                  00007098    00000014     ti_msp_dl_config.o (.text.DL_SYSCTL_disableSYSPLL)
                  000070ac    00000014     ti_msp_dl_config.o (.text.DL_Timer_enableClock)
                  000070c0    00000014     ti_msp_dl_config.o (.text.DL_Timer_setCCPDirection)
                  000070d4    00000014     bsp_uart.o (.text.DL_UART_receiveData)
                  000070e8    00000014     app_isr.o (.text.app_isr_set_encoder_driver)
                  000070fc    00000014     bsp_gpio.o (.text.bsp_gpio_read_encoder_left_b)
                  00007110    00000014     bsp_gpio.o (.text.bsp_gpio_read_encoder_right_b)
                  00007124    00000014     bsp_gpio.o (.text.bsp_gpio_toggle_led)
                  00007138    00000014     libclang_rt.builtins.a : aeabi_uldivmod.S.obj (.text)
                  0000714c    00000012     app_isr.o (.text.DL_GPIO_getPendingInterrupt)
                  0000715e    00000012     app_isr.o (.text.DL_Timer_getPendingInterrupt)
                  00007170    00000012     bsp_uart.o (.text.DL_UART_getPendingInterrupt)
                  00007182    00000012     driverlib.a : dl_uart.o (.text.DL_UART_setClockConfig)
                  00007194    00000012     libc.a : _printfi.c.obj (.text.strchr)
                  000071a6    00000012            : memcpy16.S.obj (.text:TI_memcpy_small)
                  000071b8    00000012            : copy_decompress_none.c.obj (.text:decompress:none)
                  000071ca    00000002     --HOLE-- [fill = 0]
                  000071cc    00000010     ti_msp_dl_config.o (.text.DL_SYSCTL_disableHFXT)
                  000071dc    00000010     driverlib.a : dl_timer.o (.text.DL_Timer_setCaptureCompareValue)
                  000071ec    00000010     app_chassis.o (.text.app_chassis_get_snapshot)
                  000071fc    00000010     empty.o (.text.main)
                  0000720c    00000010     libc.a : wcslen.c.obj (.text.wcslen)
                  0000721c    00000010            : copy_zero_init.c.obj (.text:decompress:ZI)
                  0000722c    0000000e            : _printfi.c.obj (.text.strlen)
                  0000723a    0000000e            : strlen.c.obj (.text.strlen)
                  00007248    0000000e            : memset16.S.obj (.text:TI_memset_small)
                  00007256    00000002     --HOLE-- [fill = 0]
                  00007258    0000000c     app_chassis.o (.text.app_chassis_get_encoder_driver)
                  00007264    0000000c     app_imu.o (.text.app_imu_get_snapshot)
                  00007270    0000000c     app_turret.o (.text.app_turret_get_snapshot)
                  0000727c    0000000c     drv_motor_dc.o (.text.motor_dc_get_output)
                  00007288    0000000a     driverlib.a : dl_common.o (.text.DL_Common_delayCycles)
                  00007292    0000000a     libc.a : _printfi.c.obj (.text.OUTLINED_FUNCTION_0)
                  0000729c    00000010     libclang_rt.builtins.a : adddf3.S.obj (.tramp.__aeabi_dsub.1)
                  000072ac    0000000a     libc.a : _printfi.c.obj (.text.OUTLINED_FUNCTION_1)
                  000072b6    0000000a     app_chassis.o (.text.chassis_get_control_error)
                  000072c0    00000008     app_isr.o (.text.UART0_IRQHandler)
                  000072c8    00000008     app_isr.o (.text.UART2_IRQHandler)
                  000072d0    00000008     libclang_rt.builtins.a : aeabi_ddiv.c.obj (.text.__aeabi_ddiv)
                  000072d8    00000008                            : aeabi_dmul.c.obj (.text.__aeabi_dmul)
                  000072e0    00000008     libc.a : aeabi_portable.c.obj (.text.__aeabi_errno_addr)
                  000072e8    00000008     bsp_uart.o (.text.bsp_uart_get_k230_ringbuf)
                  000072f0    00000008     libclang_rt.builtins.a : aeabi_memcpy.S.obj (.text)
                  000072f8    00000006     libc.a : s_atanf.c.obj (.text.OUTLINED_FUNCTION_0)
                  000072fe    00000002     --HOLE-- [fill = 0]
                  00007300    00000010     libclang_rt.builtins.a : divsf3.S.obj (.tramp.__aeabi_fdiv.1)
                  00007310    00000006     libc.a : exit.c.obj (.text:abort)
                  00007316    00000004     startup_mspm0g350x_ticlang.o (.text.Default_Handler)
                  0000731a    00000004     libsysbm.a : hostexit.c.obj (.text.HOSTexit)
                  0000731e    00000004     libc.a : s_atanf.c.obj (.text.OUTLINED_FUNCTION_1)
                  00007322    00000002     --HOLE-- [fill = 0]
                  00007324    00000010     libclang_rt.builtins.a : addsf3.S.obj (.tramp.__aeabi_fadd.1)
                  00007334    00000004     startup_mspm0g350x_ticlang.o (.text.Reset_Handler)
                  00007338    00000010     libc.a : boot_cortex_m.c.obj (.tramp._c_int00_noargs.1)
                  00007348    00000004            : pre_init.c.obj (.text._system_pre_init)
                  0000734c    00000004     --HOLE-- [fill = 0]

.cinit     0    00007930    00000030     
                  00007930    0000000c     (__TI_handler_table)
                  0000793c    00000008     (.cinit..bss.load) [load image, compression = zero_init]
                  00007944    00000007     (.cinit..data.load) [load image, compression = lzss]
                  0000794b    00000001     --HOLE-- [fill = 0]
                  0000794c    00000010     (__TI_cinit_table)
                  0000795c    00000004     --HOLE-- [fill = 0]

.rodata    0    00007350    000005e0     
                  00007350    000001e0     drv_oled_ssd1306.o (.rodata.g_font_5x7)
                  00007530    00000101     libc.a : aeabi_ctype.S.obj (.rodata:__aeabi_ctype_table_)
                  00007631    00000003     ti_msp_dl_config.o (.rodata.gPWM_MOTOR_LEFTClockConfig)
                  00007634    00000030     app_turret.o (.rodata.app_turret_init.turret_pid_cfg)
                  00007664    00000030     app_chassis.o (.rodata.g_line_pid_cfg)
                  00007694    00000030     app_chassis.o (.rodata.g_speed_pid_cfg)
                  000076c4    00000028     empty.o (.rodata.run_vehicle_app.vofa_names)
                  000076ec    00000024     app_chassis.o (.rodata.g_line_sensor_cfg)
                  00007710    00000020     libc.a : s_atanf.c.obj (.rodata.cst16)
                  00007730    00000017     drv_oled_ssd1306.o (.rodata.g_oled_init_seq)
                  00007747    00000001     --HOLE-- [fill = 0]
                  00007748    00000014     ti_msp_dl_config.o (.rodata.gTIMER_CTRL_1KHZTimerConfig)
                  0000775c    00000013     empty.o (.rodata.str1.17686411042290499047.1)
                  0000776f    00000011     libc.a : _printfi.c.obj (.rodata.str1.10348868589481759720.1)
                  00007780    00000011            : _printfi.c.obj (.rodata.str1.15363888844622738466.1)
                  00007791    00000011     empty.o (.rodata.str1.7401042497206923953.1)
                  000077a2    00000002     ti_msp_dl_config.o (.rodata.gI2C_SENSOR_BUSClockConfig)
                  000077a4    00000010     app_turret.o (.rodata.app_turret_init.pitch_cfg)
                  000077b4    00000010     app_turret.o (.rodata.app_turret_init.yaw_cfg)
                  000077c4    00000010     drv_encoder_ab.o (.rodata.g_qei_table)
                  000077d4    00000010     empty.o (.rodata.str1.11898133897667081452.1)
                  000077e4    00000010     empty.o (.rodata.str1.150872071346279890.1)
                  000077f4    00000010     app_ui.o (.rodata.str1.491321146314490610.1)
                  00007804    0000000f     app_ui.o (.rodata.str1.15306790646973115948.1)
                  00007813    0000000f     empty.o (.rodata.str1.16704889451495720520.1)
                  00007822    0000000d     empty.o (.rodata.str1.2196762768037919588.1)
                  0000782f    0000000d     app_ui.o (.rodata.str1.5075943537078053564.1)
                  0000783c    0000000c     app_imu.o (.rodata.app_imu_init.fusion_cfg)
                  00007848    0000000c     app_chassis.o (.rodata.g_left_motor_cfg)
                  00007854    0000000c     app_chassis.o (.rodata.g_right_motor_cfg)
                  00007860    0000000c     empty.o (.rodata.str1.15706828512682300538.1)
                  0000786c    0000000c     app_ui.o (.rodata.str1.7034054880712102617.1)
                  00007878    0000000c     app_ui.o (.rodata.str1.7037387292574431710.1)
                  00007884    0000000b     proto_vofa_firewater.o (.rodata.str1.1369630562928637083.1)
                  0000788f    0000000b     empty.o (.rodata.str1.14685083708502177989.1)
                  0000789a    0000000b     proto_vofa_firewater.o (.rodata.str1.777347185933502351.1)
                  000078a5    0000000b     empty.o (.rodata.str1.9517790425240694019.1)
                  000078b0    0000000a     ti_msp_dl_config.o (.rodata.gUART_DEBUGConfig)
                  000078ba    0000000a     ti_msp_dl_config.o (.rodata.gUART_K230Config)
                  000078c4    0000000a     empty.o (.rodata.str1.17669528882079347314.1)
                  000078ce    0000000a     empty.o (.rodata.str1.254342170260855183.1)
                  000078d8    00000008     ti_msp_dl_config.o (.rodata.gPWM_MOTOR_LEFTConfig)
                  000078e0    00000008     ti_msp_dl_config.o (.rodata.gPWM_MOTOR_RIGHTConfig)
                  000078e8    00000008     ti_msp_dl_config.o (.rodata.gPWM_STEP_PITCHConfig)
                  000078f0    00000008     ti_msp_dl_config.o (.rodata.gPWM_STEP_YAWConfig)
                  000078f8    00000008     app_chassis.o (.rodata.g_left_encoder_cfg)
                  00007900    00000008     app_chassis.o (.rodata.g_right_encoder_cfg)
                  00007908    00000008     proto_vofa_firewater.o (.rodata.str1.13770452268044769405.1)
                  00007910    00000007     proto_vofa_firewater.o (.rodata.str1.9885088700084294572.1)
                  00007917    00000006     proto_vofa_firewater.o (.rodata.str1.4252196020124871187.1)
                  0000791d    00000003     ti_msp_dl_config.o (.rodata.gPWM_MOTOR_RIGHTClockConfig)
                  00007920    00000003     ti_msp_dl_config.o (.rodata.gPWM_STEP_PITCHClockConfig)
                  00007923    00000003     ti_msp_dl_config.o (.rodata.gPWM_STEP_YAWClockConfig)
                  00007926    00000003     ti_msp_dl_config.o (.rodata.gTIMER_CTRL_1KHZClockConfig)
                  00007929    00000002     ti_msp_dl_config.o (.rodata.gUART_DEBUGClockConfig)
                  0000792b    00000002     ti_msp_dl_config.o (.rodata.gUART_K230ClockConfig)
                  0000792d    00000003     --HOLE-- [fill = 0]

.init_array 
*          0    00000000    00000000     UNINITIALIZED

.binit     0    00000000    00000000     

.bss       0    20200000    00000b5c     UNINITIALIZED
                  20200000    00000406     app_ui.o (.bss.g_oled)
                  20200406    00000001     app_ui.o (.bss.g_oled_ready)
                  20200407    00000001     --HOLE--
                  20200408    00000210     app_chassis.o (.bss.g_chassis)
                  20200618    0000010c     app_turret.o (.bss.g_turret)
                  20200724    00000100     bsp_uart.o (.bss.g_k230_ring_storage)
                  20200824    000000bc     (.common:gPWM_STEP_YAWBackup)
                  202008e0    000000bc     (.common:gTIMER_CTRL_1KHZBackup)
                  2020099c    000000a0     (.common:gPWM_MOTOR_RIGHTBackup)
                  20200a3c    00000080     bsp_uart.o (.bss.g_debug_rx_ring_storage)
                  20200abc    00000070     app_imu.o (.bss.g_imu)
                  20200b2c    0000000c     bsp_uart.o (.bss.g_debug_rx_ringbuf)
                  20200b38    0000000c     bsp_uart.o (.bss.g_k230_ringbuf)
                  20200b44    0000000c     app_control_scheduler.o (.bss.g_scheduler)
                  20200b50    00000008     bsp_pwm.o (.bss.g_step_frequency_hz)
                  20200b58    00000004     app_isr.o (.bss.g_encoder_driver)

.data      0    20200b5c    00000008     UNINITIALIZED
                  20200b5c    00000004     libc.a : aeabi_portable.c.obj (.data.__aeabi_errno)
                  20200b60    00000001     app_chassis.o (.data.chassis_get_corner_candidate.unlock_confirm_count)
                  20200b61    00000001     drv_oled_ssd1306.o (.data.g_oled_last_failed_command)
                  20200b62    00000001     drv_oled_ssd1306.o (.data.g_oled_last_failed_index)
                  20200b63    00000001     drv_oled_ssd1306.o (.data.g_oled_last_status)

.stack     0    20207e00    00000200     UNINITIALIZED
                  20207e00    00000004     libc.a : boot_cortex_m.c.obj (.stack)
                  20207e04    000001fc     --HOLE--

__llvm_prf_cnts 
*          0    20200000    00000000     UNINITIALIZED

__llvm_prf_bits 
*          0    20200000    00000000     UNINITIALIZED

MODULE SUMMARY

       Module                         code    ro data   rw data
       ------                         ----    -------   -------
    .\
       ti_msp_dl_config.o             3036    93        536    
       empty.o                        468     190       0      
       startup_mspm0g350x_ticlang.o   8       192       0      
    +--+------------------------------+-------+---------+---------+
       Total:                         3512    475       536    
                                                               
    .\algo\
       algo_pid.o                     1142    0         0      
       algo_fusion.o                  524     0         0      
       algo_filter.o                  192     0         0      
    +--+------------------------------+-------+---------+---------+
       Total:                         1858    0         0      
                                                               
    .\app\
       app_chassis.o                  3566    172       529    
       app_ui.o                       308     68        1031   
       app_turret.o                   344     80        268    
       app_control_scheduler.o        392     0         12     
       app_imu.o                      216     12        112    
       app_isr.o                      280     0         4      
    +--+------------------------------+-------+---------+---------+
       Total:                         5106    332       1956   
                                                               
    .\bsp\
       bsp_uart.o                     902     0         408    
       bsp_i2c.o                      1086    0         0      
       bsp_gpio.o                     934     0         0      
       bsp_pwm.o                      762     0         8      
    +--+------------------------------+-------+---------+---------+
       Total:                         3684    0         416    
                                                               
    .\common\
       ringbuf.o                      244     0         0      
    +--+------------------------------+-------+---------+---------+
       Total:                         244     0         0      
                                                               
    .\drivers\
       drv_oled_ssd1306.o             900     503       3      
       drv_mpu9250.o                  890     0         0      
       drv_stepper.o                  490     0         0      
       drv_line_sensor.o              452     0         0      
       drv_encoder_ab.o               434     16        0      
       drv_motor_dc.o                 324     0         0      
    +--+------------------------------+-------+---------+---------+
       Total:                         3490    519       3      
                                                               
    .\protocol\
       proto_vofa_firewater.o         540     43        0      
       proto_k230.o                   318     0         0      
    +--+------------------------------+-------+---------+---------+
       Total:                         858     43        0      
                                                               
    C:\ti\ccs2100\ccs\tools\compiler\ti-cgt-armllvm_5.1.1.LTS\lib\armv6m-ti-none-eabi/c/libc.a
       _printfi.c.obj                 4624    34        0      
       s_atanf.c.obj                  466     32        0      
       e_atan2f.c.obj                 280     0         0      
       aeabi_ctype.S.obj              0       257       0      
       s_scalbn.c.obj                 220     0         0      
       e_sqrtf.c.obj                  180     0         0      
       snprintf.c.obj                 146     0         0      
       vsnprintf.c.obj                138     0         0      
       copy_decompress_lzss.c.obj     124     0         0      
       s_frexp.c.obj                  92      0         0      
       _ltoa.c.obj                    88      0         0      
       atoi.c.obj                     68      0         0      
       autoinit.c.obj                 60      0         0      
       boot_cortex_m.c.obj            56      0         0      
       memccpy.c.obj                  34      0         0      
       copy_decompress_none.c.obj     18      0         0      
       memcpy16.S.obj                 18      0         0      
       copy_zero_init.c.obj           16      0         0      
       wcslen.c.obj                   16      0         0      
       memset16.S.obj                 14      0         0      
       strlen.c.obj                   14      0         0      
       aeabi_portable.c.obj           8       0         4      
       exit.c.obj                     6       0         0      
       pre_init.c.obj                 4       0         0      
    +--+------------------------------+-------+---------+---------+
       Total:                         6690    323       4      
                                                               
    C:\ti\ccs2100\ccs\tools\compiler\ti-cgt-armllvm_5.1.1.LTS\lib\armv6m-ti-none-eabi/c/libsysbm.a
       hostexit.c.obj                 4       0         0      
    +--+------------------------------+-------+---------+---------+
       Total:                         4       0         0      
                                                               
    C:\ti\ccs2100\ccs\tools\compiler\ti-cgt-armllvm_5.1.1.LTS\lib\armv6m-ti-none-eabi/libclang_rt.builtins.a
       adddf3.S.obj                   418     0         0      
       divdf3.S.obj                   282     0         0      
       comparedf2.c.obj               268     0         0      
       addsf3.S.obj                   232     0         0      
       muldf3.S.obj                   228     0         0      
       udivmoddi4.S.obj               162     0         0      
       divsf3.S.obj                   146     0         0      
       comparesf2.S.obj               140     0         0      
       mulsf3.S.obj                   140     0         0      
       aeabi_dcmp.S.obj               90      0         0      
       aeabi_fcmp.S.obj               90      0         0      
       aeabi_idivmod.S.obj            86      0         0      
       fixdfsi.S.obj                  74      0         0      
       aeabi_uidivmod.S.obj           64      0         0      
       extendsfdf2.S.obj              64      0         0      
       floatsisf.S.obj                60      0         0      
       muldsi3.S.obj                  58      0         0      
       fixsfsi.S.obj                  56      0         0      
       fixunssfsi.S.obj               50      0         0      
       floatsidf.S.obj                44      0         0      
       floatunsisf.S.obj              40      0         0      
       muldi3.S.obj                   36      0         0      
       ashldi3.S.obj                  30      0         0      
       aeabi_memset.S.obj             26      0         0      
       aeabi_uldivmod.S.obj           20      0         0      
       aeabi_ddiv.c.obj               8       0         0      
       aeabi_dmul.c.obj               8       0         0      
       aeabi_memcpy.S.obj             8       0         0      
       aeabi_div0.c.obj               4       0         0      
    +--+------------------------------+-------+---------+---------+
       Total:                         2932    0         0      
                                                               
    D:/ccs/mspm0_sdk/mspm0_sdk_2_10_00_04/source/ti/driverlib/lib/ticlang/m0p/mspm0g1x0x_g3x0x/driverlib.a
       dl_timer.o                     608     0         0      
       dl_uart.o                      138     0         0      
       dl_i2c.o                       132     0         0      
       dl_common.o                    10      0         0      
    +--+------------------------------+-------+---------+---------+
       Total:                         888     0         0      
                                                               
       Stack:                         0       0         512    
       Linker Generated:              0       43        0      
    +--+------------------------------+-------+---------+---------+
       Grand Total:                   29266   1735      3427   


LINKER GENERATED COPY TABLES

__TI_cinit_table @ 0000794c records: 2, size/record: 8, table size: 16
	.bss: load addr=0000793c, load size=00000008 bytes, run addr=20200000, run size=00000b5c bytes, compression=zero_init
	.data: load addr=00007944, load size=00000007 bytes, run addr=20200b5c, run size=00000008 bytes, compression=lzss


LINKER GENERATED HANDLER TABLE

__TI_handler_table @ 00007930 records: 3, size/record: 4, table size: 12
	index: 0, handler: __TI_decompress_lzss
	index: 1, handler: __TI_decompress_none
	index: 2, handler: __TI_zero_init


FAR CALL TRAMPOLINES

callee name               trampoline name
   callee addr  tramp addr   call addr  call info
--------------  -----------  ---------  ----------------
__aeabi_dsub              $Tramp$TT$L$PI$$__aeabi_dsub
   000018f5     0000729c     0000729a   libc.a : _printfi.c.obj (.text.OUTLINED_FUNCTION_0)
__aeabi_fdiv              $Tramp$TT$L$PI$$__aeabi_fdiv
   00004525     00007300     000072fc   libc.a : s_atanf.c.obj (.text.OUTLINED_FUNCTION_0)
__aeabi_fadd              $Tramp$TT$L$PI$$__aeabi_fadd
   000032bb     00007324     00007320   libc.a : s_atanf.c.obj (.text.OUTLINED_FUNCTION_1)
_c_int00_noargs           $Tramp$TT$L$PI$$_c_int00_noargs
   000067ad     00007338     00007334   startup_mspm0g350x_ticlang.o (.text.Reset_Handler)

[4 trampolines]
[4 trampoline calls]


GLOBAL SYMBOLS: SORTED ALPHABETICALLY BY Name 

address   name                                
-------   ----                                
00007317  ADC0_IRQHandler                     
00007317  ADC1_IRQHandler                     
00007317  AES_IRQHandler                      
0000731a  C$$EXIT                             
00007317  CANFD0_IRQHandler                   
00007317  DAC0_IRQHandler                     
00007289  DL_Common_delayCycles               
00004e1d  DL_I2C_fillControllerTXFIFO         
00006823  DL_I2C_setClockConfig               
00002685  DL_Timer_initFourCCPWMMode          
00002889  DL_Timer_initTimerMode              
00006b25  DL_Timer_setCaptCompUpdateMethod    
00006e41  DL_Timer_setCaptureCompareOutCtl    
000071dd  DL_Timer_setCaptureCompareValue     
00006b41  DL_Timer_setClockConfig             
000056e9  DL_UART_init                        
00007183  DL_UART_setClockConfig              
00006199  DL_UART_transmitDataBlocking        
00007317  DMA_IRQHandler                      
00007317  Default_Handler                     
00007317  GROUP0_IRQHandler                   
00003f99  GROUP1_IRQHandler                   
0000731b  HOSTexit                            
00007317  HardFault_Handler                   
00007317  I2C0_IRQHandler                     
00007317  I2C1_IRQHandler                     
00007317  NMI_Handler                         
00007317  PendSV_Handler                      
00007317  RTC_IRQHandler                      
00007335  Reset_Handler                       
00007317  SPI0_IRQHandler                     
00007317  SPI1_IRQHandler                     
00007317  SVC_Handler                         
000011b9  SYSCFG_DL_GPIO_init                 
00004fed  SYSCFG_DL_I2C_SENSOR_BUS_init       
00004159  SYSCFG_DL_PWM_MOTOR_LEFT_init       
000041e9  SYSCFG_DL_PWM_MOTOR_RIGHT_init      
000048f5  SYSCFG_DL_PWM_STEP_PITCH_init       
0000495d  SYSCFG_DL_PWM_STEP_YAW_init         
00006525  SYSCFG_DL_SYSCTL_init               
00005fc9  SYSCFG_DL_TIMER_CTRL_1KHZ_init      
000051a5  SYSCFG_DL_UART_DEBUG_init           
00005731  SYSCFG_DL_UART_K230_init            
00005395  SYSCFG_DL_init                      
000035f9  SYSCFG_DL_initPower                 
00007317  SysTick_Handler                     
00007317  TIMA0_IRQHandler                    
00006b95  TIMA1_IRQHandler                    
00007317  TIMG0_IRQHandler                    
00007317  TIMG12_IRQHandler                   
00007317  TIMG6_IRQHandler                    
00007317  TIMG7_IRQHandler                    
00007317  TIMG8_IRQHandler                    
000071a7  TI_memcpy_small                     
00007249  TI_memset_small                     
000072c1  UART0_IRQHandler                    
00007317  UART1_IRQHandler                    
000072c9  UART2_IRQHandler                    
00007317  UART3_IRQHandler                    
20208000  __STACK_END                         
00000200  __STACK_SIZE                        
00000000  __TI_ATRegion0_region_sz            
00000000  __TI_ATRegion0_src_addr             
00000000  __TI_ATRegion0_trg_addr             
00000000  __TI_ATRegion1_region_sz            
00000000  __TI_ATRegion1_src_addr             
00000000  __TI_ATRegion1_trg_addr             
00000000  __TI_ATRegion2_region_sz            
00000000  __TI_ATRegion2_src_addr             
00000000  __TI_ATRegion2_trg_addr             
0000794c  __TI_CINIT_Base                     
0000795c  __TI_CINIT_Limit                    
0000795c  __TI_CINIT_Warm                     
00007930  __TI_Handler_Table_Base             
0000793c  __TI_Handler_Table_Limit            
00005d51  __TI_auto_init_nobinit_nopinit      
000046a9  __TI_decompress_lzss                
000071b9  __TI_decompress_none                
00005045  __TI_ltoa                           
ffffffff  __TI_pprof_out_hndl                 
000000c1  __TI_printfi                        
ffffffff  __TI_prof_data_size                 
ffffffff  __TI_prof_data_start                
00000000  __TI_static_base__                  
0000721d  __TI_zero_init                      
000018ff  __adddf3                            
000032bb  __addsf3                            
00007530  __aeabi_ctype_table_                
00007530  __aeabi_ctype_table_C               
0000569d  __aeabi_d2iz                        
000018ff  __aeabi_dadd                        
00004f35  __aeabi_dcmpeq                      
00004f6b  __aeabi_dcmpge                      
00004f7d  __aeabi_dcmpgt                      
00004f59  __aeabi_dcmple                      
00004f47  __aeabi_dcmplt                      
000061c9  __aeabi_dcmpun                      
000072d1  __aeabi_ddiv                        
000072d9  __aeabi_dmul                        
000018f5  __aeabi_dsub                        
20200b5c  __aeabi_errno                       
000072e1  __aeabi_errno_addr                  
00005aa9  __aeabi_f2d                         
00005f91  __aeabi_f2iz                        
00006165  __aeabi_f2uiz                       
000032bb  __aeabi_fadd                        
00004f91  __aeabi_fcmpeq                      
00004fc7  __aeabi_fcmpge                      
00004fd9  __aeabi_fcmpgt                      
00004fb5  __aeabi_fcmple                      
00004fa3  __aeabi_fcmplt                      
0000437b  __aeabi_fcmpun                      
00004525  __aeabi_fdiv                        
00004391  __aeabi_fmul                        
000032b1  __aeabi_fsub                        
000064f9  __aeabi_i2d                         
00005d8d  __aeabi_i2f                         
0000514d  __aeabi_idiv                        
00002347  __aeabi_idiv0                       
0000514d  __aeabi_idivmod                     
00002c73  __aeabi_ldiv0                       
000069b5  __aeabi_llsl                        
0000686d  __aeabi_lmul                        
00006c83  __aeabi_memclr                      
00006c83  __aeabi_memclr4                     
00006c83  __aeabi_memclr8                     
000072f1  __aeabi_memcpy                      
000072f1  __aeabi_memcpy4                     
000072f1  __aeabi_memcpy8                     
00006c75  __aeabi_memset                      
00006c75  __aeabi_memset4                     
00006c75  __aeabi_memset8                     
000067d5  __aeabi_ui2f                        
00005a69  __aeabi_uidiv                       
00005a69  __aeabi_uidivmod                    
00007139  __aeabi_uldivmod                    
000069b5  __ashldi3                           
ffffffff  __binit__                           
000049c5  __cmpdf2                            
00004305  __cmpsf2                            
0000222d  __divdf3                            
00004525  __divsf3                            
000049c5  __eqdf2                             
00004305  __eqsf2                             
00005aa9  __extendsfdf2                       
0000569d  __fixdfsi                           
00005f91  __fixsfsi                           
00006165  __fixunssfsi                        
000064f9  __floatsidf                         
00005d8d  __floatsisf                         
000067d5  __floatunsisf                       
000047a1  __gedf2                             
0000433f  __gesf2                             
000047a1  __gtdf2                             
0000433f  __gtsf2                             
000049c5  __ledf2                             
00004305  __lesf2                             
000049c5  __ltdf2                             
00004305  __ltsf2                             
UNDEFED   __mpu_init                          
00002f2d  __muldf3                            
0000686d  __muldi3                            
00005e05  __muldsi3                           
00004391  __mulsf3                            
000049c5  __nedf2                             
00004305  __nesf2                             
20207e00  __stack                             
20200000  __start___llvm_prf_bits             
20200000  __start___llvm_prf_cnts             
20200000  __stop___llvm_prf_bits              
20200000  __stop___llvm_prf_cnts              
000018f5  __subdf3                            
000032b1  __subsf3                            
00003ef5  __udivmoddi4                        
000061c9  __unorddf2                          
0000437b  __unordsf2                          
000067ad  _c_int00_noargs                     
UNDEFED   _system_post_cinit                  
00007349  _system_pre_init                    
00007311  abort                               
00001c11  app_chassis_control_task            
00007259  app_chassis_get_encoder_driver      
000071ed  app_chassis_get_snapshot            
00002579  app_chassis_init                    
0000556d  app_chassis_line_task               
000053e5  app_control_scheduler_fetch         
00005ffd  app_control_scheduler_init          
00004031  app_control_scheduler_on_tick_isr   
00007265  app_imu_get_snapshot                
00004a2d  app_imu_init                        
00004b65  app_imu_task                        
000070e9  app_isr_set_encoder_driver          
00003531  app_turret_control_task             
00007271  app_turret_get_snapshot             
00004bc9  app_turret_init                     
00006919  app_turret_set_target               
00006bb1  app_ui_init                         
00002349  app_ui_refresh                      
00002461  atan2f                              
00001595  atanf                               
000058dd  atoi                                
ffffffff  binit                               
00006289  bsp_gpio_init                       
00004dbd  bsp_gpio_init_line_mux              
00006f61  bsp_gpio_read_encoder_left_a        
000070fd  bsp_gpio_read_encoder_left_b        
00006f79  bsp_gpio_read_encoder_right_a       
00007111  bsp_gpio_read_encoder_right_b       
00006f91  bsp_gpio_read_line_mux_out          
00006229  bsp_gpio_set_buzzer                 
000040c5  bsp_gpio_set_dir_output             
00006031  bsp_gpio_set_laser                  
00006065  bsp_gpio_set_led                    
000045a9  bsp_gpio_set_line_mux_address       
000062b7  bsp_gpio_set_motor_dir              
00006259  bsp_gpio_set_turret_dir             
00007125  bsp_gpio_toggle_led                 
000031d3  bsp_i2c_init                        
00002c75  bsp_i2c_mem_read                    
000044a3  bsp_i2c_mem_write                   
00005809  bsp_i2c_write_bytes                 
00005e41  bsp_pwm_init                        
00003775  bsp_pwm_set_motor_bridge            
00003829  bsp_pwm_set_step_frequency          
00006fa9  bsp_pwm_start_all                   
000055b9  bsp_pwm_stop_step                   
00004c91  bsp_uart_debug_irq_handler          
00005435  bsp_uart_debug_printf               
00005d15  bsp_uart_debug_write                
00006bcd  bsp_uart_debug_write_byte           
00005921  bsp_uart_enable_irqs                
000072e9  bsp_uart_get_k230_ringbuf           
000063f1  bsp_uart_init                       
00004cf5  bsp_uart_k230_irq_handler           
00004d59  encoder_driver_handle_gpio_interrupt
000059a9  encoder_driver_init                 
00004629  encoder_driver_update_speed         
00004ed9  frexp                               
00004ed9  frexpl                              
00006131  fusion6_init                        
00001d59  fusion6_update                      
2020099c  gPWM_MOTOR_RIGHTBackup              
20200824  gPWM_STEP_YAWBackup                 
202008e0  gTIMER_CTRL_1KHZBackup              
00000000  interruptVectors                    
000031d5  ldexp                               
000031d5  ldexpl                              
00004725  line_sensor_init                    
00002b7d  line_sensor_update                  
0000654f  lpf1_init                           
000050f5  lpf1_update                         
000071fd  main                                
00006891  memccpy                             
0000727d  motor_dc_get_output                 
00006735  motor_dc_init                       
00003dab  motor_dc_set_output                 
00002d65  mpu9250_calibrate_gyro_bias         
00002111  mpu9250_init                        
00004279  mpu9250_read_raw                    
00006c59  mpu9250_read_who_am_i               
00003389  mpu9250_update                      
0000675d  oled_clear                          
00003a45  oled_flush                          
0000345d  oled_init                           
000059e9  oled_printf                         
00006be9  oled_set_cursor                     
00006c05  oled_write_char                     
00006785  oled_write_str                      
00005ee9  pid_init                            
00004815  pid_reset                           
00001a87  pid_update                          
00006fd9  proto_k230_init                     
000030f3  proto_k230_process_ringbuf          
000036bd  proto_vofa_firewater_send           
00002a81  proto_vofa_firewater_send_named     
00005605  proto_vofa_firewater_send_packet    
00006849  ringbuf_init                        
0000701d  ringbuf_is_empty                    
00005965  ringbuf_pop_byte                    
00005651  ringbuf_push_byte                   
000031d5  scalbn                              
000031d5  scalbnl                             
000057c1  snprintf                            
00003af9  sqrtf                               
000065a3  stepper_enable                      
00006099  stepper_init                        
000068d5  stepper_set_speed                   
00006c3d  stepper_stop                        
00002e49  stepper_update                      
0000723b  strlen                              
00005a29  vsnprintf                           
0000720d  wcslen                              


GLOBAL SYMBOLS: SORTED BY Symbol Address 

address   name                                
-------   ----                                
00000000  __TI_ATRegion0_region_sz            
00000000  __TI_ATRegion0_src_addr             
00000000  __TI_ATRegion0_trg_addr             
00000000  __TI_ATRegion1_region_sz            
00000000  __TI_ATRegion1_src_addr             
00000000  __TI_ATRegion1_trg_addr             
00000000  __TI_ATRegion2_region_sz            
00000000  __TI_ATRegion2_src_addr             
00000000  __TI_ATRegion2_trg_addr             
00000000  __TI_static_base__                  
00000000  interruptVectors                    
000000c1  __TI_printfi                        
00000200  __STACK_SIZE                        
000011b9  SYSCFG_DL_GPIO_init                 
00001595  atanf                               
000018f5  __aeabi_dsub                        
000018f5  __subdf3                            
000018ff  __adddf3                            
000018ff  __aeabi_dadd                        
00001a87  pid_update                          
00001c11  app_chassis_control_task            
00001d59  fusion6_update                      
00002111  mpu9250_init                        
0000222d  __divdf3                            
00002347  __aeabi_idiv0                       
00002349  app_ui_refresh                      
00002461  atan2f                              
00002579  app_chassis_init                    
00002685  DL_Timer_initFourCCPWMMode          
00002889  DL_Timer_initTimerMode              
00002a81  proto_vofa_firewater_send_named     
00002b7d  line_sensor_update                  
00002c73  __aeabi_ldiv0                       
00002c75  bsp_i2c_mem_read                    
00002d65  mpu9250_calibrate_gyro_bias         
00002e49  stepper_update                      
00002f2d  __muldf3                            
000030f3  proto_k230_process_ringbuf          
000031d3  bsp_i2c_init                        
000031d5  ldexp                               
000031d5  ldexpl                              
000031d5  scalbn                              
000031d5  scalbnl                             
000032b1  __aeabi_fsub                        
000032b1  __subsf3                            
000032bb  __addsf3                            
000032bb  __aeabi_fadd                        
00003389  mpu9250_update                      
0000345d  oled_init                           
00003531  app_turret_control_task             
000035f9  SYSCFG_DL_initPower                 
000036bd  proto_vofa_firewater_send           
00003775  bsp_pwm_set_motor_bridge            
00003829  bsp_pwm_set_step_frequency          
00003a45  oled_flush                          
00003af9  sqrtf                               
00003dab  motor_dc_set_output                 
00003ef5  __udivmoddi4                        
00003f99  GROUP1_IRQHandler                   
00004031  app_control_scheduler_on_tick_isr   
000040c5  bsp_gpio_set_dir_output             
00004159  SYSCFG_DL_PWM_MOTOR_LEFT_init       
000041e9  SYSCFG_DL_PWM_MOTOR_RIGHT_init      
00004279  mpu9250_read_raw                    
00004305  __cmpsf2                            
00004305  __eqsf2                             
00004305  __lesf2                             
00004305  __ltsf2                             
00004305  __nesf2                             
0000433f  __gesf2                             
0000433f  __gtsf2                             
0000437b  __aeabi_fcmpun                      
0000437b  __unordsf2                          
00004391  __aeabi_fmul                        
00004391  __mulsf3                            
000044a3  bsp_i2c_mem_write                   
00004525  __aeabi_fdiv                        
00004525  __divsf3                            
000045a9  bsp_gpio_set_line_mux_address       
00004629  encoder_driver_update_speed         
000046a9  __TI_decompress_lzss                
00004725  line_sensor_init                    
000047a1  __gedf2                             
000047a1  __gtdf2                             
00004815  pid_reset                           
000048f5  SYSCFG_DL_PWM_STEP_PITCH_init       
0000495d  SYSCFG_DL_PWM_STEP_YAW_init         
000049c5  __cmpdf2                            
000049c5  __eqdf2                             
000049c5  __ledf2                             
000049c5  __ltdf2                             
000049c5  __nedf2                             
00004a2d  app_imu_init                        
00004b65  app_imu_task                        
00004bc9  app_turret_init                     
00004c91  bsp_uart_debug_irq_handler          
00004cf5  bsp_uart_k230_irq_handler           
00004d59  encoder_driver_handle_gpio_interrupt
00004dbd  bsp_gpio_init_line_mux              
00004e1d  DL_I2C_fillControllerTXFIFO         
00004ed9  frexp                               
00004ed9  frexpl                              
00004f35  __aeabi_dcmpeq                      
00004f47  __aeabi_dcmplt                      
00004f59  __aeabi_dcmple                      
00004f6b  __aeabi_dcmpge                      
00004f7d  __aeabi_dcmpgt                      
00004f91  __aeabi_fcmpeq                      
00004fa3  __aeabi_fcmplt                      
00004fb5  __aeabi_fcmple                      
00004fc7  __aeabi_fcmpge                      
00004fd9  __aeabi_fcmpgt                      
00004fed  SYSCFG_DL_I2C_SENSOR_BUS_init       
00005045  __TI_ltoa                           
000050f5  lpf1_update                         
0000514d  __aeabi_idiv                        
0000514d  __aeabi_idivmod                     
000051a5  SYSCFG_DL_UART_DEBUG_init           
00005395  SYSCFG_DL_init                      
000053e5  app_control_scheduler_fetch         
00005435  bsp_uart_debug_printf               
0000556d  app_chassis_line_task               
000055b9  bsp_pwm_stop_step                   
00005605  proto_vofa_firewater_send_packet    
00005651  ringbuf_push_byte                   
0000569d  __aeabi_d2iz                        
0000569d  __fixdfsi                           
000056e9  DL_UART_init                        
00005731  SYSCFG_DL_UART_K230_init            
000057c1  snprintf                            
00005809  bsp_i2c_write_bytes                 
000058dd  atoi                                
00005921  bsp_uart_enable_irqs                
00005965  ringbuf_pop_byte                    
000059a9  encoder_driver_init                 
000059e9  oled_printf                         
00005a29  vsnprintf                           
00005a69  __aeabi_uidiv                       
00005a69  __aeabi_uidivmod                    
00005aa9  __aeabi_f2d                         
00005aa9  __extendsfdf2                       
00005d15  bsp_uart_debug_write                
00005d51  __TI_auto_init_nobinit_nopinit      
00005d8d  __aeabi_i2f                         
00005d8d  __floatsisf                         
00005e05  __muldsi3                           
00005e41  bsp_pwm_init                        
00005ee9  pid_init                            
00005f91  __aeabi_f2iz                        
00005f91  __fixsfsi                           
00005fc9  SYSCFG_DL_TIMER_CTRL_1KHZ_init      
00005ffd  app_control_scheduler_init          
00006031  bsp_gpio_set_laser                  
00006065  bsp_gpio_set_led                    
00006099  stepper_init                        
00006131  fusion6_init                        
00006165  __aeabi_f2uiz                       
00006165  __fixunssfsi                        
00006199  DL_UART_transmitDataBlocking        
000061c9  __aeabi_dcmpun                      
000061c9  __unorddf2                          
00006229  bsp_gpio_set_buzzer                 
00006259  bsp_gpio_set_turret_dir             
00006289  bsp_gpio_init                       
000062b7  bsp_gpio_set_motor_dir              
000063f1  bsp_uart_init                       
000064f9  __aeabi_i2d                         
000064f9  __floatsidf                         
00006525  SYSCFG_DL_SYSCTL_init               
0000654f  lpf1_init                           
000065a3  stepper_enable                      
00006735  motor_dc_init                       
0000675d  oled_clear                          
00006785  oled_write_str                      
000067ad  _c_int00_noargs                     
000067d5  __aeabi_ui2f                        
000067d5  __floatunsisf                       
00006823  DL_I2C_setClockConfig               
00006849  ringbuf_init                        
0000686d  __aeabi_lmul                        
0000686d  __muldi3                            
00006891  memccpy                             
000068d5  stepper_set_speed                   
00006919  app_turret_set_target               
000069b5  __aeabi_llsl                        
000069b5  __ashldi3                           
00006b25  DL_Timer_setCaptCompUpdateMethod    
00006b41  DL_Timer_setClockConfig             
00006b95  TIMA1_IRQHandler                    
00006bb1  app_ui_init                         
00006bcd  bsp_uart_debug_write_byte           
00006be9  oled_set_cursor                     
00006c05  oled_write_char                     
00006c3d  stepper_stop                        
00006c59  mpu9250_read_who_am_i               
00006c75  __aeabi_memset                      
00006c75  __aeabi_memset4                     
00006c75  __aeabi_memset8                     
00006c83  __aeabi_memclr                      
00006c83  __aeabi_memclr4                     
00006c83  __aeabi_memclr8                     
00006e41  DL_Timer_setCaptureCompareOutCtl    
00006f61  bsp_gpio_read_encoder_left_a        
00006f79  bsp_gpio_read_encoder_right_a       
00006f91  bsp_gpio_read_line_mux_out          
00006fa9  bsp_pwm_start_all                   
00006fd9  proto_k230_init                     
0000701d  ringbuf_is_empty                    
000070e9  app_isr_set_encoder_driver          
000070fd  bsp_gpio_read_encoder_left_b        
00007111  bsp_gpio_read_encoder_right_b       
00007125  bsp_gpio_toggle_led                 
00007139  __aeabi_uldivmod                    
00007183  DL_UART_setClockConfig              
000071a7  TI_memcpy_small                     
000071b9  __TI_decompress_none                
000071dd  DL_Timer_setCaptureCompareValue     
000071ed  app_chassis_get_snapshot            
000071fd  main                                
0000720d  wcslen                              
0000721d  __TI_zero_init                      
0000723b  strlen                              
00007249  TI_memset_small                     
00007259  app_chassis_get_encoder_driver      
00007265  app_imu_get_snapshot                
00007271  app_turret_get_snapshot             
0000727d  motor_dc_get_output                 
00007289  DL_Common_delayCycles               
000072c1  UART0_IRQHandler                    
000072c9  UART2_IRQHandler                    
000072d1  __aeabi_ddiv                        
000072d9  __aeabi_dmul                        
000072e1  __aeabi_errno_addr                  
000072e9  bsp_uart_get_k230_ringbuf           
000072f1  __aeabi_memcpy                      
000072f1  __aeabi_memcpy4                     
000072f1  __aeabi_memcpy8                     
00007311  abort                               
00007317  ADC0_IRQHandler                     
00007317  ADC1_IRQHandler                     
00007317  AES_IRQHandler                      
00007317  CANFD0_IRQHandler                   
00007317  DAC0_IRQHandler                     
00007317  DMA_IRQHandler                      
00007317  Default_Handler                     
00007317  GROUP0_IRQHandler                   
00007317  HardFault_Handler                   
00007317  I2C0_IRQHandler                     
00007317  I2C1_IRQHandler                     
00007317  NMI_Handler                         
00007317  PendSV_Handler                      
00007317  RTC_IRQHandler                      
00007317  SPI0_IRQHandler                     
00007317  SPI1_IRQHandler                     
00007317  SVC_Handler                         
00007317  SysTick_Handler                     
00007317  TIMA0_IRQHandler                    
00007317  TIMG0_IRQHandler                    
00007317  TIMG12_IRQHandler                   
00007317  TIMG6_IRQHandler                    
00007317  TIMG7_IRQHandler                    
00007317  TIMG8_IRQHandler                    
00007317  UART1_IRQHandler                    
00007317  UART3_IRQHandler                    
0000731a  C$$EXIT                             
0000731b  HOSTexit                            
00007335  Reset_Handler                       
00007349  _system_pre_init                    
00007530  __aeabi_ctype_table_                
00007530  __aeabi_ctype_table_C               
00007930  __TI_Handler_Table_Base             
0000793c  __TI_Handler_Table_Limit            
0000794c  __TI_CINIT_Base                     
0000795c  __TI_CINIT_Limit                    
0000795c  __TI_CINIT_Warm                     
20200000  __start___llvm_prf_bits             
20200000  __start___llvm_prf_cnts             
20200000  __stop___llvm_prf_bits              
20200000  __stop___llvm_prf_cnts              
20200824  gPWM_STEP_YAWBackup                 
202008e0  gTIMER_CTRL_1KHZBackup              
2020099c  gPWM_MOTOR_RIGHTBackup              
20200b5c  __aeabi_errno                       
20207e00  __stack                             
20208000  __STACK_END                         
ffffffff  __TI_pprof_out_hndl                 
ffffffff  __TI_prof_data_size                 
ffffffff  __TI_prof_data_start                
ffffffff  __binit__                           
ffffffff  binit                               
UNDEFED   __mpu_init                          
UNDEFED   _system_post_cinit                  

[292 symbols]
