<?xml version="1.0" encoding="ISO-8859-1" ?>
<link_info>
   <banner>TI ARM Clang Linker PC v5.1.1.LTS</banner>
   <copyright>Copyright (c) 1996-2018 Texas Instruments Incorporated</copyright>
   <command_line>C:\ti\ccs2100\ccs\tools\compiler\ti-cgt-armllvm_5.1.1.LTS\bin\tiarmlnk -IC:\ti\ccs2100\ccs\tools\compiler\ti-cgt-armllvm_5.1.1.LTS\lib -o electric_competition_empty.out --cg_opt_level=0 -melectric_competition_empty.map -iD:/ccs/mspm0_sdk/mspm0_sdk_2_10_00_04/source -iD:/ccs/elelctric_competition/electric_competition_empty -iD:/ccs/elelctric_competition/electric_competition_empty/Debug/syscfg -iC:/ti/ccs2100/ccs/tools/compiler/ti-cgt-armllvm_5.1.1.LTS/lib --diag_wrap=off --display_error_number --warn_sections --xml_link_info=electric_competition_empty_linkInfo.xml --rom_model ./empty.o ./ti_msp_dl_config.o ./startup_mspm0g350x_ticlang.o ./algo/algo_filter.o ./algo/algo_fusion.o ./algo/algo_pid.o ./app/app_ball_control.o ./app/app_chassis.o ./app/app_control_scheduler.o ./app/app_imu.o ./app/app_isr.o ./app/app_mission.o ./app/app_turret.o ./app/app_ui.o ./bsp/bsp_adc.o ./bsp/bsp_gpio.o ./bsp/bsp_i2c.o ./bsp/bsp_operator_input.o ./bsp/bsp_pwm.o ./bsp/bsp_uart.o ./common/ringbuf.o ./common/soft_timer.o ./drivers/drv_abs_position.o ./drivers/drv_encoder_ab.o ./drivers/drv_line_sensor.o ./drivers/drv_motor_dc.o ./drivers/drv_mpu9250.o ./drivers/drv_oled_ssd1306.o ./drivers/drv_stepper.o ./protocol/proto_k230.o ./protocol/proto_vofa_firewater.o -l./device_linker.cmd -ldevice.cmd.genlibs -llibc.a --start-group -llibc++.a -llibc++abi.a -llibc.a -llibsys.a -llibsysbm.a -llibclang_rt.builtins.a -llibclang_rt.profile.a --end-group</command_line>
   <link_time>0x6a6d6812</link_time>
   <link_errors>0x0</link_errors>
   <output_file>D:\ccs\elelctric_competition\electric_competition_empty\Debug\electric_competition_empty.out</output_file>
   <entry_point>
      <name>_c_int00_noargs</name>
      <address>0x80b1</address>
   </entry_point>
   <input_file_list>
      <input_file id="fl-1">
         <path>D:\ccs\elelctric_competition\electric_competition_empty\Debug\.\</path>
         <kind>object</kind>
         <file>empty.o</file>
         <name>empty.o</name>
      </input_file>
      <input_file id="fl-2">
         <path>D:\ccs\elelctric_competition\electric_competition_empty\Debug\.\</path>
         <kind>object</kind>
         <file>ti_msp_dl_config.o</file>
         <name>ti_msp_dl_config.o</name>
      </input_file>
      <input_file id="fl-3">
         <path>D:\ccs\elelctric_competition\electric_competition_empty\Debug\.\</path>
         <kind>object</kind>
         <file>startup_mspm0g350x_ticlang.o</file>
         <name>startup_mspm0g350x_ticlang.o</name>
      </input_file>
      <input_file id="fl-4">
         <path>D:\ccs\elelctric_competition\electric_competition_empty\Debug\.\algo\</path>
         <kind>object</kind>
         <file>algo_filter.o</file>
         <name>algo_filter.o</name>
      </input_file>
      <input_file id="fl-5">
         <path>D:\ccs\elelctric_competition\electric_competition_empty\Debug\.\algo\</path>
         <kind>object</kind>
         <file>algo_fusion.o</file>
         <name>algo_fusion.o</name>
      </input_file>
      <input_file id="fl-6">
         <path>D:\ccs\elelctric_competition\electric_competition_empty\Debug\.\algo\</path>
         <kind>object</kind>
         <file>algo_pid.o</file>
         <name>algo_pid.o</name>
      </input_file>
      <input_file id="fl-7">
         <path>D:\ccs\elelctric_competition\electric_competition_empty\Debug\.\app\</path>
         <kind>object</kind>
         <file>app_ball_control.o</file>
         <name>app_ball_control.o</name>
      </input_file>
      <input_file id="fl-8">
         <path>D:\ccs\elelctric_competition\electric_competition_empty\Debug\.\app\</path>
         <kind>object</kind>
         <file>app_chassis.o</file>
         <name>app_chassis.o</name>
      </input_file>
      <input_file id="fl-9">
         <path>D:\ccs\elelctric_competition\electric_competition_empty\Debug\.\app\</path>
         <kind>object</kind>
         <file>app_control_scheduler.o</file>
         <name>app_control_scheduler.o</name>
      </input_file>
      <input_file id="fl-a">
         <path>D:\ccs\elelctric_competition\electric_competition_empty\Debug\.\app\</path>
         <kind>object</kind>
         <file>app_imu.o</file>
         <name>app_imu.o</name>
      </input_file>
      <input_file id="fl-b">
         <path>D:\ccs\elelctric_competition\electric_competition_empty\Debug\.\app\</path>
         <kind>object</kind>
         <file>app_isr.o</file>
         <name>app_isr.o</name>
      </input_file>
      <input_file id="fl-c">
         <path>D:\ccs\elelctric_competition\electric_competition_empty\Debug\.\app\</path>
         <kind>object</kind>
         <file>app_mission.o</file>
         <name>app_mission.o</name>
      </input_file>
      <input_file id="fl-d">
         <path>D:\ccs\elelctric_competition\electric_competition_empty\Debug\.\app\</path>
         <kind>object</kind>
         <file>app_turret.o</file>
         <name>app_turret.o</name>
      </input_file>
      <input_file id="fl-e">
         <path>D:\ccs\elelctric_competition\electric_competition_empty\Debug\.\app\</path>
         <kind>object</kind>
         <file>app_ui.o</file>
         <name>app_ui.o</name>
      </input_file>
      <input_file id="fl-f">
         <path>D:\ccs\elelctric_competition\electric_competition_empty\Debug\.\bsp\</path>
         <kind>object</kind>
         <file>bsp_adc.o</file>
         <name>bsp_adc.o</name>
      </input_file>
      <input_file id="fl-10">
         <path>D:\ccs\elelctric_competition\electric_competition_empty\Debug\.\bsp\</path>
         <kind>object</kind>
         <file>bsp_gpio.o</file>
         <name>bsp_gpio.o</name>
      </input_file>
      <input_file id="fl-11">
         <path>D:\ccs\elelctric_competition\electric_competition_empty\Debug\.\bsp\</path>
         <kind>object</kind>
         <file>bsp_i2c.o</file>
         <name>bsp_i2c.o</name>
      </input_file>
      <input_file id="fl-12">
         <path>D:\ccs\elelctric_competition\electric_competition_empty\Debug\.\bsp\</path>
         <kind>object</kind>
         <file>bsp_operator_input.o</file>
         <name>bsp_operator_input.o</name>
      </input_file>
      <input_file id="fl-13">
         <path>D:\ccs\elelctric_competition\electric_competition_empty\Debug\.\bsp\</path>
         <kind>object</kind>
         <file>bsp_pwm.o</file>
         <name>bsp_pwm.o</name>
      </input_file>
      <input_file id="fl-14">
         <path>D:\ccs\elelctric_competition\electric_competition_empty\Debug\.\bsp\</path>
         <kind>object</kind>
         <file>bsp_uart.o</file>
         <name>bsp_uart.o</name>
      </input_file>
      <input_file id="fl-15">
         <path>D:\ccs\elelctric_competition\electric_competition_empty\Debug\.\common\</path>
         <kind>object</kind>
         <file>ringbuf.o</file>
         <name>ringbuf.o</name>
      </input_file>
      <input_file id="fl-16">
         <path>D:\ccs\elelctric_competition\electric_competition_empty\Debug\.\common\</path>
         <kind>object</kind>
         <file>soft_timer.o</file>
         <name>soft_timer.o</name>
      </input_file>
      <input_file id="fl-17">
         <path>D:\ccs\elelctric_competition\electric_competition_empty\Debug\.\drivers\</path>
         <kind>object</kind>
         <file>drv_abs_position.o</file>
         <name>drv_abs_position.o</name>
      </input_file>
      <input_file id="fl-18">
         <path>D:\ccs\elelctric_competition\electric_competition_empty\Debug\.\drivers\</path>
         <kind>object</kind>
         <file>drv_encoder_ab.o</file>
         <name>drv_encoder_ab.o</name>
      </input_file>
      <input_file id="fl-19">
         <path>D:\ccs\elelctric_competition\electric_competition_empty\Debug\.\drivers\</path>
         <kind>object</kind>
         <file>drv_line_sensor.o</file>
         <name>drv_line_sensor.o</name>
      </input_file>
      <input_file id="fl-1a">
         <path>D:\ccs\elelctric_competition\electric_competition_empty\Debug\.\drivers\</path>
         <kind>object</kind>
         <file>drv_motor_dc.o</file>
         <name>drv_motor_dc.o</name>
      </input_file>
      <input_file id="fl-1b">
         <path>D:\ccs\elelctric_competition\electric_competition_empty\Debug\.\drivers\</path>
         <kind>object</kind>
         <file>drv_mpu9250.o</file>
         <name>drv_mpu9250.o</name>
      </input_file>
      <input_file id="fl-1c">
         <path>D:\ccs\elelctric_competition\electric_competition_empty\Debug\.\drivers\</path>
         <kind>object</kind>
         <file>drv_oled_ssd1306.o</file>
         <name>drv_oled_ssd1306.o</name>
      </input_file>
      <input_file id="fl-1d">
         <path>D:\ccs\elelctric_competition\electric_competition_empty\Debug\.\drivers\</path>
         <kind>object</kind>
         <file>drv_stepper.o</file>
         <name>drv_stepper.o</name>
      </input_file>
      <input_file id="fl-1e">
         <path>D:\ccs\elelctric_competition\electric_competition_empty\Debug\.\protocol\</path>
         <kind>object</kind>
         <file>proto_k230.o</file>
         <name>proto_k230.o</name>
      </input_file>
      <input_file id="fl-1f">
         <path>D:\ccs\elelctric_competition\electric_competition_empty\Debug\.\protocol\</path>
         <kind>object</kind>
         <file>proto_vofa_firewater.o</file>
         <name>proto_vofa_firewater.o</name>
      </input_file>
      <input_file id="fl-2c">
         <path>D:\ccs\elelctric_competition\electric_competition_empty\Debug\</path>
         <kind>object</kind>
         <file>&lt;internal&gt;</file>
         <name>&lt;internal&gt;</name>
      </input_file>
      <input_file id="fl-2d">
         <path>D:\ccs\mspm0_sdk\mspm0_sdk_2_10_00_04\source\ti\driverlib\lib\ticlang\m0p\mspm0g1x0x_g3x0x\</path>
         <kind>archive</kind>
         <file>driverlib.a</file>
         <name>dl_adc12.o</name>
      </input_file>
      <input_file id="fl-2e">
         <path>D:\ccs\mspm0_sdk\mspm0_sdk_2_10_00_04\source\ti\driverlib\lib\ticlang\m0p\mspm0g1x0x_g3x0x\</path>
         <kind>archive</kind>
         <file>driverlib.a</file>
         <name>dl_common.o</name>
      </input_file>
      <input_file id="fl-2f">
         <path>D:\ccs\mspm0_sdk\mspm0_sdk_2_10_00_04\source\ti\driverlib\lib\ticlang\m0p\mspm0g1x0x_g3x0x\</path>
         <kind>archive</kind>
         <file>driverlib.a</file>
         <name>dl_i2c.o</name>
      </input_file>
      <input_file id="fl-30">
         <path>D:\ccs\mspm0_sdk\mspm0_sdk_2_10_00_04\source\ti\driverlib\lib\ticlang\m0p\mspm0g1x0x_g3x0x\</path>
         <kind>archive</kind>
         <file>driverlib.a</file>
         <name>dl_spi.o</name>
      </input_file>
      <input_file id="fl-31">
         <path>D:\ccs\mspm0_sdk\mspm0_sdk_2_10_00_04\source\ti\driverlib\lib\ticlang\m0p\mspm0g1x0x_g3x0x\</path>
         <kind>archive</kind>
         <file>driverlib.a</file>
         <name>dl_timer.o</name>
      </input_file>
      <input_file id="fl-32">
         <path>D:\ccs\mspm0_sdk\mspm0_sdk_2_10_00_04\source\ti\driverlib\lib\ticlang\m0p\mspm0g1x0x_g3x0x\</path>
         <kind>archive</kind>
         <file>driverlib.a</file>
         <name>dl_uart.o</name>
      </input_file>
      <input_file id="fl-4f">
         <path>C:\ti\ccs2100\ccs\tools\compiler\ti-cgt-armllvm_5.1.1.LTS\lib\armv6m-ti-none-eabi\c\</path>
         <kind>archive</kind>
         <file>libc.a</file>
         <name>e_atan2f.c.obj</name>
      </input_file>
      <input_file id="fl-50">
         <path>C:\ti\ccs2100\ccs\tools\compiler\ti-cgt-armllvm_5.1.1.LTS\lib\armv6m-ti-none-eabi\c\</path>
         <kind>archive</kind>
         <file>libc.a</file>
         <name>e_sqrtf.c.obj</name>
      </input_file>
      <input_file id="fl-51">
         <path>C:\ti\ccs2100\ccs\tools\compiler\ti-cgt-armllvm_5.1.1.LTS\lib\armv6m-ti-none-eabi\c\</path>
         <kind>archive</kind>
         <file>libc.a</file>
         <name>s_atanf.c.obj</name>
      </input_file>
      <input_file id="fl-52">
         <path>C:\ti\ccs2100\ccs\tools\compiler\ti-cgt-armllvm_5.1.1.LTS\lib\armv6m-ti-none-eabi\c\</path>
         <kind>archive</kind>
         <file>libc.a</file>
         <name>snprintf.c.obj</name>
      </input_file>
      <input_file id="fl-53">
         <path>C:\ti\ccs2100\ccs\tools\compiler\ti-cgt-armllvm_5.1.1.LTS\lib\armv6m-ti-none-eabi\c\</path>
         <kind>archive</kind>
         <file>libc.a</file>
         <name>vsnprintf.c.obj</name>
      </input_file>
      <input_file id="fl-54">
         <path>C:\ti\ccs2100\ccs\tools\compiler\ti-cgt-armllvm_5.1.1.LTS\lib\armv6m-ti-none-eabi\c\</path>
         <kind>archive</kind>
         <file>libc.a</file>
         <name>aeabi_portable.c.obj</name>
      </input_file>
      <input_file id="fl-55">
         <path>C:\ti\ccs2100\ccs\tools\compiler\ti-cgt-armllvm_5.1.1.LTS\lib\armv6m-ti-none-eabi\c\</path>
         <kind>archive</kind>
         <file>libc.a</file>
         <name>assert.c.obj</name>
      </input_file>
      <input_file id="fl-56">
         <path>C:\ti\ccs2100\ccs\tools\compiler\ti-cgt-armllvm_5.1.1.LTS\lib\armv6m-ti-none-eabi\c\</path>
         <kind>archive</kind>
         <file>libc.a</file>
         <name>defs.c.obj</name>
      </input_file>
      <input_file id="fl-57">
         <path>C:\ti\ccs2100\ccs\tools\compiler\ti-cgt-armllvm_5.1.1.LTS\lib\armv6m-ti-none-eabi\c\</path>
         <kind>archive</kind>
         <file>libc.a</file>
         <name>memory.c.obj</name>
      </input_file>
      <input_file id="fl-58">
         <path>C:\ti\ccs2100\ccs\tools\compiler\ti-cgt-armllvm_5.1.1.LTS\lib\armv6m-ti-none-eabi\c\</path>
         <kind>archive</kind>
         <file>libc.a</file>
         <name>strlen.c.obj</name>
      </input_file>
      <input_file id="fl-59">
         <path>C:\ti\ccs2100\ccs\tools\compiler\ti-cgt-armllvm_5.1.1.LTS\lib\armv6m-ti-none-eabi\c\</path>
         <kind>archive</kind>
         <file>libc.a</file>
         <name>boot_cortex_m.c.obj</name>
      </input_file>
      <input_file id="fl-5a">
         <path>C:\ti\ccs2100\ccs\tools\compiler\ti-cgt-armllvm_5.1.1.LTS\lib\armv6m-ti-none-eabi\c\</path>
         <kind>archive</kind>
         <file>libc.a</file>
         <name>mathacl_init.c.obj</name>
      </input_file>
      <input_file id="fl-5b">
         <path>C:\ti\ccs2100\ccs\tools\compiler\ti-cgt-armllvm_5.1.1.LTS\lib\armv6m-ti-none-eabi\c\</path>
         <kind>archive</kind>
         <file>libc.a</file>
         <name>autoinit.c.obj</name>
      </input_file>
      <input_file id="fl-5c">
         <path>C:\ti\ccs2100\ccs\tools\compiler\ti-cgt-armllvm_5.1.1.LTS\lib\armv6m-ti-none-eabi\c\</path>
         <kind>archive</kind>
         <file>libc.a</file>
         <name>pre_init.c.obj</name>
      </input_file>
      <input_file id="fl-5d">
         <path>C:\ti\ccs2100\ccs\tools\compiler\ti-cgt-armllvm_5.1.1.LTS\lib\armv6m-ti-none-eabi\c\</path>
         <kind>archive</kind>
         <file>libc.a</file>
         <name>cpy_tbl.c.obj</name>
      </input_file>
      <input_file id="fl-5e">
         <path>C:\ti\ccs2100\ccs\tools\compiler\ti-cgt-armllvm_5.1.1.LTS\lib\armv6m-ti-none-eabi\c\</path>
         <kind>archive</kind>
         <file>libc.a</file>
         <name>copy_zero_init.c.obj</name>
      </input_file>
      <input_file id="fl-5f">
         <path>C:\ti\ccs2100\ccs\tools\compiler\ti-cgt-armllvm_5.1.1.LTS\lib\armv6m-ti-none-eabi\c\</path>
         <kind>archive</kind>
         <file>libc.a</file>
         <name>copy_decompress_none.c.obj</name>
      </input_file>
      <input_file id="fl-60">
         <path>C:\ti\ccs2100\ccs\tools\compiler\ti-cgt-armllvm_5.1.1.LTS\lib\armv6m-ti-none-eabi\c\</path>
         <kind>archive</kind>
         <file>libc.a</file>
         <name>copy_decompress_lzss.c.obj</name>
      </input_file>
      <input_file id="fl-61">
         <path>C:\ti\ccs2100\ccs\tools\compiler\ti-cgt-armllvm_5.1.1.LTS\lib\armv6m-ti-none-eabi\c\</path>
         <kind>archive</kind>
         <file>libc.a</file>
         <name>_printfi.c.obj</name>
      </input_file>
      <input_file id="fl-62">
         <path>C:\ti\ccs2100\ccs\tools\compiler\ti-cgt-armllvm_5.1.1.LTS\lib\armv6m-ti-none-eabi\c\</path>
         <kind>archive</kind>
         <file>libc.a</file>
         <name>sprintf.c.obj</name>
      </input_file>
      <input_file id="fl-63">
         <path>C:\ti\ccs2100\ccs\tools\compiler\ti-cgt-armllvm_5.1.1.LTS\lib\armv6m-ti-none-eabi\c\</path>
         <kind>archive</kind>
         <file>libc.a</file>
         <name>fflush.c.obj</name>
      </input_file>
      <input_file id="fl-64">
         <path>C:\ti\ccs2100\ccs\tools\compiler\ti-cgt-armllvm_5.1.1.LTS\lib\armv6m-ti-none-eabi\c\</path>
         <kind>archive</kind>
         <file>libc.a</file>
         <name>fputs.c.obj</name>
      </input_file>
      <input_file id="fl-65">
         <path>C:\ti\ccs2100\ccs\tools\compiler\ti-cgt-armllvm_5.1.1.LTS\lib\armv6m-ti-none-eabi\c\</path>
         <kind>archive</kind>
         <file>libc.a</file>
         <name>_io_perm.c.obj</name>
      </input_file>
      <input_file id="fl-66">
         <path>C:\ti\ccs2100\ccs\tools\compiler\ti-cgt-armllvm_5.1.1.LTS\lib\armv6m-ti-none-eabi\c\</path>
         <kind>archive</kind>
         <file>libc.a</file>
         <name>setvbuf.c.obj</name>
      </input_file>
      <input_file id="fl-67">
         <path>C:\ti\ccs2100\ccs\tools\compiler\ti-cgt-armllvm_5.1.1.LTS\lib\armv6m-ti-none-eabi\c\</path>
         <kind>archive</kind>
         <file>libc.a</file>
         <name>exit.c.obj</name>
      </input_file>
      <input_file id="fl-68">
         <path>C:\ti\ccs2100\ccs\tools\compiler\ti-cgt-armllvm_5.1.1.LTS\lib\armv6m-ti-none-eabi\c\</path>
         <kind>archive</kind>
         <file>libc.a</file>
         <name>_lock.c.obj</name>
      </input_file>
      <input_file id="fl-69">
         <path>C:\ti\ccs2100\ccs\tools\compiler\ti-cgt-armllvm_5.1.1.LTS\lib\armv6m-ti-none-eabi\c\</path>
         <kind>archive</kind>
         <file>libc.a</file>
         <name>_ltoa.c.obj</name>
      </input_file>
      <input_file id="fl-6a">
         <path>C:\ti\ccs2100\ccs\tools\compiler\ti-cgt-armllvm_5.1.1.LTS\lib\armv6m-ti-none-eabi\c\</path>
         <kind>archive</kind>
         <file>libc.a</file>
         <name>args_main.c.obj</name>
      </input_file>
      <input_file id="fl-6b">
         <path>C:\ti\ccs2100\ccs\tools\compiler\ti-cgt-armllvm_5.1.1.LTS\lib\armv6m-ti-none-eabi\c\</path>
         <kind>archive</kind>
         <file>libc.a</file>
         <name>atoi.c.obj</name>
      </input_file>
      <input_file id="fl-6c">
         <path>C:\ti\ccs2100\ccs\tools\compiler\ti-cgt-armllvm_5.1.1.LTS\lib\armv6m-ti-none-eabi\c\</path>
         <kind>archive</kind>
         <file>libc.a</file>
         <name>memccpy.c.obj</name>
      </input_file>
      <input_file id="fl-6d">
         <path>C:\ti\ccs2100\ccs\tools\compiler\ti-cgt-armllvm_5.1.1.LTS\lib\armv6m-ti-none-eabi\c\</path>
         <kind>archive</kind>
         <file>libc.a</file>
         <name>s_frexp.c.obj</name>
      </input_file>
      <input_file id="fl-6e">
         <path>C:\ti\ccs2100\ccs\tools\compiler\ti-cgt-armllvm_5.1.1.LTS\lib\armv6m-ti-none-eabi\c\</path>
         <kind>archive</kind>
         <file>libc.a</file>
         <name>s_scalbn.c.obj</name>
      </input_file>
      <input_file id="fl-6f">
         <path>C:\ti\ccs2100\ccs\tools\compiler\ti-cgt-armllvm_5.1.1.LTS\lib\armv6m-ti-none-eabi\c\</path>
         <kind>archive</kind>
         <file>libc.a</file>
         <name>wcslen.c.obj</name>
      </input_file>
      <input_file id="fl-70">
         <path>C:\ti\ccs2100\ccs\tools\compiler\ti-cgt-armllvm_5.1.1.LTS\lib\armv6m-ti-none-eabi\c\</path>
         <kind>archive</kind>
         <file>libc.a</file>
         <name>fopen.c.obj</name>
      </input_file>
      <input_file id="fl-71">
         <path>C:\ti\ccs2100\ccs\tools\compiler\ti-cgt-armllvm_5.1.1.LTS\lib\armv6m-ti-none-eabi\c\</path>
         <kind>archive</kind>
         <file>libc.a</file>
         <name>fseek.c.obj</name>
      </input_file>
      <input_file id="fl-72">
         <path>C:\ti\ccs2100\ccs\tools\compiler\ti-cgt-armllvm_5.1.1.LTS\lib\armv6m-ti-none-eabi\c\</path>
         <kind>archive</kind>
         <file>libc.a</file>
         <name>aeabi_ctype.S.obj</name>
      </input_file>
      <input_file id="fl-73">
         <path>C:\ti\ccs2100\ccs\tools\compiler\ti-cgt-armllvm_5.1.1.LTS\lib\armv6m-ti-none-eabi\c\</path>
         <kind>archive</kind>
         <file>libc.a</file>
         <name>fclose.c.obj</name>
      </input_file>
      <input_file id="fl-167">
         <path>C:\ti\ccs2100\ccs\tools\compiler\ti-cgt-armllvm_5.1.1.LTS\lib\armv6m-ti-none-eabi\c\</path>
         <kind>archive</kind>
         <file>libsysbm.a</file>
         <name>hostexit.c.obj</name>
      </input_file>
      <input_file id="fl-168">
         <path>C:\ti\ccs2100\ccs\tools\compiler\ti-cgt-armllvm_5.1.1.LTS\lib\armv6m-ti-none-eabi\c\</path>
         <kind>archive</kind>
         <file>libsysbm.a</file>
         <name>write.c.obj</name>
      </input_file>
      <input_file id="fl-169">
         <path>C:\ti\ccs2100\ccs\tools\compiler\ti-cgt-armllvm_5.1.1.LTS\lib\armv6m-ti-none-eabi\c\</path>
         <kind>archive</kind>
         <file>libsysbm.a</file>
         <name>host_device.c.obj</name>
      </input_file>
      <input_file id="fl-16a">
         <path>C:\ti\ccs2100\ccs\tools\compiler\ti-cgt-armllvm_5.1.1.LTS\lib\armv6m-ti-none-eabi\c\</path>
         <kind>archive</kind>
         <file>libsysbm.a</file>
         <name>remove.c.obj</name>
      </input_file>
      <input_file id="fl-16b">
         <path>C:\ti\ccs2100\ccs\tools\compiler\ti-cgt-armllvm_5.1.1.LTS\lib\armv6m-ti-none-eabi\c\</path>
         <kind>archive</kind>
         <file>libsysbm.a</file>
         <name>open.c.obj</name>
      </input_file>
      <input_file id="fl-16c">
         <path>C:\ti\ccs2100\ccs\tools\compiler\ti-cgt-armllvm_5.1.1.LTS\lib\armv6m-ti-none-eabi\c\</path>
         <kind>archive</kind>
         <file>libsysbm.a</file>
         <name>lseek.c.obj</name>
      </input_file>
      <input_file id="fl-16d">
         <path>C:\ti\ccs2100\ccs\tools\compiler\ti-cgt-armllvm_5.1.1.LTS\lib\armv6m-ti-none-eabi\c\</path>
         <kind>archive</kind>
         <file>libsysbm.a</file>
         <name>close.c.obj</name>
      </input_file>
      <input_file id="fl-16e">
         <path>C:\ti\ccs2100\ccs\tools\compiler\ti-cgt-armllvm_5.1.1.LTS\lib\armv6m-ti-none-eabi\c\</path>
         <kind>archive</kind>
         <file>libsysbm.a</file>
         <name>unlink.c.obj</name>
      </input_file>
      <input_file id="fl-16f">
         <path>C:\ti\ccs2100\ccs\tools\compiler\ti-cgt-armllvm_5.1.1.LTS\lib\armv6m-ti-none-eabi\c\</path>
         <kind>archive</kind>
         <file>libsysbm.a</file>
         <name>hostclose.c.obj</name>
      </input_file>
      <input_file id="fl-170">
         <path>C:\ti\ccs2100\ccs\tools\compiler\ti-cgt-armllvm_5.1.1.LTS\lib\armv6m-ti-none-eabi\c\</path>
         <kind>archive</kind>
         <file>libsysbm.a</file>
         <name>hostlseek.c.obj</name>
      </input_file>
      <input_file id="fl-171">
         <path>C:\ti\ccs2100\ccs\tools\compiler\ti-cgt-armllvm_5.1.1.LTS\lib\armv6m-ti-none-eabi\c\</path>
         <kind>archive</kind>
         <file>libsysbm.a</file>
         <name>hostopen.c.obj</name>
      </input_file>
      <input_file id="fl-172">
         <path>C:\ti\ccs2100\ccs\tools\compiler\ti-cgt-armllvm_5.1.1.LTS\lib\armv6m-ti-none-eabi\c\</path>
         <kind>archive</kind>
         <file>libsysbm.a</file>
         <name>hostread.c.obj</name>
      </input_file>
      <input_file id="fl-173">
         <path>C:\ti\ccs2100\ccs\tools\compiler\ti-cgt-armllvm_5.1.1.LTS\lib\armv6m-ti-none-eabi\c\</path>
         <kind>archive</kind>
         <file>libsysbm.a</file>
         <name>hostrename.c.obj</name>
      </input_file>
      <input_file id="fl-174">
         <path>C:\ti\ccs2100\ccs\tools\compiler\ti-cgt-armllvm_5.1.1.LTS\lib\armv6m-ti-none-eabi\c\</path>
         <kind>archive</kind>
         <file>libsysbm.a</file>
         <name>hostunlink.c.obj</name>
      </input_file>
      <input_file id="fl-175">
         <path>C:\ti\ccs2100\ccs\tools\compiler\ti-cgt-armllvm_5.1.1.LTS\lib\armv6m-ti-none-eabi\c\</path>
         <kind>archive</kind>
         <file>libsysbm.a</file>
         <name>hostwrite.c.obj</name>
      </input_file>
      <input_file id="fl-176">
         <path>C:\ti\ccs2100\ccs\tools\compiler\ti-cgt-armllvm_5.1.1.LTS\lib\armv6m-ti-none-eabi\c\</path>
         <kind>archive</kind>
         <file>libsysbm.a</file>
         <name>trgmsg.c.obj</name>
      </input_file>
      <input_file id="fl-177">
         <path>C:\ti\ccs2100\ccs\tools\compiler\ti-cgt-armllvm_5.1.1.LTS\lib\armv6m-ti-none-eabi\</path>
         <kind>archive</kind>
         <file>libclang_rt.builtins.a</file>
         <name>addsf3.S.obj</name>
      </input_file>
      <input_file id="fl-178">
         <path>C:\ti\ccs2100\ccs\tools\compiler\ti-cgt-armllvm_5.1.1.LTS\lib\armv6m-ti-none-eabi\</path>
         <kind>archive</kind>
         <file>libclang_rt.builtins.a</file>
         <name>adddf3.S.obj</name>
      </input_file>
      <input_file id="fl-179">
         <path>C:\ti\ccs2100\ccs\tools\compiler\ti-cgt-armllvm_5.1.1.LTS\lib\armv6m-ti-none-eabi\</path>
         <kind>archive</kind>
         <file>libclang_rt.builtins.a</file>
         <name>mulsf3.S.obj</name>
      </input_file>
      <input_file id="fl-17a">
         <path>C:\ti\ccs2100\ccs\tools\compiler\ti-cgt-armllvm_5.1.1.LTS\lib\armv6m-ti-none-eabi\</path>
         <kind>archive</kind>
         <file>libclang_rt.builtins.a</file>
         <name>divsf3.S.obj</name>
      </input_file>
      <input_file id="fl-17b">
         <path>C:\ti\ccs2100\ccs\tools\compiler\ti-cgt-armllvm_5.1.1.LTS\lib\armv6m-ti-none-eabi\</path>
         <kind>archive</kind>
         <file>libclang_rt.builtins.a</file>
         <name>extendsfdf2.S.obj</name>
      </input_file>
      <input_file id="fl-17c">
         <path>C:\ti\ccs2100\ccs\tools\compiler\ti-cgt-armllvm_5.1.1.LTS\lib\armv6m-ti-none-eabi\</path>
         <kind>archive</kind>
         <file>libclang_rt.builtins.a</file>
         <name>fixdfsi.S.obj</name>
      </input_file>
      <input_file id="fl-17d">
         <path>C:\ti\ccs2100\ccs\tools\compiler\ti-cgt-armllvm_5.1.1.LTS\lib\armv6m-ti-none-eabi\</path>
         <kind>archive</kind>
         <file>libclang_rt.builtins.a</file>
         <name>fixsfsi.S.obj</name>
      </input_file>
      <input_file id="fl-17e">
         <path>C:\ti\ccs2100\ccs\tools\compiler\ti-cgt-armllvm_5.1.1.LTS\lib\armv6m-ti-none-eabi\</path>
         <kind>archive</kind>
         <file>libclang_rt.builtins.a</file>
         <name>fixunssfsi.S.obj</name>
      </input_file>
      <input_file id="fl-17f">
         <path>C:\ti\ccs2100\ccs\tools\compiler\ti-cgt-armllvm_5.1.1.LTS\lib\armv6m-ti-none-eabi\</path>
         <kind>archive</kind>
         <file>libclang_rt.builtins.a</file>
         <name>floatsidf.S.obj</name>
      </input_file>
      <input_file id="fl-180">
         <path>C:\ti\ccs2100\ccs\tools\compiler\ti-cgt-armllvm_5.1.1.LTS\lib\armv6m-ti-none-eabi\</path>
         <kind>archive</kind>
         <file>libclang_rt.builtins.a</file>
         <name>floatsisf.S.obj</name>
      </input_file>
      <input_file id="fl-181">
         <path>C:\ti\ccs2100\ccs\tools\compiler\ti-cgt-armllvm_5.1.1.LTS\lib\armv6m-ti-none-eabi\</path>
         <kind>archive</kind>
         <file>libclang_rt.builtins.a</file>
         <name>floatunsisf.S.obj</name>
      </input_file>
      <input_file id="fl-182">
         <path>C:\ti\ccs2100\ccs\tools\compiler\ti-cgt-armllvm_5.1.1.LTS\lib\armv6m-ti-none-eabi\</path>
         <kind>archive</kind>
         <file>libclang_rt.builtins.a</file>
         <name>muldi3.S.obj</name>
      </input_file>
      <input_file id="fl-183">
         <path>C:\ti\ccs2100\ccs\tools\compiler\ti-cgt-armllvm_5.1.1.LTS\lib\armv6m-ti-none-eabi\</path>
         <kind>archive</kind>
         <file>libclang_rt.builtins.a</file>
         <name>comparedf2.c.obj</name>
      </input_file>
      <input_file id="fl-184">
         <path>C:\ti\ccs2100\ccs\tools\compiler\ti-cgt-armllvm_5.1.1.LTS\lib\armv6m-ti-none-eabi\</path>
         <kind>archive</kind>
         <file>libclang_rt.builtins.a</file>
         <name>aeabi_dcmp.S.obj</name>
      </input_file>
      <input_file id="fl-185">
         <path>C:\ti\ccs2100\ccs\tools\compiler\ti-cgt-armllvm_5.1.1.LTS\lib\armv6m-ti-none-eabi\</path>
         <kind>archive</kind>
         <file>libclang_rt.builtins.a</file>
         <name>aeabi_ddiv.c.obj</name>
      </input_file>
      <input_file id="fl-186">
         <path>C:\ti\ccs2100\ccs\tools\compiler\ti-cgt-armllvm_5.1.1.LTS\lib\armv6m-ti-none-eabi\</path>
         <kind>archive</kind>
         <file>libclang_rt.builtins.a</file>
         <name>aeabi_dmul.c.obj</name>
      </input_file>
      <input_file id="fl-187">
         <path>C:\ti\ccs2100\ccs\tools\compiler\ti-cgt-armllvm_5.1.1.LTS\lib\armv6m-ti-none-eabi\</path>
         <kind>archive</kind>
         <file>libclang_rt.builtins.a</file>
         <name>aeabi_fcmp.S.obj</name>
      </input_file>
      <input_file id="fl-188">
         <path>C:\ti\ccs2100\ccs\tools\compiler\ti-cgt-armllvm_5.1.1.LTS\lib\armv6m-ti-none-eabi\</path>
         <kind>archive</kind>
         <file>libclang_rt.builtins.a</file>
         <name>aeabi_idivmod.S.obj</name>
      </input_file>
      <input_file id="fl-189">
         <path>C:\ti\ccs2100\ccs\tools\compiler\ti-cgt-armllvm_5.1.1.LTS\lib\armv6m-ti-none-eabi\</path>
         <kind>archive</kind>
         <file>libclang_rt.builtins.a</file>
         <name>aeabi_uidivmod.S.obj</name>
      </input_file>
      <input_file id="fl-18a">
         <path>C:\ti\ccs2100\ccs\tools\compiler\ti-cgt-armllvm_5.1.1.LTS\lib\armv6m-ti-none-eabi\</path>
         <kind>archive</kind>
         <file>libclang_rt.builtins.a</file>
         <name>aeabi_uldivmod.S.obj</name>
      </input_file>
      <input_file id="fl-18b">
         <path>C:\ti\ccs2100\ccs\tools\compiler\ti-cgt-armllvm_5.1.1.LTS\lib\armv6m-ti-none-eabi\</path>
         <kind>archive</kind>
         <file>libclang_rt.builtins.a</file>
         <name>aeabi_memcpy.S.obj</name>
      </input_file>
      <input_file id="fl-18c">
         <path>C:\ti\ccs2100\ccs\tools\compiler\ti-cgt-armllvm_5.1.1.LTS\lib\armv6m-ti-none-eabi\</path>
         <kind>archive</kind>
         <file>libclang_rt.builtins.a</file>
         <name>aeabi_memset.S.obj</name>
      </input_file>
      <input_file id="fl-18d">
         <path>C:\ti\ccs2100\ccs\tools\compiler\ti-cgt-armllvm_5.1.1.LTS\lib\armv6m-ti-none-eabi\</path>
         <kind>archive</kind>
         <file>libclang_rt.builtins.a</file>
         <name>comparesf2.S.obj</name>
      </input_file>
      <input_file id="fl-18e">
         <path>C:\ti\ccs2100\ccs\tools\compiler\ti-cgt-armllvm_5.1.1.LTS\lib\armv6m-ti-none-eabi\</path>
         <kind>archive</kind>
         <file>libclang_rt.builtins.a</file>
         <name>udivmoddi4.S.obj</name>
      </input_file>
      <input_file id="fl-18f">
         <path>C:\ti\ccs2100\ccs\tools\compiler\ti-cgt-armllvm_5.1.1.LTS\lib\armv6m-ti-none-eabi\</path>
         <kind>archive</kind>
         <file>libclang_rt.builtins.a</file>
         <name>muldf3.S.obj</name>
      </input_file>
      <input_file id="fl-190">
         <path>C:\ti\ccs2100\ccs\tools\compiler\ti-cgt-armllvm_5.1.1.LTS\lib\armv6m-ti-none-eabi\</path>
         <kind>archive</kind>
         <file>libclang_rt.builtins.a</file>
         <name>muldsi3.S.obj</name>
      </input_file>
      <input_file id="fl-191">
         <path>C:\ti\ccs2100\ccs\tools\compiler\ti-cgt-armllvm_5.1.1.LTS\lib\armv6m-ti-none-eabi\</path>
         <kind>archive</kind>
         <file>libclang_rt.builtins.a</file>
         <name>ashldi3.S.obj</name>
      </input_file>
      <input_file id="fl-192">
         <path>C:\ti\ccs2100\ccs\tools\compiler\ti-cgt-armllvm_5.1.1.LTS\lib\armv6m-ti-none-eabi\</path>
         <kind>archive</kind>
         <file>libclang_rt.builtins.a</file>
         <name>divdf3.S.obj</name>
      </input_file>
      <input_file id="fl-193">
         <path>C:\ti\ccs2100\ccs\tools\compiler\ti-cgt-armllvm_5.1.1.LTS\lib\armv6m-ti-none-eabi\</path>
         <kind>archive</kind>
         <file>libclang_rt.builtins.a</file>
         <name>aeabi_div0.c.obj</name>
      </input_file>
      <input_file id="fl-194">
         <path>C:\ti\ccs2100\ccs\tools\compiler\ti-cgt-armllvm_5.1.1.LTS\lib\armv6m-ti-none-eabi\c\</path>
         <kind>archive</kind>
         <file>libc.a</file>
         <name>divdf3_fast.c.obj</name>
      </input_file>
      <input_file id="fl-195">
         <path>C:\ti\ccs2100\ccs\tools\compiler\ti-cgt-armllvm_5.1.1.LTS\lib\armv6m-ti-none-eabi\c\</path>
         <kind>archive</kind>
         <file>libc.a</file>
         <name>muldf3_fast.c.obj</name>
      </input_file>
      <input_file id="fl-196">
         <path>C:\ti\ccs2100\ccs\tools\compiler\ti-cgt-armllvm_5.1.1.LTS\lib\armv6m-ti-none-eabi\c\</path>
         <kind>archive</kind>
         <file>libc.a</file>
         <name>getdevice.c.obj</name>
      </input_file>
      <input_file id="fl-197">
         <path>C:\ti\ccs2100\ccs\tools\compiler\ti-cgt-armllvm_5.1.1.LTS\lib\armv6m-ti-none-eabi\c\</path>
         <kind>archive</kind>
         <file>libc.a</file>
         <name>memcpy16.S.obj</name>
      </input_file>
      <input_file id="fl-198">
         <path>C:\ti\ccs2100\ccs\tools\compiler\ti-cgt-armllvm_5.1.1.LTS\lib\armv6m-ti-none-eabi\c\</path>
         <kind>archive</kind>
         <file>libc.a</file>
         <name>memset16.S.obj</name>
      </input_file>
      <input_file id="fl-199">
         <path>C:\ti\ccs2100\ccs\tools\compiler\ti-cgt-armllvm_5.1.1.LTS\lib\armv6m-ti-none-eabi\c\</path>
         <kind>archive</kind>
         <file>libc.a</file>
         <name>strcmp-armv6m.S.obj</name>
      </input_file>
   </input_file_list>
   <object_component_list>
      <object_component id="oc-18">
         <name>.intvecs</name>
         <load_address>0x0</load_address>
         <readonly>true</readonly>
         <run_address>0x0</run_address>
         <size>0xc0</size>
         <alignment>0x4</alignment>
         <input_file_ref idref="fl-3"/>
      </object_component>
      <object_component id="oc-361">
         <name>.text:__TI_printfi</name>
         <load_address>0xc0</load_address>
         <readonly>true</readonly>
         <executable>true</executable>
         <run_address>0xc0</run_address>
         <size>0xa7c</size>
         <alignment>0x4</alignment>
         <input_file_ref idref="fl-61"/>
      </object_component>
      <object_component id="oc-221">
         <name>.text.app_ball_control_outer_task</name>
         <load_address>0xb3c</load_address>
         <readonly>true</readonly>
         <executable>true</executable>
         <run_address>0xb3c</run_address>
         <size>0x450</size>
         <alignment>0x4</alignment>
         <input_file_ref idref="fl-7"/>
      </object_component>
      <object_component id="oc-141">
         <name>.text.app_chassis_control_task</name>
         <load_address>0xf8c</load_address>
         <readonly>true</readonly>
         <executable>true</executable>
         <run_address>0xf8c</run_address>
         <size>0x2f4</size>
         <alignment>0x4</alignment>
         <input_file_ref idref="fl-8"/>
      </object_component>
      <object_component id="oc-135">
         <name>.text.app_chassis_line_task</name>
         <load_address>0x1280</load_address>
         <readonly>true</readonly>
         <executable>true</executable>
         <run_address>0x1280</run_address>
         <size>0x238</size>
         <alignment>0x4</alignment>
         <input_file_ref idref="fl-8"/>
      </object_component>
      <object_component id="oc-be">
         <name>.text.run_vehicle_app</name>
         <load_address>0x14b8</load_address>
         <readonly>true</readonly>
         <executable>true</executable>
         <run_address>0x14b8</run_address>
         <size>0x230</size>
         <alignment>0x4</alignment>
         <input_file_ref idref="fl-1"/>
      </object_component>
      <object_component id="oc-388">
         <name>.text._pconv_a</name>
         <load_address>0x16e8</load_address>
         <readonly>true</readonly>
         <executable>true</executable>
         <run_address>0x16e8</run_address>
         <size>0x20c</size>
         <alignment>0x4</alignment>
         <input_file_ref idref="fl-61"/>
      </object_component>
      <object_component id="oc-165">
         <name>.text.SYSCFG_DL_GPIO_init</name>
         <load_address>0x18f4</load_address>
         <readonly>true</readonly>
         <executable>true</executable>
         <run_address>0x18f4</run_address>
         <size>0x208</size>
         <alignment>0x4</alignment>
         <input_file_ref idref="fl-2"/>
      </object_component>
      <object_component id="oc-138">
         <name>.text.app_mission_task</name>
         <load_address>0x1afc</load_address>
         <readonly>true</readonly>
         <executable>true</executable>
         <run_address>0x1afc</run_address>
         <size>0x1e4</size>
         <alignment>0x4</alignment>
         <input_file_ref idref="fl-c"/>
      </object_component>
      <object_component id="oc-389">
         <name>.text._pconv_g</name>
         <load_address>0x1ce0</load_address>
         <readonly>true</readonly>
         <executable>true</executable>
         <run_address>0x1ce0</run_address>
         <size>0x1e0</size>
         <alignment>0x4</alignment>
         <input_file_ref idref="fl-61"/>
      </object_component>
      <object_component id="oc-325">
         <name>.text.atanf</name>
         <load_address>0x1ec0</load_address>
         <readonly>true</readonly>
         <executable>true</executable>
         <run_address>0x1ec0</run_address>
         <size>0x1c8</size>
         <alignment>0x4</alignment>
         <input_file_ref idref="fl-51"/>
      </object_component>
      <object_component id="oc-2e6">
         <name>.text.ball_static_motion_update</name>
         <load_address>0x2088</load_address>
         <readonly>true</readonly>
         <executable>true</executable>
         <run_address>0x2088</run_address>
         <size>0x194</size>
         <alignment>0x4</alignment>
         <input_file_ref idref="fl-7"/>
      </object_component>
      <object_component id="oc-3b6">
         <name>.text</name>
         <load_address>0x221c</load_address>
         <readonly>true</readonly>
         <executable>true</executable>
         <run_address>0x221c</run_address>
         <size>0x192</size>
         <alignment>0x4</alignment>
         <input_file_ref idref="fl-178"/>
      </object_component>
      <object_component id="oc-231">
         <name>.text.pid_update</name>
         <load_address>0x23ae</load_address>
         <readonly>true</readonly>
         <executable>true</executable>
         <run_address>0x23ae</run_address>
         <size>0x18a</size>
         <alignment>0x2</alignment>
         <input_file_ref idref="fl-6"/>
      </object_component>
      <object_component id="oc-20f">
         <name>.text.proto_k230_parse_ball_report</name>
         <load_address>0x2538</load_address>
         <readonly>true</readonly>
         <executable>true</executable>
         <run_address>0x2538</run_address>
         <size>0x170</size>
         <alignment>0x2</alignment>
         <input_file_ref idref="fl-1e"/>
      </object_component>
      <object_component id="oc-243">
         <name>.text.oled_flush_async_process</name>
         <load_address>0x26a8</load_address>
         <readonly>true</readonly>
         <executable>true</executable>
         <run_address>0x26a8</run_address>
         <size>0x168</size>
         <alignment>0x4</alignment>
         <input_file_ref idref="fl-1c"/>
      </object_component>
      <object_component id="oc-133">
         <name>.text.proto_k230_process_ringbuf</name>
         <load_address>0x2810</load_address>
         <readonly>true</readonly>
         <executable>true</executable>
         <run_address>0x2810</run_address>
         <size>0x154</size>
         <alignment>0x2</alignment>
         <input_file_ref idref="fl-1e"/>
      </object_component>
      <object_component id="oc-238">
         <name>.text.stepper_update</name>
         <load_address>0x2964</load_address>
         <readonly>true</readonly>
         <executable>true</executable>
         <run_address>0x2964</run_address>
         <size>0x14e</size>
         <alignment>0x2</alignment>
         <input_file_ref idref="fl-1d"/>
      </object_component>
      <object_component id="oc-300">
         <name>.text.__aeabi_idiv0</name>
         <load_address>0x2ab2</load_address>
         <readonly>true</readonly>
         <executable>true</executable>
         <run_address>0x2ab2</run_address>
         <size>0x2</size>
         <alignment>0x2</alignment>
         <input_file_ref idref="fl-193"/>
      </object_component>
      <object_component id="oc-21d">
         <name>.text.fusion6_update</name>
         <load_address>0x2ab4</load_address>
         <readonly>true</readonly>
         <executable>true</executable>
         <run_address>0x2ab4</run_address>
         <size>0x148</size>
         <alignment>0x4</alignment>
         <input_file_ref idref="fl-5"/>
      </object_component>
      <object_component id="oc-3c1">
         <name>.text.fcvt</name>
         <load_address>0x2bfc</load_address>
         <readonly>true</readonly>
         <executable>true</executable>
         <run_address>0x2bfc</run_address>
         <size>0x138</size>
         <alignment>0x4</alignment>
         <input_file_ref idref="fl-61"/>
      </object_component>
      <object_component id="oc-202">
         <name>.text.abs_position_update_pwm</name>
         <load_address>0x2d34</load_address>
         <readonly>true</readonly>
         <executable>true</executable>
         <run_address>0x2d34</run_address>
         <size>0x12c</size>
         <alignment>0x4</alignment>
         <input_file_ref idref="fl-17"/>
      </object_component>
      <object_component id="oc-136">
         <name>.text.app_imu_task</name>
         <load_address>0x2e60</load_address>
         <readonly>true</readonly>
         <executable>true</executable>
         <run_address>0x2e60</run_address>
         <size>0x124</size>
         <alignment>0x4</alignment>
         <input_file_ref idref="fl-a"/>
      </object_component>
      <object_component id="oc-3f9">
         <name>.text</name>
         <load_address>0x2f84</load_address>
         <readonly>true</readonly>
         <executable>true</executable>
         <run_address>0x2f84</run_address>
         <size>0x11a</size>
         <alignment>0x4</alignment>
         <input_file_ref idref="fl-192"/>
      </object_component>
      <object_component id="oc-3c3">
         <name>.text.__aeabi_ldiv0</name>
         <load_address>0x309e</load_address>
         <readonly>true</readonly>
         <executable>true</executable>
         <run_address>0x309e</run_address>
         <size>0x2</size>
         <alignment>0x2</alignment>
         <input_file_ref idref="fl-193"/>
      </object_component>
      <object_component id="oc-2da">
         <name>.text.atan2f</name>
         <load_address>0x30a0</load_address>
         <readonly>true</readonly>
         <executable>true</executable>
         <run_address>0x30a0</run_address>
         <size>0x118</size>
         <alignment>0x4</alignment>
         <input_file_ref idref="fl-4f"/>
      </object_component>
      <object_component id="oc-34e">
         <name>.text.bsp_i2c_write_raw</name>
         <load_address>0x31b8</load_address>
         <readonly>true</readonly>
         <executable>true</executable>
         <run_address>0x31b8</run_address>
         <size>0x118</size>
         <alignment>0x4</alignment>
         <input_file_ref idref="fl-11"/>
      </object_component>
      <object_component id="oc-10f">
         <name>.text.app_chassis_init</name>
         <load_address>0x32d0</load_address>
         <readonly>true</readonly>
         <executable>true</executable>
         <run_address>0x32d0</run_address>
         <size>0x108</size>
         <alignment>0x4</alignment>
         <input_file_ref idref="fl-8"/>
      </object_component>
      <object_component id="oc-26a">
         <name>.text.DL_Timer_initFourCCPWMMode</name>
         <load_address>0x33d8</load_address>
         <readonly>true</readonly>
         <executable>true</executable>
         <run_address>0x33d8</run_address>
         <size>0x104</size>
         <alignment>0x4</alignment>
         <input_file_ref idref="fl-31"/>
      </object_component>
      <object_component id="oc-321">
         <name>.text.oled_flush_pages</name>
         <load_address>0x34dc</load_address>
         <readonly>true</readonly>
         <executable>true</executable>
         <run_address>0x34dc</run_address>
         <size>0x102</size>
         <alignment>0x2</alignment>
         <input_file_ref idref="fl-1c"/>
      </object_component>
      <object_component id="oc-100">
         <name>.text.bsp_i2c_init</name>
         <load_address>0x35de</load_address>
         <readonly>true</readonly>
         <executable>true</executable>
         <run_address>0x35de</run_address>
         <size>0x2</size>
         <alignment>0x2</alignment>
         <input_file_ref idref="fl-11"/>
      </object_component>
      <object_component id="oc-27b">
         <name>.text.DL_Timer_initTimerMode</name>
         <load_address>0x35e0</load_address>
         <readonly>true</readonly>
         <executable>true</executable>
         <run_address>0x35e0</run_address>
         <size>0xfc</size>
         <alignment>0x4</alignment>
         <input_file_ref idref="fl-31"/>
      </object_component>
      <object_component id="oc-38b">
         <name>.text._pconv_e</name>
         <load_address>0x36dc</load_address>
         <readonly>true</readonly>
         <executable>true</executable>
         <run_address>0x36dc</run_address>
         <size>0xfc</size>
         <alignment>0x4</alignment>
         <input_file_ref idref="fl-61"/>
      </object_component>
      <object_component id="oc-217">
         <name>.text.line_sensor_update</name>
         <load_address>0x37d8</load_address>
         <readonly>true</readonly>
         <executable>true</executable>
         <run_address>0x37d8</run_address>
         <size>0xf6</size>
         <alignment>0x2</alignment>
         <input_file_ref idref="fl-19"/>
      </object_component>
      <object_component id="oc-134">
         <name>.text.app_ball_control_set_vision</name>
         <load_address>0x38d0</load_address>
         <readonly>true</readonly>
         <executable>true</executable>
         <run_address>0x38d0</run_address>
         <size>0xf4</size>
         <alignment>0x4</alignment>
         <input_file_ref idref="fl-7"/>
      </object_component>
      <object_component id="oc-1d4">
         <name>.text.mpu9250_init</name>
         <load_address>0x39c4</load_address>
         <readonly>true</readonly>
         <executable>true</executable>
         <run_address>0x39c4</run_address>
         <size>0xf4</size>
         <alignment>0x4</alignment>
         <input_file_ref idref="fl-1b"/>
      </object_component>
      <object_component id="oc-2eb">
         <name>.text.ball_observer_correct_and_predict</name>
         <load_address>0x3ab8</load_address>
         <readonly>true</readonly>
         <executable>true</executable>
         <run_address>0x3ab8</run_address>
         <size>0xf0</size>
         <alignment>0x4</alignment>
         <input_file_ref idref="fl-7"/>
      </object_component>
      <object_component id="oc-142">
         <name>.text.app_ball_control_inner_task</name>
         <load_address>0x3ba8</load_address>
         <readonly>true</readonly>
         <executable>true</executable>
         <run_address>0x3ba8</run_address>
         <size>0xec</size>
         <alignment>0x4</alignment>
         <input_file_ref idref="fl-7"/>
      </object_component>
      <object_component id="oc-1da">
         <name>.text.mpu9250_calibrate_gyro_bias</name>
         <load_address>0x3c94</load_address>
         <readonly>true</readonly>
         <executable>true</executable>
         <run_address>0x3c94</run_address>
         <size>0xe4</size>
         <alignment>0x2</alignment>
         <input_file_ref idref="fl-1b"/>
      </object_component>
      <object_component id="oc-3ef">
         <name>.text</name>
         <load_address>0x3d78</load_address>
         <readonly>true</readonly>
         <executable>true</executable>
         <run_address>0x3d78</run_address>
         <size>0xe4</size>
         <alignment>0x4</alignment>
         <input_file_ref idref="fl-18f"/>
      </object_component>
      <object_component id="oc-277">
         <name>.text.DL_Timer_initCaptureCombinedMode</name>
         <load_address>0x3e5c</load_address>
         <readonly>true</readonly>
         <executable>true</executable>
         <run_address>0x3e5c</run_address>
         <size>0xe0</size>
         <alignment>0x4</alignment>
         <input_file_ref idref="fl-31"/>
      </object_component>
      <object_component id="oc-30e">
         <name>.text.app_ui_draw_big_digit</name>
         <load_address>0x3f3c</load_address>
         <readonly>true</readonly>
         <executable>true</executable>
         <run_address>0x3f3c</run_address>
         <size>0xe0</size>
         <alignment>0x4</alignment>
         <input_file_ref idref="fl-e"/>
      </object_component>
      <object_component id="oc-3a6">
         <name>.text.scalbn</name>
         <load_address>0x401c</load_address>
         <readonly>true</readonly>
         <executable>true</executable>
         <run_address>0x401c</run_address>
         <size>0xdc</size>
         <alignment>0x4</alignment>
         <input_file_ref idref="fl-6e"/>
      </object_component>
      <object_component id="oc-203">
         <name>.text</name>
         <load_address>0x40f8</load_address>
         <readonly>true</readonly>
         <executable>true</executable>
         <run_address>0x40f8</run_address>
         <size>0xd8</size>
         <alignment>0x4</alignment>
         <input_file_ref idref="fl-177"/>
      </object_component>
      <object_component id="oc-2bf">
         <name>.text.bsp_spi_imu_read</name>
         <load_address>0x41d0</load_address>
         <readonly>true</readonly>
         <executable>true</executable>
         <run_address>0x41d0</run_address>
         <size>0xd4</size>
         <alignment>0x4</alignment>
         <input_file_ref idref="fl-11"/>
      </object_component>
      <object_component id="oc-21c">
         <name>.text.mpu9250_update</name>
         <load_address>0x42a4</load_address>
         <readonly>true</readonly>
         <executable>true</executable>
         <run_address>0x42a4</run_address>
         <size>0xd4</size>
         <alignment>0x2</alignment>
         <input_file_ref idref="fl-1b"/>
      </object_component>
      <object_component id="oc-1f6">
         <name>.text.oled_init</name>
         <load_address>0x4378</load_address>
         <readonly>true</readonly>
         <executable>true</executable>
         <run_address>0x4378</run_address>
         <size>0xd4</size>
         <alignment>0x4</alignment>
         <input_file_ref idref="fl-1c"/>
      </object_component>
      <object_component id="oc-21e">
         <name>.text.app_imu_is_stationary</name>
         <load_address>0x444c</load_address>
         <readonly>true</readonly>
         <executable>true</executable>
         <run_address>0x444c</run_address>
         <size>0xc8</size>
         <alignment>0x4</alignment>
         <input_file_ref idref="fl-a"/>
      </object_component>
      <object_component id="oc-164">
         <name>.text.SYSCFG_DL_initPower</name>
         <load_address>0x4514</load_address>
         <readonly>true</readonly>
         <executable>true</executable>
         <run_address>0x4514</run_address>
         <size>0xc4</size>
         <alignment>0x4</alignment>
         <input_file_ref idref="fl-2"/>
      </object_component>
      <object_component id="oc-74">
         <name>.text.bsp_operator_input_capture_irq_handler</name>
         <load_address>0x45d8</load_address>
         <readonly>true</readonly>
         <executable>true</executable>
         <run_address>0x45d8</run_address>
         <size>0xc4</size>
         <alignment>0x4</alignment>
         <input_file_ref idref="fl-12"/>
      </object_component>
      <object_component id="oc-2bc">
         <name>.text.bsp_spi_imu_write</name>
         <load_address>0x469c</load_address>
         <readonly>true</readonly>
         <executable>true</executable>
         <run_address>0x469c</run_address>
         <size>0xb8</size>
         <alignment>0x2</alignment>
         <input_file_ref idref="fl-11"/>
      </object_component>
      <object_component id="oc-184">
         <name>.text.bsp_pwm_set_motor_bridge</name>
         <load_address>0x4754</load_address>
         <readonly>true</readonly>
         <executable>true</executable>
         <run_address>0x4754</run_address>
         <size>0xb4</size>
         <alignment>0x4</alignment>
         <input_file_ref idref="fl-13"/>
      </object_component>
      <object_component id="oc-2ff">
         <name>.text.bsp_pwm_set_step_frequency</name>
         <load_address>0x4808</load_address>
         <readonly>true</readonly>
         <executable>true</executable>
         <run_address>0x4808</run_address>
         <size>0xb4</size>
         <alignment>0x4</alignment>
         <input_file_ref idref="fl-13"/>
      </object_component>
      <object_component id="oc-2de">
         <name>.text.sqrtf</name>
         <load_address>0x48bc</load_address>
         <readonly>true</readonly>
         <executable>true</executable>
         <run_address>0x48bc</run_address>
         <size>0xb4</size>
         <alignment>0x4</alignment>
         <input_file_ref idref="fl-50"/>
      </object_component>
      <object_component id="oc-2c5">
         <name>.text.app_chassis_set_enabled</name>
         <load_address>0x4970</load_address>
         <readonly>true</readonly>
         <executable>true</executable>
         <run_address>0x4970</run_address>
         <size>0xb0</size>
         <alignment>0x4</alignment>
         <input_file_ref idref="fl-8"/>
      </object_component>
      <object_component id="oc-105">
         <name>.text.bsp_spi_imu_init</name>
         <load_address>0x4a20</load_address>
         <readonly>true</readonly>
         <executable>true</executable>
         <run_address>0x4a20</run_address>
         <size>0xb0</size>
         <alignment>0x4</alignment>
         <input_file_ref idref="fl-11"/>
      </object_component>
      <object_component id="oc-132">
         <name>.text.app_ball_control_set_actuator_pwm</name>
         <load_address>0x4ad0</load_address>
         <readonly>true</readonly>
         <executable>true</executable>
         <run_address>0x4ad0</run_address>
         <size>0xac</size>
         <alignment>0x4</alignment>
         <input_file_ref idref="fl-7"/>
      </object_component>
      <object_component id="oc-362">
         <name>.text.oled_draw_glyph</name>
         <load_address>0x4b7c</load_address>
         <readonly>true</readonly>
         <executable>true</executable>
         <run_address>0x4b7c</run_address>
         <size>0xac</size>
         <alignment>0x4</alignment>
         <input_file_ref idref="fl-1c"/>
      </object_component>
      <object_component id="oc-311">
         <name>.text.bsp_i2c_async_poll_write</name>
         <load_address>0x4c28</load_address>
         <readonly>true</readonly>
         <executable>true</executable>
         <run_address>0x4c28</run_address>
         <size>0xa8</size>
         <alignment>0x4</alignment>
         <input_file_ref idref="fl-11"/>
      </object_component>
      <object_component id="oc-9f">
         <name>.text.bsp_uart_clear_error_interrupt</name>
         <load_address>0x4cd0</load_address>
         <readonly>true</readonly>
         <executable>true</executable>
         <run_address>0x4cd0</run_address>
         <size>0xa6</size>
         <alignment>0x4</alignment>
         <input_file_ref idref="fl-14"/>
      </object_component>
      <object_component id="oc-234">
         <name>.text.motor_dc_set_output</name>
         <load_address>0x4d76</load_address>
         <readonly>true</readonly>
         <executable>true</executable>
         <run_address>0x4d76</run_address>
         <size>0xa6</size>
         <alignment>0x2</alignment>
         <input_file_ref idref="fl-1a"/>
      </object_component>
      <object_component id="oc-337">
         <name>.text.ball_observer_predict</name>
         <load_address>0x4e1c</load_address>
         <readonly>true</readonly>
         <executable>true</executable>
         <run_address>0x4e1c</run_address>
         <size>0xa4</size>
         <alignment>0x4</alignment>
         <input_file_ref idref="fl-7"/>
      </object_component>
      <object_component id="oc-2f7">
         <name>.text.pid_compute_derivative</name>
         <load_address>0x4ec0</load_address>
         <readonly>true</readonly>
         <executable>true</executable>
         <run_address>0x4ec0</run_address>
         <size>0xa2</size>
         <alignment>0x2</alignment>
         <input_file_ref idref="fl-6"/>
      </object_component>
      <object_component id="oc-398">
         <name>.text</name>
         <load_address>0x4f64</load_address>
         <readonly>true</readonly>
         <executable>true</executable>
         <run_address>0x4f64</run_address>
         <size>0xa2</size>
         <alignment>0x4</alignment>
         <input_file_ref idref="fl-18e"/>
      </object_component>
      <object_component id="oc-34">
         <name>.text.GROUP1_IRQHandler</name>
         <load_address>0x5008</load_address>
         <readonly>true</readonly>
         <executable>true</executable>
         <run_address>0x5008</run_address>
         <size>0xa0</size>
         <alignment>0x4</alignment>
         <input_file_ref idref="fl-b"/>
      </object_component>
      <object_component id="oc-312">
         <name>.text.bsp_i2c_async_start_write</name>
         <load_address>0x50a8</load_address>
         <readonly>true</readonly>
         <executable>true</executable>
         <run_address>0x50a8</run_address>
         <size>0x9c</size>
         <alignment>0x4</alignment>
         <input_file_ref idref="fl-11"/>
      </object_component>
      <object_component id="oc-31d">
         <name>.text.bsp_spi_imu_exchange</name>
         <load_address>0x5144</load_address>
         <readonly>true</readonly>
         <executable>true</executable>
         <run_address>0x5144</run_address>
         <size>0x9c</size>
         <alignment>0x4</alignment>
         <input_file_ref idref="fl-11"/>
      </object_component>
      <object_component id="oc-20e">
         <name>.text.proto_k230_crc16_ccitt_false</name>
         <load_address>0x51e0</load_address>
         <readonly>true</readonly>
         <executable>true</executable>
         <run_address>0x51e0</run_address>
         <size>0x9c</size>
         <alignment>0x4</alignment>
         <input_file_ref idref="fl-1e"/>
      </object_component>
      <object_component id="oc-2c6">
         <name>.text.app_ball_control_set_enabled</name>
         <load_address>0x527c</load_address>
         <readonly>true</readonly>
         <executable>true</executable>
         <run_address>0x527c</run_address>
         <size>0x98</size>
         <alignment>0x4</alignment>
         <input_file_ref idref="fl-7"/>
      </object_component>
      <object_component id="oc-76">
         <name>.text.app_control_scheduler_on_tick_isr</name>
         <load_address>0x5314</load_address>
         <readonly>true</readonly>
         <executable>true</executable>
         <run_address>0x5314</run_address>
         <size>0x98</size>
         <alignment>0x4</alignment>
         <input_file_ref idref="fl-9"/>
      </object_component>
      <object_component id="oc-220">
         <name>.text.mission_begin_running</name>
         <load_address>0x53ac</load_address>
         <readonly>true</readonly>
         <executable>true</executable>
         <run_address>0x53ac</run_address>
         <size>0x94</size>
         <alignment>0x4</alignment>
         <input_file_ref idref="fl-c"/>
      </object_component>
      <object_component id="oc-167">
         <name>.text.SYSCFG_DL_PWM_MOTOR_LEFT_init</name>
         <load_address>0x5440</load_address>
         <readonly>true</readonly>
         <executable>true</executable>
         <run_address>0x5440</run_address>
         <size>0x90</size>
         <alignment>0x4</alignment>
         <input_file_ref idref="fl-2"/>
      </object_component>
      <object_component id="oc-168">
         <name>.text.SYSCFG_DL_PWM_MOTOR_RIGHT_init</name>
         <load_address>0x54d0</load_address>
         <readonly>true</readonly>
         <executable>true</executable>
         <run_address>0x54d0</run_address>
         <size>0x90</size>
         <alignment>0x4</alignment>
         <input_file_ref idref="fl-2"/>
      </object_component>
      <object_component id="oc-211">
         <name>.text.ball_actual_position_acceptable</name>
         <load_address>0x5560</load_address>
         <readonly>true</readonly>
         <executable>true</executable>
         <run_address>0x5560</run_address>
         <size>0x8c</size>
         <alignment>0x4</alignment>
         <input_file_ref idref="fl-7"/>
      </object_component>
      <object_component id="oc-2ef">
         <name>.text</name>
         <load_address>0x55ec</load_address>
         <readonly>true</readonly>
         <executable>true</executable>
         <run_address>0x55ec</run_address>
         <size>0x8c</size>
         <alignment>0x4</alignment>
         <input_file_ref idref="fl-18d"/>
      </object_component>
      <object_component id="oc-13d">
         <name>.text</name>
         <load_address>0x5678</load_address>
         <readonly>true</readonly>
         <executable>true</executable>
         <run_address>0x5678</run_address>
         <size>0x8c</size>
         <alignment>0x4</alignment>
         <input_file_ref idref="fl-179"/>
      </object_component>
      <object_component id="oc-116">
         <name>.text.app_imu_init</name>
         <load_address>0x5704</load_address>
         <readonly>true</readonly>
         <executable>true</executable>
         <run_address>0x5704</run_address>
         <size>0x88</size>
         <alignment>0x4</alignment>
         <input_file_ref idref="fl-a"/>
      </object_component>
      <object_component id="oc-146">
         <name>.text.app_ui_refresh</name>
         <load_address>0x578c</load_address>
         <readonly>true</readonly>
         <executable>true</executable>
         <run_address>0x578c</run_address>
         <size>0x88</size>
         <alignment>0x4</alignment>
         <input_file_ref idref="fl-e"/>
      </object_component>
      <object_component id="oc-fa">
         <name>.text.bsp_operator_input_init</name>
         <load_address>0x5814</load_address>
         <readonly>true</readonly>
         <executable>true</executable>
         <run_address>0x5814</run_address>
         <size>0x88</size>
         <alignment>0x4</alignment>
         <input_file_ref idref="fl-12"/>
      </object_component>
      <object_component id="oc-2d8">
         <name>.text.mpu9250_read_raw</name>
         <load_address>0x589c</load_address>
         <readonly>true</readonly>
         <executable>true</executable>
         <run_address>0x589c</run_address>
         <size>0x88</size>
         <alignment>0x2</alignment>
         <input_file_ref idref="fl-1b"/>
      </object_component>
      <object_component id="oc-2f5">
         <name>.text.pid_apply_ramp</name>
         <load_address>0x5924</load_address>
         <readonly>true</readonly>
         <executable>true</executable>
         <run_address>0x5924</run_address>
         <size>0x86</size>
         <alignment>0x2</alignment>
         <input_file_ref idref="fl-6"/>
      </object_component>
      <object_component id="oc-207">
         <name>.text</name>
         <load_address>0x59ac</load_address>
         <readonly>true</readonly>
         <executable>true</executable>
         <run_address>0x59ac</run_address>
         <size>0x82</size>
         <alignment>0x4</alignment>
         <input_file_ref idref="fl-17a"/>
      </object_component>
      <object_component id="oc-176">
         <name>.text.bsp_gpio_set_dir_output</name>
         <load_address>0x5a30</load_address>
         <readonly>true</readonly>
         <executable>true</executable>
         <run_address>0x5a30</run_address>
         <size>0x80</size>
         <alignment>0x4</alignment>
         <input_file_ref idref="fl-10"/>
      </object_component>
      <object_component id="oc-322">
         <name>.text.bsp_gpio_set_line_mux_address</name>
         <load_address>0x5ab0</load_address>
         <readonly>true</readonly>
         <executable>true</executable>
         <run_address>0x5ab0</run_address>
         <size>0x80</size>
         <alignment>0x4</alignment>
         <input_file_ref idref="fl-10"/>
      </object_component>
      <object_component id="oc-6e">
         <name>.text.bsp_uart_k230_irq_handler</name>
         <load_address>0x5b30</load_address>
         <readonly>true</readonly>
         <executable>true</executable>
         <run_address>0x5b30</run_address>
         <size>0x80</size>
         <alignment>0x4</alignment>
         <input_file_ref idref="fl-14"/>
      </object_component>
      <object_component id="oc-22e">
         <name>.text.encoder_driver_update_speed</name>
         <load_address>0x5bb0</load_address>
         <readonly>true</readonly>
         <executable>true</executable>
         <run_address>0x5bb0</run_address>
         <size>0x7e</size>
         <alignment>0x2</alignment>
         <input_file_ref idref="fl-18"/>
      </object_component>
      <object_component id="oc-125">
         <name>.text.app_mission_start_from_k230</name>
         <load_address>0x5c30</load_address>
         <readonly>true</readonly>
         <executable>true</executable>
         <run_address>0x5c30</run_address>
         <size>0x7c</size>
         <alignment>0x4</alignment>
         <input_file_ref idref="fl-c"/>
      </object_component>
      <object_component id="oc-1ea">
         <name>.text.ball_observer_reset</name>
         <load_address>0x5cac</load_address>
         <readonly>true</readonly>
         <executable>true</executable>
         <run_address>0x5cac</run_address>
         <size>0x7c</size>
         <alignment>0x4</alignment>
         <input_file_ref idref="fl-7"/>
      </object_component>
      <object_component id="oc-1c">
         <name>.text:decompress:lzss</name>
         <load_address>0x5d28</load_address>
         <readonly>true</readonly>
         <executable>true</executable>
         <run_address>0x5d28</run_address>
         <size>0x7c</size>
         <alignment>0x4</alignment>
         <input_file_ref idref="fl-60"/>
      </object_component>
      <object_component id="oc-1b4">
         <name>.text.line_sensor_init</name>
         <load_address>0x5da4</load_address>
         <readonly>true</readonly>
         <executable>true</executable>
         <run_address>0x5da4</run_address>
         <size>0x7a</size>
         <alignment>0x2</alignment>
         <input_file_ref idref="fl-19"/>
      </object_component>
      <object_component id="oc-235">
         <name>.text.ramp_filter_update</name>
         <load_address>0x5e1e</load_address>
         <readonly>true</readonly>
         <executable>true</executable>
         <run_address>0x5e1e</run_address>
         <size>0x7a</size>
         <alignment>0x2</alignment>
         <input_file_ref idref="fl-4"/>
      </object_component>
      <object_component id="oc-30f">
         <name>.text.app_ui_draw_big_colon</name>
         <load_address>0x5e98</load_address>
         <readonly>true</readonly>
         <executable>true</executable>
         <run_address>0x5e98</run_address>
         <size>0x78</size>
         <alignment>0x2</alignment>
         <input_file_ref idref="fl-e"/>
      </object_component>
      <object_component id="oc-210">
         <name>.text.proto_k230_parse_task_start</name>
         <load_address>0x5f10</load_address>
         <readonly>true</readonly>
         <executable>true</executable>
         <run_address>0x5f10</run_address>
         <size>0x78</size>
         <alignment>0x2</alignment>
         <input_file_ref idref="fl-1e"/>
      </object_component>
      <object_component id="oc-3a0">
         <name>.text.__gedf2</name>
         <load_address>0x5f88</load_address>
         <readonly>true</readonly>
         <executable>true</executable>
         <run_address>0x5f88</run_address>
         <size>0x74</size>
         <alignment>0x4</alignment>
         <input_file_ref idref="fl-183"/>
      </object_component>
      <object_component id="oc-2ec">
         <name>.text.ball_observer_advance</name>
         <load_address>0x5ffc</load_address>
         <readonly>true</readonly>
         <executable>true</executable>
         <run_address>0x5ffc</run_address>
         <size>0x74</size>
         <alignment>0x4</alignment>
         <input_file_ref idref="fl-7"/>
      </object_component>
      <object_component id="oc-230">
         <name>.text.chassis_get_travel_mm</name>
         <load_address>0x6070</load_address>
         <readonly>true</readonly>
         <executable>true</executable>
         <run_address>0x6070</run_address>
         <size>0x74</size>
         <alignment>0x4</alignment>
         <input_file_ref idref="fl-8"/>
      </object_component>
      <object_component id="oc-233">
         <name>.text.pid_reset</name>
         <load_address>0x60e4</load_address>
         <readonly>true</readonly>
         <executable>true</executable>
         <run_address>0x60e4</run_address>
         <size>0x74</size>
         <alignment>0x2</alignment>
         <input_file_ref idref="fl-6"/>
      </object_component>
      <object_component id="oc-73">
         <name>.text.bsp_uart_debug_irq_handler</name>
         <load_address>0x6158</load_address>
         <readonly>true</readonly>
         <executable>true</executable>
         <run_address>0x6158</run_address>
         <size>0x6c</size>
         <alignment>0x4</alignment>
         <input_file_ref idref="fl-14"/>
      </object_component>
      <object_component id="oc-241">
         <name>.text.oled_flush_async_begin</name>
         <load_address>0x61c4</load_address>
         <readonly>true</readonly>
         <executable>true</executable>
         <run_address>0x61c4</run_address>
         <size>0x6c</size>
         <alignment>0x2</alignment>
         <input_file_ref idref="fl-1c"/>
      </object_component>
      <object_component id="oc-34f">
         <name>.text.oled_send_data</name>
         <load_address>0x6230</load_address>
         <readonly>true</readonly>
         <executable>true</executable>
         <run_address>0x6230</run_address>
         <size>0x6a</size>
         <alignment>0x2</alignment>
         <input_file_ref idref="fl-1c"/>
      </object_component>
      <object_component id="oc-169">
         <name>.text.SYSCFG_DL_PWM_STEP_PITCH_init</name>
         <load_address>0x629c</load_address>
         <readonly>true</readonly>
         <executable>true</executable>
         <run_address>0x629c</run_address>
         <size>0x68</size>
         <alignment>0x4</alignment>
         <input_file_ref idref="fl-2"/>
      </object_component>
      <object_component id="oc-39f">
         <name>.text.__ledf2</name>
         <load_address>0x6304</load_address>
         <readonly>true</readonly>
         <executable>true</executable>
         <run_address>0x6304</run_address>
         <size>0x68</size>
         <alignment>0x4</alignment>
         <input_file_ref idref="fl-183"/>
      </object_component>
      <object_component id="oc-131">
         <name>.text.bsp_operator_input_take_abs_pwm</name>
         <load_address>0x636c</load_address>
         <readonly>true</readonly>
         <executable>true</executable>
         <run_address>0x636c</run_address>
         <size>0x68</size>
         <alignment>0x4</alignment>
         <input_file_ref idref="fl-12"/>
      </object_component>
      <object_component id="oc-3bf">
         <name>.text._mcpy</name>
         <load_address>0x63d4</load_address>
         <readonly>true</readonly>
         <executable>true</executable>
         <run_address>0x63d4</run_address>
         <size>0x66</size>
         <alignment>0x2</alignment>
         <input_file_ref idref="fl-61"/>
      </object_component>
      <object_component id="oc-240">
         <name>.text.app_ui_draw_big_time</name>
         <load_address>0x643a</load_address>
         <readonly>true</readonly>
         <executable>true</executable>
         <run_address>0x643a</run_address>
         <size>0x66</size>
         <alignment>0x2</alignment>
         <input_file_ref idref="fl-e"/>
      </object_component>
      <object_component id="oc-364">
         <name>.text.bsp_i2c_wait_bus_complete</name>
         <load_address>0x64a0</load_address>
         <readonly>true</readonly>
         <executable>true</executable>
         <run_address>0x64a0</run_address>
         <size>0x64</size>
         <alignment>0x4</alignment>
         <input_file_ref idref="fl-11"/>
      </object_component>
      <object_component id="oc-61">
         <name>.text.encoder_driver_handle_gpio_interrupt</name>
         <load_address>0x6504</load_address>
         <readonly>true</readonly>
         <executable>true</executable>
         <run_address>0x6504</run_address>
         <size>0x64</size>
         <alignment>0x4</alignment>
         <input_file_ref idref="fl-18"/>
      </object_component>
      <object_component id="oc-2b1">
         <name>.text.bsp_gpio_init_line_mux</name>
         <load_address>0x6568</load_address>
         <readonly>true</readonly>
         <executable>true</executable>
         <run_address>0x6568</run_address>
         <size>0x60</size>
         <alignment>0x4</alignment>
         <input_file_ref idref="fl-10"/>
      </object_component>
      <object_component id="oc-34a">
         <name>.text.DL_I2C_fillControllerTXFIFO</name>
         <load_address>0x65c8</load_address>
         <readonly>true</readonly>
         <executable>true</executable>
         <run_address>0x65c8</run_address>
         <size>0x5e</size>
         <alignment>0x2</alignment>
         <input_file_ref idref="fl-2f"/>
      </object_component>
      <object_component id="oc-a0">
         <name>.text.bsp_uart_service_rx_fifo</name>
         <load_address>0x6626</load_address>
         <readonly>true</readonly>
         <executable>true</executable>
         <run_address>0x6626</run_address>
         <size>0x5e</size>
         <alignment>0x2</alignment>
         <input_file_ref idref="fl-14"/>
      </object_component>
      <object_component id="oc-212">
         <name>.text.ball_trajectory_update</name>
         <load_address>0x6684</load_address>
         <readonly>true</readonly>
         <executable>true</executable>
         <run_address>0x6684</run_address>
         <size>0x5c</size>
         <alignment>0x4</alignment>
         <input_file_ref idref="fl-7"/>
      </object_component>
      <object_component id="oc-3a2">
         <name>.text.frexp</name>
         <load_address>0x66e0</load_address>
         <readonly>true</readonly>
         <executable>true</executable>
         <run_address>0x66e0</run_address>
         <size>0x5c</size>
         <alignment>0x4</alignment>
         <input_file_ref idref="fl-6d"/>
      </object_component>
      <object_component id="oc-384">
         <name>.text</name>
         <load_address>0x673c</load_address>
         <readonly>true</readonly>
         <executable>true</executable>
         <run_address>0x673c</run_address>
         <size>0x5a</size>
         <alignment>0x4</alignment>
         <input_file_ref idref="fl-184"/>
      </object_component>
      <object_component id="oc-223">
         <name>.text</name>
         <load_address>0x6798</load_address>
         <readonly>true</readonly>
         <executable>true</executable>
         <run_address>0x6798</run_address>
         <size>0x5a</size>
         <alignment>0x4</alignment>
         <input_file_ref idref="fl-187"/>
      </object_component>
      <object_component id="oc-16c">
         <name>.text.SYSCFG_DL_I2C_SENSOR_BUS_init</name>
         <load_address>0x67f4</load_address>
         <readonly>true</readonly>
         <executable>true</executable>
         <run_address>0x67f4</run_address>
         <size>0x58</size>
         <alignment>0x4</alignment>
         <input_file_ref idref="fl-2"/>
      </object_component>
      <object_component id="oc-3ae">
         <name>.text.__TI_ltoa</name>
         <load_address>0x684c</load_address>
         <readonly>true</readonly>
         <executable>true</executable>
         <run_address>0x684c</run_address>
         <size>0x58</size>
         <alignment>0x2</alignment>
         <input_file_ref idref="fl-69"/>
      </object_component>
      <object_component id="oc-38a">
         <name>.text._pconv_f</name>
         <load_address>0x68a4</load_address>
         <readonly>true</readonly>
         <executable>true</executable>
         <run_address>0x68a4</run_address>
         <size>0x58</size>
         <alignment>0x2</alignment>
         <input_file_ref idref="fl-61"/>
      </object_component>
      <object_component id="oc-21a">
         <name>.text.lpf1_update</name>
         <load_address>0x68fc</load_address>
         <readonly>true</readonly>
         <executable>true</executable>
         <run_address>0x68fc</run_address>
         <size>0x58</size>
         <alignment>0x2</alignment>
         <input_file_ref idref="fl-4"/>
      </object_component>
      <object_component id="oc-3d0">
         <name>.text</name>
         <load_address>0x6954</load_address>
         <readonly>true</readonly>
         <executable>true</executable>
         <run_address>0x6954</run_address>
         <size>0x56</size>
         <alignment>0x4</alignment>
         <input_file_ref idref="fl-188"/>
      </object_component>
      <object_component id="oc-16d">
         <name>.text.SYSCFG_DL_UART_DEBUG_init</name>
         <load_address>0x69ac</load_address>
         <readonly>true</readonly>
         <executable>true</executable>
         <run_address>0x69ac</run_address>
         <size>0x54</size>
         <alignment>0x4</alignment>
         <input_file_ref idref="fl-2"/>
      </object_component>
      <object_component id="oc-97">
         <name>.text.encoder_apply_transition</name>
         <load_address>0x6a00</load_address>
         <readonly>true</readonly>
         <executable>true</executable>
         <run_address>0x6a00</run_address>
         <size>0x54</size>
         <alignment>0x4</alignment>
         <input_file_ref idref="fl-18"/>
      </object_component>
      <object_component id="oc-2e2">
         <name>.text.math_wrap_deg</name>
         <load_address>0x6a54</load_address>
         <readonly>true</readonly>
         <executable>true</executable>
         <run_address>0x6a54</run_address>
         <size>0x54</size>
         <alignment>0x4</alignment>
         <input_file_ref idref="fl-5"/>
      </object_component>
[...]
         <value>0x0</value>
      </symbol>
      <symbol id="sm-5e1">
         <name>DL_Common_delayCycles</name>
         <value>0x8f5d</value>
         <object_component_ref idref="oc-18e"/>
      </symbol>
      <symbol id="sm-5ed">
         <name>DL_I2C_setClockConfig</name>
         <value>0x8127</value>
         <object_component_ref idref="oc-27e"/>
      </symbol>
      <symbol id="sm-5ee">
         <name>DL_I2C_fillControllerTXFIFO</name>
         <value>0x65c9</value>
         <object_component_ref idref="oc-34a"/>
      </symbol>
      <symbol id="sm-5fb">
         <name>DL_SPI_init</name>
         <value>0x700d</value>
         <object_component_ref idref="oc-19f"/>
      </symbol>
      <symbol id="sm-5fc">
         <name>DL_SPI_setClockConfig</name>
         <value>0x8dbb</value>
         <object_component_ref idref="oc-199"/>
      </symbol>
      <symbol id="sm-620">
         <name>DL_Timer_setClockConfig</name>
         <value>0x8691</value>
         <object_component_ref idref="oc-183"/>
      </symbol>
      <symbol id="sm-621">
         <name>DL_Timer_initTimerMode</name>
         <value>0x35e1</value>
         <object_component_ref idref="oc-27b"/>
      </symbol>
      <symbol id="sm-622">
         <name>DL_Timer_setCaptureCompareValue</name>
         <value>0x8ea1</value>
         <object_component_ref idref="oc-26e"/>
      </symbol>
      <symbol id="sm-623">
         <name>DL_Timer_initCaptureCombinedMode</name>
         <value>0x3e5d</value>
         <object_component_ref idref="oc-277"/>
      </symbol>
      <symbol id="sm-624">
         <name>DL_Timer_getCaptureCompareValue</name>
         <value>0x8e91</value>
         <object_component_ref idref="oc-aa"/>
      </symbol>
      <symbol id="sm-625">
         <name>DL_Timer_setCaptCompUpdateMethod</name>
         <value>0x8675</value>
         <object_component_ref idref="oc-26d"/>
      </symbol>
      <symbol id="sm-626">
         <name>DL_Timer_setCaptureCompareOutCtl</name>
         <value>0x89e5</value>
         <object_component_ref idref="oc-26c"/>
      </symbol>
      <symbol id="sm-627">
         <name>DL_Timer_initFourCCPWMMode</name>
         <value>0x33d9</value>
         <object_component_ref idref="oc-26a"/>
      </symbol>
      <symbol id="sm-634">
         <name>DL_UART_init</name>
         <value>0x6ea5</value>
         <object_component_ref idref="oc-293"/>
      </symbol>
      <symbol id="sm-635">
         <name>DL_UART_setClockConfig</name>
         <value>0x8e03</value>
         <object_component_ref idref="oc-28d"/>
      </symbol>
      <symbol id="sm-643">
         <name>atan2f</name>
         <value>0x30a1</value>
         <object_component_ref idref="oc-2da"/>
      </symbol>
      <symbol id="sm-64d">
         <name>sqrtf</name>
         <value>0x48bd</value>
         <object_component_ref idref="oc-2de"/>
      </symbol>
      <symbol id="sm-661">
         <name>atanf</name>
         <value>0x1ec1</value>
         <object_component_ref idref="oc-325"/>
      </symbol>
      <symbol id="sm-673">
         <name>vsnprintf</name>
         <value>0x7221</value>
         <object_component_ref idref="oc-307"/>
      </symbol>
      <symbol id="sm-67e">
         <name>__aeabi_errno_addr</name>
         <value>0x8fb5</value>
         <object_component_ref idref="oc-32e"/>
      </symbol>
      <symbol id="sm-67f">
         <name>__aeabi_errno</name>
         <value>0x20200c60</value>
         <object_component_ref idref="oc-355"/>
      </symbol>
      <symbol id="sm-68e">
         <name>_c_int00_noargs</name>
         <value>0x80b1</value>
         <object_component_ref idref="oc-58"/>
      </symbol>
      <symbol id="sm-68f">
         <name>__stack</name>
         <value>0x20207e00</value>
         <object_component_ref idref="oc-1a"/>
      </symbol>
      <symbol id="sm-69e">
         <name>__TI_auto_init_nobinit_nopinit</name>
         <value>0x7549</value>
         <object_component_ref idref="oc-c8"/>
      </symbol>
      <symbol id="sm-6a6">
         <name>_system_pre_init</name>
         <value>0x9025</value>
         <object_component_ref idref="oc-83"/>
      </symbol>
      <symbol id="sm-6b1">
         <name>__TI_zero_init</name>
         <value>0x8f01</value>
         <object_component_ref idref="oc-55"/>
      </symbol>
      <symbol id="sm-6ba">
         <name>__TI_decompress_none</name>
         <value>0x8e6f</value>
         <object_component_ref idref="oc-20"/>
      </symbol>
      <symbol id="sm-6c5">
         <name>__TI_decompress_lzss</name>
         <value>0x5d29</value>
         <object_component_ref idref="oc-1c"/>
      </symbol>
      <symbol id="sm-712">
         <name>__TI_printfi</name>
         <value>0xc1</value>
         <object_component_ref idref="oc-361"/>
      </symbol>
      <symbol id="sm-721">
         <name>abort</name>
         <value>0x8fed</value>
         <object_component_ref idref="oc-c1"/>
      </symbol>
      <symbol id="sm-72b">
         <name>__TI_ltoa</name>
         <value>0x684d</value>
         <object_component_ref idref="oc-3ae"/>
      </symbol>
      <symbol id="sm-736">
         <name>atoi</name>
         <value>0x7051</value>
         <object_component_ref idref="oc-36d"/>
      </symbol>
      <symbol id="sm-73f">
         <name>memccpy</name>
         <value>0x8225</value>
         <object_component_ref idref="oc-366"/>
      </symbol>
      <symbol id="sm-749">
         <name>frexp</name>
         <value>0x66e1</value>
         <object_component_ref idref="oc-3a2"/>
      </symbol>
      <symbol id="sm-74a">
         <name>frexpl</name>
         <value>0x66e1</value>
         <object_component_ref idref="oc-3a2"/>
      </symbol>
      <symbol id="sm-754">
         <name>scalbn</name>
         <value>0x401d</value>
         <object_component_ref idref="oc-3a6"/>
      </symbol>
      <symbol id="sm-755">
         <name>ldexp</name>
         <value>0x401d</value>
         <object_component_ref idref="oc-3a6"/>
      </symbol>
      <symbol id="sm-756">
         <name>scalbnl</name>
         <value>0x401d</value>
         <object_component_ref idref="oc-3a6"/>
      </symbol>
      <symbol id="sm-757">
         <name>ldexpl</name>
         <value>0x401d</value>
         <object_component_ref idref="oc-3a6"/>
      </symbol>
      <symbol id="sm-760">
         <name>wcslen</name>
         <value>0x8ef1</value>
         <object_component_ref idref="oc-371"/>
      </symbol>
      <symbol id="sm-763">
         <name>__aeabi_ctype_table_</name>
         <value>0x9210</value>
         <object_component_ref idref="oc-390"/>
      </symbol>
      <symbol id="sm-764">
         <name>__aeabi_ctype_table_C</name>
         <value>0x9210</value>
         <object_component_ref idref="oc-390"/>
      </symbol>
      <symbol id="sm-76d">
         <name>HOSTexit</name>
         <value>0x8ff7</value>
         <object_component_ref idref="oc-14d"/>
      </symbol>
      <symbol id="sm-76e">
         <name>C$$EXIT</name>
         <value>0x8ff6</value>
         <object_component_ref idref="oc-14d"/>
      </symbol>
      <symbol id="sm-783">
         <name>__aeabi_fadd</name>
         <value>0x4103</value>
         <object_component_ref idref="oc-203"/>
      </symbol>
      <symbol id="sm-784">
         <name>__addsf3</name>
         <value>0x4103</value>
         <object_component_ref idref="oc-203"/>
      </symbol>
      <symbol id="sm-785">
         <name>__aeabi_fsub</name>
         <value>0x40f9</value>
         <object_component_ref idref="oc-203"/>
      </symbol>
      <symbol id="sm-786">
         <name>__subsf3</name>
         <value>0x40f9</value>
         <object_component_ref idref="oc-203"/>
      </symbol>
      <symbol id="sm-78f">
         <name>__aeabi_dadd</name>
         <value>0x2227</value>
         <object_component_ref idref="oc-3b6"/>
      </symbol>
      <symbol id="sm-790">
         <name>__adddf3</name>
         <value>0x2227</value>
         <object_component_ref idref="oc-3b6"/>
      </symbol>
      <symbol id="sm-791">
         <name>__aeabi_dsub</name>
         <value>0x221d</value>
         <object_component_ref idref="oc-3b6"/>
      </symbol>
      <symbol id="sm-792">
         <name>__subdf3</name>
         <value>0x221d</value>
         <object_component_ref idref="oc-3b6"/>
      </symbol>
      <symbol id="sm-79b">
         <name>__aeabi_fmul</name>
         <value>0x5679</value>
         <object_component_ref idref="oc-13d"/>
      </symbol>
      <symbol id="sm-79c">
         <name>__mulsf3</name>
         <value>0x5679</value>
         <object_component_ref idref="oc-13d"/>
      </symbol>
      <symbol id="sm-7a2">
         <name>__aeabi_fdiv</name>
         <value>0x59ad</value>
         <object_component_ref idref="oc-207"/>
      </symbol>
      <symbol id="sm-7a3">
         <name>__divsf3</name>
         <value>0x59ad</value>
         <object_component_ref idref="oc-207"/>
      </symbol>
      <symbol id="sm-7ac">
         <name>__aeabi_d2iz</name>
         <value>0x6e59</value>
         <object_component_ref idref="oc-3aa"/>
      </symbol>
      <symbol id="sm-7ad">
         <name>__fixdfsi</name>
         <value>0x6e59</value>
         <object_component_ref idref="oc-3aa"/>
      </symbol>
      <symbol id="sm-7b3">
         <name>__aeabi_f2iz</name>
         <value>0x7719</value>
         <object_component_ref idref="oc-2e7"/>
      </symbol>
      <symbol id="sm-7b4">
         <name>__fixsfsi</name>
         <value>0x7719</value>
         <object_component_ref idref="oc-2e7"/>
      </symbol>
      <symbol id="sm-7ba">
         <name>__aeabi_f2uiz</name>
         <value>0x7989</value>
         <object_component_ref idref="oc-2a2"/>
      </symbol>
      <symbol id="sm-7bb">
         <name>__fixunssfsi</name>
         <value>0x7989</value>
         <object_component_ref idref="oc-2a2"/>
      </symbol>
      <symbol id="sm-7c1">
         <name>__aeabi_i2d</name>
         <value>0x7e25</value>
         <object_component_ref idref="oc-3b2"/>
      </symbol>
      <symbol id="sm-7c2">
         <name>__floatsidf</name>
         <value>0x7e25</value>
         <object_component_ref idref="oc-3b2"/>
      </symbol>
      <symbol id="sm-7c8">
         <name>__aeabi_i2f</name>
         <value>0x7585</value>
         <object_component_ref idref="oc-213"/>
      </symbol>
      <symbol id="sm-7c9">
         <name>__floatsisf</name>
         <value>0x7585</value>
         <object_component_ref idref="oc-213"/>
      </symbol>
      <symbol id="sm-7cf">
         <name>__aeabi_ui2f</name>
         <value>0x80d9</value>
         <object_component_ref idref="oc-139"/>
      </symbol>
      <symbol id="sm-7d0">
         <name>__floatunsisf</name>
         <value>0x80d9</value>
         <object_component_ref idref="oc-139"/>
      </symbol>
      <symbol id="sm-7d6">
         <name>__aeabi_lmul</name>
         <value>0x8201</value>
         <object_component_ref idref="oc-375"/>
      </symbol>
      <symbol id="sm-7d7">
         <name>__muldi3</name>
         <value>0x8201</value>
         <object_component_ref idref="oc-375"/>
      </symbol>
      <symbol id="sm-7e8">
         <name>__ledf2</name>
         <value>0x6305</value>
         <object_component_ref idref="oc-39f"/>
      </symbol>
      <symbol id="sm-7e9">
         <name>__gedf2</name>
         <value>0x5f89</value>
         <object_component_ref idref="oc-3a0"/>
      </symbol>
      <symbol id="sm-7ea">
         <name>__unorddf2</name>
         <value>0x79ed</value>
         <object_component_ref idref="oc-37e"/>
      </symbol>
      <symbol id="sm-7eb">
         <name>__cmpdf2</name>
         <value>0x6305</value>
         <object_component_ref idref="oc-39f"/>
      </symbol>
      <symbol id="sm-7ec">
         <name>__eqdf2</name>
         <value>0x6305</value>
         <object_component_ref idref="oc-39f"/>
      </symbol>
      <symbol id="sm-7ed">
         <name>__ltdf2</name>
         <value>0x6305</value>
         <object_component_ref idref="oc-39f"/>
      </symbol>
      <symbol id="sm-7ee">
         <name>__nedf2</name>
         <value>0x6305</value>
         <object_component_ref idref="oc-39f"/>
      </symbol>
      <symbol id="sm-7ef">
         <name>__gtdf2</name>
         <value>0x5f89</value>
         <object_component_ref idref="oc-3a0"/>
      </symbol>
      <symbol id="sm-7f0">
         <name>__aeabi_dcmpun</name>
         <value>0x79ed</value>
         <object_component_ref idref="oc-37e"/>
      </symbol>
      <symbol id="sm-7f6">
         <name>__aeabi_dcmpeq</name>
         <value>0x673d</value>
         <object_component_ref idref="oc-384"/>
      </symbol>
      <symbol id="sm-7f7">
         <name>__aeabi_dcmplt</name>
         <value>0x674f</value>
         <object_component_ref idref="oc-384"/>
      </symbol>
      <symbol id="sm-7f8">
         <name>__aeabi_dcmple</name>
         <value>0x6761</value>
         <object_component_ref idref="oc-384"/>
      </symbol>
      <symbol id="sm-7f9">
         <name>__aeabi_dcmpge</name>
         <value>0x6773</value>
         <object_component_ref idref="oc-384"/>
      </symbol>
      <symbol id="sm-7fa">
         <name>__aeabi_dcmpgt</name>
         <value>0x6785</value>
         <object_component_ref idref="oc-384"/>
      </symbol>
      <symbol id="sm-804">
         <name>__aeabi_ddiv</name>
         <value>0x8fa3</value>
         <object_component_ref idref="oc-3e6"/>
      </symbol>
      <symbol id="sm-80e">
         <name>__aeabi_dmul</name>
         <value>0x8fab</value>
         <object_component_ref idref="oc-3df"/>
      </symbol>
      <symbol id="sm-814">
         <name>__aeabi_fcmpeq</name>
         <value>0x6799</value>
         <object_component_ref idref="oc-223"/>
      </symbol>
      <symbol id="sm-815">
         <name>__aeabi_fcmplt</name>
         <value>0x67ab</value>
         <object_component_ref idref="oc-223"/>
      </symbol>
      <symbol id="sm-816">
         <name>__aeabi_fcmple</name>
         <value>0x67bd</value>
         <object_component_ref idref="oc-223"/>
      </symbol>
      <symbol id="sm-817">
         <name>__aeabi_fcmpge</name>
         <value>0x67cf</value>
         <object_component_ref idref="oc-223"/>
      </symbol>
      <symbol id="sm-818">
         <name>__aeabi_fcmpgt</name>
         <value>0x67e1</value>
         <object_component_ref idref="oc-223"/>
      </symbol>
      <symbol id="sm-81e">
         <name>__aeabi_idiv</name>
         <value>0x6955</value>
         <object_component_ref idref="oc-3d0"/>
      </symbol>
      <symbol id="sm-81f">
         <name>__aeabi_idivmod</name>
         <value>0x6955</value>
         <object_component_ref idref="oc-3d0"/>
      </symbol>
      <symbol id="sm-825">
         <name>__aeabi_uidiv</name>
         <value>0x7261</value>
         <object_component_ref idref="oc-23a"/>
      </symbol>
      <symbol id="sm-826">
         <name>__aeabi_uidivmod</name>
         <value>0x7261</value>
         <object_component_ref idref="oc-23a"/>
      </symbol>
      <symbol id="sm-82c">
         <name>__aeabi_uldivmod</name>
         <value>0x8d95</value>
         <object_component_ref idref="oc-37a"/>
      </symbol>
      <symbol id="sm-832">
         <name>__aeabi_memcpy</name>
         <value>0x8fcd</value>
         <object_component_ref idref="oc-48"/>
      </symbol>
      <symbol id="sm-833">
         <name>__aeabi_memcpy4</name>
         <value>0x8fcd</value>
         <object_component_ref idref="oc-48"/>
      </symbol>
      <symbol id="sm-834">
         <name>__aeabi_memcpy8</name>
         <value>0x8fcd</value>
         <object_component_ref idref="oc-48"/>
      </symbol>
      <symbol id="sm-83a">
         <name>__aeabi_memset</name>
         <value>0x8771</value>
         <object_component_ref idref="oc-7f"/>
      </symbol>
      <symbol id="sm-83b">
         <name>__aeabi_memset4</name>
         <value>0x8771</value>
         <object_component_ref idref="oc-7f"/>
      </symbol>
      <symbol id="sm-83c">
         <name>__aeabi_memset8</name>
         <value>0x8771</value>
         <object_component_ref idref="oc-7f"/>
      </symbol>
      <symbol id="sm-83d">
         <name>__aeabi_memclr</name>
         <value>0x877f</value>
         <object_component_ref idref="oc-7f"/>
      </symbol>
      <symbol id="sm-83e">
         <name>__aeabi_memclr4</name>
         <value>0x877f</value>
         <object_component_ref idref="oc-7f"/>
      </symbol>
      <symbol id="sm-83f">
         <name>__aeabi_memclr8</name>
         <value>0x877f</value>
         <object_component_ref idref="oc-7f"/>
      </symbol>
      <symbol id="sm-845">
         <name>__eqsf2</name>
         <value>0x55ed</value>
         <object_component_ref idref="oc-2ef"/>
      </symbol>
      <symbol id="sm-846">
         <name>__lesf2</name>
         <value>0x55ed</value>
         <object_component_ref idref="oc-2ef"/>
      </symbol>
      <symbol id="sm-847">
         <name>__ltsf2</name>
         <value>0x55ed</value>
         <object_component_ref idref="oc-2ef"/>
      </symbol>
      <symbol id="sm-848">
         <name>__nesf2</name>
         <value>0x55ed</value>
         <object_component_ref idref="oc-2ef"/>
      </symbol>
      <symbol id="sm-849">
         <name>__cmpsf2</name>
         <value>0x55ed</value>
         <object_component_ref idref="oc-2ef"/>
      </symbol>
      <symbol id="sm-84a">
         <name>__gtsf2</name>
         <value>0x5627</value>
         <object_component_ref idref="oc-2ef"/>
      </symbol>
      <symbol id="sm-84b">
         <name>__gesf2</name>
         <value>0x5627</value>
         <object_component_ref idref="oc-2ef"/>
      </symbol>
      <symbol id="sm-84c">
         <name>__unordsf2</name>
         <value>0x5663</value>
         <object_component_ref idref="oc-2ef"/>
      </symbol>
      <symbol id="sm-84d">
         <name>__aeabi_fcmpun</name>
         <value>0x5663</value>
         <object_component_ref idref="oc-2ef"/>
      </symbol>
      <symbol id="sm-853">
         <name>__udivmoddi4</name>
         <value>0x4f65</value>
         <object_component_ref idref="oc-398"/>
      </symbol>
      <symbol id="sm-859">
         <name>__muldf3</name>
         <value>0x3d79</value>
         <object_component_ref idref="oc-3ef"/>
      </symbol>
      <symbol id="sm-85f">
         <name>__muldsi3</name>
         <value>0x75fd</value>
         <object_component_ref idref="oc-229"/>
      </symbol>
      <symbol id="sm-865">
         <name>__aeabi_llsl</name>
         <value>0x8425</value>
         <object_component_ref idref="oc-3c4"/>
      </symbol>
      <symbol id="sm-866">
         <name>__ashldi3</name>
         <value>0x8425</value>
         <object_component_ref idref="oc-3c4"/>
      </symbol>
      <symbol id="sm-86c">
         <name>__divdf3</name>
         <value>0x2f85</value>
         <object_component_ref idref="oc-3f9"/>
      </symbol>
      <symbol id="sm-878">
         <name>__aeabi_idiv0</name>
         <value>0x2ab3</value>
         <object_component_ref idref="oc-300"/>
      </symbol>
      <symbol id="sm-879">
         <name>__aeabi_ldiv0</name>
         <value>0x309f</value>
         <object_component_ref idref="oc-3c3"/>
      </symbol>
      <symbol id="sm-885">
         <name>TI_memcpy_small</name>
         <value>0x8e5d</value>
         <object_component_ref idref="oc-b4"/>
      </symbol>
      <symbol id="sm-88e">
         <name>TI_memset_small</name>
         <value>0x8f1f</value>
         <object_component_ref idref="oc-ee"/>
      </symbol>
      <symbol id="sm-88f">
         <name>__TI_static_base__</name>
         <value>0x0</value>
      </symbol>
      <symbol id="sm-893">
         <name>__mpu_init</name>
         <value>0x0</value>
      </symbol>
      <symbol id="sm-894">
         <name>_system_post_cinit</name>
         <value>0x0</value>
      </symbol>
   </symbol_table>
   <title>Link successful</title>
</link_info>
